<html>
<body>
<pre>
<h1>µVision Build Log</h1>
<h2>Tool Versions:</h2>
IDE-Version: µVision V5.33.0.0
Copyright (C) 2020 ARM Ltd and ARM Germany GmbH. All rights reserved.
License Information: . ., ., LIC=MPPLD-8NBDK-LQW0Q-NUQZG-WFZ8T-RRI35
 
Tool Versions:
Toolchain:       MDK-ARM Plus  Version: 5.33.0.0
Toolchain Path:  D:\Program\Keil_v5\ARM\ARMCC\Bin
C Compiler:      Armcc.exe V5.06 update 7 (build 960)
Assembler:       Armasm.exe V5.06 update 7 (build 960)
Linker/Locator:  ArmLink.exe V5.06 update 7 (build 960)
Library Manager: ArmAr.exe V5.06 update 7 (build 960)
Hex Converter:   FromElf.exe V5.06 update 7 (build 960)
CPU DLL:         SARMCM3.DLL V5.33.0.0
Dialog DLL:      DCM.DLL V1.17.3.0
Target DLL:      STLink\ST-LINKIII-KEIL_SWO.dll V3.0.8.0
Dialog DLL:      TCM.DLL V1.48.0.0
 
<h2>Project:</h2>
C:\Projects\RoboCup2020\Dropbox\software\robot\mother board v2\mother board v2.uvprojx
Project File Date:  04/02/2021

<h2>Output:</h2>
*** Using Compiler 'V5.06 update 7 (build 960)', folder: 'D:\Program\Keil_v5\ARM\ARMCC\Bin'
Build target 'mother board v2'
compiling main.cpp...
.\code\inc\drivers.h(53): warning:  #111-D: statement is unreachable
  	if (last == -1) last = millis() + cTime;
.\code\inc\functional.h(79): warning:  #177-D: variable "name"  was declared but never referenced
  			char* name = "";
.\code\inc\main.h(95): warning:  #9-D: nested comment is not allowed
  	/*
.\code\inc\callbacks.h(187): warning:  #1-D: last line of file ends without a newline
  #endif
code\src\main.cpp(266): warning:  #1-D: last line of file ends without a newline
  }
code\src\main.cpp(94): warning:  #550-D: variable "tt"  was set but never used
  	long long int t = millis(), tt;
..\..\stm32\stm32f407\periph_library\inc\font.h(1494): warning:  #186-D: pointless comparison of unsigned integer with zero
  	if (x < 0)
          detected during:
            instantiation of "char *toPrint(T, short) [with T=unsigned int]"  at line 1586
            instantiation of "void printTml(stm32f407_SSD1306 &, T, int, int, int) [with T=unsigned int]"  at line 997 of ".\code\inc\functional.h"
..\..\stm32\stm32f407\periph_library\inc\font.h(1494): warning:  #186-D: pointless comparison of unsigned integer with zero
  	if (x < 0)
          detected during:
            instantiation of "char *toPrint(T, short) [with T=unsigned long long]"  at line 1586
            instantiation of "void printTml(stm32f407_SSD1306 &, T, int, int, int) [with T=unsigned long long]"  at line 1007 of ".\code\inc\functional.h"
code\src\main.cpp: 8 warnings, 0 errors
linking...
Program Size: Code=46400 RO-data=3064 RW-data=1244 ZI-data=3980  
FromELF: creating hex file...
".\Objects\mother board v2.axf" - 0 Error(s), 8 Warning(s).

<h2>Software Packages used:</h2>

Package Vendor: Keil
                http://www.keil.com/pack/Keil.STM32F4xx_DFP.2.14.0.pack
                Keil.STM32F4xx_DFP.2.14.0
                STMicroelectronics STM32F4 Series Device Support, Drivers and Examples

<h2>Collection of Component include folders:</h2>
  D:\Program\Keil_v5\ARM\PACK\Keil\STM32F4xx_DFP\2.14.0\Drivers\CMSIS\Device\ST\STM32F4xx\Include

<h2>Collection of Component Files used:</h2>
Build Time Elapsed:  00:00:01
</pre>
</body>
</html>
