Component: ARM Compiler 5.06 update 5 (build 528) Tool: armlink [4d35e2]

==============================================================================

Section Cross References

    main.o(i._Z8handler1v) refers to stm32f103_pin.o(i._Z6setPinttb) for setPin(unsigned short, unsigned short, bool)
    main.o(i._Z8handler1v) refers to stm32f103_uart.o(i._Z12writeStrUARTjPc) for writeStrUART(unsigned, char*)
    main.o(i._Z8handler2v) refers to stm32f103_pin.o(i._Z6setPinttb) for setPin(unsigned short, unsigned short, bool)
    main.o(i._Z8handler2v) refers to stm32f103_uart.o(i._Z12writeStrUARTjPc) for writeStrUART(unsigned, char*)
    main.o(i._Z8handler3v) refers to stm32f103_pin.o(i._Z6setPinttb) for setPin(unsigned short, unsigned short, bool)
    main.o(i._Z8handler3v) refers to stm32f103_uart.o(i._Z12writeStrUARTjPc) for writeStrUART(unsigned, char*)
    main.o(i.main) refers to stm32f103_sysfunc.o(i._Z8sysStartv) for sysStart()
    main.o(i.main) refers to stm32f103_uart.o(i._Z8initUARTjjhfhj) for initUART(unsigned, unsigned, unsigned char, float, unsigned char, unsigned)
    main.o(i.main) refers to stm32f103_pin.o(i._Z7initPintth) for initPin(unsigned short, unsigned short, unsigned char)
    main.o(i.main) refers to stm32f103_interrupt.o(i._Z15enableInterrupthhhPFvvE) for enableInterrupt(unsigned char, unsigned char, unsigned char, void(*)())
    main.o(i.main) refers to stm32f103_sysfunc.o(i._Z5delayj) for delay(unsigned)
    main.o(i.main) refers to stm32f103_uart.o(i._Z12writeStrUARTjPc) for writeStrUART(unsigned, char*)
    main.o(i.main) refers to stm32f103_uart.o(i._Z13UARTAvailablej) for UARTAvailable(unsigned)
    main.o(i.main) refers to stm32f103_uart.o(i._Z8readUARTj) for readUART(unsigned)
    main.o(i.main) refers to stm32f103_interrupt.o(i._Z13callInterrupth) for callInterrupt(unsigned char)
    main.o(i.main) refers to stm32f103_pin.o(i._Z6setPinttb) for setPin(unsigned short, unsigned short, bool)
    main.o(i.main) refers to main.o(i._Z8handler1v) for handler1()
    main.o(i.main) refers to main.o(i._Z8handler2v) for handler2()
    main.o(i.main) refers to main.o(i._Z8handler3v) for handler3()
    main.o(.ARM.exidx) refers to main.o(i._Z8handler3v) for i._Z8handler3v
    main.o(.ARM.exidx) refers to main.o(i._Z8handler2v) for i._Z8handler2v
    main.o(.ARM.exidx) refers to main.o(i._Z8handler1v) for i._Z8handler1v
    main.o(.ARM.exidx) refers to main.o(i.main) for i.main
    stm32f103_sysfunc.o(i.TIM1_UP_IRQHandler) refers to stm32f103_sysfunc.o(.data) for _millis
    stm32f103_sysfunc.o(i._Z11delayMicrosj) refers to stm32f103_sysfunc.o(i._Z6microsv) for micros()
    stm32f103_sysfunc.o(i._Z5delayj) refers to stm32f103_sysfunc.o(i._Z6millisv) for millis()
    stm32f103_sysfunc.o(i._Z6microsv) refers to stm32f103_sysfunc.o(.data) for _millis
    stm32f103_sysfunc.o(i._Z6millisv) refers to stm32f103_sysfunc.o(.data) for _millis
    stm32f103_sysfunc.o(i._Z8sysStartv) refers to stm32f103_sysfunc.o(i._Z7initRCCv) for initRCC()
    stm32f103_sysfunc.o(.ARM.exidx) refers to stm32f103_sysfunc.o(i._Z7initRCCv) for i._Z7initRCCv
    stm32f103_sysfunc.o(.ARM.exidx) refers to stm32f103_sysfunc.o(i._Z8sysStartv) for i._Z8sysStartv
    stm32f103_sysfunc.o(.ARM.exidx) refers to stm32f103_sysfunc.o(i._Z6millisv) for i._Z6millisv
    stm32f103_sysfunc.o(.ARM.exidx) refers to stm32f103_sysfunc.o(i._Z6microsv) for i._Z6microsv
    stm32f103_sysfunc.o(.ARM.exidx) refers to stm32f103_sysfunc.o(i._Z5delayj) for i._Z5delayj
    stm32f103_sysfunc.o(.ARM.exidx) refers to stm32f103_sysfunc.o(i._Z11delayMicrosj) for i._Z11delayMicrosj
    stm32f103_sysfunc.o(.ARM.exidx) refers to stm32f103_sysfunc.o(i.TIM1_UP_IRQHandler) for i.TIM1_UP_IRQHandler
    stm32f103_uart.o(i.USART1_IRQHandler) refers to stm32f103_uart.o(i._Z20UARTInterruptHandlerj) for UARTInterruptHandler(unsigned)
    stm32f103_uart.o(i.USART2_IRQHandler) refers to stm32f103_uart.o(i._Z20UARTInterruptHandlerj) for UARTInterruptHandler(unsigned)
    stm32f103_uart.o(i.USART3_IRQHandler) refers to stm32f103_uart.o(i._Z20UARTInterruptHandlerj) for UARTInterruptHandler(unsigned)
    stm32f103_uart.o(i._Z11tryTransmitj) refers to stm32f103_uart.o(.bss) for _bufTx
    stm32f103_uart.o(i._Z11tryTransmitj) refers to stm32f103_uart.o(.data) for _bufTxTail
    stm32f103_uart.o(i._Z12writeStrUARTjPc) refers to stm32f103_uart.o(i._Z9writeUARTjc) for writeUART(unsigned, char)
    stm32f103_uart.o(i._Z13UARTAvailablej) refers to stm32f103_uart.o(.data) for _bufRxHead
    stm32f103_uart.o(i._Z20UARTInterruptHandlerj) refers to stm32f103_uart.o(i._Z11tryTransmitj) for tryTransmit(unsigned)
    stm32f103_uart.o(i._Z20UARTInterruptHandlerj) refers to stm32f103_uart.o(.bss) for _bufRx
    stm32f103_uart.o(i._Z20UARTInterruptHandlerj) refers to stm32f103_uart.o(.data) for _bufRxHead
    stm32f103_uart.o(i._Z8initUARTjjhfhj) refers to stm32f103_pin.o(i._Z7initPintth) for initPin(unsigned short, unsigned short, unsigned char)
[...]
    pow.o(i.pow) refers (Special) to usenofp.o(x$fpl$usenofp) for __I$use$fp
    pow.o(i.pow) refers to dunder.o(i.__mathlib_dbl_infnan2) for __mathlib_dbl_infnan2
    pow.o(i.pow) refers to _rserrno.o(.text) for __set_errno
    pow.o(i.pow) refers to dunder.o(i.__mathlib_dbl_divzero) for __mathlib_dbl_divzero
    pow.o(i.pow) refers to ddiv.o(x$fpl$ddiv) for __aeabi_ddiv
    pow.o(i.pow) refers to sqrt.o(i.sqrt) for sqrt
    pow.o(i.pow) refers to dmul.o(x$fpl$dmul) for __aeabi_dmul
    pow.o(i.pow) refers to dflt_clz.o(x$fpl$dflt) for __aeabi_i2d
    pow.o(i.pow) refers to dunder.o(i.__mathlib_dbl_invalid) for __mathlib_dbl_invalid
    pow.o(i.pow) refers to dunder.o(i.__mathlib_dbl_overflow) for __mathlib_dbl_overflow
    pow.o(i.pow) refers to dunder.o(i.__mathlib_dbl_underflow) for __mathlib_dbl_underflow
    pow.o(i.pow) refers to daddsub_clz.o(x$fpl$dsub) for __aeabi_dsub
    pow.o(i.pow) refers to scalbn.o(x$fpl$scalbn) for __ARM_scalbn
    pow.o(i.pow) refers to daddsub_clz.o(x$fpl$drsb) for __aeabi_drsub
    pow.o(i.pow) refers to daddsub_clz.o(x$fpl$dadd) for __aeabi_dadd
    pow.o(i.pow) refers to qnan.o(.constdata) for __mathlib_zero
    pow.o(i.pow) refers to poly.o(i.__kernel_poly) for __kernel_poly
    pow.o(i.pow) refers to drleqf.o(x$fpl$drleqf) for __aeabi_cdrcmple
    pow.o(i.pow) refers to pow.o(.constdata) for .constdata
    pow.o(i.pow) refers to fpclassify.o(i.__ARM_fpclassify) for __ARM_fpclassify
    pow.o(.constdata) refers (Special) to usenofp.o(x$fpl$usenofp) for __I$use$fp
    pow_x.o(i.____softfp_pow$lsc) refers (Special) to usenofp.o(x$fpl$usenofp) for __I$use$fp
    pow_x.o(i.____softfp_pow$lsc) refers to pow_x.o(i.__pow$lsc) for __pow$lsc
    pow_x.o(i.__pow$lsc) refers (Special) to usenofp.o(x$fpl$usenofp) for __I$use$fp
    pow_x.o(i.__pow$lsc) refers to dunder.o(i.__mathlib_dbl_infnan2) for __mathlib_dbl_infnan2
    pow_x.o(i.__pow$lsc) refers to _rserrno.o(.text) for __set_errno
    pow_x.o(i.__pow$lsc) refers to ddiv.o(x$fpl$ddiv) for __aeabi_ddiv
    pow_x.o(i.__pow$lsc) refers to sqrt.o(i.sqrt) for sqrt
    pow_x.o(i.__pow$lsc) refers to dmul.o(x$fpl$dmul) for __aeabi_dmul
    pow_x.o(i.__pow$lsc) refers to dflt_clz.o(x$fpl$dflt) for __aeabi_i2d
    pow_x.o(i.__pow$lsc) refers to daddsub_clz.o(x$fpl$dsub) for __aeabi_dsub
    pow_x.o(i.__pow$lsc) refers to scalbn.o(x$fpl$scalbn) for __ARM_scalbn
    pow_x.o(i.__pow$lsc) refers to daddsub_clz.o(x$fpl$drsb) for __aeabi_drsub
    pow_x.o(i.__pow$lsc) refers to daddsub_clz.o(x$fpl$dadd) for __aeabi_dadd
    pow_x.o(i.__pow$lsc) refers to qnan.o(.constdata) for __mathlib_zero
    pow_x.o(i.__pow$lsc) refers to poly.o(i.__kernel_poly) for __kernel_poly
    pow_x.o(i.__pow$lsc) refers to drleqf.o(x$fpl$drleqf) for __aeabi_cdrcmple
    pow_x.o(i.__pow$lsc) refers to pow_x.o(.constdata) for .constdata
    pow_x.o(.constdata) refers (Special) to usenofp.o(x$fpl$usenofp) for __I$use$fp
    __rtentry.o(.ARM.Collect$$rtentry$$00000000) refers (Special) to __rtentry2.o(.ARM.Collect$$rtentry$$0000000A) for __rt_entry_li
    __rtentry.o(.ARM.Collect$$rtentry$$00000000) refers (Special) to __rtentry2.o(.ARM.Collect$$rtentry$$0000000D) for __rt_entry_main
    __rtentry.o(.ARM.Collect$$rtentry$$00000000) refers (Special) to __rtentry2.o(.ARM.Collect$$rtentry$$0000000C) for __rt_entry_postli_1
    __rtentry.o(.ARM.Collect$$rtentry$$00000000) refers (Special) to __rtentry2.o(.ARM.Collect$$rtentry$$00000009) for __rt_entry_postsh_1
    __rtentry.o(.ARM.Collect$$rtentry$$00000000) refers (Special) to __rtentry2.o(.ARM.Collect$$rtentry$$00000002) for __rt_entry_presh_1
    __rtentry.o(.ARM.Collect$$rtentry$$00000000) refers (Special) to __rtentry4.o(.ARM.Collect$$rtentry$$00000004) for __rt_entry_sh
    _rserrno.o(.text) refers to rt_errno_addr_intlibspace.o(.text) for __aeabi_errno_addr
    dcmpi.o(x$fpl$dcmpinf) refers (Special) to usenofp.o(x$fpl$usenofp) for __I$use$fp
    ddiv.o(x$fpl$drdiv) refers (Special) to usenofp.o(x$fpl$usenofp) for __I$use$fp
    ddiv.o(x$fpl$drdiv) refers to ddiv.o(x$fpl$ddiv) for ddiv_entry
    ddiv.o(x$fpl$ddiv) refers (Special) to usenofp.o(x$fpl$usenofp) for __I$use$fp
    ddiv.o(x$fpl$ddiv) refers to dretinf.o(x$fpl$dretinf) for __fpl_dretinf
    ddiv.o(x$fpl$ddiv) refers to dnaninf.o(x$fpl$dnaninf) for __fpl_dnaninf
    dnaninf.o(x$fpl$dnaninf) refers (Special) to usenofp.o(x$fpl$usenofp) for __I$use$fp
    dretinf.o(x$fpl$dretinf) refers (Special) to usenofp.o(x$fpl$usenofp) for __I$use$fp
    drleqf.o(x$fpl$drleqf) refers (Special) to usenofp.o(x$fpl$usenofp) for __I$use$fp
    drleqf.o(x$fpl$drleqf) refers to dleqf.o(x$fpl$dleqf) for __fpl_dcmple_InfNaN
    fnaninf.o(x$fpl$fnaninf) refers (Special) to usenofp.o(x$fpl$usenofp) for __I$use$fp
    fretinf.o(x$fpl$fretinf) refers (Special) to usenofp.o(x$fpl$usenofp) for __I$use$fp
    scalbn.o(x$fpl$scalbn) refers (Special) to usenofp.o(x$fpl$usenofp) for __I$use$fp
    scalbn.o(x$fpl$scalbn) refers to dcheck1.o(x$fpl$dcheck1) for __fpl_dcheck_NaN1
    dunder.o(i.__mathlib_dbl_divzero) refers to ddiv.o(x$fpl$ddiv) for __aeabi_ddiv
    dunder.o(i.__mathlib_dbl_infnan) refers to scalbn.o(x$fpl$scalbn) for __ARM_scalbn
    dunder.o(i.__mathlib_dbl_infnan2) refers to daddsub_clz.o(x$fpl$dadd) for __aeabi_dadd
    dunder.o(i.__mathlib_dbl_invalid) refers to ddiv.o(x$fpl$ddiv) for __aeabi_ddiv
    dunder.o(i.__mathlib_dbl_overflow) refers to scalbn.o(x$fpl$scalbn) for __ARM_scalbn
    dunder.o(i.__mathlib_dbl_posinfnan) refers to dmul.o(x$fpl$dmul) for __aeabi_dmul
    dunder.o(i.__mathlib_dbl_underflow) refers to scalbn.o(x$fpl$scalbn) for __ARM_scalbn
    fpclassify.o(i.__ARM_fpclassify) refers (Special) to usenofp.o(x$fpl$usenofp) for __I$use$fp
    poly.o(i.__kernel_poly) refers (Special) to usenofp.o(x$fpl$usenofp) for __I$use$fp
    poly.o(i.__kernel_poly) refers to dmul.o(x$fpl$dmul) for __aeabi_dmul
    poly.o(i.__kernel_poly) refers to daddsub_clz.o(x$fpl$dadd) for __aeabi_dadd
    qnan.o(.constdata) refers (Special) to usenofp.o(x$fpl$usenofp) for __I$use$fp
    sqrt.o(i.__softfp_sqrt) refers (Special) to usenofp.o(x$fpl$usenofp) for __I$use$fp
    sqrt.o(i.__softfp_sqrt) refers to dsqrt_noumaal.o(x$fpl$dsqrt) for _dsqrt
    sqrt.o(i.__softfp_sqrt) refers to _rserrno.o(.text) for __set_errno
    sqrt.o(i.sqrt) refers (Special) to usenofp.o(x$fpl$usenofp) for __I$use$fp
    sqrt.o(i.sqrt) refers to dsqrt_noumaal.o(x$fpl$dsqrt) for _dsqrt
    sqrt.o(i.sqrt) refers to _rserrno.o(.text) for __set_errno
    sqrt_x.o(i.____softfp_sqrt$lsc) refers (Special) to usenofp.o(x$fpl$usenofp) for __I$use$fp
    sqrt_x.o(i.____softfp_sqrt$lsc) refers to dleqf.o(x$fpl$dleqf) for __aeabi_cdcmple
    sqrt_x.o(i.____softfp_sqrt$lsc) refers to _rserrno.o(.text) for __set_errno
    sqrt_x.o(i.____softfp_sqrt$lsc) refers to dsqrt_noumaal.o(x$fpl$dsqrt) for _dsqrt
    sqrt_x.o(i.__sqrt$lsc) refers (Special) to usenofp.o(x$fpl$usenofp) for __I$use$fp
    sqrt_x.o(i.__sqrt$lsc) refers to dleqf.o(x$fpl$dleqf) for __aeabi_cdcmple
    sqrt_x.o(i.__sqrt$lsc) refers to _rserrno.o(.text) for __set_errno
    sqrt_x.o(i.__sqrt$lsc) refers to dsqrt_noumaal.o(x$fpl$dsqrt) for _dsqrt
    __rtentry2.o(.ARM.Collect$$rtentry$$00000008) refers to boardinit2.o(.text) for _platform_post_stackheap_init
    __rtentry2.o(.ARM.Collect$$rtentry$$0000000A) refers to libinit.o(.ARM.Collect$$libinit$$00000000) for __rt_lib_init
    __rtentry2.o(.ARM.Collect$$rtentry$$0000000B) refers to boardinit3.o(.text) for _platform_post_lib_init
    __rtentry2.o(.ARM.Collect$$rtentry$$0000000D) refers to main.o(i.main) for main
    __rtentry2.o(.ARM.Collect$$rtentry$$0000000D) refers to exit.o(.text) for exit
    __rtentry2.o(.ARM.exidx) refers to __rtentry2.o(.ARM.Collect$$rtentry$$00000001) for .ARM.Collect$$rtentry$$00000001
    __rtentry2.o(.ARM.exidx) refers to __rtentry2.o(.ARM.Collect$$rtentry$$00000008) for .ARM.Collect$$rtentry$$00000008
    __rtentry2.o(.ARM.exidx) refers to __rtentry2.o(.ARM.Collect$$rtentry$$0000000A) for .ARM.Collect$$rtentry$$0000000A
    __rtentry2.o(.ARM.exidx) refers to __rtentry2.o(.ARM.Collect$$rtentry$$0000000B) for .ARM.Collect$$rtentry$$0000000B
    __rtentry2.o(.ARM.exidx) refers to __rtentry2.o(.ARM.Collect$$rtentry$$0000000D) for .ARM.Collect$$rtentry$$0000000D
    __rtentry4.o(.ARM.Collect$$rtentry$$00000004) refers to sys_stackheap_outer.o(.text) for __user_setup_stackheap
    __rtentry4.o(.ARM.exidx) refers to __rtentry4.o(.ARM.Collect$$rtentry$$00000004) for .ARM.Collect$$rtentry$$00000004
    rt_errno_addr.o(.text) refers to rt_errno_addr.o(.bss) for __aeabi_errno_addr_data
    rt_errno_addr_intlibspace.o(.text) refers to libspace.o(.bss) for __libspace_start
    dcheck1.o(x$fpl$dcheck1) refers (Special) to usenofp.o(x$fpl$usenofp) for __I$use$fp
    dcheck1.o(x$fpl$dcheck1) refers to retnan.o(x$fpl$retnan) for __fpl_return_NaN
    dsqrt_noumaal.o(x$fpl$dsqrt) refers (Special) to usenofp.o(x$fpl$usenofp) for __I$use$fp
    dsqrt_noumaal.o(x$fpl$dsqrt) refers to dnaninf.o(x$fpl$dnaninf) for __fpl_dnaninf
    libspace.o(.text) refers to libspace.o(.bss) for __libspace_start
    sys_stackheap_outer.o(.text) refers to libspace.o(.text) for __user_perproc_libspace
    sys_stackheap_outer.o(.text) refers to startup_stm32f10x_md.o(.text) for __user_initial_stackheap
    exit.o(.text) refers to rtexit.o(.ARM.Collect$$rtexit$$00000000) for __rt_exit
    libinit.o(.ARM.Collect$$libinit$$00000000) refers (Special) to libinit2.o(.ARM.Collect$$libinit$$0000002E) for __rt_lib_init_alloca_1
    libinit.o(.ARM.Collect$$libinit$$00000000) refers (Special) to libinit2.o(.ARM.Collect$$libinit$$0000002C) for __rt_lib_init_argv_1
    libinit.o(.ARM.Collect$$libinit$$00000000) refers (Special) to libinit2.o(.ARM.Collect$$libinit$$0000001B) for __rt_lib_init_atexit_1
    libinit.o(.ARM.Collect$$libinit$$00000000) refers (Special) to libinit2.o(.ARM.Collect$$libinit$$00000021) for __rt_lib_init_clock_1
    libinit.o(.ARM.Collect$$libinit$$00000000) refers (Special) to libinit2.o(.ARM.Collect$$libinit$$00000032) for __rt_lib_init_cpp_1
    libinit.o(.ARM.Collect$$libinit$$00000000) refers (Special) to libinit2.o(.ARM.Collect$$libinit$$00000030) for __rt_lib_init_exceptions_1
    libinit.o(.ARM.Collect$$libinit$$00000000) refers (Special) to libinit2.o(.ARM.Collect$$libinit$$00000002) for __rt_lib_init_fp_1
    libinit.o(.ARM.Collect$$libinit$$00000000) refers (Special) to libinit2.o(.ARM.Collect$$libinit$$0000001F) for __rt_lib_init_fp_trap_1
    libinit.o(.ARM.Collect$$libinit$$00000000) refers (Special) to libinit2.o(.ARM.Collect$$libinit$$00000023) for __rt_lib_init_getenv_1
    libinit.o(.ARM.Collect$$libinit$$00000000) refers (Special) to libinit2.o(.ARM.Collect$$libinit$$0000000A) for __rt_lib_init_heap_1
    libinit.o(.ARM.Collect$$libinit$$00000000) refers (Special) to libinit2.o(.ARM.Collect$$libinit$$00000011) for __rt_lib_init_lc_collate_1
    libinit.o(.ARM.Collect$$libinit$$00000000) refers (Special) to libinit2.o(.ARM.Collect$$libinit$$00000013) for __rt_lib_init_lc_ctype_1
    libinit.o(.ARM.Collect$$libinit$$00000000) refers (Special) to libinit2.o(.ARM.Collect$$libinit$$00000015) for __rt_lib_init_lc_monetary_1
    libinit.o(.ARM.Collect$$libinit$$00000000) refers (Special) to libinit2.o(.ARM.Collect$$libinit$$00000017) for __rt_lib_init_lc_numeric_1
    libinit.o(.ARM.Collect$$libinit$$00000000) refers (Special) to libinit2.o(.ARM.Collect$$libinit$$00000019) for __rt_lib_init_lc_time_1
    libinit.o(.ARM.Collect$$libinit$$00000000) refers (Special) to libinit2.o(.ARM.Collect$$libinit$$00000004) for __rt_lib_init_preinit_1
    libinit.o(.ARM.Collect$$libinit$$00000000) refers (Special) to libinit2.o(.ARM.Collect$$libinit$$0000000E) for __rt_lib_init_rand_1
    libinit.o(.ARM.Collect$$libinit$$00000000) refers (Special) to libinit2.o(.ARM.Collect$$libinit$$00000033) for __rt_lib_init_return
    libinit.o(.ARM.Collect$$libinit$$00000000) refers (Special) to libinit2.o(.ARM.Collect$$libinit$$0000001D) for __rt_lib_init_signal_1
    libinit.o(.ARM.Collect$$libinit$$00000000) refers (Special) to libinit2.o(.ARM.Collect$$libinit$$00000025) for __rt_lib_init_stdio_1
    libinit.o(.ARM.Collect$$libinit$$00000000) refers (Special) to libinit2.o(.ARM.Collect$$libinit$$0000000C) for __rt_lib_init_user_alloc_1
    retnan.o(x$fpl$retnan) refers (Special) to usenofp.o(x$fpl$usenofp) for __I$use$fp
    retnan.o(x$fpl$retnan) refers to trapv.o(x$fpl$trapveneer) for __fpl_cmpreturn
    rtexit.o(.ARM.Collect$$rtexit$$00000000) refers (Special) to rtexit2.o(.ARM.Collect$$rtexit$$00000004) for __rt_exit_exit
    rtexit.o(.ARM.Collect$$rtexit$$00000000) refers (Special) to rtexit2.o(.ARM.Collect$$rtexit$$00000003) for __rt_exit_ls
    rtexit.o(.ARM.Collect$$rtexit$$00000000) refers (Special) to rtexit2.o(.ARM.Collect$$rtexit$$00000002) for __rt_exit_prels_1
    rtexit.o(.ARM.exidx) refers (Special) to rtexit2.o(.ARM.Collect$$rtexit$$00000004) for __rt_exit_exit
    rtexit.o(.ARM.exidx) refers (Special) to rtexit2.o(.ARM.Collect$$rtexit$$00000003) for __rt_exit_ls
    rtexit.o(.ARM.exidx) refers (Special) to rtexit2.o(.ARM.Collect$$rtexit$$00000002) for __rt_exit_prels_1
    rtexit.o(.ARM.exidx) refers to rtexit.o(.ARM.Collect$$rtexit$$00000000) for .ARM.Collect$$rtexit$$00000000
    libinit2.o(.ARM.Collect$$libinit$$00000010) refers to libinit2.o(.ARM.Collect$$libinit$$0000000F) for .ARM.Collect$$libinit$$0000000F
    libinit2.o(.ARM.Collect$$libinit$$00000012) refers to libinit2.o(.ARM.Collect$$libinit$$0000000F) for .ARM.Collect$$libinit$$0000000F
    libinit2.o(.ARM.Collect$$libinit$$00000014) refers to libinit2.o(.ARM.Collect$$libinit$$0000000F) for .ARM.Collect$$libinit$$0000000F
    libinit2.o(.ARM.Collect$$libinit$$00000016) refers to libinit2.o(.ARM.Collect$$libinit$$0000000F) for .ARM.Collect$$libinit$$0000000F
    libinit2.o(.ARM.Collect$$libinit$$00000018) refers to libinit2.o(.ARM.Collect$$libinit$$0000000F) for .ARM.Collect$$libinit$$0000000F
    libinit2.o(.ARM.Collect$$libinit$$00000026) refers to argv_veneer.o(.emb_text) for __ARM_argv_veneer
    libinit2.o(.ARM.Collect$$libinit$$00000027) refers to argv_veneer.o(.emb_text) for __ARM_argv_veneer
    trapv.o(x$fpl$trapveneer) refers (Special) to usenofp.o(x$fpl$usenofp) for __I$use$fp
    rtexit2.o(.ARM.Collect$$rtexit$$00000003) refers to libshutdown.o(.ARM.Collect$$libshutdown$$00000000) for __rt_lib_shutdown
    rtexit2.o(.ARM.Collect$$rtexit$$00000004) refers to sys_exit.o(.text) for _sys_exit
    rtexit2.o(.ARM.exidx) refers to rtexit2.o(.ARM.Collect$$rtexit$$00000001) for .ARM.Collect$$rtexit$$00000001
    rtexit2.o(.ARM.exidx) refers to rtexit2.o(.ARM.Collect$$rtexit$$00000003) for .ARM.Collect$$rtexit$$00000003
    rtexit2.o(.ARM.exidx) refers to rtexit2.o(.ARM.Collect$$rtexit$$00000004) for .ARM.Collect$$rtexit$$00000004
    argv_veneer.o(.emb_text) refers to no_argv.o(.text) for __ARM_get_argv
    sys_exit.o(.text) refers (Special) to use_no_semi.o(.text) for __I$use$semihosting
    sys_exit.o(.text) refers (Special) to indicate_semi.o(.text) for __semihosting_library_function
    _get_argv_nomalloc.o(.text) refers (Special) to hrguard.o(.text) for __heap_region$guard
    _get_argv_nomalloc.o(.text) refers to defsig_rtmem_outer.o(.text) for __rt_SIGRTMEM
    _get_argv_nomalloc.o(.text) refers to sys_command.o(.text) for _sys_command_string
    libshutdown.o(.ARM.Collect$$libshutdown$$00000000) refers (Special) to libshutdown2.o(.ARM.Collect$$libshutdown$$00000002) for __rt_lib_shutdown_cpp_1
    libshutdown.o(.ARM.Collect$$libshutdown$$00000000) refers (Special) to libshutdown2.o(.ARM.Collect$$libshutdown$$00000007) for __rt_lib_shutdown_fp_trap_1
    libshutdown.o(.ARM.Collect$$libshutdown$$00000000) refers (Special) to libshutdown2.o(.ARM.Collect$$libshutdown$$0000000F) for __rt_lib_shutdown_heap_1
    libshutdown.o(.ARM.Collect$$libshutdown$$00000000) refers (Special) to libshutdown2.o(.ARM.Collect$$libshutdown$$00000010) for __rt_lib_shutdown_return
    libshutdown.o(.ARM.Collect$$libshutdown$$00000000) refers (Special) to libshutdown2.o(.ARM.Collect$$libshutdown$$0000000A) for __rt_lib_shutdown_signal_1
    libshutdown.o(.ARM.Collect$$libshutdown$$00000000) refers (Special) to libshutdown2.o(.ARM.Collect$$libshutdown$$00000004) for __rt_lib_shutdown_stdio_1
    libshutdown.o(.ARM.Collect$$libshutdown$$00000000) refers (Special) to libshutdown2.o(.ARM.Collect$$libshutdown$$0000000C) for __rt_lib_shutdown_user_alloc_1
    sys_command.o(.text) refers (Special) to use_no_semi.o(.text) for __I$use$semihosting
    sys_command.o(.text) refers (Special) to indicate_semi.o(.text) for __semihosting_library_function
    defsig_rtmem_outer.o(.text) refers to defsig_rtmem_inner.o(.text) for __rt_SIGRTMEM_inner
    defsig_rtmem_outer.o(.text) refers to defsig_exit.o(.text) for __sig_exit
    defsig_rtmem_formal.o(.text) refers to rt_raise.o(.text) for __rt_raise
    rt_raise.o(.text) refers to __raise.o(.text) for __raise
    rt_raise.o(.text) refers to sys_exit.o(.text) for _sys_exit
    defsig_exit.o(.text) refers to sys_exit.o(.text) for _sys_exit
    defsig_rtmem_inner.o(.text) refers to defsig_general.o(.text) for __default_signal_display
    __raise.o(.text) refers to defsig.o(CL$$defsig) for __default_signal_handler
    defsig_general.o(.text) refers to sys_wrch.o(.text) for _ttywrch
    sys_wrch.o(.text) refers (Special) to use_no_semi.o(.text) for __I$use$semihosting
    sys_wrch.o(.text) refers (Special) to indicate_semi.o(.text) for __semihosting_library_function
    defsig.o(CL$$defsig) refers to defsig_rtmem_inner.o(.text) for __rt_SIGRTMEM_inner
    defsig_abrt_inner.o(.text) refers to defsig_general.o(.text) for __default_signal_display
    defsig_fpe_inner.o(.text) refers to defsig_general.o(.text) for __default_signal_display
    defsig_rtred_inner.o(.text) refers to defsig_general.o(.text) for __default_signal_display
    defsig_stak_inner.o(.text) refers to defsig_general.o(.text) for __default_signal_display
    defsig_pvfn_inner.o(.text) refers to defsig_general.o(.text) for __default_signal_display
    defsig_cppl_inner.o(.text) refers to defsig_general.o(.text) for __default_signal_display
    defsig_segv_inner.o(.text) refers to defsig_general.o(.text) for __default_signal_display
    defsig_other.o(.text) refers to defsig_general.o(.text) for __default_signal_display
    stm32f103_pin.o(i._ZSt3powdi) refers to dflt_clz.o(x$fpl$dflt) for __aeabi_i2d
    stm32f103_pin.o(i._ZSt3powdi) refers to pow.o(i.pow) for pow
    stm32f103_pin.o(.ARM.exidx) refers to stm32f103_pin.o(i._ZSt3powdi) for i._ZSt3powdi


==============================================================================

Removing Unused input sections from the image.

    Removing main.o(.ARM.exidx), (8 bytes).
    Removing main.o(.ARM.exidx), (8 bytes).
    Removing main.o(.ARM.exidx), (8 bytes).
    Removing main.o(.ARM.exidx), (8 bytes).
    Removing stm32f103_sysfunc.o(i._Z11delayMicrosj), (24 bytes).
    Removing stm32f103_sysfunc.o(i._Z6microsv), (32 bytes).
    Removing stm32f103_sysfunc.o(.ARM.exidx), (8 bytes).
    Removing stm32f103_sysfunc.o(.ARM.exidx), (8 bytes).
    Removing stm32f103_sysfunc.o(.ARM.exidx), (8 bytes).
    Removing stm32f103_sysfunc.o(.ARM.exidx), (8 bytes).
    Removing stm32f103_sysfunc.o(.ARM.exidx), (8 bytes).
    Removing stm32f103_sysfunc.o(.ARM.exidx), (8 bytes).
    Removing stm32f103_sysfunc.o(.ARM.exidx), (8 bytes).
    Removing stm32f103_uart.o(i._Z9printUARTjc), (16 bytes).
    Removing stm32f103_uart.o(i._Z9printUARTjd), (156 bytes).
    Removing stm32f103_uart.o(i._Z9printUARTjf), (30 bytes).
    Removing stm32f103_uart.o(i._Z9printUARTji), (16 bytes).
    Removing stm32f103_uart.o(i._Z9printUARTjj), (16 bytes).
    Removing stm32f103_uart.o(i._Z9printUARTjl), (30 bytes).
    Removing stm32f103_uart.o(i._Z9printUARTjm), (136 bytes).
    Removing stm32f103_uart.o(.ARM.exidx), (8 bytes).
    Removing stm32f103_uart.o(.ARM.exidx), (8 bytes).
    Removing stm32f103_uart.o(.ARM.exidx), (8 bytes).
    Removing stm32f103_uart.o(.ARM.exidx), (8 bytes).
    Removing stm32f103_uart.o(.ARM.exidx), (8 bytes).
    Removing stm32f103_uart.o(.ARM.exidx), (8 bytes).
    Removing stm32f103_uart.o(.ARM.exidx), (8 bytes).
    Removing stm32f103_uart.o(.ARM.exidx), (8 bytes).
    Removing stm32f103_uart.o(.ARM.exidx), (8 bytes).
    Removing stm32f103_uart.o(.ARM.exidx), (8 bytes).
    Removing stm32f103_uart.o(.ARM.exidx), (8 bytes).
    Removing stm32f103_uart.o(.ARM.exidx), (8 bytes).
    Removing stm32f103_uart.o(.ARM.exidx), (8 bytes).
    Removing stm32f103_uart.o(.ARM.exidx), (8 bytes).
    Removing stm32f103_uart.o(.ARM.exidx), (8 bytes).
    Removing stm32f103_uart.o(.ARM.exidx), (8 bytes).
    Removing stm32f103_uart.o(.ARM.exidx), (8 bytes).
    Removing stm32f103_uart.o(.ARM.exidx), (8 bytes).
    Removing stm32f103_pin.o(i._Z7readPintt), (76 bytes).
    Removing stm32f103_pin.o(i._Z9invertPintt), (68 bytes).
    Removing stm32f103_pin.o(.ARM.exidx), (8 bytes).
    Removing stm32f103_pin.o(.ARM.exidx), (8 bytes).
    Removing stm32f103_pin.o(.ARM.exidx), (8 bytes).
    Removing stm32f103_pin.o(.ARM.exidx), (8 bytes).
    Removing stm32f103_interrupt.o(i._Z16disableInterrupthh), (116 bytes).
    Removing stm32f103_interrupt.o(.ARM.exidx), (8 bytes).
    Removing stm32f103_interrupt.o(.ARM.exidx), (8 bytes).
    Removing stm32f103_interrupt.o(.ARM.exidx), (8 bytes).
    Removing stm32f103_interrupt.o(.ARM.exidx), (8 bytes).
    Removing stm32f103_interrupt.o(.ARM.exidx), (8 bytes).
    Removing stm32f103_interrupt.o(.ARM.exidx), (8 bytes).
    Removing stm32f103_interrupt.o(.ARM.exidx), (8 bytes).
    Removing stm32f103_interrupt.o(.ARM.exidx), (8 bytes).
    Removing stm32f103_interrupt.o(.ARM.exidx), (8 bytes).
    Removing stm32f103_interrupt.o(.ARM.exidx), (8 bytes).
    Removing stm32f103_interrupt.o(.ARM.exidx), (8 bytes).
    Removing stm32f103_interrupt.o(.ARM.exidx), (8 bytes).
    Removing core_cm3.o(.emb_text), (32 bytes).
    Removing system_stm32f10x.o(i.SystemCoreClockUpdate), (164 bytes).
    Removing system_stm32f10x.o(.ARM.exidx), (8 bytes).
    Removing system_stm32f10x.o(.ARM.exidx), (8 bytes).
    Removing system_stm32f10x.o(.ARM.exidx), (8 bytes).
    Removing system_stm32f10x.o(.ARM.exidx), (8 bytes).
    Removing system_stm32f10x.o(.data), (20 bytes).
    Removing stm32f103_pin.o(.ARM.exidx), (8 bytes).

65 unused section(s) (total 1332 bytes) removed from the image.

==============================================================================

Image Symbol Table

    Local Symbols

    Symbol Name                              Value     Ov Type        Size  Object(Section)

    ../clib/angel/boardlib.s                 0x00000000   Number         0  boardinit1.o ABSOLUTE
    ../clib/angel/boardlib.s                 0x00000000   Number         0  boardinit3.o ABSOLUTE
    ../clib/angel/boardlib.s                 0x00000000   Number         0  boardinit2.o ABSOLUTE
    ../clib/angel/boardlib.s                 0x00000000   Number         0  boardshut.o ABSOLUTE
    ../clib/angel/handlers.s                 0x00000000   Number         0  __scatter_copy.o ABSOLUTE
    ../clib/angel/handlers.s                 0x00000000   Number         0  __scatter_zi.o ABSOLUTE
    ../clib/angel/kernel.s                   0x00000000   Number         0  __rtentry2.o ABSOLUTE
    ../clib/angel/kernel.s                   0x00000000   Number         0  __rtentry4.o ABSOLUTE
    ../clib/angel/kernel.s                   0x00000000   Number         0  rtexit2.o ABSOLUTE
    ../clib/angel/kernel.s                   0x00000000   Number         0  rtexit.o ABSOLUTE
    ../clib/angel/kernel.s                   0x00000000   Number         0  __rtentry.o ABSOLUTE
    ../clib/angel/rt.s                       0x00000000   Number         0  rt_errno_addr.o ABSOLUTE
    ../clib/angel/rt.s                       0x00000000   Number         0  rt_errno_addr_intlibspace.o ABSOLUTE
    ../clib/angel/rt.s                       0x00000000   Number         0  rt_raise.o ABSOLUTE
    ../clib/angel/scatter.s                  0x00000000   Number         0  __scatter.o ABSOLUTE
    ../clib/angel/startup.s                  0x00000000   Number         0  __main.o ABSOLUTE
    ../clib/angel/sys.s                      0x00000000   Number         0  libspace.o ABSOLUTE
    ../clib/angel/sys.s                      0x00000000   Number         0  sys_stackheap_outer.o ABSOLUTE
    ../clib/angel/sys.s                      0x00000000   Number         0  use_no_semi.o ABSOLUTE
    ../clib/angel/sys.s                      0x00000000   Number         0  indicate_semi.o ABSOLUTE
    ../clib/angel/sysapp.c                   0x00000000   Number         0  sys_command.o ABSOLUTE
    ../clib/angel/sysapp.c                   0x00000000   Number         0  sys_wrch.o ABSOLUTE
    ../clib/angel/sysapp.c                   0x00000000   Number         0  sys_exit.o ABSOLUTE
    ../clib/armsys.c                         0x00000000   Number         0  no_argv.o ABSOLUTE
    ../clib/armsys.c                         0x00000000   Number         0  argv_veneer.o ABSOLUTE
    ../clib/armsys.c                         0x00000000   Number         0  argv_veneer.o ABSOLUTE
    ../clib/armsys.c                         0x00000000   Number         0  _get_argv_nomalloc.o ABSOLUTE
    ../clib/fenv.c                           0x00000000   Number         0  _rserrno.o ABSOLUTE
    ../clib/heapalloc.c                      0x00000000   Number         0  hrguard.o ABSOLUTE
    ../clib/heapaux.c                        0x00000000   Number         0  heapauxi.o ABSOLUTE
    ../clib/libinit.s                        0x00000000   Number         0  libshutdown.o ABSOLUTE
    ../clib/libinit.s                        0x00000000   Number         0  libinit.o ABSOLUTE
    ../clib/libinit.s                        0x00000000   Number         0  libinit2.o ABSOLUTE
    ../clib/libinit.s                        0x00000000   Number         0  libshutdown2.o ABSOLUTE
    ../clib/signal.c                         0x00000000   Number         0  defsig_rtmem_formal.o ABSOLUTE
    ../clib/signal.c                         0x00000000   Number         0  defsig_fpe_inner.o ABSOLUTE
    ../clib/signal.c                         0x00000000   Number         0  defsig_abrt_inner.o ABSOLUTE
    ../clib/signal.c                         0x00000000   Number         0  defsig_general.o ABSOLUTE
    ../clib/signal.c                         0x00000000   Number         0  __raise.o ABSOLUTE
    ../clib/signal.c                         0x00000000   Number         0  defsig_rtmem_inner.o ABSOLUTE
    ../clib/signal.c                         0x00000000   Number         0  defsig_exit.o ABSOLUTE
    ../clib/signal.c                         0x00000000   Number         0  defsig_cppl_inner.o ABSOLUTE
    ../clib/signal.c                         0x00000000   Number         0  defsig_segv_inner.o ABSOLUTE
    ../clib/signal.c                         0x00000000   Number         0  defsig_rtmem_outer.o ABSOLUTE
    ../clib/signal.c                         0x00000000   Number         0  defsig_stak_inner.o ABSOLUTE
    ../clib/signal.c                         0x00000000   Number         0  defsig_other.o ABSOLUTE
    ../clib/signal.c                         0x00000000   Number         0  defsig_rtred_inner.o ABSOLUTE
    ../clib/signal.c                         0x00000000   Number         0  defsig_pvfn_inner.o ABSOLUTE
    ../clib/signal.s                         0x00000000   Number         0  defsig.o ABSOLUTE
    ../clib/stdlib.c                         0x00000000   Number         0  exit.o ABSOLUTE
    ../fplib/daddsub.s                       0x00000000   Number         0  daddsub_clz.o ABSOLUTE
    ../fplib/dcheck1.s                       0x00000000   Number         0  dcheck1.o ABSOLUTE
    ../fplib/dcmpi.s                         0x00000000   Number         0  dcmpi.o ABSOLUTE
    ../fplib/ddiv.s                          0x00000000   Number         0  ddiv.o ABSOLUTE
    ../fplib/dfixu.s                         0x00000000   Number         0  dfixu.o ABSOLUTE
    ../fplib/dflt.s                          0x00000000   Number         0  dflt_clz.o ABSOLUTE
    ../fplib/dleqf.s                         0x00000000   Number         0  dleqf.o ABSOLUTE
    ../fplib/dmul.s                          0x00000000   Number         0  dmul.o ABSOLUTE
    ../fplib/dnaninf.s                       0x00000000   Number         0  dnaninf.o ABSOLUTE
    ../fplib/dretinf.s                       0x00000000   Number         0  dretinf.o ABSOLUTE
    ../fplib/drleqf.s                        0x00000000   Number         0  drleqf.o ABSOLUTE
    ../fplib/dsqrt.s                         0x00000000   Number         0  dsqrt_noumaal.o ABSOLUTE
    ../fplib/f2d.s                           0x00000000   Number         0  f2d.o ABSOLUTE
    ../fplib/ffix.s                          0x00000000   Number         0  ffix.o ABSOLUTE
    ../fplib/fmul.s                          0x00000000   Number         0  fmul.o ABSOLUTE
    ../fplib/fnaninf.s                       0x00000000   Number         0  fnaninf.o ABSOLUTE
    ../fplib/fpinit.s                        0x00000000   Number         0  fpinit.o ABSOLUTE
    ../fplib/fretinf.s                       0x00000000   Number         0  fretinf.o ABSOLUTE
    ../fplib/retnan.s                        0x00000000   Number         0  retnan.o ABSOLUTE
    ../fplib/scalbn.s                        0x00000000   Number         0  scalbn.o ABSOLUTE
    ../fplib/trapv.s                         0x00000000   Number         0  trapv.o ABSOLUTE
    ../fplib/usenofp.s                       0x00000000   Number         0  usenofp.o ABSOLUTE
    ../mathlib/dunder.c                      0x00000000   Number         0  dunder.o ABSOLUTE
    ../mathlib/fpclassify.c                  0x00000000   Number         0  fpclassify.o ABSOLUTE
    ../mathlib/poly.c                        0x00000000   Number         0  poly.o ABSOLUTE
    ../mathlib/pow.c                         0x00000000   Number         0  pow.o ABSOLUTE
    ../mathlib/pow.c                         0x00000000   Number         0  pow_x.o ABSOLUTE
    ../mathlib/qnan.c                        0x00000000   Number         0  qnan.o ABSOLUTE
    ../mathlib/sqrt.c                        0x00000000   Number         0  sqrt.o ABSOLUTE
    ../mathlib/sqrt.c                        0x00000000   Number         0  sqrt_x.o ABSOLUTE
    ..\..\periph library\src\stm32f103_UART.cpp 0x00000000   Number         0  stm32f103_uart.o ABSOLUTE
    ..\..\periph library\src\stm32f103_interrupt.cpp 0x00000000   Number         0  stm32f103_interrupt.o ABSOLUTE
    ..\..\periph library\src\stm32f103_pin.c 0x00000000   Number         0  stm32f103_pin.o ABSOLUTE
    ..\..\periph library\src\stm32f103_sysFunc.c 0x00000000   Number         0  stm32f103_sysfunc.o ABSOLUTE
    CMSIS\\src\\core_cm3.c                   0x00000000   Number         0  core_cm3.o ABSOLUTE
    CMSIS\src\core_cm3.c                     0x00000000   Number         0  core_cm3.o ABSOLUTE
    CMSIS\src\system_stm32f10x.c             0x00000000   Number         0  system_stm32f10x.o ABSOLUTE
    code\src\main.cpp                        0x00000000   Number         0  main.o ABSOLUTE
    dc.s                                     0x00000000   Number         0  dc.o ABSOLUTE
    startup\startup_stm32f10x_md.s           0x00000000   Number         0  startup_stm32f10x_md.o ABSOLUTE
    RESET                                    0x08000000   Section      236  startup_stm32f10x_md.o(RESET)
    !!!main                                  0x080000ec   Section        8  __main.o(!!!main)
    !!!scatter                               0x080000f4   Section       52  __scatter.o(!!!scatter)
    !!handler_copy                           0x08000128   Section       26  __scatter_copy.o(!!handler_copy)
    !!handler_zi                             0x08000144   Section       28  __scatter_zi.o(!!handler_zi)
    .ARM.Collect$$libinit$$00000000          0x08000160   Section        2  libinit.o(.ARM.Collect$$libinit$$00000000)
    .ARM.Collect$$libinit$$00000002          0x08000162   Section        0  libinit2.o(.ARM.Collect$$libinit$$00000002)
    .ARM.Collect$$libinit$$00000004          0x08000162   Section        0  libinit2.o(.ARM.Collect$$libinit$$00000004)
    .ARM.Collect$$libinit$$0000000A          0x08000162   Section        0  libinit2.o(.ARM.Collect$$libinit$$0000000A)
    .ARM.Collect$$libinit$$0000000C          0x08000162   Section        0  libinit2.o(.ARM.Collect$$libinit$$0000000C)
    .ARM.Collect$$libinit$$0000000E          0x08000162   Section        0  libinit2.o(.ARM.Collect$$libinit$$0000000E)
    .ARM.Collect$$libinit$$00000011          0x08000162   Section        0  libinit2.o(.ARM.Collect$$libinit$$00000011)
    .ARM.Collect$$libinit$$00000013          0x08000162   Section        0  libinit2.o(.ARM.Collect$$libinit$$00000013)
    .ARM.Collect$$libinit$$00000015          0x08000162   Section        0  libinit2.o(.ARM.Collect$$libinit$$00000015)
    .ARM.Collect$$libinit$$00000017          0x08000162   Section        0  libinit2.o(.ARM.Collect$$libinit$$00000017)
    .ARM.Collect$$libinit$$00000019          0x08000162   Section        0  libinit2.o(.ARM.Collect$$libinit$$00000019)
    .ARM.Collect$$libinit$$0000001B          0x08000162   Section        0  libinit2.o(.ARM.Collect$$libinit$$0000001B)
    .ARM.Collect$$libinit$$0000001D          0x08000162   Section        0  libinit2.o(.ARM.Collect$$libinit$$0000001D)
    .ARM.Collect$$libinit$$0000001F          0x08000162   Section        0  libinit2.o(.ARM.Collect$$libinit$$0000001F)
    .ARM.Collect$$libinit$$00000021          0x08000162   Section        0  libinit2.o(.ARM.Collect$$libinit$$00000021)
    .ARM.Collect$$libinit$$00000023          0x08000162   Section        0  libinit2.o(.ARM.Collect$$libinit$$00000023)
    .ARM.Collect$$libinit$$00000025          0x08000162   Section        0  libinit2.o(.ARM.Collect$$libinit$$00000025)
    .ARM.Collect$$libinit$$0000002C          0x08000162   Section        0  libinit2.o(.ARM.Collect$$libinit$$0000002C)
    .ARM.Collect$$libinit$$0000002E          0x08000162   Section        0  libinit2.o(.ARM.Collect$$libinit$$0000002E)
    .ARM.Collect$$libinit$$00000030          0x08000162   Section        0  libinit2.o(.ARM.Collect$$libinit$$00000030)
    .ARM.Collect$$libinit$$00000032          0x08000162   Section        0  libinit2.o(.ARM.Collect$$libinit$$00000032)
    .ARM.Collect$$libinit$$00000033          0x08000162   Section        2  libinit2.o(.ARM.Collect$$libinit$$00000033)
    .ARM.Collect$$libshutdown$$00000000      0x08000164   Section        2  libshutdown.o(.ARM.Collect$$libshutdown$$00000000)
    .ARM.Collect$$libshutdown$$00000002      0x08000166   Section        0  libshutdown2.o(.ARM.Collect$$libshutdown$$00000002)
    .ARM.Collect$$libshutdown$$00000004      0x08000166   Section        0  libshutdown2.o(.ARM.Collect$$libshutdown$$00000004)
    .ARM.Collect$$libshutdown$$00000007      0x08000166   Section        0  libshutdown2.o(.ARM.Collect$$libshutdown$$00000007)
    .ARM.Collect$$libshutdown$$0000000A      0x08000166   Section        0  libshutdown2.o(.ARM.Collect$$libshutdown$$0000000A)
    .ARM.Collect$$libshutdown$$0000000C      0x08000166   Section        0  libshutdown2.o(.ARM.Collect$$libshutdown$$0000000C)
    .ARM.Collect$$libshutdown$$0000000F      0x08000166   Section        0  libshutdown2.o(.ARM.Collect$$libshutdown$$0000000F)
    .ARM.Collect$$libshutdown$$00000010      0x08000166   Section        2  libshutdown2.o(.ARM.Collect$$libshutdown$$00000010)
    .ARM.Collect$$rtentry$$00000000          0x08000168   Section        0  __rtentry.o(.ARM.Collect$$rtentry$$00000000)
    .ARM.Collect$$rtentry$$00000002          0x08000168   Section        0  __rtentry2.o(.ARM.Collect$$rtentry$$00000002)
    .ARM.Collect$$rtentry$$00000004          0x08000168   Section        6  __rtentry4.o(.ARM.Collect$$rtentry$$00000004)
    .ARM.Collect$$rtentry$$00000009          0x0800016e   Section        0  __rtentry2.o(.ARM.Collect$$rtentry$$00000009)
    .ARM.Collect$$rtentry$$0000000A          0x0800016e   Section        4  __rtentry2.o(.ARM.Collect$$rtentry$$0000000A)
    .ARM.Collect$$rtentry$$0000000C          0x08000172   Section        0  __rtentry2.o(.ARM.Collect$$rtentry$$0000000C)
    .ARM.Collect$$rtentry$$0000000D          0x08000172   Section        8  __rtentry2.o(.ARM.Collect$$rtentry$$0000000D)
    .ARM.Collect$$rtexit$$00000000           0x0800017a   Section        2  rtexit.o(.ARM.Collect$$rtexit$$00000000)
    .ARM.Collect$$rtexit$$00000002           0x0800017c   Section        0  rtexit2.o(.ARM.Collect$$rtexit$$00000002)
    .ARM.Collect$$rtexit$$00000003           0x0800017c   Section        4  rtexit2.o(.ARM.Collect$$rtexit$$00000003)
    .ARM.Collect$$rtexit$$00000004           0x08000180   Section        6  rtexit2.o(.ARM.Collect$$rtexit$$00000004)
    .text                                    0x08000188   Section       64  startup_stm32f10x_md.o(.text)
    .text                                    0x080001c8   Section        0  heapauxi.o(.text)
    .text                                    0x080001ce   Section        0  _rserrno.o(.text)
    .text                                    0x080001e4   Section        8  rt_errno_addr_intlibspace.o(.text)
    .text                                    0x080001ec   Section        8  libspace.o(.text)
    .text                                    0x080001f4   Section       74  sys_stackheap_outer.o(.text)
    .text                                    0x0800023e   Section        0  exit.o(.text)
    .text                                    0x08000250   Section        0  sys_exit.o(.text)
    .text                                    0x0800025c   Section        2  use_no_semi.o(.text)
    .text                                    0x0800025e   Section        0  indicate_semi.o(.text)
    i.EXTI0_IRQHandler                       0x08000260   Section        0  stm32f103_interrupt.o(i.EXTI0_IRQHandler)
    i.EXTI15_10_IRQHandler                   0x0800027c   Section        0  stm32f103_interrupt.o(i.EXTI15_10_IRQHandler)
    i.EXTI1_IRQHandler                       0x08000338   Section        0  stm32f103_interrupt.o(i.EXTI1_IRQHandler)
    i.EXTI2_IRQHandler                       0x08000354   Section        0  stm32f103_interrupt.o(i.EXTI2_IRQHandler)
    i.EXTI3_IRQHandler                       0x08000370   Section        0  stm32f103_interrupt.o(i.EXTI3_IRQHandler)
    i.EXTI4_IRQHandler                       0x0800038c   Section        0  stm32f103_interrupt.o(i.EXTI4_IRQHandler)
    i.EXTI9_5_IRQHandler                     0x080003a8   Section        0  stm32f103_interrupt.o(i.EXTI9_5_IRQHandler)
    i.SystemInit                             0x08000444   Section        0  system_stm32f10x.o(i.SystemInit)
    i.TIM1_UP_IRQHandler                     0x080004a4   Section        0  stm32f103_sysfunc.o(i.TIM1_UP_IRQHandler)
    i.USART1_IRQHandler                      0x080004d0   Section        0  stm32f103_uart.o(i.USART1_IRQHandler)
    i.USART2_IRQHandler                      0x080004da   Section        0  stm32f103_uart.o(i.USART2_IRQHandler)
    i.USART3_IRQHandler                      0x080004e4   Section        0  stm32f103_uart.o(i.USART3_IRQHandler)
    i._Z11SetSysClockv                       0x080004ee   Section        0  system_stm32f10x.o(i._Z11SetSysClockv)
    SetSysClock()                            0x080004ef   Thumb Code     8  system_stm32f10x.o(i._Z11SetSysClockv)
    i._Z11tryTransmitj                       0x080004f8   Section        0  stm32f103_uart.o(i._Z11tryTransmitj)
    i._Z12writeStrUARTjPc                    0x0800057c   Section        0  stm32f103_uart.o(i._Z12writeStrUARTjPc)
    i._Z13UARTAvailablej                     0x0800059c   Section        0  stm32f103_uart.o(i._Z13UARTAvailablej)
    i._Z13callInterrupth                     0x080005c4   Section        0  stm32f103_interrupt.o(i._Z13callInterrupth)
    i._Z14NVIC_EnableIRQ4IRQn                0x080005d8   Section        0  stm32f103_uart.o(i._Z14NVIC_EnableIRQ4IRQn)
    NVIC_EnableIRQ(IRQn)                     0x080005d9   Thumb Code    22  stm32f103_uart.o(i._Z14NVIC_EnableIRQ4IRQn)
    i._Z14NVIC_EnableIRQ4IRQn                0x080005ee   Section        0  stm32f103_interrupt.o(i._Z14NVIC_EnableIRQ4IRQn)
    NVIC_EnableIRQ(IRQn)                     0x080005ef   Thumb Code    22  stm32f103_interrupt.o(i._Z14NVIC_EnableIRQ4IRQn)
    i._Z15SetSysClockTo72v                   0x08000604   Section        0  system_stm32f10x.o(i._Z15SetSysClockTo72v)
    SetSysClockTo72()                        0x08000605   Thumb Code   214  system_stm32f10x.o(i._Z15SetSysClockTo72v)
    i._Z15enableInterrupthhhPFvvE            0x080006e4   Section        0  stm32f103_interrupt.o(i._Z15enableInterrupthhhPFvvE)
    i._Z20UARTInterruptHandlerj              0x08000834   Section        0  stm32f103_uart.o(i._Z20UARTInterruptHandlerj)
    i._Z5delayj                              0x080008c8   Section        0  stm32f103_sysfunc.o(i._Z5delayj)
    i._Z6millisv                             0x080008e0   Section        0  stm32f103_sysfunc.o(i._Z6millisv)
    i._Z6setPinttb                           0x080008ec   Section        0  stm32f103_pin.o(i._Z6setPinttb)
    i._Z7initPintth                          0x0800093c   Section        0  stm32f103_pin.o(i._Z7initPintth)
    i._Z7initRCCv                            0x08000c20   Section        0  stm32f103_sysfunc.o(i._Z7initRCCv)
    i._Z8_handlerh                           0x08000d38   Section        0  stm32f103_interrupt.o(i._Z8_handlerh)
    i._Z8handler1v                           0x08000d4c   Section        0  main.o(i._Z8handler1v)
    i._Z8handler2v                           0x08000d74   Section        0  main.o(i._Z8handler2v)
    i._Z8handler3v                           0x08000d9c   Section        0  main.o(i._Z8handler3v)
    i._Z8initUARTjjhfhj                      0x08000dc4   Section        0  stm32f103_uart.o(i._Z8initUARTjjhfhj)
    i._Z8readUARTj                           0x08001000   Section        0  stm32f103_uart.o(i._Z8readUARTj)
    i._Z8sysStartv                           0x08001048   Section        0  stm32f103_sysfunc.o(i._Z8sysStartv)
    i._Z9writeUARTjc                         0x080010cc   Section        0  stm32f103_uart.o(i._Z9writeUARTjc)
    i._ZSt3powdi                             0x08001104   Section        0  stm32f103_pin.o(i._ZSt3powdi)
    i.__ARM_fpclassify                       0x08001126   Section        0  fpclassify.o(i.__ARM_fpclassify)
    i.__kernel_poly                          0x0800114e   Section        0  poly.o(i.__kernel_poly)
    i.__mathlib_dbl_divzero                  0x080011f8   Section        0  dunder.o(i.__mathlib_dbl_divzero)
    i.__mathlib_dbl_infnan2                  0x08001208   Section        0  dunder.o(i.__mathlib_dbl_infnan2)
    i.__mathlib_dbl_invalid                  0x0800120c   Section        0  dunder.o(i.__mathlib_dbl_invalid)
    i.__mathlib_dbl_overflow                 0x08001218   Section        0  dunder.o(i.__mathlib_dbl_overflow)
    i.__mathlib_dbl_underflow                0x08001228   Section        0  dunder.o(i.__mathlib_dbl_underflow)
    i.main                                   0x08001238   Section        0  main.o(i.main)
    i.pow                                    0x08001308   Section        0  pow.o(i.pow)
    i.sqrt                                   0x08001ce0   Section        0  sqrt.o(i.sqrt)
    x$fpl$dadd                               0x08001d2c   Section      336  daddsub_clz.o(x$fpl$dadd)
    _dadd1                                   0x08001d3d   Thumb Code     0  daddsub_clz.o(x$fpl$dadd)
    x$fpl$dcheck1                            0x08001e7c   Section       16  dcheck1.o(x$fpl$dcheck1)
    x$fpl$dcmpinf                            0x08001e8c   Section       24  dcmpi.o(x$fpl$dcmpinf)
    x$fpl$ddiv                               0x08001ea4   Section      688  ddiv.o(x$fpl$ddiv)
    ddiv_entry                               0x08001eab   Thumb Code     0  ddiv.o(x$fpl$ddiv)
    x$fpl$dfixu                              0x08002154   Section       90  dfixu.o(x$fpl$dfixu)
    x$fpl$dflt                               0x080021ae   Section       46  dflt_clz.o(x$fpl$dflt)
    x$fpl$dleqf                              0x080021dc   Section      120  dleqf.o(x$fpl$dleqf)
    x$fpl$dmul                               0x08002254   Section      340  dmul.o(x$fpl$dmul)
    x$fpl$dnaninf                            0x080023a8   Section      156  dnaninf.o(x$fpl$dnaninf)
    x$fpl$dretinf                            0x08002444   Section       12  dretinf.o(x$fpl$dretinf)
    x$fpl$drleqf                             0x08002450   Section      108  drleqf.o(x$fpl$drleqf)
    x$fpl$drsb                               0x080024bc   Section       22  daddsub_clz.o(x$fpl$drsb)
    x$fpl$dsqrt                              0x080024d4   Section      460  dsqrt_noumaal.o(x$fpl$dsqrt)
    x$fpl$dsub                               0x080026a0   Section      468  daddsub_clz.o(x$fpl$dsub)
    _dsub1                                   0x080026b1   Thumb Code     0  daddsub_clz.o(x$fpl$dsub)
    x$fpl$ffix                               0x08002874   Section       54  ffix.o(x$fpl$ffix)
    x$fpl$fmul                               0x080028ac   Section      258  fmul.o(x$fpl$fmul)
    x$fpl$fnaninf                            0x080029ae   Section      140  fnaninf.o(x$fpl$fnaninf)
    x$fpl$fretinf                            0x08002a3a   Section       10  fretinf.o(x$fpl$fretinf)
    x$fpl$retnan                             0x08002a44   Section      100  retnan.o(x$fpl$retnan)
    x$fpl$scalbn                             0x08002aa8   Section       92  scalbn.o(x$fpl$scalbn)
    x$fpl$trapveneer                         0x08002b04   Section       48  trapv.o(x$fpl$trapveneer)
    x$fpl$usenofp                            0x08002b34   Section        0  usenofp.o(x$fpl$usenofp)
    .constdata                               0x08002b38   Section      136  pow.o(.constdata)
    bp                                       0x08002b38   Data          16  pow.o(.constdata)
    dp_h                                     0x08002b48   Data          16  pow.o(.constdata)
    dp_l                                     0x08002b58   Data          16  pow.o(.constdata)
    L                                        0x08002b68   Data          48  pow.o(.constdata)
    P                                        0x08002b98   Data          40  pow.o(.constdata)
    .constdata                               0x08002bc0   Section        8  qnan.o(.constdata)
    .data                                    0x20000000   Section        4  stm32f103_sysfunc.o(.data)
    .data                                    0x20000004   Section       12  stm32f103_uart.o(.data)
    .bss                                     0x20000010   Section      192  stm32f103_uart.o(.bss)
    .bss                                     0x200000d0   Section       64  stm32f103_interrupt.o(.bss)
    .bss                                     0x20000110   Section       96  libspace.o(.bss)
    HEAP                                     0x20000170   Section      512  startup_stm32f10x_md.o(HEAP)
    Heap_Mem                                 0x20000170   Data         512  startup_stm32f10x_md.o(HEAP)
    STACK                                    0x20000370   Section     1024  startup_stm32f10x_md.o(STACK)
    Stack_Mem                                0x20000370   Data        1024  startup_stm32f10x_md.o(STACK)
    __initial_sp                             0x20000770   Data           0  startup_stm32f10x_md.o(STACK)

    Global Symbols

    Symbol Name                              Value     Ov Type        Size  Object(Section)

    BuildAttributes$$THM_ISAv4$P$D$K$B$S$PE$A:L22UL41UL21$X:L11$S22US41US21$IEEE1$IW$USESV6$~STKCKD$USESV7$~SHL$OTIME$ROPI$IEEEX$EBA8$UX$STANDARDLIB$REQ8$PRES8$EABIv2 0x00000000   Number         0  anon$$obj.o ABSOLUTE
    __ARM_use_no_argv                        0x00000000   Number         0  main.o ABSOLUTE
    __ARM_exceptions_init                     - Undefined Weak Reference
    __alloca_initialize                       - Undefined Weak Reference
    __arm_preinit_                            - Undefined Weak Reference
    __cpp_initialize__aeabi_                  - Undefined Weak Reference
    __cxa_finalize                            - Undefined Weak Reference
    __rt_locale                               - Undefined Weak Reference
    __sigvec_lookup                           - Undefined Weak Reference
    _atexit_init                              - Undefined Weak Reference
    _call_atexit_fns                          - Undefined Weak Reference
    _clock_init                               - Undefined Weak Reference
    _fp_trap_init                             - Undefined Weak Reference
    _fp_trap_shutdown                         - Undefined Weak Reference
    _get_lc_collate                           - Undefined Weak Reference
    _get_lc_ctype                             - Undefined Weak Reference
    _get_lc_monetary                          - Undefined Weak Reference
    _get_lc_numeric                           - Undefined Weak Reference
    _get_lc_time                              - Undefined Weak Reference
    _getenv_init                              - Undefined Weak Reference
    _handle_redirection                       - Undefined Weak Reference
    _init_alloc                               - Undefined Weak Reference
    _init_user_alloc                          - Undefined Weak Reference
    _initio                                   - Undefined Weak Reference
    _rand_init                                - Undefined Weak Reference
    _signal_finish                            - Undefined Weak Reference
    _signal_init                              - Undefined Weak Reference
    _terminate_alloc                          - Undefined Weak Reference
    _terminate_user_alloc                     - Undefined Weak Reference
    _terminateio                              - Undefined Weak Reference
    __Vectors_Size                           0x000000ec   Number         0  startup_stm32f10x_md.o ABSOLUTE
    __Vectors                                0x08000000   Data           4  startup_stm32f10x_md.o(RESET)
    __Vectors_End                            0x080000ec   Data           0  startup_stm32f10x_md.o(RESET)
    __main                                   0x080000ed   Thumb Code     8  __main.o(!!!main)
    __scatterload                            0x080000f5   Thumb Code     0  __scatter.o(!!!scatter)
    __scatterload_rt2                        0x080000f5   Thumb Code    44  __scatter.o(!!!scatter)
    __scatterload_rt2_thumb_only             0x080000f5   Thumb Code     0  __scatter.o(!!!scatter)
    __scatterload_null                       0x08000103   Thumb Code     0  __scatter.o(!!!scatter)
    __scatterload_copy                       0x08000129   Thumb Code    26  __scatter_copy.o(!!handler_copy)
    __scatterload_zeroinit                   0x08000145   Thumb Code    28  __scatter_zi.o(!!handler_zi)
    __rt_lib_init                            0x08000161   Thumb Code     0  libinit.o(.ARM.Collect$$libinit$$00000000)
    __rt_lib_init_alloca_1                   0x08000163   Thumb Code     0  libinit2.o(.ARM.Collect$$libinit$$0000002E)
    __rt_lib_init_argv_1                     0x08000163   Thumb Code     0  libinit2.o(.ARM.Collect$$libinit$$0000002C)
    __rt_lib_init_atexit_1                   0x08000163   Thumb Code     0  libinit2.o(.ARM.Collect$$libinit$$0000001B)
    __rt_lib_init_clock_1                    0x08000163   Thumb Code     0  libinit2.o(.ARM.Collect$$libinit$$00000021)
    __rt_lib_init_cpp_1                      0x08000163   Thumb Code     0  libinit2.o(.ARM.Collect$$libinit$$00000032)
    __rt_lib_init_exceptions_1               0x08000163   Thumb Code     0  libinit2.o(.ARM.Collect$$libinit$$00000030)
    __rt_lib_init_fp_1                       0x08000163   Thumb Code     0  libinit2.o(.ARM.Collect$$libinit$$00000002)
    __rt_lib_init_fp_trap_1                  0x08000163   Thumb Code     0  libinit2.o(.ARM.Collect$$libinit$$0000001F)
    __rt_lib_init_getenv_1                   0x08000163   Thumb Code     0  libinit2.o(.ARM.Collect$$libinit$$00000023)
    __rt_lib_init_heap_1                     0x08000163   Thumb Code     0  libinit2.o(.ARM.Collect$$libinit$$0000000A)
    __rt_lib_init_lc_collate_1               0x08000163   Thumb Code     0  libinit2.o(.ARM.Collect$$libinit$$00000011)
    __rt_lib_init_lc_ctype_1                 0x08000163   Thumb Code     0  libinit2.o(.ARM.Collect$$libinit$$00000013)
    __rt_lib_init_lc_monetary_1              0x08000163   Thumb Code     0  libinit2.o(.ARM.Collect$$libinit$$00000015)
    __rt_lib_init_lc_numeric_1               0x08000163   Thumb Code     0  libinit2.o(.ARM.Collect$$libinit$$00000017)
    __rt_lib_init_lc_time_1                  0x08000163   Thumb Code     0  libinit2.o(.ARM.Collect$$libinit$$00000019)
    __rt_lib_init_preinit_1                  0x08000163   Thumb Code     0  libinit2.o(.ARM.Collect$$libinit$$00000004)
    __rt_lib_init_rand_1                     0x08000163   Thumb Code     0  libinit2.o(.ARM.Collect$$libinit$$0000000E)
    __rt_lib_init_return                     0x08000163   Thumb Code     0  libinit2.o(.ARM.Collect$$libinit$$00000033)
    __rt_lib_init_signal_1                   0x08000163   Thumb Code     0  libinit2.o(.ARM.Collect$$libinit$$0000001D)
    __rt_lib_init_stdio_1                    0x08000163   Thumb Code     0  libinit2.o(.ARM.Collect$$libinit$$00000025)
    __rt_lib_init_user_alloc_1               0x08000163   Thumb Code     0  libinit2.o(.ARM.Collect$$libinit$$0000000C)
    __rt_lib_shutdown                        0x08000165   Thumb Code     0  libshutdown.o(.ARM.Collect$$libshutdown$$00000000)
    __rt_lib_shutdown_cpp_1                  0x08000167   Thumb Code     0  libshutdown2.o(.ARM.Collect$$libshutdown$$00000002)
    __rt_lib_shutdown_fp_trap_1              0x08000167   Thumb Code     0  libshutdown2.o(.ARM.Collect$$libshutdown$$00000007)
    __rt_lib_shutdown_heap_1                 0x08000167   Thumb Code     0  libshutdown2.o(.ARM.Collect$$libshutdown$$0000000F)
    __rt_lib_shutdown_return                 0x08000167   Thumb Code     0  libshutdown2.o(.ARM.Collect$$libshutdown$$00000010)
    __rt_lib_shutdown_signal_1               0x08000167   Thumb Code     0  libshutdown2.o(.ARM.Collect$$libshutdown$$0000000A)
    __rt_lib_shutdown_stdio_1                0x08000167   Thumb Code     0  libshutdown2.o(.ARM.Collect$$libshutdown$$00000004)
    __rt_lib_shutdown_user_alloc_1           0x08000167   Thumb Code     0  libshutdown2.o(.ARM.Collect$$libshutdown$$0000000C)
    __rt_entry                               0x08000169   Thumb Code     0  __rtentry.o(.ARM.Collect$$rtentry$$00000000)
    __rt_entry_presh_1                       0x08000169   Thumb Code     0  __rtentry2.o(.ARM.Collect$$rtentry$$00000002)
    __rt_entry_sh                            0x08000169   Thumb Code     0  __rtentry4.o(.ARM.Collect$$rtentry$$00000004)
    __rt_entry_li                            0x0800016f   Thumb Code     0  __rtentry2.o(.ARM.Collect$$rtentry$$0000000A)
    __rt_entry_postsh_1                      0x0800016f   Thumb Code     0  __rtentry2.o(.ARM.Collect$$rtentry$$00000009)
    __rt_entry_main                          0x08000173   Thumb Code     0  __rtentry2.o(.ARM.Collect$$rtentry$$0000000D)
    __rt_entry_postli_1                      0x08000173   Thumb Code     0  __rtentry2.o(.ARM.Collect$$rtentry$$0000000C)
    __rt_exit                                0x0800017b   Thumb Code     0  rtexit.o(.ARM.Collect$$rtexit$$00000000)
    __rt_exit_ls                             0x0800017d   Thumb Code     0  rtexit2.o(.ARM.Collect$$rtexit$$00000003)
    __rt_exit_prels_1                        0x0800017d   Thumb Code     0  rtexit2.o(.ARM.Collect$$rtexit$$00000002)
    __rt_exit_exit                           0x08000181   Thumb Code     0  rtexit2.o(.ARM.Collect$$rtexit$$00000004)
    Reset_Handler                            0x08000189   Thumb Code     8  startup_stm32f10x_md.o(.text)
    NMI_Handler                              0x08000191   Thumb Code     2  startup_stm32f10x_md.o(.text)
    HardFault_Handler                        0x08000193   Thumb Code     2  startup_stm32f10x_md.o(.text)
    MemManage_Handler                        0x08000195   Thumb Code     2  startup_stm32f10x_md.o(.text)
    BusFault_Handler                         0x08000197   Thumb Code     2  startup_stm32f10x_md.o(.text)
    UsageFault_Handler                       0x08000199   Thumb Code     2  startup_stm32f10x_md.o(.text)
    SVC_Handler                              0x0800019b   Thumb Code     2  startup_stm32f10x_md.o(.text)
    DebugMon_Handler                         0x0800019d   Thumb Code     2  startup_stm32f10x_md.o(.text)
    PendSV_Handler                           0x0800019f   Thumb Code     2  startup_stm32f10x_md.o(.text)
    SysTick_Handler                          0x080001a1   Thumb Code     2  startup_stm32f10x_md.o(.text)
    ADC1_2_IRQHandler                        0x080001a3   Thumb Code     0  startup_stm32f10x_md.o(.text)
    CAN1_RX1_IRQHandler                      0x080001a3   Thumb Code     0  startup_stm32f10x_md.o(.text)
    CAN1_SCE_IRQHandler                      0x080001a3   Thumb Code     0  startup_stm32f10x_md.o(.text)
    DMA1_Channel1_IRQHandler                 0x080001a3   Thumb Code     0  startup_stm32f10x_md.o(.text)
    DMA1_Channel2_IRQHandler                 0x080001a3   Thumb Code     0  startup_stm32f10x_md.o(.text)
    DMA1_Channel3_IRQHandler                 0x080001a3   Thumb Code     0  startup_stm32f10x_md.o(.text)
    DMA1_Channel4_IRQHandler                 0x080001a3   Thumb Code     0  startup_stm32f10x_md.o(.text)
    DMA1_Channel5_IRQHandler                 0x080001a3   Thumb Code     0  startup_stm32f10x_md.o(.text)
    DMA1_Channel6_IRQHandler                 0x080001a3   Thumb Code     0  startup_stm32f10x_md.o(.text)
    DMA1_Channel7_IRQHandler                 0x080001a3   Thumb Code     0  startup_stm32f10x_md.o(.text)
    FLASH_IRQHandler                         0x080001a3   Thumb Code     0  startup_stm32f10x_md.o(.text)
    I2C1_ER_IRQHandler                       0x080001a3   Thumb Code     0  startup_stm32f10x_md.o(.text)
    I2C1_EV_IRQHandler                       0x080001a3   Thumb Code     0  startup_stm32f10x_md.o(.text)
    I2C2_ER_IRQHandler                       0x080001a3   Thumb Code     0  startup_stm32f10x_md.o(.text)
    I2C2_EV_IRQHandler                       0x080001a3   Thumb Code     0  startup_stm32f10x_md.o(.text)
    PVD_IRQHandler                           0x080001a3   Thumb Code     0  startup_stm32f10x_md.o(.text)
    RCC_IRQHandler                           0x080001a3   Thumb Code     0  startup_stm32f10x_md.o(.text)
    RTCAlarm_IRQHandler                      0x080001a3   Thumb Code     0  startup_stm32f10x_md.o(.text)
    RTC_IRQHandler                           0x080001a3   Thumb Code     0  startup_stm32f10x_md.o(.text)
    SPI1_IRQHandler                          0x080001a3   Thumb Code     0  startup_stm32f10x_md.o(.text)
    SPI2_IRQHandler                          0x080001a3   Thumb Code     0  startup_stm32f10x_md.o(.text)
    TAMPER_IRQHandler                        0x080001a3   Thumb Code     0  startup_stm32f10x_md.o(.text)
    TIM1_BRK_IRQHandler                      0x080001a3   Thumb Code     0  startup_stm32f10x_md.o(.text)
    TIM1_CC_IRQHandler                       0x080001a3   Thumb Code     0  startup_stm32f10x_md.o(.text)
    TIM1_TRG_COM_IRQHandler                  0x080001a3   Thumb Code     0  startup_stm32f10x_md.o(.text)
    TIM2_IRQHandler                          0x080001a3   Thumb Code     0  startup_stm32f10x_md.o(.text)
    TIM3_IRQHandler                          0x080001a3   Thumb Code     0  startup_stm32f10x_md.o(.text)
    TIM4_IRQHandler                          0x080001a3   Thumb Code     0  startup_stm32f10x_md.o(.text)
    USBWakeUp_IRQHandler                     0x080001a3   Thumb Code     0  startup_stm32f10x_md.o(.text)
    USB_HP_CAN1_TX_IRQHandler                0x080001a3   Thumb Code     0  startup_stm32f10x_md.o(.text)
    USB_LP_CAN1_RX0_IRQHandler               0x080001a3   Thumb Code     0  startup_stm32f10x_md.o(.text)
    WWDG_IRQHandler                          0x080001a3   Thumb Code     0  startup_stm32f10x_md.o(.text)
    __user_initial_stackheap                 0x080001a5   Thumb Code     0  startup_stm32f10x_md.o(.text)
    __use_two_region_memory                  0x080001c9   Thumb Code     2  heapauxi.o(.text)
    __rt_heap_escrow$2region                 0x080001cb   Thumb Code     2  heapauxi.o(.text)
    __rt_heap_expand$2region                 0x080001cd   Thumb Code     2  heapauxi.o(.text)
    __read_errno                             0x080001cf   Thumb Code    10  _rserrno.o(.text)
    __set_errno                              0x080001d9   Thumb Code    12  _rserrno.o(.text)
    __aeabi_errno_addr                       0x080001e5   Thumb Code     8  rt_errno_addr_intlibspace.o(.text)
    __errno$intlibspace                      0x080001e5   Thumb Code     0  rt_errno_addr_intlibspace.o(.text)
    __rt_errno_addr$intlibspace              0x080001e5   Thumb Code     0  rt_errno_addr_intlibspace.o(.text)
    __user_libspace                          0x080001ed   Thumb Code     8  libspace.o(.text)
    __user_perproc_libspace                  0x080001ed   Thumb Code     0  libspace.o(.text)
    __user_perthread_libspace                0x080001ed   Thumb Code     0  libspace.o(.text)
    __user_setup_stackheap                   0x080001f5   Thumb Code    74  sys_stackheap_outer.o(.text)
    exit                                     0x0800023f   Thumb Code    18  exit.o(.text)
    _sys_exit                                0x08000251   Thumb Code     8  sys_exit.o(.text)
    __I$use$semihosting                      0x0800025d   Thumb Code     0  use_no_semi.o(.text)
    __use_no_semihosting_swi                 0x0800025d   Thumb Code     2  use_no_semi.o(.text)
    __semihosting_library_function           0x0800025f   Thumb Code     0  indicate_semi.o(.text)
    EXTI0_IRQHandler                         0x08000261   Thumb Code    22  stm32f103_interrupt.o(i.EXTI0_IRQHandler)
    EXTI15_10_IRQHandler                     0x0800027d   Thumb Code   182  stm32f103_interrupt.o(i.EXTI15_10_IRQHandler)
    EXTI1_IRQHandler                         0x08000339   Thumb Code    22  stm32f103_interrupt.o(i.EXTI1_IRQHandler)
    EXTI2_IRQHandler                         0x08000355   Thumb Code    22  stm32f103_interrupt.o(i.EXTI2_IRQHandler)
    EXTI3_IRQHandler                         0x08000371   Thumb Code    22  stm32f103_interrupt.o(i.EXTI3_IRQHandler)
    EXTI4_IRQHandler                         0x0800038d   Thumb Code    22  stm32f103_interrupt.o(i.EXTI4_IRQHandler)
    EXTI9_5_IRQHandler                       0x080003a9   Thumb Code   152  stm32f103_interrupt.o(i.EXTI9_5_IRQHandler)
    SystemInit                               0x08000445   Thumb Code    78  system_stm32f10x.o(i.SystemInit)
    TIM1_UP_IRQHandler                       0x080004a5   Thumb Code    34  stm32f103_sysfunc.o(i.TIM1_UP_IRQHandler)
    USART1_IRQHandler                        0x080004d1   Thumb Code    10  stm32f103_uart.o(i.USART1_IRQHandler)
    USART2_IRQHandler                        0x080004db   Thumb Code    10  stm32f103_uart.o(i.USART2_IRQHandler)
    USART3_IRQHandler                        0x080004e5   Thumb Code    10  stm32f103_uart.o(i.USART3_IRQHandler)
    tryTransmit(unsigned)                    0x080004f9   Thumb Code   106  stm32f103_uart.o(i._Z11tryTransmitj)
    writeStrUART(unsigned, char*)            0x0800057d   Thumb Code    32  stm32f103_uart.o(i._Z12writeStrUARTjPc)
    UARTAvailable(unsigned)                  0x0800059d   Thumb Code    32  stm32f103_uart.o(i._Z13UARTAvailablej)
    callInterrupt(unsigned char)             0x080005c5   Thumb Code    16  stm32f103_interrupt.o(i._Z13callInterrupth)
    enableInterrupt(unsigned char, unsigned char, unsigned char, void(*)()) 0x080006e5   Thumb Code   320  stm32f103_interrupt.o(i._Z15enableInterrupthhhPFvvE)
    UARTInterruptHandler(unsigned)           0x08000835   Thumb Code   128  stm32f103_uart.o(i._Z20UARTInterruptHandlerj)
    delay(unsigned)                          0x080008c9   Thumb Code    24  stm32f103_sysfunc.o(i._Z5delayj)
    millis()                                 0x080008e1   Thumb Code     6  stm32f103_sysfunc.o(i._Z6millisv)
    setPin(unsigned short, unsigned short, bool) 0x080008ed   Thumb Code    64  stm32f103_pin.o(i._Z6setPinttb)
    initPin(unsigned short, unsigned short, unsigned char) 0x0800093d   Thumb Code   714  stm32f103_pin.o(i._Z7initPintth)
    initRCC()                                0x08000c21   Thumb Code   272  stm32f103_sysfunc.o(i._Z7initRCCv)
    _handler(unsigned char)                  0x08000d39   Thumb Code    14  stm32f103_interrupt.o(i._Z8_handlerh)
    handler1()                               0x08000d4d   Thumb Code    22  main.o(i._Z8handler1v)
    handler2()                               0x08000d75   Thumb Code    22  main.o(i._Z8handler2v)
    handler3()                               0x08000d9d   Thumb Code    22  main.o(i._Z8handler3v)
    initUART(unsigned, unsigned, unsigned char, float, unsigned char, unsigned) 0x08000dc5   Thumb Code   524  stm32f103_uart.o(i._Z8initUARTjjhfhj)
    readUART(unsigned)                       0x08001001   Thumb Code    58  stm32f103_uart.o(i._Z8readUARTj)
    sysStart()                               0x08001049   Thumb Code   122  stm32f103_sysfunc.o(i._Z8sysStartv)
    writeUART(unsigned, char)                0x080010cd   Thumb Code    48  stm32f103_uart.o(i._Z9writeUARTjc)
    std::pow(double, int)                    0x08001105   Thumb Code    34  stm32f103_pin.o(i._ZSt3powdi)
    __ARM_fpclassify                         0x08001127   Thumb Code    40  fpclassify.o(i.__ARM_fpclassify)
    __kernel_poly                            0x0800114f   Thumb Code   170  poly.o(i.__kernel_poly)
    __mathlib_dbl_divzero                    0x080011f9   Thumb Code    12  dunder.o(i.__mathlib_dbl_divzero)
    __mathlib_dbl_infnan2                    0x08001209   Thumb Code     4  dunder.o(i.__mathlib_dbl_infnan2)
    __mathlib_dbl_invalid                    0x0800120d   Thumb Code    12  dunder.o(i.__mathlib_dbl_invalid)
    __mathlib_dbl_overflow                   0x08001219   Thumb Code    14  dunder.o(i.__mathlib_dbl_overflow)
    __mathlib_dbl_underflow                  0x08001229   Thumb Code    10  dunder.o(i.__mathlib_dbl_underflow)
    main                                     0x08001239   Thumb Code   162  main.o(i.main)
    pow                                      0x08001309   Thumb Code  2512  pow.o(i.pow)
    sqrt                                     0x08001ce1   Thumb Code    76  sqrt.o(i.sqrt)
    __aeabi_dadd                             0x08001d2d   Thumb Code     0  daddsub_clz.o(x$fpl$dadd)
    _dadd                                    0x08001d2d   Thumb Code   332  daddsub_clz.o(x$fpl$dadd)
    __fpl_dcheck_NaN1                        0x08001e7d   Thumb Code    10  dcheck1.o(x$fpl$dcheck1)
    __fpl_dcmp_Inf                           0x08001e8d   Thumb Code    24  dcmpi.o(x$fpl$dcmpinf)
    __aeabi_ddiv                             0x08001ea5   Thumb Code     0  ddiv.o(x$fpl$ddiv)
    _ddiv                                    0x08001ea5   Thumb Code   552  ddiv.o(x$fpl$ddiv)
    __aeabi_d2uiz                            0x08002155   Thumb Code     0  dfixu.o(x$fpl$dfixu)
    _dfixu                                   0x08002155   Thumb Code    90  dfixu.o(x$fpl$dfixu)
    __aeabi_i2d                              0x080021af   Thumb Code     0  dflt_clz.o(x$fpl$dflt)
    _dflt                                    0x080021af   Thumb Code    46  dflt_clz.o(x$fpl$dflt)
    __aeabi_cdcmple                          0x080021dd   Thumb Code     0  dleqf.o(x$fpl$dleqf)
    _dcmple                                  0x080021dd   Thumb Code   120  dleqf.o(x$fpl$dleqf)
    __fpl_dcmple_InfNaN                      0x0800223f   Thumb Code     0  dleqf.o(x$fpl$dleqf)
    __aeabi_dmul                             0x08002255   Thumb Code     0  dmul.o(x$fpl$dmul)
    _dmul                                    0x08002255   Thumb Code   332  dmul.o(x$fpl$dmul)
    __fpl_dnaninf                            0x080023a9   Thumb Code   156  dnaninf.o(x$fpl$dnaninf)
    __fpl_dretinf                            0x08002445   Thumb Code    12  dretinf.o(x$fpl$dretinf)
    __aeabi_cdrcmple                         0x08002451   Thumb Code     0  drleqf.o(x$fpl$drleqf)
    _drcmple                                 0x08002451   Thumb Code   108  drleqf.o(x$fpl$drleqf)
    __aeabi_drsub                            0x080024bd   Thumb Code     0  daddsub_clz.o(x$fpl$drsb)
    _drsb                                    0x080024bd   Thumb Code    22  daddsub_clz.o(x$fpl$drsb)
    _dsqrt                                   0x080024d5   Thumb Code   456  dsqrt_noumaal.o(x$fpl$dsqrt)
    __aeabi_dsub                             0x080026a1   Thumb Code     0  daddsub_clz.o(x$fpl$dsub)
    _dsub                                    0x080026a1   Thumb Code   464  daddsub_clz.o(x$fpl$dsub)
    __aeabi_f2iz                             0x08002875   Thumb Code     0  ffix.o(x$fpl$ffix)
    _ffix                                    0x08002875   Thumb Code    54  ffix.o(x$fpl$ffix)
    __aeabi_fmul                             0x080028ad   Thumb Code     0  fmul.o(x$fpl$fmul)
    _fmul                                    0x080028ad   Thumb Code   258  fmul.o(x$fpl$fmul)
    __fpl_fnaninf                            0x080029af   Thumb Code   140  fnaninf.o(x$fpl$fnaninf)
    __fpl_fretinf                            0x08002a3b   Thumb Code    10  fretinf.o(x$fpl$fretinf)
    __fpl_return_NaN                         0x08002a45   Thumb Code   100  retnan.o(x$fpl$retnan)
    __ARM_scalbn                             0x08002aa9   Thumb Code    92  scalbn.o(x$fpl$scalbn)
    __fpl_cmpreturn                          0x08002b05   Thumb Code    48  trapv.o(x$fpl$trapveneer)
    __I$use$fp                               0x08002b34   Number         0  usenofp.o(x$fpl$usenofp)
    __mathlib_zero                           0x08002bc0   Data           8  qnan.o(.constdata)
    Region$$Table$$Base                      0x08002bc8   Number         0  anon$$obj.o(Region$$Table)
    Region$$Table$$Limit                     0x08002be8   Number         0  anon$$obj.o(Region$$Table)
    _millis                                  0x20000000   Data           4  stm32f103_sysfunc.o(.data)
    _bufRxHead                               0x20000004   Data           3  stm32f103_uart.o(.data)
    _bufRxTail                               0x20000007   Data           3  stm32f103_uart.o(.data)
    _bufTxHead                               0x2000000a   Data           3  stm32f103_uart.o(.data)
    _bufTxTail                               0x2000000d   Data           3  stm32f103_uart.o(.data)
    _bufRx                                   0x20000010   Data          96  stm32f103_uart.o(.bss)
    _bufTx                                   0x20000070   Data          96  stm32f103_uart.o(.bss)
    _interruptFunction                       0x200000d0   Data          64  stm32f103_interrupt.o(.bss)
    __libspace_start                         0x20000110   Data          96  libspace.o(.bss)
    __temporary_stack_top$libspace           0x20000170   Data           0  libspace.o(.bss)



==============================================================================

Memory Map of the image

  Image Entry point : 0x08000189

  Load Region LR_1 (Base: 0x08000000, Size: 0x00002bf8, Max: 0xffffffff, ABSOLUTE)

    Execution Region ER_RO (Exec base: 0x08000000, Load base: 0x08000000, Size: 0x00002be8, Max: 0xffffffff, ABSOLUTE)

    Exec Addr    Load Addr    Size         Type   Attr      Idx    E Section Name        Object

    0x08000000   0x08000000   0x000000ec   Data   RO          466    RESET               startup_stm32f10x_md.o
    0x080000ec   0x080000ec   0x00000008   Code   RO          475  * !!!main             c_w.l(__main.o)
    0x080000f4   0x080000f4   0x00000034   Code   RO          731    !!!scatter          c_w.l(__scatter.o)
    0x08000128   0x08000128   0x0000001a   Code   RO          733    !!handler_copy      c_w.l(__scatter_copy.o)
    0x08000142   0x08000142   0x00000002   PAD
    0x08000144   0x08000144   0x0000001c   Code   RO          735    !!handler_zi        c_w.l(__scatter_zi.o)
    0x08000160   0x08000160   0x00000002   Code   RO          600    .ARM.Collect$$libinit$$00000000  c_w.l(libinit.o)
    0x08000162   0x08000162   0x00000000   Code   RO          606    .ARM.Collect$$libinit$$00000002  c_w.l(libinit2.o)
    0x08000162   0x08000162   0x00000000   Code   RO          608    .ARM.Collect$$libinit$$00000004  c_w.l(libinit2.o)
    0x08000162   0x08000162   0x00000000   Code   RO          611    .ARM.Collect$$libinit$$0000000A  c_w.l(libinit2.o)
    0x08000162   0x08000162   0x00000000   Code   RO          613    .ARM.Collect$$libinit$$0000000C  c_w.l(libinit2.o)
    0x08000162   0x08000162   0x00000000   Code   RO          615    .ARM.Collect$$libinit$$0000000E  c_w.l(libinit2.o)
    0x08000162   0x08000162   0x00000000   Code   RO          618    .ARM.Collect$$libinit$$00000011  c_w.l(libinit2.o)
    0x08000162   0x08000162   0x00000000   Code   RO          620    .ARM.Collect$$libinit$$00000013  c_w.l(libinit2.o)
    0x08000162   0x08000162   0x00000000   Code   RO          622    .ARM.Collect$$libinit$$00000015  c_w.l(libinit2.o)
    0x08000162   0x08000162   0x00000000   Code   RO          624    .ARM.Collect$$libinit$$00000017  c_w.l(libinit2.o)
    0x08000162   0x08000162   0x00000000   Code   RO          626    .ARM.Collect$$libinit$$00000019  c_w.l(libinit2.o)
    0x08000162   0x08000162   0x00000000   Code   RO          628    .ARM.Collect$$libinit$$0000001B  c_w.l(libinit2.o)
    0x08000162   0x08000162   0x00000000   Code   RO          630    .ARM.Collect$$libinit$$0000001D  c_w.l(libinit2.o)
    0x08000162   0x08000162   0x00000000   Code   RO          632    .ARM.Collect$$libinit$$0000001F  c_w.l(libinit2.o)
    0x08000162   0x08000162   0x00000000   Code   RO          634    .ARM.Collect$$libinit$$00000021  c_w.l(libinit2.o)
    0x08000162   0x08000162   0x00000000   Code   RO          636    .ARM.Collect$$libinit$$00000023  c_w.l(libinit2.o)
    0x08000162   0x08000162   0x00000000   Code   RO          638    .ARM.Collect$$libinit$$00000025  c_w.l(libinit2.o)
    0x08000162   0x08000162   0x00000000   Code   RO          642    .ARM.Collect$$libinit$$0000002C  c_w.l(libinit2.o)
    0x08000162   0x08000162   0x00000000   Code   RO          644    .ARM.Collect$$libinit$$0000002E  c_w.l(libinit2.o)
    0x08000162   0x08000162   0x00000000   Code   RO          646    .ARM.Collect$$libinit$$00000030  c_w.l(libinit2.o)
    0x08000162   0x08000162   0x00000000   Code   RO          648    .ARM.Collect$$libinit$$00000032  c_w.l(libinit2.o)
    0x08000162   0x08000162   0x00000002   Code   RO          649    .ARM.Collect$$libinit$$00000033  c_w.l(libinit2.o)
    0x08000164   0x08000164   0x00000002   Code   RO          671    .ARM.Collect$$libshutdown$$00000000  c_w.l(libshutdown.o)
    0x08000166   0x08000166   0x00000000   Code   RO          684    .ARM.Collect$$libshutdown$$00000002  c_w.l(libshutdown2.o)
    0x08000166   0x08000166   0x00000000   Code   RO          686    .ARM.Collect$$libshutdown$$00000004  c_w.l(libshutdown2.o)
    0x08000166   0x08000166   0x00000000   Code   RO          689    .ARM.Collect$$libshutdown$$00000007  c_w.l(libshutdown2.o)
    0x08000166   0x08000166   0x00000000   Code   RO          692    .ARM.Collect$$libshutdown$$0000000A  c_w.l(libshutdown2.o)
    0x08000166   0x08000166   0x00000000   Code   RO          694    .ARM.Collect$$libshutdown$$0000000C  c_w.l(libshutdown2.o)
    0x08000166   0x08000166   0x00000000   Code   RO          697    .ARM.Collect$$libshutdown$$0000000F  c_w.l(libshutdown2.o)
    0x08000166   0x08000166   0x00000002   Code   RO          698    .ARM.Collect$$libshutdown$$00000010  c_w.l(libshutdown2.o)
    0x08000168   0x08000168   0x00000000   Code   RO          515    .ARM.Collect$$rtentry$$00000000  c_w.l(__rtentry.o)
    0x08000168   0x08000168   0x00000000   Code   RO          565    .ARM.Collect$$rtentry$$00000002  c_w.l(__rtentry2.o)
    0x08000168   0x08000168   0x00000006   Code   RO          577    .ARM.Collect$$rtentry$$00000004  c_w.l(__rtentry4.o)
    0x0800016e   0x0800016e   0x00000000   Code   RO          567    .ARM.Collect$$rtentry$$00000009  c_w.l(__rtentry2.o)
    0x0800016e   0x0800016e   0x00000004   Code   RO          568    .ARM.Collect$$rtentry$$0000000A  c_w.l(__rtentry2.o)
    0x08000172   0x08000172   0x00000000   Code   RO          570    .ARM.Collect$$rtentry$$0000000C  c_w.l(__rtentry2.o)
    0x08000172   0x08000172   0x00000008   Code   RO          571    .ARM.Collect$$rtentry$$0000000D  c_w.l(__rtentry2.o)
    0x0800017a   0x0800017a   0x00000002   Code   RO          603    .ARM.Collect$$rtexit$$00000000  c_w.l(rtexit.o)
    0x0800017c   0x0800017c   0x00000000   Code   RO          653    .ARM.Collect$$rtexit$$00000002  c_w.l(rtexit2.o)
    0x0800017c   0x0800017c   0x00000004   Code   RO          654    .ARM.Collect$$rtexit$$00000003  c_w.l(rtexit2.o)
    0x08000180   0x08000180   0x00000006   Code   RO          655    .ARM.Collect$$rtexit$$00000004  c_w.l(rtexit2.o)
    0x08000186   0x08000186   0x00000002   PAD
    0x08000188   0x08000188   0x00000040   Code   RO          467  * .text               startup_stm32f10x_md.o
    0x080001c8   0x080001c8   0x00000006   Code   RO          473    .text               c_w.l(heapauxi.o)
    0x080001ce   0x080001ce   0x00000016   Code   RO          516    .text               c_w.l(_rserrno.o)
    0x080001e4   0x080001e4   0x00000008   Code   RO          582    .text               c_w.l(rt_errno_addr_intlibspace.o)
    0x080001ec   0x080001ec   0x00000008   Code   RO          588    .text               c_w.l(libspace.o)
    0x080001f4   0x080001f4   0x0000004a   Code   RO          591    .text               c_w.l(sys_stackheap_outer.o)
    0x0800023e   0x0800023e   0x00000012   Code   RO          593    .text               c_w.l(exit.o)
    0x08000250   0x08000250   0x0000000c   Code   RO          663    .text               c_w.l(sys_exit.o)
    0x0800025c   0x0800025c   0x00000002   Code   RO          674    .text               c_w.l(use_no_semi.o)
    0x0800025e   0x0800025e   0x00000000   Code   RO          676    .text               c_w.l(indicate_semi.o)
    0x0800025e   0x0800025e   0x00000002   PAD
    0x08000260   0x08000260   0x0000001c   Code   RO          320    i.EXTI0_IRQHandler  stm32f103_interrupt.o
    0x0800027c   0x0800027c   0x000000bc   Code   RO          321    i.EXTI15_10_IRQHandler  stm32f103_interrupt.o
    0x08000338   0x08000338   0x0000001c   Code   RO          322    i.EXTI1_IRQHandler  stm32f103_interrupt.o
    0x08000354   0x08000354   0x0000001c   Code   RO          323    i.EXTI2_IRQHandler  stm32f103_interrupt.o
    0x08000370   0x08000370   0x0000001c   Code   RO          324    i.EXTI3_IRQHandler  stm32f103_interrupt.o
    0x0800038c   0x0800038c   0x0000001c   Code   RO          325    i.EXTI4_IRQHandler  stm32f103_interrupt.o
    0x080003a8   0x080003a8   0x0000009c   Code   RO          326    i.EXTI9_5_IRQHandler  stm32f103_interrupt.o
    0x08000444   0x08000444   0x00000060   Code   RO          427    i.SystemInit        system_stm32f10x.o
    0x080004a4   0x080004a4   0x0000002c   Code   RO           73    i.TIM1_UP_IRQHandler  stm32f103_sysfunc.o
    0x080004d0   0x080004d0   0x0000000a   Code   RO          135    i.USART1_IRQHandler  stm32f103_uart.o
    0x080004da   0x080004da   0x0000000a   Code   RO          136    i.USART2_IRQHandler  stm32f103_uart.o
    0x080004e4   0x080004e4   0x0000000a   Code   RO          137    i.USART3_IRQHandler  stm32f103_uart.o
    0x080004ee   0x080004ee   0x00000008   Code   RO          428    i._Z11SetSysClockv  system_stm32f10x.o
    0x080004f6   0x080004f6   0x00000002   PAD
    0x080004f8   0x080004f8   0x00000084   Code   RO          138    i._Z11tryTransmitj  stm32f103_uart.o
    0x0800057c   0x0800057c   0x00000020   Code   RO          139    i._Z12writeStrUARTjPc  stm32f103_uart.o
    0x0800059c   0x0800059c   0x00000028   Code   RO          140    i._Z13UARTAvailablej  stm32f103_uart.o
    0x080005c4   0x080005c4   0x00000014   Code   RO          327    i._Z13callInterrupth  stm32f103_interrupt.o
    0x080005d8   0x080005d8   0x00000016   Code   RO          141    i._Z14NVIC_EnableIRQ4IRQn  stm32f103_uart.o
    0x080005ee   0x080005ee   0x00000016   Code   RO          328    i._Z14NVIC_EnableIRQ4IRQn  stm32f103_interrupt.o
    0x08000604   0x08000604   0x000000e0   Code   RO          429    i._Z15SetSysClockTo72v  system_stm32f10x.o
    0x080006e4   0x080006e4   0x00000150   Code   RO          329    i._Z15enableInterrupthhhPFvvE  stm32f103_interrupt.o
    0x08000834   0x08000834   0x00000094   Code   RO          142    i._Z20UARTInterruptHandlerj  stm32f103_uart.o
    0x080008c8   0x080008c8   0x00000018   Code   RO           75    i._Z5delayj         stm32f103_sysfunc.o
    0x080008e0   0x080008e0   0x0000000c   Code   RO           77    i._Z6millisv        stm32f103_sysfunc.o
    0x080008ec   0x080008ec   0x00000050   Code   RO          280    i._Z6setPinttb      stm32f103_pin.o
    0x0800093c   0x0800093c   0x000002e4   Code   RO          281    i._Z7initPintth     stm32f103_pin.o
    0x08000c20   0x08000c20   0x00000118   Code   RO           78    i._Z7initRCCv       stm32f103_sysfunc.o
    0x08000d38   0x08000d38   0x00000014   Code   RO          331    i._Z8_handlerh      stm32f103_interrupt.o
    0x08000d4c   0x08000d4c   0x00000028   Code   RO            1    i._Z8handler1v      main.o
    0x08000d74   0x08000d74   0x00000028   Code   RO            2    i._Z8handler2v      main.o
    0x08000d9c   0x08000d9c   0x00000028   Code   RO            3    i._Z8handler3v      main.o
    0x08000dc4   0x08000dc4   0x0000023c   Code   RO          143    i._Z8initUARTjjhfhj  stm32f103_uart.o
    0x08001000   0x08001000   0x00000048   Code   RO          144    i._Z8readUARTj      stm32f103_uart.o
    0x08001048   0x08001048   0x00000084   Code   RO           79    i._Z8sysStartv      stm32f103_sysfunc.o
    0x080010cc   0x080010cc   0x00000038   Code   RO          152    i._Z9writeUARTjc    stm32f103_uart.o
    0x08001104   0x08001104   0x00000022   Code   RO          311    i._ZSt3powdi        stm32f103_pin.o
    0x08001126   0x08001126   0x00000028   Code   RO          551    i.__ARM_fpclassify  m_ws.l(fpclassify.o)
    0x0800114e   0x0800114e   0x000000aa   Code   RO          553    i.__kernel_poly     m_ws.l(poly.o)
    0x080011f8   0x080011f8   0x00000010   Code   RO          537    i.__mathlib_dbl_divzero  m_ws.l(dunder.o)
    0x08001208   0x08001208   0x00000004   Code   RO          539    i.__mathlib_dbl_infnan2  m_ws.l(dunder.o)
    0x0800120c   0x0800120c   0x0000000c   Code   RO          540    i.__mathlib_dbl_invalid  m_ws.l(dunder.o)
    0x08001218   0x08001218   0x0000000e   Code   RO          541    i.__mathlib_dbl_overflow  m_ws.l(dunder.o)
    0x08001226   0x08001226   0x00000002   PAD
    0x08001228   0x08001228   0x00000010   Code   RO          543    i.__mathlib_dbl_underflow  m_ws.l(dunder.o)
    0x08001238   0x08001238   0x000000d0   Code   RO            4    i.main              main.o
    0x08001308   0x08001308   0x000009d8   Code   RO          506    i.pow               m_ws.l(pow.o)
    0x08001ce0   0x08001ce0   0x0000004c   Code   RO          557    i.sqrt              m_ws.l(sqrt.o)
    0x08001d2c   0x08001d2c   0x00000150   Code   RO          477    x$fpl$dadd          fz_ws.l(daddsub_clz.o)
    0x08001e7c   0x08001e7c   0x00000010   Code   RO          584    x$fpl$dcheck1       fz_ws.l(dcheck1.o)
    0x08001e8c   0x08001e8c   0x00000018   Code   RO          518    x$fpl$dcmpinf       fz_ws.l(dcmpi.o)
    0x08001ea4   0x08001ea4   0x000002b0   Code   RO          521    x$fpl$ddiv          fz_ws.l(ddiv.o)
    0x08002154   0x08002154   0x0000005a   Code   RO          483    x$fpl$dfixu         fz_ws.l(dfixu.o)
    0x080021ae   0x080021ae   0x0000002e   Code   RO          488    x$fpl$dflt          fz_ws.l(dflt_clz.o)
    0x080021dc   0x080021dc   0x00000078   Code   RO          493    x$fpl$dleqf         fz_ws.l(dleqf.o)
    0x08002254   0x08002254   0x00000154   Code   RO          495    x$fpl$dmul          fz_ws.l(dmul.o)
    0x080023a8   0x080023a8   0x0000009c   Code   RO          524    x$fpl$dnaninf       fz_ws.l(dnaninf.o)
    0x08002444   0x08002444   0x0000000c   Code   RO          526    x$fpl$dretinf       fz_ws.l(dretinf.o)
    0x08002450   0x08002450   0x0000006c   Code   RO          528    x$fpl$drleqf        fz_ws.l(drleqf.o)
    0x080024bc   0x080024bc   0x00000016   Code   RO          478    x$fpl$drsb          fz_ws.l(daddsub_clz.o)
    0x080024d2   0x080024d2   0x00000002   PAD
    0x080024d4   0x080024d4   0x000001cc   Code   RO          586    x$fpl$dsqrt         fz_ws.l(dsqrt_noumaal.o)
    0x080026a0   0x080026a0   0x000001d4   Code   RO          479    x$fpl$dsub          fz_ws.l(daddsub_clz.o)
    0x08002874   0x08002874   0x00000036   Code   RO          499    x$fpl$ffix          fz_ws.l(ffix.o)
    0x080028aa   0x080028aa   0x00000002   PAD
    0x080028ac   0x080028ac   0x00000102   Code   RO          503    x$fpl$fmul          fz_ws.l(fmul.o)
    0x080029ae   0x080029ae   0x0000008c   Code   RO          530    x$fpl$fnaninf       fz_ws.l(fnaninf.o)
    0x08002a3a   0x08002a3a   0x0000000a   Code   RO          532    x$fpl$fretinf       fz_ws.l(fretinf.o)
    0x08002a44   0x08002a44   0x00000064   Code   RO          601    x$fpl$retnan        fz_ws.l(retnan.o)
    0x08002aa8   0x08002aa8   0x0000005c   Code   RO          534    x$fpl$scalbn        fz_ws.l(scalbn.o)
    0x08002b04   0x08002b04   0x00000030   Code   RO          650    x$fpl$trapveneer    fz_ws.l(trapv.o)
    0x08002b34   0x08002b34   0x00000000   Code   RO          536    x$fpl$usenofp       fz_ws.l(usenofp.o)
    0x08002b34   0x08002b34   0x00000004   PAD
    0x08002b38   0x08002b38   0x00000088   Data   RO          507    .constdata          m_ws.l(pow.o)
    0x08002bc0   0x08002bc0   0x00000008   Data   RO          555    .constdata          m_ws.l(qnan.o)
    0x08002bc8   0x08002bc8   0x00000020   Data   RO          729    Region$$Table       anon$$obj.o


    Execution Region ER_RW (Exec base: 0x20000000, Load base: 0x08002be8, Size: 0x00000010, Max: 0xffffffff, ABSOLUTE)

    Exec Addr    Load Addr    Size         Type   Attr      Idx    E Section Name        Object

    0x20000000   0x08002be8   0x00000004   Data   RW           87    .data               stm32f103_sysfunc.o
    0x20000004   0x08002bec   0x0000000c   Data   RW          172    .data               stm32f103_uart.o


    Execution Region ER_ZI (Exec base: 0x20000010, Load base: 0x08002bf8, Size: 0x00000760, Max: 0xffffffff, ABSOLUTE)

    Exec Addr    Load Addr    Size         Type   Attr      Idx    E Section Name        Object

    0x20000010        -       0x000000c0   Zero   RW          171    .bss                stm32f103_uart.o
    0x200000d0        -       0x00000040   Zero   RW          344    .bss                stm32f103_interrupt.o
    0x20000110        -       0x00000060   Zero   RW          589    .bss                c_w.l(libspace.o)
    0x20000170        -       0x00000200   Zero   RW          465    HEAP                startup_stm32f10x_md.o
    0x20000370        -       0x00000400   Zero   RW          464    STACK               startup_stm32f10x_md.o


==============================================================================

Image component sizes


      Code (inc. data)   RO Data    RW Data    ZI Data      Debug   Object Name

         0          0          0          0          0         32   core_cm3.o
       328        100          0          0          0     207740   main.o
        64         26        236          0       1536        792   startup_stm32f10x_md.o
       882         66          0          0         64       6609   stm32f103_interrupt.o
       854         58          0          0          0       2583   stm32f103_pin.o
       492         34          0          4          0      17992   stm32f103_sysfunc.o
      1104        124          0         12        192       7738   stm32f103_uart.o
       328         28          0          0          0       1853   system_stm32f10x.o

    ----------------------------------------------------------------------
      4054        436        268         16       1792     245339   Object Totals
         0          0         32          0          0          0   (incl. Generated)
         2          0          0          0          0          0   (incl. Padding)

    ----------------------------------------------------------------------

      Code (inc. data)   RO Data    RW Data    ZI Data      Debug   Library Member Name

         8          0          0          0          0         68   __main.o
         0          0          0          0          0          0   __rtentry.o
        12          0          0          0          0          0   __rtentry2.o
         6          0          0          0          0          0   __rtentry4.o
        52          8          0          0          0          0   __scatter.o
        26          0          0          0          0          0   __scatter_copy.o
        28          0          0          0          0          0   __scatter_zi.o
        22          0          0          0          0        100   _rserrno.o
        18          0          0          0          0         80   exit.o
         6          0          0          0          0        152   heapauxi.o
         0          0          0          0          0          0   indicate_semi.o
         2          0          0          0          0          0   libinit.o
         2          0          0          0          0          0   libinit2.o
         2          0          0          0          0          0   libshutdown.o
         2          0          0          0          0          0   libshutdown2.o
         8          4          0          0         96         68   libspace.o
         8          4          0          0          0         68   rt_errno_addr_intlibspace.o
         2          0          0          0          0          0   rtexit.o
        10          0          0          0          0          0   rtexit2.o
        12          4          0          0          0         68   sys_exit.o
        74          0          0          0          0         80   sys_stackheap_outer.o
         2          0          0          0          0         68   use_no_semi.o
       826         16          0          0          0        348   daddsub_clz.o
        16          4          0          0          0         68   dcheck1.o
        24          0          0          0          0         68   dcmpi.o
       688        140          0          0          0        208   ddiv.o
        90          4          0          0          0         92   dfixu.o
        46          0          0          0          0         68   dflt_clz.o
       120          4          0          0          0         92   dleqf.o
       340         12          0          0          0        104   dmul.o
       156          4          0          0          0         92   dnaninf.o
        12          0          0          0          0         68   dretinf.o
       108          0          0          0          0         80   drleqf.o
       460         56          0          0          0        120   dsqrt_noumaal.o
        54          4          0          0          0         84   ffix.o
       258          4          0          0          0         84   fmul.o
       140          4          0          0          0         84   fnaninf.o
        10          0          0          0          0         68   fretinf.o
       100          0          0          0          0         68   retnan.o
        92          0          0          0          0         68   scalbn.o
        48          0          0          0          0         68   trapv.o
         0          0          0          0          0          0   usenofp.o
        62         10          0          0          0        340   dunder.o
        40          0          0          0          0         68   fpclassify.o
       170          0          0          0          0         96   poly.o
      2520        190        136          0          0        324   pow.o
         0          0          8          0          0          0   qnan.o
        76          0          0          0          0         84   sqrt.o

    ----------------------------------------------------------------------
      6774        472        144          0         96       3596   Library Totals
        16          0          0          0          0          0   (incl. Padding)

    ----------------------------------------------------------------------

      Code (inc. data)   RO Data    RW Data    ZI Data      Debug   Library Name

       302         20          0          0         96        752   c_w.l
      3588        252          0          0          0       1932   fz_ws.l
      2868        200        144          0          0        912   m_ws.l

    ----------------------------------------------------------------------
      6774        472        144          0         96       3596   Library Totals

    ----------------------------------------------------------------------

==============================================================================


      Code (inc. data)   RO Data    RW Data    ZI Data      Debug   

     10828        908        412         16       1888     245395   Grand Totals
     10828        908        412         16       1888     245395   ELF Image Totals
     10828        908        412         16          0          0   ROM Totals

==============================================================================

    Total RO  Size (Code + RO Data)                11240 (  10.98kB)
    Total RW  Size (RW Data + ZI Data)              1904 (   1.86kB)
    Total ROM Size (Code + RO Data + RW Data)      11256 (  10.99kB)

==============================================================================

