Component: ARM Compiler 5.06 update 6 (build 750) Tool: armlink [4d35ed]

==============================================================================

Section Cross References

    system_stm32f4xx.o(i.SystemCoreClockUpdate) refers to system_stm32f4xx.o(.data) for .data
    system_stm32f4xx.o(i.SystemInit) refers to system_stm32f4xx.o(i._Z11SetSysClockv) for SetSysClock()
    system_stm32f4xx.o(.ARM.exidx) refers to system_stm32f4xx.o(i._Z11SetSysClockv) for i._Z11SetSysClockv
    system_stm32f4xx.o(.ARM.exidx) refers to system_stm32f4xx.o(i.SystemInit) for i.SystemInit
    system_stm32f4xx.o(.ARM.exidx) refers to system_stm32f4xx.o(i.SystemCoreClockUpdate) for i.SystemCoreClockUpdate
    main.o(i._Z10drawStringR7SSD1306Pcjj) refers to main.o(i._Z8drawCharR7SSD1306cjj) for drawChar(SSD1306&, char, unsigned, unsigned)
    main.o(i._Z12clb_imuCalibv) refers to main.o(i._ZN3IMU9calibrateEj) for IMU::calibrate(unsigned)
    main.o(i._Z12clb_imuCalibv) refers to main.o(.bss) for .bss
    main.o(i._Z12clb_imuSetupv) refers to main.o(i._ZN3IMU12setZeroAngleEv) for IMU::setZeroAngle()
    main.o(i._Z12clb_imuSetupv) refers to main.o(.bss) for .bss
    main.o(i._Z12setupScreensv) refers to new.o(i._Znwj) for operator new(unsigned)
    main.o(i._Z12setupScreensv) refers to main.o(i._ZN7Display6addEscE7Command) for Display::addEsc(Command)
    main.o(i._Z12setupScreensv) refers to main.o(i._ZN7Display11addToScreenE7Command) for Display::addToScreen(Command)
    main.o(i._Z12setupScreensv) refers to main.o(.bss) for .bss
    main.o(i._Z12setupScreensv) refers to main.o(i._Z16clb_screenToMainv) for clb_screenToMain()
    main.o(i._Z12setupScreensv) refers to main.o(i._Z16clb_screenToGamev) for clb_screenToGame()
    main.o(i._Z12setupScreensv) refers to main.o(i._Z24clb_screenToCalibrationsv) for clb_screenToCalibrations()
    main.o(i._Z12setupScreensv) refers to main.o(i._Z21clb_screenToDebugDatav) for clb_screenToDebugData()
    main.o(i._Z12setupScreensv) refers to main.o(i._Z20clb_screenToDribblerv) for clb_screenToDribbler()
    main.o(i._Z12setupScreensv) refers to main.o(i._Z18clb_screenToKickerv) for clb_screenToKicker()
    main.o(i._Z12setupScreensv) refers to main.o(i._Z19clb_toBatteryScreenv) for clb_toBatteryScreen()
    main.o(i._Z12setupScreensv) refers to main.o(i._Z13clb_doNothingv) for clb_doNothing()
    main.o(i._Z12setupScreensv) refers to main.o(i._Z12clb_imuSetupv) for clb_imuSetup()
    main.o(i._Z12setupScreensv) refers to main.o(i._Z12clb_imuCalibv) for clb_imuCalib()
    main.o(i._Z12setupScreensv) refers to main.o(i._Z35clb_screenToLightSensorsCalibrationv) for clb_screenToLightSensorsCalibration()
    main.o(i._Z12setupScreensv) refers to main.o(i._Z19clb_turnOnBackLightv) for clb_turnOnBackLight()
    main.o(i._Z12setupScreensv) refers to main.o(i._Z20clb_turnOffBackLightv) for clb_turnOffBackLight()
    main.o(i._Z12setupScreensv) refers to main.o(i._Z20clb_beginLightsCalibv) for clb_beginLightsCalib()
    main.o(i._Z12setupScreensv) refers to main.o(i._Z18clb_endLightsCalibv) for clb_endLightsCalib()
    main.o(i._Z12setupScreensv) refers to main.o(i._Z16clb_dribblerInOnv) for clb_dribblerInOn()
    main.o(i._Z12setupScreensv) refers to main.o(i._Z17clb_dribblerOutOnv) for clb_dribblerOutOn()
    main.o(i._Z12setupScreensv) refers to main.o(i._Z15clb_dribblerOffv) for clb_dribblerOff()
    main.o(i._Z12setupScreensv) refers to main.o(i._Z16clb_kickStraightv) for clb_kickStraight()
    main.o(i._Z12setupScreensv) refers to main.o(i._Z9clb_kick2v) for clb_kick2()
    main.o(i._Z12setupScreensv) refers to main.o(i._Z9clb_kick1v) for clb_kick1()
    main.o(i._Z13clb_doNothingv) refers to main.o(.data) for .data
    main.o(i._Z15clb_dribblerOffv) refers to main.o(i._ZN12MotorDrivers11setDribblerEi) for MotorDrivers::setDribbler(int)
    main.o(i._Z15clb_dribblerOffv) refers to main.o(.bss) for .bss
    main.o(i._Z16clb_dribblerInOnv) refers to main.o(i._ZN12MotorDrivers11setDribblerEi) for MotorDrivers::setDribbler(int)
    main.o(i._Z16clb_dribblerInOnv) refers to main.o(.bss) for .bss
    main.o(i._Z16clb_kickStraightv) refers to main.o(i._ZN12KickerModule4kickEbb) for KickerModule::kick(bool, bool)
    main.o(i._Z16clb_kickStraightv) refers to main.o(.bss) for .bss
    main.o(i._Z16clb_screenToGamev) refers to main.o(i._ZN12MotorDrivers12enableMotorsEv) for MotorDrivers::enableMotors()
    main.o(i._Z16clb_screenToGamev) refers to main.o(i._ZN5Robot10switch5vOnEv) for Robot::switch5vOn()
    main.o(i._Z16clb_screenToGamev) refers to main.o(i._ZN11LineSensors13turnOnSensorsEv) for LineSensors::turnOnSensors()
    main.o(i._Z16clb_screenToGamev) refers to main.o(i._ZN7Buttons10setChangedEib) for Buttons::setChanged(int, bool)
    main.o(i._Z16clb_screenToGamev) refers to main.o(.data) for .data
    main.o(i._Z16clb_screenToGamev) refers to main.o(.bss) for .bss
    main.o(i._Z16clb_screenToMainv) refers to main.o(i._ZN5Robot11switch5vOffEv) for Robot::switch5vOff()
[...]
    TIM4_IRQHandler                          0x0800029b   Thumb Code     0  startup_stm32f40xx.o(.text)
    TIM5_IRQHandler                          0x0800029b   Thumb Code     0  startup_stm32f40xx.o(.text)
    TIM6_DAC_IRQHandler                      0x0800029b   Thumb Code     0  startup_stm32f40xx.o(.text)
    TIM8_BRK_TIM12_IRQHandler                0x0800029b   Thumb Code     0  startup_stm32f40xx.o(.text)
    TIM8_CC_IRQHandler                       0x0800029b   Thumb Code     0  startup_stm32f40xx.o(.text)
    TIM8_TRG_COM_TIM14_IRQHandler            0x0800029b   Thumb Code     0  startup_stm32f40xx.o(.text)
    TIM8_UP_TIM13_IRQHandler                 0x0800029b   Thumb Code     0  startup_stm32f40xx.o(.text)
    WWDG_IRQHandler                          0x0800029b   Thumb Code     0  startup_stm32f40xx.o(.text)
    __user_initial_stackheap                 0x0800029d   Thumb Code     0  startup_stm32f40xx.o(.text)
    __aeabi_uldivmod                         0x080002c1   Thumb Code     0  lludivv7m.o(.text)
    _ll_udiv                                 0x080002c1   Thumb Code   238  lludivv7m.o(.text)
    __aeabi_ldivmod                          0x080003af   Thumb Code     0  llsdiv.o(.text)
    _ll_sdiv                                 0x080003af   Thumb Code    72  llsdiv.o(.text)
    __aeabi_memcpy4                          0x080003f7   Thumb Code     0  rt_memcpy_w.o(.text)
    __aeabi_memcpy8                          0x080003f7   Thumb Code     0  rt_memcpy_w.o(.text)
    __rt_memcpy_w                            0x080003f7   Thumb Code   100  rt_memcpy_w.o(.text)
    _memcpy_lastbytes_aligned                0x0800043f   Thumb Code     0  rt_memcpy_w.o(.text)
    __aeabi_memclr                           0x0800045b   Thumb Code     0  rt_memclr.o(.text)
    __rt_memclr                              0x0800045b   Thumb Code    68  rt_memclr.o(.text)
    _memset                                  0x0800045f   Thumb Code     0  rt_memclr.o(.text)
    __use_two_region_memory                  0x0800049f   Thumb Code     2  heapauxi.o(.text)
    __rt_heap_escrow                         0x080004a1   Thumb Code     2  heapauxi.o(.text)
    __rt_heap_expand                         0x080004a3   Thumb Code     2  heapauxi.o(.text)
    __cpp_initialize__aeabi_                 0x080004a5   Thumb Code    26  init_aeabi.o(.text)
    __rt_new_handler_addr                    0x080004c9   Thumb Code     8  rt_new_handler_addr_intlibspace.o(.text)
    malloc                                   0x080004d1   Thumb Code    94  h1_alloc.o(.text)
    free                                     0x0800052f   Thumb Code    78  h1_free.o(.text)
    __read_errno                             0x0800057d   Thumb Code    10  _rserrno.o(.text)
    __set_errno                              0x08000587   Thumb Code    12  _rserrno.o(.text)
    __aeabi_memclr4                          0x08000593   Thumb Code     0  rt_memclr_w.o(.text)
    __aeabi_memclr8                          0x08000593   Thumb Code     0  rt_memclr_w.o(.text)
    __rt_memclr_w                            0x08000593   Thumb Code    78  rt_memclr_w.o(.text)
    _memset_w                                0x08000597   Thumb Code     0  rt_memclr_w.o(.text)
    __default_new_handler()                  0x080005e1   Thumb Code     4  arm_newhandler_noexceptions.o(.text)
    __user_libspace                          0x080005e5   Thumb Code     8  libspace.o(.text)
    __user_perproc_libspace                  0x080005e5   Thumb Code     0  libspace.o(.text)
    __user_perthread_libspace                0x080005e5   Thumb Code     0  libspace.o(.text)
    __rt_heap_descriptor                     0x080005ed   Thumb Code     8  rt_heap_descriptor_intlibspace.o(.text)
    __aeabi_errno_addr                       0x080005f5   Thumb Code     8  rt_errno_addr_intlibspace.o(.text)
    __errno$intlibspace                      0x080005f5   Thumb Code     0  rt_errno_addr_intlibspace.o(.text)
    __rt_errno_addr$intlibspace              0x080005f5   Thumb Code     0  rt_errno_addr_intlibspace.o(.text)
    __use_no_heap                            0x080005fd   Thumb Code     2  hguard.o(.text)
    __heap$guard                             0x080005ff   Thumb Code     2  hguard.o(.text)
    _terminate_user_alloc                    0x08000601   Thumb Code     2  init_alloc.o(.text)
    _init_user_alloc                         0x08000603   Thumb Code     2  init_alloc.o(.text)
    __Heap_Full                              0x08000605   Thumb Code    34  init_alloc.o(.text)
    __Heap_Broken                            0x08000627   Thumb Code     6  init_alloc.o(.text)
    _init_alloc                              0x0800062d   Thumb Code    94  init_alloc.o(.text)
    __Heap_Initialize                        0x0800068b   Thumb Code    10  h1_init.o(.text)
    __Heap_DescSize                          0x08000695   Thumb Code     4  h1_init.o(.text)
    abort                                    0x08000699   Thumb Code    22  abort.o(.text)
    std::terminate()                         0x080006af   Thumb Code    26  arm_exceptions_terminate.o(.text)
    __cxa_get_globals                        0x080006cf   Thumb Code    62  arm_exceptions_globs.o(.text)
    _sys_exit                                0x08000719   Thumb Code     8  sys_exit.o(.text)
    __user_setup_stackheap                   0x08000725   Thumb Code    74  sys_stackheap_outer.o(.text)
    __rt_eh_globals_addr                     0x08000771   Thumb Code     8  rt_eh_globals_addr_intlibspace.o(.text)
    __Heap_ProvideMemory                     0x08000779   Thumb Code    52  h1_extend.o(.text)
    exit                                     0x080007ad   Thumb Code    18  exit.o(.text)
    __aeabi_atexit                           0x080007bf   Thumb Code    46  aeabi_atexit.o(.text)
    __rt_SIGABRT                             0x080007ed   Thumb Code    14  defsig_abrt_outer.o(.text)
    __rt_SIGRTMEM                            0x080007fb   Thumb Code    14  defsig_rtmem_outer.o(.text)
    __ARM_exceptions_buffer_init             0x08000809   Thumb Code    18  arm_exceptions_mem.o(.text)
    __ARM_exceptions_buffer_allocate         0x0800081b   Thumb Code    22  arm_exceptions_mem.o(.text)
    __ARM_exceptions_buffer_free             0x08000831   Thumb Code    20  arm_exceptions_mem.o(.text)
    __I$use$semihosting                      0x08000845   Thumb Code     0  use_no_semi.o(.text)
    __use_no_semihosting_swi                 0x08000845   Thumb Code     2  use_no_semi.o(.text)
    __semihosting_library_function           0x08000847   Thumb Code     0  indicate_semi.o(.text)
    __rt_ddtor_pointer_addr                  0x08000849   Thumb Code     8  rt_ddtor_pointer_addr_intlibspace.o(.text)
    __cxa_finalize                           0x08000851   Thumb Code    66  cxa_finalize.o(.text)
    __sig_exit                               0x08000893   Thumb Code    10  defsig_exit.o(.text)
    __rt_SIGABRT_inner                       0x0800089d   Thumb Code    14  defsig_abrt_inner.o(.text)
    __rt_SIGRTMEM_inner                      0x080008cd   Thumb Code    22  defsig_rtmem_inner.o(.text)
    __default_signal_display                 0x0800091d   Thumb Code    50  defsig_general.o(.text)
    _ttywrch                                 0x0800094f   Thumb Code    14  sys_wrch.o(.text)
    SPI1_IRQHandler                          0x0800095d   Thumb Code     6  stm32f407_spi.o(i.SPI1_IRQHandler)
    SPI2_IRQHandler                          0x08000963   Thumb Code     6  stm32f407_spi.o(i.SPI2_IRQHandler)
    SPI3_IRQHandler                          0x08000969   Thumb Code     6  stm32f407_spi.o(i.SPI3_IRQHandler)
    SystemInit                               0x08000971   Thumb Code    74  system_stm32f4xx.o(i.SystemInit)
    TIM7_IRQHandler                          0x080009cd   Thumb Code    26  stm32f407_sysfunc.o(i.TIM7_IRQHandler)
    UART4_IRQHandler                         0x080009f1   Thumb Code     6  stm32f407_uart.o(i.UART4_IRQHandler)
    UART5_IRQHandler                         0x080009f7   Thumb Code     6  stm32f407_uart.o(i.UART5_IRQHandler)
    USART1_IRQHandler                        0x080009fd   Thumb Code     6  stm32f407_uart.o(i.USART1_IRQHandler)
    USART2_IRQHandler                        0x08000a03   Thumb Code     6  stm32f407_uart.o(i.USART2_IRQHandler)
    USART3_IRQHandler                        0x08000a09   Thumb Code     6  stm32f407_uart.o(i.USART3_IRQHandler)
    USART6_IRQHandler                        0x08000a0f   Thumb Code     6  stm32f407_uart.o(i.USART6_IRQHandler)
    drawString(SSD1306&, char*, unsigned, unsigned) 0x08000a15   Thumb Code    52  main.o(i._Z10drawStringR7SSD1306Pcjj)
    delayMicros(unsigned)                    0x08000b01   Thumb Code    22  stm32f407_sysfunc.o(i._Z11delayMicrosj)
    tryTransmit(unsigned)                    0x08000b19   Thumb Code   114  stm32f407_uart.o(i._Z11tryTransmitj)
    clb_imuCalib()                           0x08000bad   Thumb Code    10  main.o(i._Z12clb_imuCalibv)
    clb_imuSetup()                           0x08000bbd   Thumb Code     6  main.o(i._Z12clb_imuSetupv)
    setupScreens()                           0x08000bc9   Thumb Code   712  main.o(i._Z12setupScreensv)
    writeStrUART(unsigned, char*)            0x08001015   Thumb Code    32  stm32f407_uart.o(i._Z12writeStrUARTjPc)
    UARTAvailable(unsigned)                  0x08001035   Thumb Code    18  stm32f407_uart.o(i._Z13UARTAvailablej)
    clb_doNothing()                          0x0800104d   Thumb Code    10  main.o(i._Z13clb_doNothingv)
    symbolToIndex(char)                      0x0800105d   Thumb Code     4  main.o(i._Z13symbolToIndexc)
    clb_dribblerOff()                        0x0800108d   Thumb Code     8  main.o(i._Z15clb_dribblerOffv)
    clb_dribblerInOn()                       0x08001099   Thumb Code    10  main.o(i._Z16clb_dribblerInOnv)
    clb_kickStraight()                       0x080010a9   Thumb Code    10  main.o(i._Z16clb_kickStraightv)
    clb_screenToGame()                       0x080010b9   Thumb Code    78  main.o(i._Z16clb_screenToGamev)
    clb_screenToMain()                       0x08001115   Thumb Code    36  main.o(i._Z16clb_screenToMainv)
    clb_dribblerOutOn()                      0x08001141   Thumb Code     8  main.o(i._Z17clb_dribblerOutOnv)
    clb_screenToEmpty()                      0x0800114d   Thumb Code    10  main.o(i._Z17clb_screenToEmptyv)
    clb_endLightsCalib()                     0x0800115d   Thumb Code     6  main.o(i._Z18clb_endLightsCalibv)
    clb_screenToKicker()                     0x08001169   Thumb Code    14  main.o(i._Z18clb_screenToKickerv)
    SPIInterruptHandler(unsigned)            0x08001181   Thumb Code    46  stm32f407_spi.o(i._Z19SPIInterruptHandlerj)
    clb_toBatteryScreen()                    0x080011c1   Thumb Code    14  main.o(i._Z19clb_toBatteryScreenv)
    clb_turnOnBackLight()                    0x080011d5   Thumb Code     6  main.o(i._Z19clb_turnOnBackLightv)
    UARTInterruptHandler(unsigned)           0x080011e1   Thumb Code   118  stm32f407_uart.o(i._Z20UARTInterruptHandlerj)
    clb_beginLightsCalib()                   0x08001279   Thumb Code     6  main.o(i._Z20clb_beginLightsCalibv)
    clb_screenToDribbler()                   0x08001285   Thumb Code    14  main.o(i._Z20clb_screenToDribblerv)
    clb_turnOffBackLight()                   0x0800129d   Thumb Code     6  main.o(i._Z20clb_turnOffBackLightv)
    clb_screenToDebugData()                  0x080012a9   Thumb Code    28  main.o(i._Z21clb_screenToDebugDatav)
    clb_screenToCalibrations()               0x080012cd   Thumb Code    14  main.o(i._Z24clb_screenToCalibrationsv)
    clb_screenToLightSensorsCalibration()    0x080012e5   Thumb Code    14  main.o(i._Z35clb_screenToLightSensorsCalibrationv)
    delay(unsigned)                          0x080012fd   Thumb Code    22  stm32f407_sysfunc.o(i._Z5delayj)
    micros()                                 0x08001315   Thumb Code    22  stm32f407_sysfunc.o(i._Z6microsv)
    millis()                                 0x08001335   Thumb Code     6  stm32f407_sysfunc.o(i._Z6millisv)
    setPin(GPIO_TypeDef*, unsigned short, bool) 0x08001341   Thumb Code    24  main.o(i._Z6setPinP12GPIO_TypeDeftb)
    setPin(unsigned short, bool)             0x08001359   Thumb Code    52  main.o(i._Z6setPintb)
    initPin(GPIO_TypeDef*, unsigned short, unsigned char, unsigned char, unsigned char) 0x080013a1   Thumb Code   362  stm32f407_pin.o(i._Z7initPinP12GPIO_TypeDefthhh)
    initPin(unsigned short, unsigned char, unsigned char, unsigned char) 0x0800152d   Thumb Code    94  main.o(i._Z7initPinthhh)
    initRCC()                                0x080015a1   Thumb Code   220  stm32f407_sysfunc.o(i._Z7initRCCv)
    initSPI(unsigned, bool, unsigned char, unsigned short, int, int, int, int) 0x08001681   Thumb Code   548  stm32f407_spi.o(i._Z7initSPIjbhtiiii)
    readPin(GPIO_TypeDef*, unsigned short)   0x080018b9   Thumb Code    18  main.o(i._Z7readPinP12GPIO_TypeDeft)
    drawChar(SSD1306&, char, unsigned, unsigned) 0x080018cd   Thumb Code   202  main.o(i._Z8drawCharR7SSD1306cjj)
    initUART(unsigned, unsigned, unsigned char, float, unsigned char, unsigned) 0x080019a1   Thumb Code   852  stm32f407_uart.o(i._Z8initUARTjjhfhj)
    readUART(unsigned)                       0x08001d2d   Thumb Code    38  stm32f407_uart.o(i._Z8readUARTj)
    sysStart()                               0x08001d5d   Thumb Code    98  stm32f407_sysfunc.o(i._Z8sysStartv)
    writeSPI(unsigned, unsigned short)       0x08001dcd   Thumb Code    42  stm32f407_spi.o(i._Z8writeSPIjt)
    clb_kick1()                              0x08001e05   Thumb Code    10  main.o(i._Z9clb_kick1v)
    clb_kick2()                              0x08001e15   Thumb Code    10  main.o(i._Z9clb_kick2v)
    writeUART(unsigned, char)                0x08001e25   Thumb Code    28  stm32f407_uart.o(i._Z9writeUARTjc)
    BallSensor::init(PL_ADC*, unsigned short, unsigned short) 0x08001e49   Thumb Code    66  main.o(i._ZN10BallSensor4initEP6PL_ADCtt)
    BallSensor::turnOn()                     0x08001e91   Thumb Code    18  main.o(i._ZN10BallSensor6turnOnEv)
    BallSensor::update()                     0x08001ea3   Thumb Code    48  main.o(i._ZN10BallSensor6updateEv)
    BallSensor::getValue()                   0x08001ed3   Thumb Code     4  main.o(i._ZN10BallSensor8getValueEv)
    LineSensors::turnOnSensors()             0x08001ed7   Thumb Code     6  main.o(i._ZN11LineSensors13turnOnSensorsEv)
    LineSensors::turnOffSensors()            0x08001edd   Thumb Code     6  main.o(i._ZN11LineSensors14turnOffSensorsEv)
    LineSensors::endLineCalibration()        0x08001ee3   Thumb Code     6  main.o(i._ZN11LineSensors18endLineCalibrationEv)
    LineSensors::beginLineCalibration()      0x08001ee9   Thumb Code     6  main.o(i._ZN11LineSensors20beginLineCalibrationEv)
    LineSensors::init(unsigned, unsigned short) 0x08001eef   Thumb Code    36  main.o(i._ZN11LineSensors4initEjt)
    LineSensors::update()                    0x08001f13   Thumb Code    52  main.o(i._ZN11LineSensors6updateEv)
    LineSensors::getLine()                   0x08001f47   Thumb Code     4  main.o(i._ZN11LineSensors7getLineEv)
    KickerModule::init(unsigned short, unsigned short, unsigned short, unsigned short) 0x08001f4b   Thumb Code   110  main.o(i._ZN12KickerModule4initEtttt)
    KickerModule::kick(bool, bool)           0x08001fb9   Thumb Code   130  main.o(i._ZN12KickerModule4kickEbb)
    MotorDrivers::setDribbler(int)           0x0800203b   Thumb Code     8  main.o(i._ZN12MotorDrivers11setDribblerEi)
    MotorDrivers::enableMotors()             0x08002043   Thumb Code    28  main.o(i._ZN12MotorDrivers12enableMotorsEv)
    MotorDrivers::disableMotors()            0x0800205f   Thumb Code    28  main.o(i._ZN12MotorDrivers13disableMotorsEv)
    MotorDrivers::attemptCurrent()           0x0800207b   Thumb Code    28  main.o(i._ZN12MotorDrivers14attemptCurrentEv)
    MotorDrivers::init(unsigned, unsigned char, unsigned, unsigned char, unsigned, unsigned char, unsigned, unsigned char, unsigned, unsigned char) 0x08002097   Thumb Code   144  main.o(i._ZN12MotorDrivers4initEjhjhjhjhjh)
    MotorDrivers::update()                   0x08002129   Thumb Code   322  main.o(i._ZN12MotorDrivers6updateEv)
    MotorDrivers::setMotor(int, int)         0x08002275   Thumb Code    42  main.o(i._ZN12MotorDrivers8setMotorEii)
    MotorDrivers::setMotors(int, int, int, int) 0x0800229f   Thumb Code    56  main.o(i._ZN12MotorDrivers9setMotorsEiiii)
    MotorDrivers::setMotors(int, int, int, int, int) 0x080022d7   Thumb Code    30  main.o(i._ZN12MotorDrivers9setMotorsEiiiii)
    BaseFunctional::genATMPoint(short, short, signed char) 0x080022f5   Thumb Code    86  main.o(i._ZN14BaseFunctional11genATMPointEssa)
    BaseFunctional::move2(VectorToMove, double) 0x08002355   Thumb Code    92  main.o(i._ZN14BaseFunctional5move2E12VectorToMoved)
    IMU::setZeroAngle()                      0x080023c9   Thumb Code    20  main.o(i._ZN3IMU12setZeroAngleEv)
    IMU::updateAnglesFromFIFO()              0x080023dd   Thumb Code     6  main.o(i._ZN3IMU20updateAnglesFromFIFOEv)
    IMU::init(unsigned, unsigned short, unsigned short) 0x080023e5   Thumb Code    74  main.o(i._ZN3IMU4initEjtt)
    IMU::turnOn()                            0x08002439   Thumb Code    32  main.o(i._ZN3IMU6turnOnEv)
    IMU::update()                            0x08002459   Thumb Code   144  main.o(i._ZN3IMU6updateEv)
    IMU::getAngle()                          0x08002501   Thumb Code   120  main.o(i._ZN3IMU8getAngleEv)
    IMU::calibrate(unsigned)                 0x08002591   Thumb Code     6  main.o(i._ZN3IMU9calibrateEj)
    Robot::switch5vOn()                      0x08002597   Thumb Code     8  main.o(i._ZN5Robot10switch5vOnEv)
    Robot::updateMenu()                      0x080025a1   Thumb Code   328  main.o(i._ZN5Robot10updateMenuEv)
    Robot::switch5vOff()                     0x080026ed   Thumb Code     8  main.o(i._ZN5Robot11switch5vOffEv)
    Robot::handleErrors()                    0x080026f5   Thumb Code   132  main.o(i._ZN5Robot12handleErrorsEv)
    Robot::setPlayState(bool)                0x0800279d   Thumb Code    58  main.o(i._ZN5Robot12setPlayStateEb)
    Robot::swithPowerOn()                    0x080027d7   Thumb Code     8  main.o(i._ZN5Robot12swithPowerOnEv)
    Robot::swithPowerOff()                   0x080027df   Thumb Code     8  main.o(i._ZN5Robot13swithPowerOffEv)
    Robot::changePlayState()                 0x080027e7   Thumb Code    20  main.o(i._ZN5Robot15changePlayStateEv)
    Robot::init()                            0x080027fd   Thumb Code   598  main.o(i._ZN5Robot4initEv)
    Robot::move(double, double, double, double, double) 0x08002a6d   Thumb Code  1774  main.o(i._ZN5Robot4moveEddddd)
    Robot::wait(unsigned)                    0x08003175   Thumb Code   276  main.o(i._ZN5Robot4waitEj)
    Robot::initLEDs()                        0x0800328d   Thumb Code    66  main.o(i._ZN5Robot8initLEDsEv)
    Robot::logErrors()                       0x080032d1   Thumb Code    28  main.o(i._ZN5Robot9logErrorsEv)
    Robot::playState()                       0x080032f1   Thumb Code     6  main.o(i._ZN5Robot9playStateEv)
    Camera::init(unsigned, unsigned short)   0x080032f7   Thumb Code    32  main.o(i._ZN6Camera4initEjt)
    Camera::update()                         0x08003317   Thumb Code   304  main.o(i._ZN6Camera6updateEv)
    Camera::Camera()                         0x08003447   Thumb Code    18  main.o(i._ZN6CameraC1Ev)
    Camera::Camera__sub_object()             0x08003447   Thumb Code     0  main.o(i._ZN6CameraC1Ev)
    Driver::setVelocity(int)                 0x08003459   Thumb Code   158  main.o(i._ZN6Driver11setVelocityEi)
    Driver::updateFromReg()                  0x080034fd   Thumb Code    96  main.o(i._ZN6Driver13updateFromRegEv)
    Driver::attemptCurrent()                 0x08003561   Thumb Code    10  main.o(i._ZN6Driver14attemptCurrentEv)
    Driver::enableFloating()                 0x08003571   Thumb Code    32  main.o(i._ZN6Driver14enableFloatingEv)
    Driver::disableFloating()                0x08003595   Thumb Code    32  main.o(i._ZN6Driver15disableFloatingEv)
    Driver::init(char, char)                 0x080035b9   Thumb Code     6  main.o(i._ZN6Driver4initEcc)
    Driver::write(char*, char, char)         0x080035c1   Thumb Code   100  main.o(i._ZN6Driver5writeEPccc)
    Driver::Driver()                         0x08003629   Thumb Code    52  main.o(i._ZN6DriverC1Ev)
    Driver::Driver__sub_object()             0x08003629   Thumb Code     0  main.o(i._ZN6DriverC1Ev)
    PL_ADC::waitUpdate()                     0x0800365d   Thumb Code    10  stm32f407_adc.o(i._ZN6PL_ADC10waitUpdateEv)
    PL_ADC::add(signed char)                 0x08003669   Thumb Code   172  stm32f407_adc.o(i._ZN6PL_ADC3addEa)
    PL_ADC::init()                           0x0800372d   Thumb Code   114  stm32f407_adc.o(i._ZN6PL_ADC4initEv)
    PL_ADC::read(signed char, bool)          0x080037a9   Thumb Code    74  stm32f407_adc.o(i._ZN6PL_ADC4readEab)
    PL_ADC::start()                          0x080037f3   Thumb Code    22  stm32f407_adc.o(i._ZN6PL_ADC5startEv)
    PL_ADC::PL_ADC(ADC_TypeDef*)             0x08003809   Thumb Code    50  stm32f407_adc.o(i._ZN6PL_ADCC1EP11ADC_TypeDef)
    PL_ADC::PL_ADC__sub_object(ADC_TypeDef*) 0x08003809   Thumb Code     0  stm32f407_adc.o(i._ZN6PL_ADCC1EP11ADC_TypeDef)
    Screen::Screen()                         0x08003849   Thumb Code    32  main.o(i._ZN6ScreenC1Ev)
    Screen::Screen__sub_object()             0x08003849   Thumb Code     0  main.o(i._ZN6ScreenC1Ev)
    Battery::getVoltage()                    0x0800386d   Thumb Code     6  main.o(i._ZN7Battery10getVoltageEv)
    Battery::getPercentage()                 0x08003873   Thumb Code     6  main.o(i._ZN7Battery13getPercentageEv)
    Battery::getCellVoltage(int)             0x08003879   Thumb Code    10  main.o(i._ZN7Battery14getCellVoltageEi)
    Battery::init(PL_ADC*, unsigned short, unsigned short, unsigned short, unsigned short) 0x08003885   Thumb Code   118  main.o(i._ZN7Battery4initEP6PL_ADCtttt)
    Battery::update()                        0x08003921   Thumb Code   308  main.o(i._ZN7Battery6updateEv)
    Battery::readCell(int)                   0x08003a7d   Thumb Code    46  main.o(i._ZN7Battery8readCellEi)
    Buttons::setChanged(int, bool)           0x08003aab   Thumb Code    12  main.o(i._ZN7Buttons10setChangedEib)
    Buttons::ButtonStruct::ButtonStruct()    0x08003ab7   Thumb Code    10  main.o(i._ZN7Buttons12ButtonStructC1Ev)
    Buttons::ButtonStruct::ButtonStruct__sub_object() 0x08003ab7   Thumb Code     0  main.o(i._ZN7Buttons12ButtonStructC1Ev)
    Buttons::init(unsigned short, unsigned short, unsigned short, unsigned short) 0x08003ac1   Thumb Code    52  main.o(i._ZN7Buttons4initEtttt)
    Buttons::enable()                        0x08003af5   Thumb Code    22  main.o(i._ZN7Buttons6enableEv)
    Buttons::update()                        0x08003b0d   Thumb Code   116  main.o(i._ZN7Buttons6updateEv)
    Buttons::disable()                       0x08003b95   Thumb Code    22  main.o(i._ZN7Buttons7disableEv)
    Buttons::isChanged(int, bool)            0x08003bab   Thumb Code    30  main.o(i._ZN7Buttons9isChangedEib)
    Buttons::isPressed(int)                  0x08003bc9   Thumb Code    12  main.o(i._ZN7Buttons9isPressedEi)
    Command::Command()                       0x08003bd5   Thumb Code     6  main.o(i._ZN7CommandC1Ev)
    Command::Command__sub_object()           0x08003bd5   Thumb Code     0  main.o(i._ZN7CommandC1Ev)
    Display::addToScreen(Command)            0x08003bdb   Thumb Code    56  main.o(i._ZN7Display11addToScreenE7Command)
    Display::print(char*, int, int)          0x08003c13   Thumb Code     4  main.o(i._ZN7Display5printEPcii)
    Display::print(double, int, int, int)    0x08003c17   Thumb Code    16  main.o(i._ZN7Display5printEdiii)
    Display::print(int, int, int, int)       0x08003c27   Thumb Code    16  main.o(i._ZN7Display5printEiiii)
    Display::print(unsigned, int, int, int)  0x08003c37   Thumb Code    16  main.o(i._ZN7Display5printEjiii)
    Display::addEsc(Command)                 0x08003c47   Thumb Code    46  main.o(i._ZN7Display6addEscE7Command)
    SSD1306::ssd1306_command(unsigned char)  0x08003c75   Thumb Code    52  ssd1306.o(i._ZN7SSD130615ssd1306_commandEh)
    SSD1306::begin(unsigned char, bool)      0x08003ca9   Thumb Code   372  ssd1306.o(i._ZN7SSD13065beginEhb)
    SSD1306::clear()                         0x08003e1d   Thumb Code    10  ssd1306.o(i._ZN7SSD13065clearEv)
    SSD1306::invert(unsigned char)           0x08003e2d   Thumb Code    16  ssd1306.o(i._ZN7SSD13066invertEh)
    SSD1306::display(unsigned char*)         0x08003e3d   Thumb Code   116  ssd1306.o(i._ZN7SSD13067displayEPh)
    SSD1306::display()                       0x08003eb1   Thumb Code   116  ssd1306.o(i._ZN7SSD13067displayEv)
    SSD1306::switchOn()                      0x08003f29   Thumb Code     8  ssd1306.o(i._ZN7SSD13068switchOnEv)
    SSD1306::drawPixel(short, short, unsigned short) 0x08003f31   Thumb Code   158  ssd1306.o(i._ZN7SSD13069drawPixelEsst)
    SSD1306::SSD1306(unsigned, unsigned short, unsigned short, unsigned short, unsigned short, unsigned short, unsigned short) 0x08003fd5   Thumb Code    64  ssd1306.o(i._ZN7SSD1306C1Ejtttttt)
    SSD1306::SSD1306__sub_object(unsigned, unsigned short, unsigned short, unsigned short, unsigned short, unsigned short, unsigned short) 0x08003fd5   Thumb Code     0  ssd1306.o(i._ZN7SSD1306C1Ejtttttt)
    SSD1306::SSD1306()                       0x08004019   Thumb Code     6  ssd1306.o(i._ZN7SSD1306C1Ev)
    SSD1306::SSD1306__sub_object()           0x08004019   Thumb Code     0  ssd1306.o(i._ZN7SSD1306C1Ev)
    mpu9250::readFIFOsize()                  0x08004025   Thumb Code    46  mpu9250.o(i._ZN7mpu925012readFIFOsizeEv)
    mpu9250::setAccOffset(int, int, int)     0x08004053   Thumb Code    88  mpu9250.o(i._ZN7mpu925012setAccOffsetEiii)
    mpu9250::updateAngles(double, bool)      0x080040ad   Thumb Code   844  mpu9250.o(i._ZN7mpu925012updateAnglesEdb)
    mpu9250::setGyroOffset(int, int, int)    0x08004441   Thumb Code    82  mpu9250.o(i._ZN7mpu925013setGyroOffsetEiii)
    mpu9250::updateAnglesFromFIFO()          0x08004495   Thumb Code    62  mpu9250.o(i._ZN7mpu925020updateAnglesFromFIFOEv)
    mpu9250::MadgwickAHRSupdateIMU(double)   0x080044dd   Thumb Code  2112  mpu9250.o(i._ZN7mpu925021MadgwickAHRSupdateIMUEd)
    mpu9250::convert(unsigned short, unsigned char) 0x08004d21   Thumb Code    16  mpu9250.o(i._ZN7mpu92507convertEth)
    mpu9250::initIMU(unsigned, int)          0x08004d35   Thumb Code   532  mpu9250.o(i._ZN7mpu92507initIMUEji)
    mpu9250::invSqrt(float)                  0x08004f89   Thumb Code    40  mpu9250.o(i._ZN7mpu92507invSqrtEf)
    mpu9250::readAcc()                       0x08004fb5   Thumb Code   160  mpu9250.o(i._ZN7mpu92507readAccEv)
    mpu9250::readReg(int, int*, int)         0x08005055   Thumb Code    90  mpu9250.o(i._ZN7mpu92507readRegEiPii)
    mpu9250::readFIFO()                      0x080050af   Thumb Code   452  mpu9250.o(i._ZN7mpu92508readFIFOEv)
    mpu9250::readGyro()                      0x08005273   Thumb Code   160  mpu9250.o(i._ZN7mpu92508readGyroEv)
    mpu9250::writeReg(int, unsigned char)    0x08005313   Thumb Code    50  mpu9250.o(i._ZN7mpu92508writeRegEih)
    mpu9250::calibrate(int)                  0x08005345   Thumb Code   538  mpu9250.o(i._ZN7mpu92509calibrateEi)
    std::abs(double)                         0x08005581   Thumb Code     4  main.o(i._ZSt3absd)
    operator delete[] (void*)                0x08005585   Thumb Code     8  array_del.o(i._ZdaPv)
    operator delete (void*)                  0x0800558d   Thumb Code     8  delete.o(i._ZdlPv)
    operator new[] (unsigned)                0x08005595   Thumb Code     8  array_new.o(i._Znaj)
    operator new(unsigned)                   0x0800559d   Thumb Code    34  new.o(i._Znwj)
    __ARM_fpclassify                         0x080055c5   Thumb Code    48  fpclassify.o(i.__ARM_fpclassify)
    __aeabi_vec_ctor_nocookie_nodtor         0x080055f5   Thumb Code    36  aeabi_vec_ctor_nocookie_nodtor.o(i.__aeabi_vec_ctor_nocookie_nodtor)
    __cxa_guard_acquire                      0x08005619   Thumb Code    16  cxa_guard_acquire.o(i.__cxa_guard_acquire)
    __hardfp_asin                            0x08005629   Thumb Code   770  asin.o(i.__hardfp_asin)
    __hardfp_atan                            0x08005989   Thumb Code   622  atan.o(i.__hardfp_atan)
    __hardfp_atan2                           0x08005c61   Thumb Code   432  atan2.o(i.__hardfp_atan2)
    __hardfp_ceilf                           0x08005e51   Thumb Code    98  ceilf.o(i.__hardfp_ceilf)
    __mathlib_ceilf                          0x08005e51   Thumb Code     0  ceilf.o(i.__hardfp_ceilf)
    __hardfp_cos                             0x08005ec1   Thumb Code   180  cos.o(i.__hardfp_cos)
    __hardfp_fabs                            0x08005f89   Thumb Code    20  fabs.o(i.__hardfp_fabs)
    __hardfp_pow                             0x08005fa1   Thumb Code  3072  pow.o(i.__hardfp_pow)
    __hardfp_sin                             0x08006bf1   Thumb Code   180  sin.o(i.__hardfp_sin)
    __hardfp_sqrt                            0x08006cb9   Thumb Code   122  sqrt.o(i.__hardfp_sqrt)
    __ieee754_rem_pio2                       0x08006d39   Thumb Code   938  rred.o(i.__ieee754_rem_pio2)
    __kernel_cos                             0x08007171   Thumb Code   322  cos_i.o(i.__kernel_cos)
    __kernel_poly                            0x080072e1   Thumb Code   248  poly.o(i.__kernel_poly)
    __kernel_sin                             0x080073d9   Thumb Code   280  sin_i.o(i.__kernel_sin)
    __mathlib_dbl_divzero                    0x08007509   Thumb Code    28  dunder.o(i.__mathlib_dbl_divzero)
    __mathlib_dbl_infnan                     0x08007539   Thumb Code    20  dunder.o(i.__mathlib_dbl_infnan)
    __mathlib_dbl_infnan2                    0x0800754d   Thumb Code    20  dunder.o(i.__mathlib_dbl_infnan2)
    __mathlib_dbl_invalid                    0x08007561   Thumb Code    24  dunder.o(i.__mathlib_dbl_invalid)
    __mathlib_dbl_overflow                   0x08007581   Thumb Code    24  dunder.o(i.__mathlib_dbl_overflow)
    __mathlib_dbl_underflow                  0x080075a1   Thumb Code    24  dunder.o(i.__mathlib_dbl_underflow)
    atan                                     0x0800768d   Thumb Code    16  atan.o(i.atan)
    fabs                                     0x0800769d   Thumb Code    24  fabs.o(i.fabs)
    main                                     0x080076b5   Thumb Code  1244  main.o(i.main)
    sqrt                                     0x08007ba1   Thumb Code   110  sqrt.o(i.sqrt)
    T1 sgn<double>(T1)                       0x08007c11   Thumb Code    72  main.o(t._Z3sgnIdET_S0_)
    T1 crc8<char>(T1*, int)                  0x08007c71   Thumb Code    52  main.o(t._Z4crc8IcET_PS0_i)
    T1 crc8<unsigned char>(T1*, int)         0x08007ca5   Thumb Code    52  main.o(t._Z4crc8IhET_PS0_i)
    T1 crc8<int>(T1*, int)                   0x08007cd9   Thumb Code    48  main.o(t._Z4crc8IiET_PS0_i)
    T1 min2<double>(T1, T1)                  0x08007d09   Thumb Code    60  main.o(t._Z4min2IdET_S0_S0_)
    T1 min2<int>(T1, T1)                     0x08007d45   Thumb Code     8  main.o(t._Z4min2IiET_S0_S0_)
    char* toPrint<double>(T1, short)         0x08007d4d   Thumb Code   532  main.o(t._Z7toPrintIdEPcT_s)
    char* toPrint<int>(T1, short)            0x08007f71   Thumb Code   278  main.o(t._Z7toPrintIiEPcT_s)
    char* toPrint<unsigned>(T1, short)       0x08008087   Thumb Code   264  main.o(t._Z7toPrintIjEPcT_s)
    void printTml<double>(SSD1306&, T1, int, int, int) 0x0800818f   Thumb Code    40  main.o(t._Z8printTmlIdEvR7SSD1306T_iii)
    void printTml<int>(SSD1306&, T1, int, int, int) 0x080081b7   Thumb Code    42  main.o(t._Z8printTmlIiEvR7SSD1306T_iii)
    void printTml<unsigned>(SSD1306&, T1, int, int, int) 0x080081e1   Thumb Code    42  main.o(t._Z8printTmlIjEvR7SSD1306T_iii)
    __rw::__rw_locale_vector<__rw::__rw_cat*>::~__rw_locale_vector() 0x0800820b   Thumb Code    14  rwcats.o(t._ZN4__rw18__rw_locale_vectorIPNS_8__rw_catEED1Ev)
    __rw::__rw_locale_vector<__rw::__rw_cat*>::~__rw_locale_vector__sub_object() 0x0800820b   Thumb Code     0  rwcats.o(t._ZN4__rw18__rw_locale_vectorIPNS_8__rw_catEED1Ev)
    __aeabi_dneg                             0x08008219   Thumb Code     0  basic.o(x$fpl$basic)
    _dneg                                    0x08008219   Thumb Code     6  basic.o(x$fpl$basic)
    __aeabi_fneg                             0x0800821f   Thumb Code     0  basic.o(x$fpl$basic)
    _fneg                                    0x0800821f   Thumb Code     6  basic.o(x$fpl$basic)
    _dabs                                    0x08008225   Thumb Code     6  basic.o(x$fpl$basic)
    _fabs                                    0x0800822b   Thumb Code     6  basic.o(x$fpl$basic)
    __aeabi_d2f                              0x08008231   Thumb Code     0  d2f.o(x$fpl$d2f)
    _d2f                                     0x08008231   Thumb Code    98  d2f.o(x$fpl$d2f)
    __aeabi_dadd                             0x08008295   Thumb Code     0  daddsub_clz.o(x$fpl$dadd)
    _dadd                                    0x08008295   Thumb Code   332  daddsub_clz.o(x$fpl$dadd)
    __fpl_dcheck_NaN1                        0x080083e5   Thumb Code    10  dcheck1.o(x$fpl$dcheck1)
    __fpl_dcmp_Inf                           0x080083f5   Thumb Code    24  dcmpi.o(x$fpl$dcmpinf)
    __aeabi_ddiv                             0x0800840d   Thumb Code     0  ddiv.o(x$fpl$ddiv)
    _ddiv                                    0x0800840d   Thumb Code   552  ddiv.o(x$fpl$ddiv)
    __aeabi_cdcmpeq                          0x080086bd   Thumb Code     0  deqf.o(x$fpl$deqf)
    _dcmpeq                                  0x080086bd   Thumb Code   120  deqf.o(x$fpl$deqf)
    __aeabi_d2iz                             0x08008735   Thumb Code     0  dfix.o(x$fpl$dfix)
    _dfix                                    0x08008735   Thumb Code    94  dfix.o(x$fpl$dfix)
    __aeabi_d2uiz                            0x08008795   Thumb Code     0  dfixu.o(x$fpl$dfixu)
    _dfixu                                   0x08008795   Thumb Code    90  dfixu.o(x$fpl$dfixu)
    __aeabi_i2d                              0x080087ef   Thumb Code     0  dflt_clz.o(x$fpl$dflt)
    _dflt                                    0x080087ef   Thumb Code    46  dflt_clz.o(x$fpl$dflt)
    __aeabi_l2d                              0x0800881d   Thumb Code     0  dfltll_clz.o(x$fpl$dfltll)
    _ll_sto_d                                0x0800881d   Thumb Code   162  dfltll_clz.o(x$fpl$dfltll)
    __aeabi_ui2d                             0x080088bf   Thumb Code     0  dflt_clz.o(x$fpl$dfltu)
    _dfltu                                   0x080088bf   Thumb Code    38  dflt_clz.o(x$fpl$dfltu)
    __aeabi_cdcmple                          0x080088e5   Thumb Code     0  dleqf.o(x$fpl$dleqf)
    _dcmple                                  0x080088e5   Thumb Code   120  dleqf.o(x$fpl$dleqf)
    __fpl_dcmple_InfNaN                      0x08008947   Thumb Code     0  dleqf.o(x$fpl$dleqf)
    __aeabi_dmul                             0x0800895d   Thumb Code     0  dmul.o(x$fpl$dmul)
    _dmul                                    0x0800895d   Thumb Code   332  dmul.o(x$fpl$dmul)
    __fpl_dnaninf                            0x08008ab1   Thumb Code   156  dnaninf.o(x$fpl$dnaninf)
    __fpl_dretinf                            0x08008b4d   Thumb Code    12  dretinf.o(x$fpl$dretinf)
    __aeabi_cdrcmple                         0x08008b59   Thumb Code     0  drleqf.o(x$fpl$drleqf)
    _drcmple                                 0x08008b59   Thumb Code   108  drleqf.o(x$fpl$drleqf)
    __aeabi_drsub                            0x08008bc5   Thumb Code     0  daddsub_clz.o(x$fpl$drsb)
    _drsb                                    0x08008bc5   Thumb Code    22  daddsub_clz.o(x$fpl$drsb)
    _dsqrt                                   0x08008bdd   Thumb Code   404  dsqrt_umaal.o(x$fpl$dsqrt)
    __aeabi_dsub                             0x08008d75   Thumb Code     0  daddsub_clz.o(x$fpl$dsub)
    _dsub                                    0x08008d75   Thumb Code   464  daddsub_clz.o(x$fpl$dsub)
    __aeabi_f2d                              0x08008f49   Thumb Code     0  f2d.o(x$fpl$f2d)
    _f2d                                     0x08008f49   Thumb Code    86  f2d.o(x$fpl$f2d)
    __fpl_fnaninf                            0x08008f9f   Thumb Code   140  fnaninf.o(x$fpl$fnaninf)
    _fp_init                                 0x0800902b   Thumb Code    10  fpinit.o(x$fpl$fpinit)
    __fplib_config_fpu_vfp                   0x08009033   Thumb Code     0  fpinit.o(x$fpl$fpinit)
    __fplib_config_pureend_doubles           0x08009033   Thumb Code     0  fpinit.o(x$fpl$fpinit)
    __fpl_fretinf                            0x08009035   Thumb Code    10  fretinf.o(x$fpl$fretinf)
    __aeabi_d2lz                             0x08009041   Thumb Code     0  dfixll.o(x$fpl$llsfromd)
    _ll_sfrom_d                              0x08009041   Thumb Code   194  dfixll.o(x$fpl$llsfromd)
    __fpl_return_NaN                         0x08009103   Thumb Code   100  retnan.o(x$fpl$retnan)
    __ARM_scalbn                             0x08009167   Thumb Code    92  scalbn.o(x$fpl$scalbn)
    __fpl_cmpreturn                          0x080091c3   Thumb Code    48  trapv.o(x$fpl$trapveneer)
    __I$use$fp                               0x080091f2   Number         0  usenofp.o(x$fpl$usenofp)
    PL_ADC::channels                         0x08009984   Data          16  stm32f407_adc.o(.constdata)
    __mathlib_zero                           0x08009b38   Data           8  qnan.o(.constdata)
    vtable for SSD1306                       0x08009c30   Data          16  ssd1306.o(.constdata__ZTV7SSD1306)
    Display::update()::string                0x08009c40   Data           2  main.o(.constdata__ZZN7Display6updateEvEs)
    Region$$Table$$Base                      0x08009c44   Number         0  anon$$obj.o(Region$$Table)
    Region$$Table$$Limit                     0x08009c64   Number         0  anon$$obj.o(Region$$Table)
    SHT$$INIT_ARRAY$$Base                    0x08009c64   Number         0  main.o(.init_array)
    SHT$$INIT_ARRAY$$Limit                   0x08009c74   Number         0  rwcats.o(.init_array)
    GLOBAL_ERROR                             0x2000000c   Data           4  main.o(.data)
    g_state                                  0x20000010   Data           4  main.o(.data)
    clb_var                                  0x20000014   Data           4  main.o(.data)
    basicFunc                                0x20000034   Data           4  main.o(.data)
    initImageBuffer                          0x20000068   Data        8192  main.o(.data)
    firstField                               0x20002068   Data       21600  main.o(.data)
    _available                               0x200074c8   Data           2  stm32f407_spi.o(.data)
    _RxData                                  0x200074ca   Data           4  stm32f407_spi.o(.data)
    _millis                                  0x200074d0   Data           4  stm32f407_sysfunc.o(.data)
    _bufRxHead                               0x200074d4   Data           8  stm32f407_uart.o(.data)
    _bufRxTail                               0x200074dc   Data           8  stm32f407_uart.o(.data)
    _bufTxHead                               0x200074e4   Data           8  stm32f407_uart.o(.data)
    _bufTxTail                               0x200074ec   Data           8  stm32f407_uart.o(.data)
    std::ctype<char>::id                     0x200078f4   Data           4  char.o(.data)
    std::ctype<wchar_t>::id                  0x200078f8   Data           4  char.o(.data)
    std::locale::_C_classic                  0x20007904   Data           4  locale.o(.data)
    std::locale::_C_native                   0x20007908   Data           4  locale.o(.data)
    std::locale::_C_global                   0x2000790c   Data           4  locale.o(.data)
    std::codecvt<char, char, std::__mbstate_t>::id 0x20007910   Data           4  locale.o(.data)
    std::codecvt<wchar_t, char, std::__mbstate_t>::id 0x20007914   Data           4  locale.o(.data)
    robot                                    0x20007970   Data        2120  main.o(.bss)
    _bufRx                                   0x200081b8   Data         256  stm32f407_uart.o(.bss)
    _bufTx                                   0x200082b8   Data         256  stm32f407_uart.o(.bss)
    __libspace_start                         0x200083b8   Data          96  libspace.o(.bss)
    __temporary_stack_top$libspace           0x20008418   Data           0  libspace.o(.bss)



==============================================================================

Memory Map of the image

  Image Entry point : 0x08000281

  Load Region LR_1 (Base: 0x08000000, Size: 0x00011594, Max: 0xffffffff, ABSOLUTE, COMPRESSED[0x0000b304])

    Execution Region ER_RO (Exec base: 0x08000000, Load base: 0x08000000, Size: 0x00009c74, Max: 0xffffffff, ABSOLUTE)

    Exec Addr    Load Addr    Size         Type   Attr      Idx    E Section Name        Object

    0x08000000   0x08000000   0x00000188   Data   RO         1568    RESET               startup_stm32f40xx.o
    0x08000188   0x08000188   0x00000008   Code   RO         2398  * !!!main             c_w.l(__main.o)
    0x08000190   0x08000190   0x00000034   Code   RO         4409    !!!scatter          c_w.l(__scatter.o)
    0x080001c4   0x080001c4   0x00000064   Code   RO         4407    !!dclz77c           c_w.l(__dclz77c.o)
    0x08000228   0x08000228   0x0000001c   Code   RO         4411    !!handler_zi        c_w.l(__scatter_zi.o)
    0x08000244   0x08000244   0x00000002   Code   RO         3984    .ARM.Collect$$libinit$$00000000  c_w.l(libinit.o)
    0x08000246   0x08000246   0x00000004   Code   RO         2903    .ARM.Collect$$libinit$$00000001  c_w.l(libinit2.o)
    0x0800024a   0x0800024a   0x00000000   Code   RO         2906    .ARM.Collect$$libinit$$00000004  c_w.l(libinit2.o)
    0x0800024a   0x0800024a   0x00000008   Code   RO         2907    .ARM.Collect$$libinit$$00000005  c_w.l(libinit2.o)
    0x08000252   0x08000252   0x00000000   Code   RO         2909    .ARM.Collect$$libinit$$0000000A  c_w.l(libinit2.o)
    0x08000252   0x08000252   0x00000000   Code   RO         2911    .ARM.Collect$$libinit$$0000000C  c_w.l(libinit2.o)
    0x08000252   0x08000252   0x00000000   Code   RO         2913    .ARM.Collect$$libinit$$0000000E  c_w.l(libinit2.o)
    0x08000252   0x08000252   0x00000000   Code   RO         2916    .ARM.Collect$$libinit$$00000011  c_w.l(libinit2.o)
    0x08000252   0x08000252   0x00000000   Code   RO         2918    .ARM.Collect$$libinit$$00000013  c_w.l(libinit2.o)
    0x08000252   0x08000252   0x00000000   Code   RO         2920    .ARM.Collect$$libinit$$00000015  c_w.l(libinit2.o)
    0x08000252   0x08000252   0x00000000   Code   RO         2922    .ARM.Collect$$libinit$$00000017  c_w.l(libinit2.o)
    0x08000252   0x08000252   0x00000000   Code   RO         2924    .ARM.Collect$$libinit$$00000019  c_w.l(libinit2.o)
    0x08000252   0x08000252   0x00000000   Code   RO         2926    .ARM.Collect$$libinit$$0000001B  c_w.l(libinit2.o)
    0x08000252   0x08000252   0x00000000   Code   RO         2928    .ARM.Collect$$libinit$$0000001D  c_w.l(libinit2.o)
    0x08000252   0x08000252   0x00000000   Code   RO         2930    .ARM.Collect$$libinit$$0000001F  c_w.l(libinit2.o)
    0x08000252   0x08000252   0x00000000   Code   RO         2932    .ARM.Collect$$libinit$$00000021  c_w.l(libinit2.o)
    0x08000252   0x08000252   0x00000000   Code   RO         2934    .ARM.Collect$$libinit$$00000023  c_w.l(libinit2.o)
    0x08000252   0x08000252   0x00000000   Code   RO         2936    .ARM.Collect$$libinit$$00000025  c_w.l(libinit2.o)
    0x08000252   0x08000252   0x00000000   Code   RO         2940    .ARM.Collect$$libinit$$0000002C  c_w.l(libinit2.o)
    0x08000252   0x08000252   0x00000000   Code   RO         2942    .ARM.Collect$$libinit$$0000002E  c_w.l(libinit2.o)
    0x08000252   0x08000252   0x00000000   Code   RO         2944    .ARM.Collect$$libinit$$00000030  c_w.l(libinit2.o)
    0x08000252   0x08000252   0x00000004   Code   RO         2945    .ARM.Collect$$libinit$$00000031  c_w.l(libinit2.o)
    0x08000256   0x08000256   0x00000000   Code   RO         2946    .ARM.Collect$$libinit$$00000032  c_w.l(libinit2.o)
    0x08000256   0x08000256   0x00000002   Code   RO         2947    .ARM.Collect$$libinit$$00000033  c_w.l(libinit2.o)
    0x08000258   0x08000258   0x00000002   Code   RO         4360    .ARM.Collect$$libshutdown$$00000000  c_w.l(libshutdown.o)
    0x0800025a   0x0800025a   0x00000006   Code   RO         4224    .ARM.Collect$$libshutdown$$00000001  c_w.l(libshutdown2.o)
    0x08000260   0x08000260   0x00000000   Code   RO         4225    .ARM.Collect$$libshutdown$$00000002  c_w.l(libshutdown2.o)
    0x08000260   0x08000260   0x00000000   Code   RO         4227    .ARM.Collect$$libshutdown$$00000004  c_w.l(libshutdown2.o)
    0x08000260   0x08000260   0x00000000   Code   RO         4230    .ARM.Collect$$libshutdown$$00000007  c_w.l(libshutdown2.o)
    0x08000260   0x08000260   0x00000000   Code   RO         4233    .ARM.Collect$$libshutdown$$0000000A  c_w.l(libshutdown2.o)
    0x08000260   0x08000260   0x00000000   Code   RO         4235    .ARM.Collect$$libshutdown$$0000000C  c_w.l(libshutdown2.o)
    0x08000260   0x08000260   0x00000000   Code   RO         4238    .ARM.Collect$$libshutdown$$0000000F  c_w.l(libshutdown2.o)
    0x08000260   0x08000260   0x00000002   Code   RO         4239    .ARM.Collect$$libshutdown$$00000010  c_w.l(libshutdown2.o)
    0x08000262   0x08000262   0x00000000   Code   RO         2823    .ARM.Collect$$rtentry$$00000000  c_w.l(__rtentry.o)
    0x08000262   0x08000262   0x00000000   Code   RO         3191    .ARM.Collect$$rtentry$$00000002  c_w.l(__rtentry2.o)
    0x08000262   0x08000262   0x00000006   Code   RO         3203    .ARM.Collect$$rtentry$$00000004  c_w.l(__rtentry4.o)
    0x08000268   0x08000268   0x00000000   Code   RO         3193    .ARM.Collect$$rtentry$$00000009  c_w.l(__rtentry2.o)
    0x08000268   0x08000268   0x00000004   Code   RO         3194    .ARM.Collect$$rtentry$$0000000A  c_w.l(__rtentry2.o)
    0x0800026c   0x0800026c   0x00000000   Code   RO         3196    .ARM.Collect$$rtentry$$0000000C  c_w.l(__rtentry2.o)
    0x0800026c   0x0800026c   0x00000008   Code   RO         3197    .ARM.Collect$$rtentry$$0000000D  c_w.l(__rtentry2.o)
    0x08000274   0x08000274   0x00000002   Code   RO         4122    .ARM.Collect$$rtexit$$00000000  c_w.l(rtexit.o)
    0x08000276   0x08000276   0x00000000   Code   RO         4252    .ARM.Collect$$rtexit$$00000002  c_w.l(rtexit2.o)
    0x08000276   0x08000276   0x00000004   Code   RO         4253    .ARM.Collect$$rtexit$$00000003  c_w.l(rtexit2.o)
    0x0800027a   0x0800027a   0x00000006   Code   RO         4254    .ARM.Collect$$rtexit$$00000004  c_w.l(rtexit2.o)
    0x08000280   0x08000280   0x00000000   Code   RO         3811    .emb_text           c_w.l(maybetermalloc1.o)
    0x08000280   0x08000280   0x00000040   Code   RO         1569  * .text               startup_stm32f40xx.o
    0x080002c0   0x080002c0   0x000000ee   Code   RO         2388    .text               c_w.l(lludivv7m.o)
    0x080003ae   0x080003ae   0x00000048   Code   RO         2390    .text               c_w.l(llsdiv.o)
    0x080003f6   0x080003f6   0x00000064   Code   RO         2392    .text               c_w.l(rt_memcpy_w.o)
    0x0800045a   0x0800045a   0x00000044   Code   RO         2394    .text               c_w.l(rt_memclr.o)
    0x0800049e   0x0800049e   0x00000006   Code   RO         2396    .text               c_w.l(heapauxi.o)
    0x080004a4   0x080004a4   0x00000024   Code   RO         2403    .text               c_w.l(init_aeabi.o)
    0x080004c8   0x080004c8   0x00000008   Code   RO         2831    .text               c_w.l(rt_new_handler_addr_intlibspace.o)
    0x080004d0   0x080004d0   0x0000005e   Code   RO         2837    .text               c_w.l(h1_alloc.o)
    0x0800052e   0x0800052e   0x0000004e   Code   RO         2839    .text               c_w.l(h1_free.o)
    0x0800057c   0x0800057c   0x00000016   Code   RO         2895    .text               c_w.l(_rserrno.o)
    0x08000592   0x08000592   0x0000004e   Code   RO         2901    .text               c_w.l(rt_memclr_w.o)
    0x080005e0   0x080005e0   0x00000004   Code   RO         3083    .text               cpprt_w.l(arm_newhandler_noexceptions.o)
    0x080005e4   0x080005e4   0x00000008   Code   RO         3185    .text               c_w.l(libspace.o)
    0x080005ec   0x080005ec   0x00000008   Code   RO         3210    .text               c_w.l(rt_heap_descriptor_intlibspace.o)
    0x080005f4   0x080005f4   0x00000008   Code   RO         3215    .text               c_w.l(rt_errno_addr_intlibspace.o)
    0x080005fc   0x080005fc   0x00000004   Code   RO         3217    .text               c_w.l(hguard.o)
    0x08000600   0x08000600   0x0000008a   Code   RO         3219    .text               c_w.l(init_alloc.o)
    0x0800068a   0x0800068a   0x0000000e   Code   RO         3223    .text               c_w.l(h1_init.o)
    0x08000698   0x08000698   0x00000016   Code   RO         3249    .text               c_w.l(abort.o)
    0x080006ae   0x080006ae   0x0000001a   Code   RO         3776    .text               cpprt_w.l(arm_exceptions_terminate.o)
    0x080006c8   0x080006c8   0x00000050   Code   RO         3786    .text               cpprt_w.l(arm_exceptions_globs.o)
    0x08000718   0x08000718   0x0000000c   Code   RO         3798    .text               c_w.l(sys_exit.o)
    0x08000724   0x08000724   0x0000004a   Code   RO         3800    .text               c_w.l(sys_stackheap_outer.o)
    0x0800076e   0x0800076e   0x00000002   PAD
    0x08000770   0x08000770   0x00000008   Code   RO         3807    .text               c_w.l(rt_eh_globals_addr_intlibspace.o)
    0x08000778   0x08000778   0x00000034   Code   RO         3813    .text               c_w.l(h1_extend.o)
    0x080007ac   0x080007ac   0x00000012   Code   RO         3944    .text               c_w.l(exit.o)
    0x080007be   0x080007be   0x0000002e   Code   RO         3949    .text               c_w.l(aeabi_atexit.o)
    0x080007ec   0x080007ec   0x0000000e   Code   RO         3952    .text               c_w.l(defsig_abrt_outer.o)
    0x080007fa   0x080007fa   0x0000000e   Code   RO         3960    .text               c_w.l(defsig_rtmem_outer.o)
    0x08000808   0x08000808   0x0000003c   Code   RO         4092    .text               cpprt_w.l(arm_exceptions_mem.o)
    0x08000844   0x08000844   0x00000002   Code   RO         4119    .text               c_w.l(use_no_semi.o)
    0x08000846   0x08000846   0x00000000   Code   RO         4121    .text               c_w.l(indicate_semi.o)
    0x08000846   0x08000846   0x00000002   PAD
    0x08000848   0x08000848   0x00000008   Code   RO         4134    .text               c_w.l(rt_ddtor_pointer_addr_intlibspace.o)
    0x08000850   0x08000850   0x00000042   Code   RO         4209    .text               c_w.l(cxa_finalize.o)
    0x08000892   0x08000892   0x0000000a   Code   RO         4212    .text               c_w.l(defsig_exit.o)
    0x0800089c   0x0800089c   0x00000030   Code   RO         4214    .text               c_w.l(defsig_abrt_inner.o)
    0x080008cc   0x080008cc   0x00000050   Code   RO         4222    .text               c_w.l(defsig_rtmem_inner.o)
    0x0800091c   0x0800091c   0x00000032   Code   RO         4306    .text               c_w.l(defsig_general.o)
    0x0800094e   0x0800094e   0x0000000e   Code   RO         4338    .text               c_w.l(sys_wrch.o)
    0x0800095c   0x0800095c   0x00000006   Code   RO         1730    i.SPI1_IRQHandler   stm32f407_spi.o
    0x08000962   0x08000962   0x00000006   Code   RO         1731    i.SPI2_IRQHandler   stm32f407_spi.o
    0x08000968   0x08000968   0x00000006   Code   RO         1732    i.SPI3_IRQHandler   stm32f407_spi.o
    0x0800096e   0x0800096e   0x00000002   PAD
    0x08000970   0x08000970   0x0000005c   Code   RO            5    i.SystemInit        system_stm32f4xx.o
    0x080009cc   0x080009cc   0x00000024   Code   RO         1824    i.TIM7_IRQHandler   stm32f407_sysfunc.o
    0x080009f0   0x080009f0   0x00000006   Code   RO         1898    i.UART4_IRQHandler  stm32f407_uart.o
    0x080009f6   0x080009f6   0x00000006   Code   RO         1899    i.UART5_IRQHandler  stm32f407_uart.o
    0x080009fc   0x080009fc   0x00000006   Code   RO         1900    i.USART1_IRQHandler  stm32f407_uart.o
    0x08000a02   0x08000a02   0x00000006   Code   RO         1901    i.USART2_IRQHandler  stm32f407_uart.o
    0x08000a08   0x08000a08   0x00000006   Code   RO         1902    i.USART3_IRQHandler  stm32f407_uart.o
    0x08000a0e   0x08000a0e   0x00000006   Code   RO         1903    i.USART6_IRQHandler  stm32f407_uart.o
    0x08000a14   0x08000a14   0x00000034   Code   RO           70    i._Z10drawStringR7SSD1306Pcjj  main.o
    0x08000a48   0x08000a48   0x000000b8   Code   RO            6    i._Z11SetSysClockv  system_stm32f4xx.o
    0x08000b00   0x08000b00   0x00000016   Code   RO         1825    i._Z11delayMicrosj  stm32f407_sysfunc.o
    0x08000b16   0x08000b16   0x00000002   PAD
    0x08000b18   0x08000b18   0x00000094   Code   RO         1904    i._Z11tryTransmitj  stm32f407_uart.o
    0x08000bac   0x08000bac   0x00000010   Code   RO           71    i._Z12clb_imuCalibv  main.o
    0x08000bbc   0x08000bbc   0x0000000c   Code   RO           72    i._Z12clb_imuSetupv  main.o
    0x08000bc8   0x08000bc8   0x0000044c   Code   RO           73    i._Z12setupScreensv  main.o
    0x08001014   0x08001014   0x00000020   Code   RO         1905    i._Z12writeStrUARTjPc  stm32f407_uart.o
    0x08001034   0x08001034   0x00000018   Code   RO         1906    i._Z13UARTAvailablej  stm32f407_uart.o
    0x0800104c   0x0800104c   0x00000010   Code   RO           74    i._Z13clb_doNothingv  main.o
    0x0800105c   0x0800105c   0x00000004   Code   RO           75    i._Z13symbolToIndexc  main.o
    0x08001060   0x08001060   0x00000016   Code   RO         1736    i._Z14NVIC_EnableIRQ4IRQn  stm32f407_spi.o
    0x08001076   0x08001076   0x00000016   Code   RO         1907    i._Z14NVIC_EnableIRQ4IRQn  stm32f407_uart.o
    0x0800108c   0x0800108c   0x0000000c   Code   RO           76    i._Z15clb_dribblerOffv  main.o
    0x08001098   0x08001098   0x00000010   Code   RO           78    i._Z16clb_dribblerInOnv  main.o
    0x080010a8   0x080010a8   0x00000010   Code   RO           79    i._Z16clb_kickStraightv  main.o
    0x080010b8   0x080010b8   0x0000005c   Code   RO           80    i._Z16clb_screenToGamev  main.o
    0x08001114   0x08001114   0x0000002c   Code   RO           81    i._Z16clb_screenToMainv  main.o
    0x08001140   0x08001140   0x0000000c   Code   RO           82    i._Z17clb_dribblerOutOnv  main.o
    0x0800114c   0x0800114c   0x00000010   Code   RO           85    i._Z17clb_screenToEmptyv  main.o
    0x0800115c   0x0800115c   0x0000000c   Code   RO           86    i._Z18clb_endLightsCalibv  main.o
    0x08001168   0x08001168   0x00000018   Code   RO           87    i._Z18clb_screenToKickerv  main.o
    0x08001180   0x08001180   0x00000040   Code   RO         1737    i._Z19SPIInterruptHandlerj  stm32f407_spi.o
    0x080011c0   0x080011c0   0x00000014   Code   RO           88    i._Z19clb_toBatteryScreenv  main.o
    0x080011d4   0x080011d4   0x0000000c   Code   RO           89    i._Z19clb_turnOnBackLightv  main.o
    0x080011e0   0x080011e0   0x00000098   Code   RO         1910    i._Z20UARTInterruptHandlerj  stm32f407_uart.o
    0x08001278   0x08001278   0x0000000c   Code   RO           90    i._Z20clb_beginLightsCalibv  main.o
    0x08001284   0x08001284   0x00000018   Code   RO           91    i._Z20clb_screenToDribblerv  main.o
    0x0800129c   0x0800129c   0x0000000c   Code   RO           92    i._Z20clb_turnOffBackLightv  main.o
    0x080012a8   0x080012a8   0x00000024   Code   RO           93    i._Z21clb_screenToDebugDatav  main.o
    0x080012cc   0x080012cc   0x00000018   Code   RO           94    i._Z24clb_screenToCalibrationsv  main.o
    0x080012e4   0x080012e4   0x00000018   Code   RO           95    i._Z35clb_screenToLightSensorsCalibrationv  main.o
    0x080012fc   0x080012fc   0x00000016   Code   RO         1826    i._Z5delayj         stm32f407_sysfunc.o
    0x08001312   0x08001312   0x00000002   PAD
    0x08001314   0x08001314   0x00000020   Code   RO         1827    i._Z6microsv        stm32f407_sysfunc.o
    0x08001334   0x08001334   0x0000000c   Code   RO         1828    i._Z6millisv        stm32f407_sysfunc.o
    0x08001340   0x08001340   0x00000018   Code   RO         1028    i._Z6setPinP12GPIO_TypeDeftb  main.o
    0x08001358   0x08001358   0x00000048   Code   RO          877    i._Z6setPintb       main.o
    0x080013a0   0x080013a0   0x0000018c   Code   RO         1576    i._Z7initPinP12GPIO_TypeDefthhh  stm32f407_pin.o
    0x0800152c   0x0800152c   0x00000074   Code   RO          870    i._Z7initPinthhh    main.o
    0x080015a0   0x080015a0   0x000000e0   Code   RO         1829    i._Z7initRCCv       stm32f407_sysfunc.o
    0x08001680   0x08001680   0x00000238   Code   RO         1738    i._Z7initSPIjbhtiiii  stm32f407_spi.o
    0x080018b8   0x080018b8   0x00000012   Code   RO         1034    i._Z7readPinP12GPIO_TypeDeft  main.o
    0x080018ca   0x080018ca   0x00000002   PAD
    0x080018cc   0x080018cc   0x000000d4   Code   RO           96    i._Z8drawCharR7SSD1306cjj  main.o
    0x080019a0   0x080019a0   0x0000038c   Code   RO         1911    i._Z8initUARTjjhfhj  stm32f407_uart.o
    0x08001d2c   0x08001d2c   0x00000030   Code   RO         1912    i._Z8readUARTj      stm32f407_uart.o
    0x08001d5c   0x08001d5c   0x00000070   Code   RO         1830    i._Z8sysStartv      stm32f407_sysfunc.o
    0x08001dcc   0x08001dcc   0x00000038   Code   RO         1739    i._Z8writeSPIjt     stm32f407_spi.o
    0x08001e04   0x08001e04   0x00000010   Code   RO           97    i._Z9clb_kick1v     main.o
    0x08001e14   0x08001e14   0x00000010   Code   RO           98    i._Z9clb_kick2v     main.o
    0x08001e24   0x08001e24   0x00000024   Code   RO         1920    i._Z9writeUARTjc    stm32f407_uart.o
    0x08001e48   0x08001e48   0x00000048   Code   RO           99    i._ZN10BallSensor4initEP6PL_ADCtt  main.o
    0x08001e90   0x08001e90   0x00000012   Code   RO          100    i._ZN10BallSensor6turnOnEv  main.o
    0x08001ea2   0x08001ea2   0x00000030   Code   RO          101    i._ZN10BallSensor6updateEv  main.o
    0x08001ed2   0x08001ed2   0x00000004   Code   RO          103    i._ZN10BallSensor8getValueEv  main.o
    0x08001ed6   0x08001ed6   0x00000006   Code   RO          106    i._ZN11LineSensors13turnOnSensorsEv  main.o
    0x08001edc   0x08001edc   0x00000006   Code   RO          107    i._ZN11LineSensors14turnOffSensorsEv  main.o
    0x08001ee2   0x08001ee2   0x00000006   Code   RO          108    i._ZN11LineSensors18endLineCalibrationEv  main.o
    0x08001ee8   0x08001ee8   0x00000006   Code   RO          109    i._ZN11LineSensors20beginLineCalibrationEv  main.o
    0x08001eee   0x08001eee   0x00000024   Code   RO          110    i._ZN11LineSensors4initEjt  main.o
    0x08001f12   0x08001f12   0x00000034   Code   RO          111    i._ZN11LineSensors6updateEv  main.o
    0x08001f46   0x08001f46   0x00000004   Code   RO          112    i._ZN11LineSensors7getLineEv  main.o
    0x08001f4a   0x08001f4a   0x0000006e   Code   RO          115    i._ZN12KickerModule4initEtttt  main.o
    0x08001fb8   0x08001fb8   0x00000082   Code   RO          116    i._ZN12KickerModule4kickEbb  main.o
    0x0800203a   0x0800203a   0x00000008   Code   RO          117    i._ZN12MotorDrivers11setDribblerEi  main.o
    0x08002042   0x08002042   0x0000001c   Code   RO          118    i._ZN12MotorDrivers12enableMotorsEv  main.o
    0x0800205e   0x0800205e   0x0000001c   Code   RO          119    i._ZN12MotorDrivers13disableMotorsEv  main.o
    0x0800207a   0x0800207a   0x0000001c   Code   RO          120    i._ZN12MotorDrivers14attemptCurrentEv  main.o
    0x08002096   0x08002096   0x00000090   Code   RO          121    i._ZN12MotorDrivers4initEjhjhjhjhjh  main.o
    0x08002126   0x08002126   0x00000002   PAD
    0x08002128   0x08002128   0x0000014c   Code   RO          122    i._ZN12MotorDrivers6updateEv  main.o
    0x08002274   0x08002274   0x0000002a   Code   RO          123    i._ZN12MotorDrivers8setMotorEii  main.o
    0x0800229e   0x0800229e   0x00000038   Code   RO          124    i._ZN12MotorDrivers9setMotorsEiiii  main.o
    0x080022d6   0x080022d6   0x0000001e   Code   RO          125    i._ZN12MotorDrivers9setMotorsEiiiii  main.o
    0x080022f4   0x080022f4   0x00000060   Code   RO          126    i._ZN14BaseFunctional11genATMPointEssa  main.o
    0x08002354   0x08002354   0x00000074   Code   RO          130    i._ZN14BaseFunctional5move2E12VectorToMoved  main.o
    0x080023c8   0x080023c8   0x00000014   Code   RO          136    i._ZN3IMU12setZeroAngleEv  main.o
    0x080023dc   0x080023dc   0x00000006   Code   RO          137    i._ZN3IMU20updateAnglesFromFIFOEv  main.o
    0x080023e2   0x080023e2   0x00000002   PAD
    0x080023e4   0x080023e4   0x00000054   Code   RO          138    i._ZN3IMU4initEjtt  main.o
    0x08002438   0x08002438   0x00000020   Code   RO          139    i._ZN3IMU6turnOnEv  main.o
    0x08002458   0x08002458   0x000000a8   Code   RO          140    i._ZN3IMU6updateEv  main.o
    0x08002500   0x08002500   0x00000090   Code   RO          142    i._ZN3IMU8getAngleEv  main.o
    0x08002590   0x08002590   0x00000006   Code   RO          143    i._ZN3IMU9calibrateEj  main.o
    0x08002596   0x08002596   0x00000008   Code   RO          144    i._ZN5Robot10switch5vOnEv  main.o
    0x0800259e   0x0800259e   0x00000002   PAD
    0x080025a0   0x080025a0   0x0000014c   Code   RO          145    i._ZN5Robot10updateMenuEv  main.o
    0x080026ec   0x080026ec   0x00000008   Code   RO          146    i._ZN5Robot11switch5vOffEv  main.o
    0x080026f4   0x080026f4   0x000000a8   Code   RO          147    i._ZN5Robot12handleErrorsEv  main.o
    0x0800279c   0x0800279c   0x0000003a   Code   RO          148    i._ZN5Robot12setPlayStateEb  main.o
    0x080027d6   0x080027d6   0x00000008   Code   RO          149    i._ZN5Robot12swithPowerOnEv  main.o
    0x080027de   0x080027de   0x00000008   Code   RO          150    i._ZN5Robot13swithPowerOffEv  main.o
    0x080027e6   0x080027e6   0x00000014   Code   RO          151    i._ZN5Robot15changePlayStateEv  main.o
    0x080027fa   0x080027fa   0x00000002   PAD
    0x080027fc   0x080027fc   0x00000270   Code   RO          152    i._ZN5Robot4initEv  main.o
    0x08002a6c   0x08002a6c   0x00000708   Code   RO          153    i._ZN5Robot4moveEddddd  main.o
    0x08003174   0x08003174   0x00000118   Code   RO          154    i._ZN5Robot4waitEj  main.o
    0x0800328c   0x0800328c   0x00000042   Code   RO          155    i._ZN5Robot8initLEDsEv  main.o
    0x080032ce   0x080032ce   0x00000002   PAD
    0x080032d0   0x080032d0   0x00000020   Code   RO          156    i._ZN5Robot9logErrorsEv  main.o
    0x080032f0   0x080032f0   0x00000006   Code   RO          157    i._ZN5Robot9playStateEv  main.o
    0x080032f6   0x080032f6   0x00000020   Code   RO          158    i._ZN6Camera4initEjt  main.o
    0x08003316   0x08003316   0x00000130   Code   RO          159    i._ZN6Camera6updateEv  main.o
    0x08003446   0x08003446   0x00000012   Code   RO          160    i._ZN6CameraC1Ev    main.o
    0x08003458   0x08003458   0x000000a4   Code   RO          162    i._ZN6Driver11setVelocityEi  main.o
    0x080034fc   0x080034fc   0x00000064   Code   RO          163    i._ZN6Driver13updateFromRegEv  main.o
    0x08003560   0x08003560   0x00000010   Code   RO          164    i._ZN6Driver14attemptCurrentEv  main.o
    0x08003570   0x08003570   0x00000024   Code   RO          166    i._ZN6Driver14enableFloatingEv  main.o
    0x08003594   0x08003594   0x00000024   Code   RO          168    i._ZN6Driver15disableFloatingEv  main.o
    0x080035b8   0x080035b8   0x00000006   Code   RO          169    i._ZN6Driver4initEcc  main.o
    0x080035be   0x080035be   0x00000002   PAD
    0x080035c0   0x080035c0   0x00000068   Code   RO          170    i._ZN6Driver5writeEPccc  main.o
    0x08003628   0x08003628   0x00000034   Code   RO          172    i._ZN6DriverC1Ev    main.o
    0x0800365c   0x0800365c   0x0000000a   Code   RO         1613    i._ZN6PL_ADC10waitUpdateEv  stm32f407_adc.o
    0x08003666   0x08003666   0x00000002   PAD
    0x08003668   0x08003668   0x000000c4   Code   RO         1614    i._ZN6PL_ADC3addEa  stm32f407_adc.o
    0x0800372c   0x0800372c   0x0000007c   Code   RO         1615    i._ZN6PL_ADC4initEv  stm32f407_adc.o
    0x080037a8   0x080037a8   0x0000004a   Code   RO         1616    i._ZN6PL_ADC4readEab  stm32f407_adc.o
    0x080037f2   0x080037f2   0x00000016   Code   RO         1618    i._ZN6PL_ADC5startEv  stm32f407_adc.o
    0x08003808   0x08003808   0x00000040   Code   RO         1619    i._ZN6PL_ADCC1EP11ADC_TypeDef  stm32f407_adc.o
    0x08003848   0x08003848   0x00000024   Code   RO         1058    i._ZN6ScreenC1Ev    main.o
    0x0800386c   0x0800386c   0x00000006   Code   RO          173    i._ZN7Battery10getVoltageEv  main.o
    0x08003872   0x08003872   0x00000006   Code   RO          174    i._ZN7Battery13getPercentageEv  main.o
    0x08003878   0x08003878   0x0000000a   Code   RO          175    i._ZN7Battery14getCellVoltageEi  main.o
    0x08003882   0x08003882   0x00000002   PAD
    0x08003884   0x08003884   0x0000009c   Code   RO          176    i._ZN7Battery4initEP6PL_ADCtttt  main.o
    0x08003920   0x08003920   0x0000015c   Code   RO          177    i._ZN7Battery6updateEv  main.o
    0x08003a7c   0x08003a7c   0x0000002e   Code   RO          178    i._ZN7Battery8readCellEi  main.o
    0x08003aaa   0x08003aaa   0x0000000c   Code   RO          179    i._ZN7Buttons10setChangedEib  main.o
    0x08003ab6   0x08003ab6   0x0000000a   Code   RO         1064    i._ZN7Buttons12ButtonStructC1Ev  main.o
    0x08003ac0   0x08003ac0   0x00000034   Code   RO          180    i._ZN7Buttons4initEtttt  main.o
    0x08003af4   0x08003af4   0x00000016   Code   RO          181    i._ZN7Buttons6enableEv  main.o
    0x08003b0a   0x08003b0a   0x00000002   PAD
    0x08003b0c   0x08003b0c   0x00000088   Code   RO          182    i._ZN7Buttons6updateEv  main.o
    0x08003b94   0x08003b94   0x00000016   Code   RO          183    i._ZN7Buttons7disableEv  main.o
    0x08003baa   0x08003baa   0x0000001e   Code   RO          184    i._ZN7Buttons9isChangedEib  main.o
    0x08003bc8   0x08003bc8   0x0000000c   Code   RO          185    i._ZN7Buttons9isPressedEi  main.o
    0x08003bd4   0x08003bd4   0x00000006   Code   RO         1100    i._ZN7CommandC1Ev   main.o
    0x08003bda   0x08003bda   0x00000038   Code   RO         1052    i._ZN7Display11addToScreenE7Command  main.o
    0x08003c12   0x08003c12   0x00000004   Code   RO          186    i._ZN7Display5printEPcii  main.o
    0x08003c16   0x08003c16   0x00000010   Code   RO          187    i._ZN7Display5printEdiii  main.o
    0x08003c26   0x08003c26   0x00000010   Code   RO          189    i._ZN7Display5printEiiii  main.o
    0x08003c36   0x08003c36   0x00000010   Code   RO          190    i._ZN7Display5printEjiii  main.o
    0x08003c46   0x08003c46   0x0000002e   Code   RO         1046    i._ZN7Display6addEscE7Command  main.o
    0x08003c74   0x08003c74   0x00000034   Code   RO         2090    i._ZN7SSD130615ssd1306_commandEh  ssd1306.o
    0x08003ca8   0x08003ca8   0x00000174   Code   RO         2097    i._ZN7SSD13065beginEhb  ssd1306.o
    0x08003e1c   0x08003e1c   0x00000010   Code   RO         2098    i._ZN7SSD13065clearEv  ssd1306.o
    0x08003e2c   0x08003e2c   0x00000010   Code   RO         2099    i._ZN7SSD13066invertEh  ssd1306.o
    0x08003e3c   0x08003e3c   0x00000074   Code   RO         2100    i._ZN7SSD13067displayEPh  ssd1306.o
    0x08003eb0   0x08003eb0   0x00000078   Code   RO         2101    i._ZN7SSD13067displayEv  ssd1306.o
    0x08003f28   0x08003f28   0x00000008   Code   RO         2102    i._ZN7SSD13068switchOnEv  ssd1306.o
    0x08003f30   0x08003f30   0x000000a4   Code   RO         2103    i._ZN7SSD13069drawPixelEsst  ssd1306.o
    0x08003fd4   0x08003fd4   0x00000044   Code   RO         2105    i._ZN7SSD1306C1Ejtttttt  ssd1306.o
    0x08004018   0x08004018   0x0000000c   Code   RO         2106    i._ZN7SSD1306C1Ev   ssd1306.o
    0x08004024   0x08004024   0x0000002e   Code   RO         2264    i._ZN7mpu925012readFIFOsizeEv  mpu9250.o
    0x08004052   0x08004052   0x00000058   Code   RO         2265    i._ZN7mpu925012setAccOffsetEiii  mpu9250.o
    0x080040aa   0x080040aa   0x00000002   PAD
    0x080040ac   0x080040ac   0x00000394   Code   RO         2266    i._ZN7mpu925012updateAnglesEdb  mpu9250.o
    0x08004440   0x08004440   0x00000052   Code   RO         2267    i._ZN7mpu925013setGyroOffsetEiii  mpu9250.o
    0x08004492   0x08004492   0x00000002   PAD
    0x08004494   0x08004494   0x00000048   Code   RO         2268    i._ZN7mpu925020updateAnglesFromFIFOEv  mpu9250.o
    0x080044dc   0x080044dc   0x00000844   Code   RO         2269    i._ZN7mpu925021MadgwickAHRSupdateIMUEd  mpu9250.o
    0x08004d20   0x08004d20   0x00000014   Code   RO         2372    i._ZN7mpu92507convertEth  mpu9250.o
    0x08004d34   0x08004d34   0x00000254   Code   RO         2271    i._ZN7mpu92507initIMUEji  mpu9250.o
    0x08004f88   0x08004f88   0x0000002c   Code   RO         2272    i._ZN7mpu92507invSqrtEf  mpu9250.o
    0x08004fb4   0x08004fb4   0x000000a0   Code   RO         2273    i._ZN7mpu92507readAccEv  mpu9250.o
    0x08005054   0x08005054   0x0000005a   Code   RO         2274    i._ZN7mpu92507readRegEiPii  mpu9250.o
    0x080050ae   0x080050ae   0x000001c4   Code   RO         2275    i._ZN7mpu92508readFIFOEv  mpu9250.o
    0x08005272   0x08005272   0x000000a0   Code   RO         2276    i._ZN7mpu92508readGyroEv  mpu9250.o
    0x08005312   0x08005312   0x00000032   Code   RO         2278    i._ZN7mpu92508writeRegEih  mpu9250.o
    0x08005344   0x08005344   0x0000023c   Code   RO         2279    i._ZN7mpu92509calibrateEi  mpu9250.o
    0x08005580   0x08005580   0x00000004   Code   RO         1040    i._ZSt3absd         main.o
    0x08005584   0x08005584   0x00000008   Code   RO         3751    i._ZdaPv            cpprt_w.l(array_del.o)
    0x0800558c   0x0800558c   0x00000008   Code   RO         2564    i._ZdlPv            cpprt_w.l(delete.o)
    0x08005594   0x08005594   0x00000008   Code   RO         2560    i._Znaj             cpprt_w.l(array_new.o)
    0x0800559c   0x0800559c   0x00000028   Code   RO         2567    i._Znwj             cpprt_w.l(new.o)
    0x080055c4   0x080055c4   0x00000030   Code   RO         3167    i.__ARM_fpclassify  m_wm.l(fpclassify.o)
    0x080055f4   0x080055f4   0x00000024   Code   RO         2680    i.__aeabi_vec_ctor_nocookie_nodtor  cpprt_w.l(aeabi_vec_ctor_nocookie_nodtor.o)
    0x08005618   0x08005618   0x00000010   Code   RO         2571    i.__cxa_guard_acquire  cpprt_w.l(cxa_guard_acquire.o)
    0x08005628   0x08005628   0x00000360   Code   RO         2735    i.__hardfp_asin     m_wm.l(asin.o)
    0x08005988   0x08005988   0x000002d8   Code   RO         3136    i.__hardfp_atan     m_wm.l(atan.o)
    0x08005c60   0x08005c60   0x000001f0   Code   RO         2749    i.__hardfp_atan2    m_wm.l(atan2.o)
    0x08005e50   0x08005e50   0x0000006c   Code   RO         2761    i.__hardfp_ceilf    m_wm.l(ceilf.o)
    0x08005ebc   0x08005ebc   0x00000004   PAD
    0x08005ec0   0x08005ec0   0x000000c8   Code   RO         2767    i.__hardfp_cos      m_wm.l(cos.o)
    0x08005f88   0x08005f88   0x00000014   Code   RO         2779    i.__hardfp_fabs     m_wm.l(fabs.o)
    0x08005f9c   0x08005f9c   0x00000004   PAD
    0x08005fa0   0x08005fa0   0x00000c50   Code   RO         2785    i.__hardfp_pow      m_wm.l(pow.o)
    0x08006bf0   0x08006bf0   0x000000c8   Code   RO         2799    i.__hardfp_sin      m_wm.l(sin.o)
    0x08006cb8   0x08006cb8   0x0000007a   Code   RO         2811    i.__hardfp_sqrt     m_wm.l(sqrt.o)
    0x08006d32   0x08006d32   0x00000006   PAD
    0x08006d38   0x08006d38   0x00000438   Code   RO         3172    i.__ieee754_rem_pio2  m_wm.l(rred.o)
    0x08007170   0x08007170   0x00000170   Code   RO         3150    i.__kernel_cos      m_wm.l(cos_i.o)
    0x080072e0   0x080072e0   0x000000f8   Code   RO         3169    i.__kernel_poly     m_wm.l(poly.o)
    0x080073d8   0x080073d8   0x00000130   Code   RO         3177    i.__kernel_sin      m_wm.l(sin_i.o)
    0x08007508   0x08007508   0x00000030   Code   RO         3153    i.__mathlib_dbl_divzero  m_wm.l(dunder.o)
    0x08007538   0x08007538   0x00000014   Code   RO         3154    i.__mathlib_dbl_infnan  m_wm.l(dunder.o)
    0x0800754c   0x0800754c   0x00000014   Code   RO         3155    i.__mathlib_dbl_infnan2  m_wm.l(dunder.o)
    0x08007560   0x08007560   0x00000020   Code   RO         3156    i.__mathlib_dbl_invalid  m_wm.l(dunder.o)
    0x08007580   0x08007580   0x00000020   Code   RO         3157    i.__mathlib_dbl_overflow  m_wm.l(dunder.o)
    0x080075a0   0x080075a0   0x00000020   Code   RO         3159    i.__mathlib_dbl_underflow  m_wm.l(dunder.o)
    0x080075c0   0x080075c0   0x00000010   Code   RO         3544    i.__sti___10_locale_cpp_ff99fc7b  cpp_ws.l(locale.o)
    0x080075d0   0x080075d0   0x00000038   Code   RO         3990    i.__sti___10_rwcats_cpp_64e8068e  cpp_ws.l(rwcats.o)
    0x08007608   0x08007608   0x00000010   Code   RO         3277    i.__sti___8_char_cpp_a3dc957a  cpp_ws.l(char.o)
    0x08007618   0x08007618   0x00000074   Code   RO          193    i.__sti___8_main_cpp_1b880dcc  main.o
    0x0800768c   0x0800768c   0x00000010   Code   RO         3138    i.atan              m_wm.l(atan.o)
    0x0800769c   0x0800769c   0x00000018   Code   RO         2781    i.fabs              m_wm.l(fabs.o)
    0x080076b4   0x080076b4   0x000004ec   Code   RO          194    i.main              main.o
    0x08007ba0   0x08007ba0   0x0000006e   Code   RO         2813    i.sqrt              m_wm.l(sqrt.o)
    0x08007c0e   0x08007c0e   0x00000002   PAD
    0x08007c10   0x08007c10   0x00000060   Code   RO         1003    t._Z3sgnIdET_S0_    main.o
    0x08007c70   0x08007c70   0x00000034   Code   RO          891    t._Z4crc8IcET_PS0_i  main.o
    0x08007ca4   0x08007ca4   0x00000034   Code   RO          884    t._Z4crc8IhET_PS0_i  main.o
    0x08007cd8   0x08007cd8   0x00000030   Code   RO          898    t._Z4crc8IiET_PS0_i  main.o
    0x08007d08   0x08007d08   0x0000003c   Code   RO          996    t._Z4min2IdET_S0_S0_  main.o
    0x08007d44   0x08007d44   0x00000008   Code   RO          905    t._Z4min2IiET_S0_S0_  main.o
    0x08007d4c   0x08007d4c   0x00000224   Code   RO          968    t._Z7toPrintIdEPcT_s  main.o
    0x08007f70   0x08007f70   0x00000116   Code   RO          912    t._Z7toPrintIiEPcT_s  main.o
    0x08008086   0x08008086   0x00000108   Code   RO          926    t._Z7toPrintIjEPcT_s  main.o
    0x0800818e   0x0800818e   0x00000028   Code   RO          975    t._Z8printTmlIdEvR7SSD1306T_iii  main.o
    0x080081b6   0x080081b6   0x0000002a   Code   RO          919    t._Z8printTmlIiEvR7SSD1306T_iii  main.o
    0x080081e0   0x080081e0   0x0000002a   Code   RO          933    t._Z8printTmlIjEvR7SSD1306T_iii  main.o
    0x0800820a   0x0800820a   0x0000000e   Code   RO         4006    t._ZN4__rw18__rw_locale_vectorIPNS_8__rw_catEED1Ev  cpp_ws.l(rwcats.o)
    0x08008218   0x08008218   0x00000018   Code   RO         2683    x$fpl$basic         fz_wm.l(basic.o)
    0x08008230   0x08008230   0x00000062   Code   RO         2685    x$fpl$d2f           fz_wm.l(d2f.o)
    0x08008292   0x08008292   0x00000002   PAD
    0x08008294   0x08008294   0x00000150   Code   RO         2687    x$fpl$dadd          fz_wm.l(daddsub_clz.o)
    0x080083e4   0x080083e4   0x00000010   Code   RO         3792    x$fpl$dcheck1       fz_wm.l(dcheck1.o)
    0x080083f4   0x080083f4   0x00000018   Code   RO         3121    x$fpl$dcmpinf       fz_wm.l(dcmpi.o)
    0x0800840c   0x0800840c   0x000002b0   Code   RO         2694    x$fpl$ddiv          fz_wm.l(ddiv.o)
    0x080086bc   0x080086bc   0x00000078   Code   RO         2697    x$fpl$deqf          fz_wm.l(deqf.o)
    0x08008734   0x08008734   0x0000005e   Code   RO         2699    x$fpl$dfix          fz_wm.l(dfix.o)
    0x08008792   0x08008792   0x00000002   PAD
    0x08008794   0x08008794   0x0000005a   Code   RO         2707    x$fpl$dfixu         fz_wm.l(dfixu.o)
    0x080087ee   0x080087ee   0x0000002e   Code   RO         2712    x$fpl$dflt          fz_wm.l(dflt_clz.o)
    0x0800881c   0x0800881c   0x000000a2   Code   RO         2717    x$fpl$dfltll        fz_wm.l(dfltll_clz.o)
    0x080088be   0x080088be   0x00000026   Code   RO         2711    x$fpl$dfltu         fz_wm.l(dflt_clz.o)
    0x080088e4   0x080088e4   0x00000078   Code   RO         2721    x$fpl$dleqf         fz_wm.l(dleqf.o)
    0x0800895c   0x0800895c   0x00000154   Code   RO         2723    x$fpl$dmul          fz_wm.l(dmul.o)
    0x08008ab0   0x08008ab0   0x0000009c   Code   RO         3123    x$fpl$dnaninf       fz_wm.l(dnaninf.o)
    0x08008b4c   0x08008b4c   0x0000000c   Code   RO         3125    x$fpl$dretinf       fz_wm.l(dretinf.o)
    0x08008b58   0x08008b58   0x0000006c   Code   RO         2725    x$fpl$drleqf        fz_wm.l(drleqf.o)
    0x08008bc4   0x08008bc4   0x00000016   Code   RO         2688    x$fpl$drsb          fz_wm.l(daddsub_clz.o)
    0x08008bda   0x08008bda   0x00000002   PAD
    0x08008bdc   0x08008bdc   0x00000198   Code   RO         3127    x$fpl$dsqrt         fz_wm.l(dsqrt_umaal.o)
    0x08008d74   0x08008d74   0x000001d4   Code   RO         2689    x$fpl$dsub          fz_wm.l(daddsub_clz.o)
    0x08008f48   0x08008f48   0x00000056   Code   RO         2727    x$fpl$f2d           fz_wm.l(f2d.o)
    0x08008f9e   0x08008f9e   0x0000008c   Code   RO         3129    x$fpl$fnaninf       fz_wm.l(fnaninf.o)
    0x0800902a   0x0800902a   0x0000000a   Code   RO         3794    x$fpl$fpinit        fz_wm.l(fpinit.o)
    0x08009034   0x08009034   0x0000000a   Code   RO         3131    x$fpl$fretinf       fz_wm.l(fretinf.o)
    0x0800903e   0x0800903e   0x00000002   PAD
    0x08009040   0x08009040   0x000000c2   Code   RO         2703    x$fpl$llsfromd      fz_wm.l(dfixll.o)
    0x08009102   0x08009102   0x00000064   Code   RO         4110    x$fpl$retnan        fz_wm.l(retnan.o)
    0x08009166   0x08009166   0x0000005c   Code   RO         3133    x$fpl$scalbn        fz_wm.l(scalbn.o)
    0x080091c2   0x080091c2   0x00000030   Code   RO         4249    x$fpl$trapveneer    fz_wm.l(trapv.o)
    0x080091f2   0x080091f2   0x00000000   Code   RO         3135    x$fpl$usenofp       fz_wm.l(usenofp.o)
    0x080091f2   0x080091f2   0x00000002   PAD
    0x080091f4   0x080091f4   0x00000790   Data   RO          321    .constdata          main.o
    0x08009984   0x08009984   0x00000010   Data   RO         1627    .constdata          stm32f407_adc.o
    0x08009994   0x08009994   0x00000004   PAD
    0x08009998   0x08009998   0x00000050   Data   RO         2738    .constdata          m_wm.l(asin.o)
    0x080099e8   0x080099e8   0x00000088   Data   RO         2788    .constdata          m_wm.l(pow.o)
    0x08009a70   0x08009a70   0x00000098   Data   RO         3139    .constdata          m_wm.l(atan.o)
    0x08009b08   0x08009b08   0x00000030   Data   RO         3151    .constdata          m_wm.l(cos_i.o)
    0x08009b38   0x08009b38   0x00000008   Data   RO         3171    .constdata          m_wm.l(qnan.o)
    0x08009b40   0x08009b40   0x000000c8   Data   RO         3174    .constdata          m_wm.l(rred.o)
    0x08009c08   0x08009c08   0x00000028   Data   RO         3178    .constdata          m_wm.l(sin_i.o)
    0x08009c30   0x08009c30   0x00000010   Data   RO         2222    .constdata__ZTV7SSD1306  ssd1306.o
    0x08009c40   0x08009c40   0x00000002   Data   RO          869    .constdata__ZZN7Display6updateEvEs  main.o
    0x08009c42   0x08009c42   0x00000002   PAD
    0x08009c44   0x08009c44   0x00000020   Data   RO         4406    Region$$Table       anon$$obj.o
    0x08009c64   0x08009c64   0x00000004   Data   RO          326    .init_array         main.o
    0x08009c68   0x08009c64   0x00000000   Data   RO         2401    .init_array         c_w.l(init_aeabi.o)
    0x08009c68   0x08009c64   0x00000004   Data   RO         3299    .init_array         cpp_ws.l(char.o)
    0x08009c6c   0x08009c64   0x00000004   Data   RO         3592    .init_array         cpp_ws.l(locale.o)
    0x08009c70   0x08009c64   0x00000004   Data   RO         4000    .init_array         cpp_ws.l(rwcats.o)


    Execution Region ER_RW (Exec base: 0x20000000, Load base: 0x08009c74, Size: 0x00007920, Max: 0xffffffff, ABSOLUTE, COMPRESSED[0x00001690])

    Exec Addr    Load Addr    Size         Type   Attr      Idx    E Section Name        Object

    0x20000000   COMPRESSED   0x000074c8   Data   RW          322    .data               main.o
    0x200074c8   COMPRESSED   0x00000006   Data   RW         1750    .data               stm32f407_spi.o
    0x200074ce   COMPRESSED   0x00000002   PAD
    0x200074d0   COMPRESSED   0x00000004   Data   RW         1838    .data               stm32f407_sysfunc.o
    0x200074d4   COMPRESSED   0x00000020   Data   RW         1945    .data               stm32f407_uart.o
    0x200074f4   COMPRESSED   0x00000400   Data   RW         2127    .data               ssd1306.o
    0x200078f4   COMPRESSED   0x00000008   Data   RW         3298    .data               cpp_ws.l(char.o)
    0x200078fc   COMPRESSED   0x0000001c   Data   RW         3591    .data               cpp_ws.l(locale.o)
    0x20007918   COMPRESSED   0x00000008   Data   RW         3999    .data               cpp_ws.l(rwcats.o)


    Execution Region ER_ZI (Exec base: 0x20007920, Load base: 0x0800b304, Size: 0x000016f8, Max: 0xffffffff, ABSOLUTE)

    Exec Addr    Load Addr    Size         Type   Attr      Idx    E Section Name        Object

    0x20007920        -       0x00000898   Zero   RW          320    .bss                main.o
    0x200081b8        -       0x00000200   Zero   RW         1944    .bss                stm32f407_uart.o
    0x200083b8        -       0x00000060   Zero   RW         3186    .bss                c_w.l(libspace.o)
    0x20008418        -       0x00000400   Zero   RW         1567    HEAP                startup_stm32f40xx.o
    0x20008818        -       0x00000800   Zero   RW         1566    STACK               startup_stm32f40xx.o


==============================================================================

Image component sizes


      Code (inc. data)   RO Data    RW Data    ZI Data      Debug   Object Name

     12208       1320       1942      29896       2200     353716   main.o
      5464        232          0          0          0      14120   mpu9250.o
       944         26         16       1024          0      11336   ssd1306.o
        64         26        392          0       3072        824   startup_stm32f40xx.o
       490         48         16          0          0       6254   stm32f407_adc.o
       396         40          0          0          0       1510   stm32f407_pin.o
         0          0          0          0          0        398   stm32f407_pwm.o
       728         52          0          6          0      31757   stm32f407_spi.o
       460         44          0          4          0      30712   stm32f407_sysfunc.o
      1406        172          0         32        512      10728   stm32f407_uart.o
       276         34          0          0          0     242557   system_stm32f4xx.o

    ----------------------------------------------------------------------
     22466       1994       2404      30964       5784     703912   Object Totals
         0          0         32          0          0          0   (incl. Generated)
        30          0          6          2          0          0   (incl. Padding)

    ----------------------------------------------------------------------

      Code (inc. data)   RO Data    RW Data    ZI Data      Debug   Library Member Name

       100          0          0          0          0          0   __dclz77c.o
         8          0          0          0          0         68   __main.o
         0          0          0          0          0          0   __rtentry.o
        12          0          0          0          0          0   __rtentry2.o
         6          0          0          0          0          0   __rtentry4.o
        52          8          0          0          0          0   __scatter.o
        28          0          0          0          0          0   __scatter_zi.o
        22          0          0          0          0        100   _rserrno.o
        22          0          0          0          0         80   abort.o
        46          0          0          0          0         84   aeabi_atexit.o
        66          0          0          0          0         84   cxa_finalize.o
        48         34          0          0          0         76   defsig_abrt_inner.o
        14          0          0          0          0         80   defsig_abrt_outer.o
        10          0          0          0          0         68   defsig_exit.o
        50          0          0          0          0         88   defsig_general.o
        80         58          0          0          0         76   defsig_rtmem_inner.o
        14          0          0          0          0         80   defsig_rtmem_outer.o
        18          0          0          0          0         80   exit.o
        94          0          0          0          0         80   h1_alloc.o
        52          0          0          0          0         68   h1_extend.o
        78          0          0          0          0         80   h1_free.o
        14          0          0          0          0         84   h1_init.o
         6          0          0          0          0        152   heapauxi.o
         4          0          0          0          0        136   hguard.o
         0          0          0          0          0          0   indicate_semi.o
        36         10          0          0          0         80   init_aeabi.o
       138          0          0          0          0        168   init_alloc.o
         2          0          0          0          0          0   libinit.o
        18          0          0          0          0          0   libinit2.o
         2          0          0          0          0          0   libshutdown.o
         8          0          0          0          0          0   libshutdown2.o
         8          4          0          0         96         68   libspace.o
        72          0          0          0          0         76   llsdiv.o
       238          0          0          0          0        100   lludivv7m.o
         0          0          0          0          0          0   maybetermalloc1.o
         8          4          0          0          0         68   rt_ddtor_pointer_addr_intlibspace.o
         8          4          0          0          0         68   rt_eh_globals_addr_intlibspace.o
         8          4          0          0          0         68   rt_errno_addr_intlibspace.o
         8          4          0          0          0         68   rt_heap_descriptor_intlibspace.o
        68          0          0          0          0         68   rt_memclr.o
        78          0          0          0          0         80   rt_memclr_w.o
       100          0          0          0          0         80   rt_memcpy_w.o
         8          4          0          0          0         68   rt_new_handler_addr_intlibspace.o
         2          0          0          0          0          0   rtexit.o
        10          0          0          0          0          0   rtexit2.o
        12          4          0          0          0         68   sys_exit.o
        74          0          0          0          0         80   sys_stackheap_outer.o
        14          0          0          0          0         76   sys_wrch.o
         2          0          0          0          0         68   use_no_semi.o
        16          4          4          8          0         68   char.o
        16          4          4         28          0         68   locale.o
        70         14          4          8          0        164   rwcats.o
        36          0          0          0          0         84   aeabi_vec_ctor_nocookie_nodtor.o
        80         12          0          0          0        104   arm_exceptions_globs.o
        60          0          0          0          0        108   arm_exceptions_mem.o
        26          0          0          0          0         76   arm_exceptions_terminate.o
         4          0          0          0          0         68   arm_newhandler_noexceptions.o
         8          0          0          0          0         76   array_del.o
         8          0          0          0          0         76   array_new.o
        16          0          0          0          0         68   cxa_guard_acquire.o
         8          0          0          0          0         76   delete.o
        40          6          0          0          0         76   new.o
        24          0          0          0          0        164   basic.o
        98          4          0          0          0        140   d2f.o
       826         16          0          0          0        492   daddsub_clz.o
        16          4          0          0          0        116   dcheck1.o
        24          0          0          0          0        116   dcmpi.o
       688        140          0          0          0        256   ddiv.o
       120          4          0          0          0        140   deqf.o
        94          4          0          0          0        140   dfix.o
       194          4          0          0          0        164   dfixll.o
        90          4          0          0          0        140   dfixu.o
        84          0          0          0          0        232   dflt_clz.o
       162          0          0          0          0        132   dfltll_clz.o
       120          4          0          0          0        140   dleqf.o
       340         12          0          0          0        152   dmul.o
       156          4          0          0          0        140   dnaninf.o
        12          0          0          0          0        116   dretinf.o
       108          0          0          0          0        128   drleqf.o
       408         56          0          0          0        168   dsqrt_umaal.o
        86          4          0          0          0        132   f2d.o
       140          4          0          0          0        132   fnaninf.o
        10          0          0          0          0        116   fpinit.o
        10          0          0          0          0        116   fretinf.o
       100          0          0          0          0        116   retnan.o
        92          0          0          0          0        116   scalbn.o
        48          0          0          0          0        116   trapv.o
         0          0          0          0          0          0   usenofp.o
       864         94         80          0          0        280   asin.o
       744        106        152          0          0        352   atan.o
       496         64          0          0          0        192   atan2.o
       108         10          0          0          0        116   ceilf.o
       200         20          0          0          0        164   cos.o
       368         46         48          0          0        200   cos_i.o
       184         44          0          0          0        744   dunder.o
        44          0          0          0          0        248   fabs.o
        48          0          0          0          0        124   fpclassify.o
       248          0          0          0          0        152   poly.o
      3152        296        136          0          0        352   pow.o
         0          0          8          0          0          0   qnan.o
      1080        142        200          0          0        188   rred.o
       200         20          0          0          0        164   sin.o
       304         24         40          0          0        208   sin_i.o
       232          0          0          0          0        296   sqrt.o

    ----------------------------------------------------------------------
     14506       1312        676         44         96      11728   Library Totals
        30          4          0          0          0          0   (incl. Padding)

    ----------------------------------------------------------------------

      Code (inc. data)   RO Data    RW Data    ZI Data      Debug   Library Name

      1766        138          0          0         96       2916   c_w.l
       102         22         12         44          0        300   cpp_ws.l
       286         18          0          0          0        812   cpprt_w.l
      4050        264          0          0          0       3920   fz_wm.l
      8272        866        664          0          0       3780   m_wm.l

    ----------------------------------------------------------------------
     14506       1312        676         44         96      11728   Library Totals

    ----------------------------------------------------------------------

==============================================================================


      Code (inc. data)   RO Data    RW Data    ZI Data      Debug   

     36972       3306       3080      31008       5880     690548   Grand Totals
     36972       3306       3080       5776       5880     690548   ELF Image Totals (compressed)
     36972       3306       3080       5776          0          0   ROM Totals

==============================================================================

    Total RO  Size (Code + RO Data)                40052 (  39.11kB)
    Total RW  Size (RW Data + ZI Data)             36888 (  36.02kB)
    Total ROM Size (Code + RO Data + RW Data)      45828 (  44.75kB)

==============================================================================

