Component: ARM Compiler 5.06 update 7 (build 960) Tool: armlink [4d3601]

==============================================================================

Section Cross References

    system_stm32f4xx.o(i.SystemCoreClockUpdate) refers to system_stm32f4xx.o(.data) for .data
    system_stm32f4xx.o(i.SystemInit) refers to system_stm32f4xx.o(i._Z11SetSysClockv) for SetSysClock()
    system_stm32f4xx.o(.ARM.exidx) refers to system_stm32f4xx.o(i._Z11SetSysClockv) for i._Z11SetSysClockv
    system_stm32f4xx.o(.ARM.exidx) refers to system_stm32f4xx.o(i.SystemInit) for i.SystemInit
    system_stm32f4xx.o(.ARM.exidx) refers to system_stm32f4xx.o(i.SystemCoreClockUpdate) for i.SystemCoreClockUpdate
    main.o(i._Z10drawStringR7SSD1306Pcjj) refers to main.o(i._Z8drawCharR7SSD1306cjj) for drawChar(SSD1306&, char, unsigned, unsigned)
    main.o(i._Z12clb_imuCalibv) refers to main.o(i._ZN3IMU9calibrateEj) for IMU::calibrate(unsigned)
    main.o(i._Z12clb_imuCalibv) refers to main.o(.bss) for .bss
    main.o(i._Z12clb_imuSetupv) refers to main.o(i._ZN3IMU12setZeroAngleEv) for IMU::setZeroAngle()
    main.o(i._Z12clb_imuSetupv) refers to main.o(.bss) for .bss
    main.o(i._Z12setupScreensv) refers to new.o(i._Znwj) for operator new(unsigned)
    main.o(i._Z12setupScreensv) refers to main.o(i._ZN7Display6addEscE7Command) for Display::addEsc(Command)
    main.o(i._Z12setupScreensv) refers to main.o(i._ZN7Display11addToScreenE7Command) for Display::addToScreen(Command)
    main.o(i._Z12setupScreensv) refers to main.o(.bss) for .bss
    main.o(i._Z12setupScreensv) refers to main.o(i._Z16clb_screenToMainv) for clb_screenToMain()
    main.o(i._Z12setupScreensv) refers to main.o(i._Z16clb_screenToGamev) for clb_screenToGame()
    main.o(i._Z12setupScreensv) refers to main.o(i._Z24clb_screenToCalibrationsv) for clb_screenToCalibrations()
    main.o(i._Z12setupScreensv) refers to main.o(i._Z21clb_screenToDebugDatav) for clb_screenToDebugData()
    main.o(i._Z12setupScreensv) refers to main.o(i._Z20clb_screenToDribblerv) for clb_screenToDribbler()
    main.o(i._Z12setupScreensv) refers to main.o(i._Z18clb_screenToKickerv) for clb_screenToKicker()
    main.o(i._Z12setupScreensv) refers to main.o(i._Z19clb_toBatteryScreenv) for clb_toBatteryScreen()
    main.o(i._Z12setupScreensv) refers to main.o(i._Z13clb_doNothingv) for clb_doNothing()
    main.o(i._Z12setupScreensv) refers to main.o(i._Z12clb_imuSetupv) for clb_imuSetup()
    main.o(i._Z12setupScreensv) refers to main.o(i._Z12clb_imuCalibv) for clb_imuCalib()
    main.o(i._Z12setupScreensv) refers to main.o(i._Z35clb_screenToLightSensorsCalibrationv) for clb_screenToLightSensorsCalibration()
    main.o(i._Z12setupScreensv) refers to main.o(i._Z19clb_turnOnBackLightv) for clb_turnOnBackLight()
    main.o(i._Z12setupScreensv) refers to main.o(i._Z20clb_turnOffBackLightv) for clb_turnOffBackLight()
    main.o(i._Z12setupScreensv) refers to main.o(i._Z20clb_beginLightsCalibv) for clb_beginLightsCalib()
    main.o(i._Z12setupScreensv) refers to main.o(i._Z18clb_endLightsCalibv) for clb_endLightsCalib()
    main.o(i._Z12setupScreensv) refers to main.o(i._Z16clb_dribblerInOnv) for clb_dribblerInOn()
    main.o(i._Z12setupScreensv) refers to main.o(i._Z17clb_dribblerOutOnv) for clb_dribblerOutOn()
    main.o(i._Z12setupScreensv) refers to main.o(i._Z15clb_dribblerOffv) for clb_dribblerOff()
    main.o(i._Z12setupScreensv) refers to main.o(i._Z16clb_kickStraightv) for clb_kickStraight()
    main.o(i._Z12setupScreensv) refers to main.o(i._Z9clb_kick2v) for clb_kick2()
    main.o(i._Z12setupScreensv) refers to main.o(i._Z9clb_kick1v) for clb_kick1()
    main.o(i._Z13clb_doNothingv) refers to main.o(.data) for .data
    main.o(i._Z15clb_dribblerOffv) refers to main.o(i._ZN12MotorDrivers11setDribblerEi) for MotorDrivers::setDribbler(int)
    main.o(i._Z15clb_dribblerOffv) refers to main.o(.bss) for .bss
    main.o(i._Z16clb_dribblerInOnv) refers to main.o(i._ZN12MotorDrivers11setDribblerEi) for MotorDrivers::setDribbler(int)
    main.o(i._Z16clb_dribblerInOnv) refers to main.o(.bss) for .bss
    main.o(i._Z16clb_kickStraightv) refers to main.o(i._ZN12KickerModule4kickEbb) for KickerModule::kick(bool, bool)
    main.o(i._Z16clb_kickStraightv) refers to main.o(.bss) for .bss
    main.o(i._Z16clb_screenToGamev) refers to main.o(i._ZN12MotorDrivers12enableMotorsEv) for MotorDrivers::enableMotors()
    main.o(i._Z16clb_screenToGamev) refers to main.o(i._ZN5Robot10switch5vOnEv) for Robot::switch5vOn()
    main.o(i._Z16clb_screenToGamev) refers to main.o(i._ZN11LineSensors13turnOnSensorsEv) for LineSensors::turnOnSensors()
    main.o(i._Z16clb_screenToGamev) refers to main.o(i._ZN7Buttons10setChangedEib) for Buttons::setChanged(int, bool)
    main.o(i._Z16clb_screenToGamev) refers to main.o(i._ZN3IMU12setZeroAngleEv) for IMU::setZeroAngle()
    main.o(i._Z16clb_screenToGamev) refers to main.o(.data) for .data
    main.o(i._Z16clb_screenToGamev) refers to main.o(.bss) for .bss
[...]
    EXTI1_IRQHandler                         0x08000297   Thumb Code     0  startup_stm32f40xx.o(.text)
    EXTI2_IRQHandler                         0x08000297   Thumb Code     0  startup_stm32f40xx.o(.text)
    EXTI3_IRQHandler                         0x08000297   Thumb Code     0  startup_stm32f40xx.o(.text)
    EXTI4_IRQHandler                         0x08000297   Thumb Code     0  startup_stm32f40xx.o(.text)
    EXTI9_5_IRQHandler                       0x08000297   Thumb Code     0  startup_stm32f40xx.o(.text)
    FLASH_IRQHandler                         0x08000297   Thumb Code     0  startup_stm32f40xx.o(.text)
    FPU_IRQHandler                           0x08000297   Thumb Code     0  startup_stm32f40xx.o(.text)
    FSMC_IRQHandler                          0x08000297   Thumb Code     0  startup_stm32f40xx.o(.text)
    HASH_RNG_IRQHandler                      0x08000297   Thumb Code     0  startup_stm32f40xx.o(.text)
    I2C1_ER_IRQHandler                       0x08000297   Thumb Code     0  startup_stm32f40xx.o(.text)
    I2C1_EV_IRQHandler                       0x08000297   Thumb Code     0  startup_stm32f40xx.o(.text)
    I2C2_ER_IRQHandler                       0x08000297   Thumb Code     0  startup_stm32f40xx.o(.text)
    I2C2_EV_IRQHandler                       0x08000297   Thumb Code     0  startup_stm32f40xx.o(.text)
    I2C3_ER_IRQHandler                       0x08000297   Thumb Code     0  startup_stm32f40xx.o(.text)
    I2C3_EV_IRQHandler                       0x08000297   Thumb Code     0  startup_stm32f40xx.o(.text)
    OTG_FS_IRQHandler                        0x08000297   Thumb Code     0  startup_stm32f40xx.o(.text)
    OTG_FS_WKUP_IRQHandler                   0x08000297   Thumb Code     0  startup_stm32f40xx.o(.text)
    OTG_HS_EP1_IN_IRQHandler                 0x08000297   Thumb Code     0  startup_stm32f40xx.o(.text)
    OTG_HS_EP1_OUT_IRQHandler                0x08000297   Thumb Code     0  startup_stm32f40xx.o(.text)
    OTG_HS_IRQHandler                        0x08000297   Thumb Code     0  startup_stm32f40xx.o(.text)
    OTG_HS_WKUP_IRQHandler                   0x08000297   Thumb Code     0  startup_stm32f40xx.o(.text)
    PVD_IRQHandler                           0x08000297   Thumb Code     0  startup_stm32f40xx.o(.text)
    RCC_IRQHandler                           0x08000297   Thumb Code     0  startup_stm32f40xx.o(.text)
    RTC_Alarm_IRQHandler                     0x08000297   Thumb Code     0  startup_stm32f40xx.o(.text)
    RTC_WKUP_IRQHandler                      0x08000297   Thumb Code     0  startup_stm32f40xx.o(.text)
    SDIO_IRQHandler                          0x08000297   Thumb Code     0  startup_stm32f40xx.o(.text)
    TAMP_STAMP_IRQHandler                    0x08000297   Thumb Code     0  startup_stm32f40xx.o(.text)
    TIM1_BRK_TIM9_IRQHandler                 0x08000297   Thumb Code     0  startup_stm32f40xx.o(.text)
    TIM1_CC_IRQHandler                       0x08000297   Thumb Code     0  startup_stm32f40xx.o(.text)
    TIM1_TRG_COM_TIM11_IRQHandler            0x08000297   Thumb Code     0  startup_stm32f40xx.o(.text)
    TIM1_UP_TIM10_IRQHandler                 0x08000297   Thumb Code     0  startup_stm32f40xx.o(.text)
    TIM2_IRQHandler                          0x08000297   Thumb Code     0  startup_stm32f40xx.o(.text)
    TIM3_IRQHandler                          0x08000297   Thumb Code     0  startup_stm32f40xx.o(.text)
    TIM4_IRQHandler                          0x08000297   Thumb Code     0  startup_stm32f40xx.o(.text)
    TIM5_IRQHandler                          0x08000297   Thumb Code     0  startup_stm32f40xx.o(.text)
    TIM6_DAC_IRQHandler                      0x08000297   Thumb Code     0  startup_stm32f40xx.o(.text)
    TIM8_BRK_TIM12_IRQHandler                0x08000297   Thumb Code     0  startup_stm32f40xx.o(.text)
    TIM8_CC_IRQHandler                       0x08000297   Thumb Code     0  startup_stm32f40xx.o(.text)
    TIM8_TRG_COM_TIM14_IRQHandler            0x08000297   Thumb Code     0  startup_stm32f40xx.o(.text)
    TIM8_UP_TIM13_IRQHandler                 0x08000297   Thumb Code     0  startup_stm32f40xx.o(.text)
    WWDG_IRQHandler                          0x08000297   Thumb Code     0  startup_stm32f40xx.o(.text)
    __user_initial_stackheap                 0x08000299   Thumb Code     0  startup_stm32f40xx.o(.text)
    __aeabi_uldivmod                         0x080002bd   Thumb Code     0  lludivv7m.o(.text)
    _ll_udiv                                 0x080002bd   Thumb Code   238  lludivv7m.o(.text)
    __aeabi_ldivmod                          0x080003ab   Thumb Code     0  llsdiv.o(.text)
    _ll_sdiv                                 0x080003ab   Thumb Code    72  llsdiv.o(.text)
    __aeabi_memcpy4                          0x080003f3   Thumb Code     0  rt_memcpy_w.o(.text)
    __aeabi_memcpy8                          0x080003f3   Thumb Code     0  rt_memcpy_w.o(.text)
    __rt_memcpy_w                            0x080003f3   Thumb Code   100  rt_memcpy_w.o(.text)
    _memcpy_lastbytes_aligned                0x0800043b   Thumb Code     0  rt_memcpy_w.o(.text)
    __aeabi_memclr                           0x08000457   Thumb Code     0  rt_memclr.o(.text)
    __rt_memclr                              0x08000457   Thumb Code    68  rt_memclr.o(.text)
    _memset                                  0x0800045b   Thumb Code     0  rt_memclr.o(.text)
    __use_two_region_memory                  0x0800049b   Thumb Code     2  heapauxi.o(.text)
    __rt_heap_escrow                         0x0800049d   Thumb Code     2  heapauxi.o(.text)
    __rt_heap_expand                         0x0800049f   Thumb Code     2  heapauxi.o(.text)
    __cpp_initialize__aeabi_                 0x080004a1   Thumb Code    26  init_aeabi.o(.text)
    __rt_new_handler_addr                    0x080004c5   Thumb Code     8  rt_new_handler_addr_intlibspace.o(.text)
    malloc                                   0x080004cd   Thumb Code    94  h1_alloc.o(.text)
    free                                     0x0800052b   Thumb Code    78  h1_free.o(.text)
    __read_errno                             0x08000579   Thumb Code    10  _rserrno.o(.text)
    __set_errno                              0x08000583   Thumb Code    12  _rserrno.o(.text)
    __aeabi_memclr4                          0x0800058f   Thumb Code     0  rt_memclr_w.o(.text)
    __aeabi_memclr8                          0x0800058f   Thumb Code     0  rt_memclr_w.o(.text)
    __rt_memclr_w                            0x0800058f   Thumb Code    78  rt_memclr_w.o(.text)
    _memset_w                                0x08000593   Thumb Code     0  rt_memclr_w.o(.text)
    __default_new_handler()                  0x080005dd   Thumb Code     4  arm_newhandler_noexceptions.o(.text)
    __user_libspace                          0x080005e1   Thumb Code     8  libspace.o(.text)
    __user_perproc_libspace                  0x080005e1   Thumb Code     0  libspace.o(.text)
    __user_perthread_libspace                0x080005e1   Thumb Code     0  libspace.o(.text)
    __rt_heap_descriptor                     0x080005e9   Thumb Code     8  rt_heap_descriptor_intlibspace.o(.text)
    __aeabi_errno_addr                       0x080005f1   Thumb Code     8  rt_errno_addr_intlibspace.o(.text)
    __errno$intlibspace                      0x080005f1   Thumb Code     0  rt_errno_addr_intlibspace.o(.text)
    __rt_errno_addr$intlibspace              0x080005f1   Thumb Code     0  rt_errno_addr_intlibspace.o(.text)
    __use_no_heap                            0x080005f9   Thumb Code     2  hguard.o(.text)
    __heap$guard                             0x080005fb   Thumb Code     2  hguard.o(.text)
    _terminate_user_alloc                    0x080005fd   Thumb Code     2  init_alloc.o(.text)
    _init_user_alloc                         0x080005ff   Thumb Code     2  init_alloc.o(.text)
    __Heap_Full                              0x08000601   Thumb Code    34  init_alloc.o(.text)
    __Heap_Broken                            0x08000623   Thumb Code     6  init_alloc.o(.text)
    _init_alloc                              0x08000629   Thumb Code    94  init_alloc.o(.text)
    __Heap_Initialize                        0x08000687   Thumb Code    10  h1_init.o(.text)
    __Heap_DescSize                          0x08000691   Thumb Code     4  h1_init.o(.text)
    std::terminate()                         0x08000695   Thumb Code    26  arm_exceptions_terminate.o(.text)
    __cxa_get_globals                        0x080006b7   Thumb Code    62  arm_exceptions_globs.o(.text)
    __user_setup_stackheap                   0x08000701   Thumb Code    74  sys_stackheap_outer.o(.text)
    __rt_eh_globals_addr                     0x0800074d   Thumb Code     8  rt_eh_globals_addr_intlibspace.o(.text)
    __Heap_ProvideMemory                     0x08000755   Thumb Code    52  h1_extend.o(.text)
    exit                                     0x08000789   Thumb Code    18  exit.o(.text)
    abort                                    0x0800079b   Thumb Code    22  abort.o(.text)
    __rt_SIGRTMEM                            0x080007b1   Thumb Code    14  defsig_rtmem_outer.o(.text)
    __ARM_exceptions_buffer_init             0x080007bf   Thumb Code    18  arm_exceptions_mem.o(.text)
    __ARM_exceptions_buffer_allocate         0x080007d1   Thumb Code    22  arm_exceptions_mem.o(.text)
    __ARM_exceptions_buffer_free             0x080007e7   Thumb Code    20  arm_exceptions_mem.o(.text)
    _sys_exit                                0x080007fd   Thumb Code     8  sys_exit.o(.text)
    __I$use$semihosting                      0x08000809   Thumb Code     0  use_no_semi.o(.text)
    __use_no_semihosting_swi                 0x08000809   Thumb Code     2  use_no_semi.o(.text)
    __semihosting_library_function           0x0800080b   Thumb Code     0  indicate_semi.o(.text)
    __sig_exit                               0x0800080b   Thumb Code    10  defsig_exit.o(.text)
    __rt_SIGABRT                             0x08000815   Thumb Code    14  defsig_abrt_outer.o(.text)
    __rt_SIGRTMEM_inner                      0x08000825   Thumb Code    22  defsig_rtmem_inner.o(.text)
    __default_signal_display                 0x08000875   Thumb Code    50  defsig_general.o(.text)
    __rt_SIGABRT_inner                       0x080008a9   Thumb Code    14  defsig_abrt_inner.o(.text)
    _ttywrch                                 0x080008d9   Thumb Code    14  sys_wrch.o(.text)
    SPI1_IRQHandler                          0x080008e7   Thumb Code     6  stm32f407_spi.o(i.SPI1_IRQHandler)
    SPI2_IRQHandler                          0x080008ed   Thumb Code     6  stm32f407_spi.o(i.SPI2_IRQHandler)
    SPI3_IRQHandler                          0x080008f3   Thumb Code     6  stm32f407_spi.o(i.SPI3_IRQHandler)
    SystemInit                               0x080008f9   Thumb Code    74  system_stm32f4xx.o(i.SystemInit)
    TIM7_IRQHandler                          0x08000955   Thumb Code    26  stm32f407_sysfunc.o(i.TIM7_IRQHandler)
    UART4_IRQHandler                         0x08000979   Thumb Code     6  stm32f407_uart.o(i.UART4_IRQHandler)
    UART5_IRQHandler                         0x0800097f   Thumb Code     6  stm32f407_uart.o(i.UART5_IRQHandler)
    USART1_IRQHandler                        0x08000985   Thumb Code     6  stm32f407_uart.o(i.USART1_IRQHandler)
    USART2_IRQHandler                        0x0800098b   Thumb Code     6  stm32f407_uart.o(i.USART2_IRQHandler)
    USART3_IRQHandler                        0x08000991   Thumb Code     6  stm32f407_uart.o(i.USART3_IRQHandler)
    USART6_IRQHandler                        0x08000997   Thumb Code     6  stm32f407_uart.o(i.USART6_IRQHandler)
    drawString(SSD1306&, char*, unsigned, unsigned) 0x0800099d   Thumb Code    52  main.o(i._Z10drawStringR7SSD1306Pcjj)
    delayMicros(unsigned)                    0x08000a89   Thumb Code    22  stm32f407_sysfunc.o(i._Z11delayMicrosj)
    tryTransmit(unsigned)                    0x08000aa1   Thumb Code   114  stm32f407_uart.o(i._Z11tryTransmitj)
    clb_imuCalib()                           0x08000b35   Thumb Code    10  main.o(i._Z12clb_imuCalibv)
    clb_imuSetup()                           0x08000b45   Thumb Code     6  main.o(i._Z12clb_imuSetupv)
    setupScreens()                           0x08000b51   Thumb Code   712  main.o(i._Z12setupScreensv)
    writeStrUART(unsigned, char*)            0x08000f9d   Thumb Code    32  stm32f407_uart.o(i._Z12writeStrUARTjPc)
    UARTAvailable(unsigned)                  0x08000fbd   Thumb Code    18  stm32f407_uart.o(i._Z13UARTAvailablej)
    clb_doNothing()                          0x08000fd5   Thumb Code    10  main.o(i._Z13clb_doNothingv)
    symbolToIndex(char)                      0x08000fe5   Thumb Code     4  main.o(i._Z13symbolToIndexc)
    clb_dribblerOff()                        0x08001015   Thumb Code     8  main.o(i._Z15clb_dribblerOffv)
    clb_dribblerInOn()                       0x08001021   Thumb Code    10  main.o(i._Z16clb_dribblerInOnv)
    clb_kickStraight()                       0x08001031   Thumb Code    10  main.o(i._Z16clb_kickStraightv)
    clb_screenToGame()                       0x08001041   Thumb Code    84  main.o(i._Z16clb_screenToGamev)
    clb_screenToMain()                       0x080010a5   Thumb Code    36  main.o(i._Z16clb_screenToMainv)
    clb_dribblerOutOn()                      0x080010d1   Thumb Code     8  main.o(i._Z17clb_dribblerOutOnv)
    clb_screenToEmpty()                      0x080010dd   Thumb Code    10  main.o(i._Z17clb_screenToEmptyv)
    clb_endLightsCalib()                     0x080010ed   Thumb Code     6  main.o(i._Z18clb_endLightsCalibv)
    clb_screenToKicker()                     0x080010f9   Thumb Code    14  main.o(i._Z18clb_screenToKickerv)
    SPIInterruptHandler(unsigned)            0x08001111   Thumb Code    46  stm32f407_spi.o(i._Z19SPIInterruptHandlerj)
    clb_toBatteryScreen()                    0x08001151   Thumb Code    14  main.o(i._Z19clb_toBatteryScreenv)
    clb_turnOnBackLight()                    0x08001165   Thumb Code     6  main.o(i._Z19clb_turnOnBackLightv)
    UARTInterruptHandler(unsigned)           0x08001171   Thumb Code   118  stm32f407_uart.o(i._Z20UARTInterruptHandlerj)
    clb_beginLightsCalib()                   0x08001209   Thumb Code     6  main.o(i._Z20clb_beginLightsCalibv)
    clb_screenToDribbler()                   0x08001215   Thumb Code    14  main.o(i._Z20clb_screenToDribblerv)
    clb_turnOffBackLight()                   0x0800122d   Thumb Code     6  main.o(i._Z20clb_turnOffBackLightv)
    clb_screenToDebugData()                  0x08001239   Thumb Code    28  main.o(i._Z21clb_screenToDebugDatav)
    clb_screenToCalibrations()               0x0800125d   Thumb Code    14  main.o(i._Z24clb_screenToCalibrationsv)
    clb_screenToLightSensorsCalibration()    0x08001275   Thumb Code    14  main.o(i._Z35clb_screenToLightSensorsCalibrationv)
    delay(unsigned)                          0x0800128d   Thumb Code    22  stm32f407_sysfunc.o(i._Z5delayj)
    micros()                                 0x080012a5   Thumb Code    22  stm32f407_sysfunc.o(i._Z6microsv)
    millis()                                 0x080012c5   Thumb Code     6  stm32f407_sysfunc.o(i._Z6millisv)
    setPin(GPIO_TypeDef*, unsigned short, bool) 0x080012d1   Thumb Code    24  main.o(i._Z6setPinP12GPIO_TypeDeftb)
    setPin(unsigned short, bool)             0x080012e9   Thumb Code    52  main.o(i._Z6setPintb)
    initPin(GPIO_TypeDef*, unsigned short, unsigned char, unsigned char, unsigned char) 0x08001331   Thumb Code   362  stm32f407_pin.o(i._Z7initPinP12GPIO_TypeDefthhh)
    initPin(unsigned short, unsigned char, unsigned char, unsigned char) 0x080014bd   Thumb Code    94  main.o(i._Z7initPinthhh)
    initRCC()                                0x08001531   Thumb Code   220  stm32f407_sysfunc.o(i._Z7initRCCv)
    initSPI(unsigned, bool, unsigned char, unsigned short, int, int, int, int) 0x08001611   Thumb Code   548  stm32f407_spi.o(i._Z7initSPIjbhtiiii)
    readPin(GPIO_TypeDef*, unsigned short)   0x08001849   Thumb Code    18  main.o(i._Z7readPinP12GPIO_TypeDeft)
    drawChar(SSD1306&, char, unsigned, unsigned) 0x0800185d   Thumb Code   202  main.o(i._Z8drawCharR7SSD1306cjj)
    initUART(unsigned, unsigned, unsigned char, float, unsigned char, unsigned) 0x08001931   Thumb Code   852  stm32f407_uart.o(i._Z8initUARTjjhfhj)
    readUART(unsigned)                       0x08001cbd   Thumb Code    38  stm32f407_uart.o(i._Z8readUARTj)
    sysStart()                               0x08001ced   Thumb Code    98  stm32f407_sysfunc.o(i._Z8sysStartv)
    writeSPI(unsigned, unsigned short)       0x08001d5d   Thumb Code    42  stm32f407_spi.o(i._Z8writeSPIjt)
    clb_kick1()                              0x08001d95   Thumb Code    10  main.o(i._Z9clb_kick1v)
    clb_kick2()                              0x08001da5   Thumb Code    10  main.o(i._Z9clb_kick2v)
    writeUART(unsigned, char)                0x08001db5   Thumb Code    28  stm32f407_uart.o(i._Z9writeUARTjc)
    BallSensor::init(PL_ADC*, unsigned short, unsigned short) 0x08001dd9   Thumb Code    66  main.o(i._ZN10BallSensor4initEP6PL_ADCtt)
    BallSensor::turnOn()                     0x08001e21   Thumb Code    18  main.o(i._ZN10BallSensor6turnOnEv)
    BallSensor::update()                     0x08001e33   Thumb Code    48  main.o(i._ZN10BallSensor6updateEv)
    BallSensor::getValue()                   0x08001e63   Thumb Code     4  main.o(i._ZN10BallSensor8getValueEv)
    LineSensors::turnOnSensors()             0x08001e67   Thumb Code     6  main.o(i._ZN11LineSensors13turnOnSensorsEv)
    LineSensors::turnOffSensors()            0x08001e6d   Thumb Code     6  main.o(i._ZN11LineSensors14turnOffSensorsEv)
    LineSensors::endLineCalibration()        0x08001e73   Thumb Code     6  main.o(i._ZN11LineSensors18endLineCalibrationEv)
    LineSensors::beginLineCalibration()      0x08001e79   Thumb Code     6  main.o(i._ZN11LineSensors20beginLineCalibrationEv)
    LineSensors::init(unsigned, unsigned short) 0x08001e7f   Thumb Code    36  main.o(i._ZN11LineSensors4initEjt)
    LineSensors::update()                    0x08001ea3   Thumb Code    52  main.o(i._ZN11LineSensors6updateEv)
    LineSensors::getLine()                   0x08001ed7   Thumb Code     4  main.o(i._ZN11LineSensors7getLineEv)
    KickerModule::init(unsigned short, unsigned short, unsigned short, unsigned short) 0x08001edb   Thumb Code   110  main.o(i._ZN12KickerModule4initEtttt)
    KickerModule::kick(bool, bool)           0x08001f49   Thumb Code   130  main.o(i._ZN12KickerModule4kickEbb)
    MotorDrivers::setDribbler(int)           0x08001fcb   Thumb Code     8  main.o(i._ZN12MotorDrivers11setDribblerEi)
    MotorDrivers::enableMotors()             0x08001fd3   Thumb Code    28  main.o(i._ZN12MotorDrivers12enableMotorsEv)
    MotorDrivers::disableMotors()            0x08001fef   Thumb Code    28  main.o(i._ZN12MotorDrivers13disableMotorsEv)
    MotorDrivers::attemptCurrent()           0x0800200b   Thumb Code    28  main.o(i._ZN12MotorDrivers14attemptCurrentEv)
    MotorDrivers::init(unsigned, unsigned char, unsigned, unsigned char, unsigned, unsigned char, unsigned, unsigned char, unsigned, unsigned char) 0x08002027   Thumb Code   144  main.o(i._ZN12MotorDrivers4initEjhjhjhjhjh)
    MotorDrivers::update()                   0x080020b9   Thumb Code   322  main.o(i._ZN12MotorDrivers6updateEv)
    MotorDrivers::setMotor(int, int)         0x08002205   Thumb Code    42  main.o(i._ZN12MotorDrivers8setMotorEii)
    MotorDrivers::setMotors(int, int, int, int) 0x0800222f   Thumb Code    56  main.o(i._ZN12MotorDrivers9setMotorsEiiii)
    MotorDrivers::setMotors(int, int, int, int, int) 0x08002267   Thumb Code    30  main.o(i._ZN12MotorDrivers9setMotorsEiiiii)
    BaseFunctional::genATMPoint(short, short, signed char) 0x08002285   Thumb Code    86  main.o(i._ZN14BaseFunctional11genATMPointEssa)
    BaseFunctional::move2(VectorToMove, double) 0x080022e5   Thumb Code    92  main.o(i._ZN14BaseFunctional5move2E12VectorToMoved)
    IMU::setZeroAngle()                      0x08002359   Thumb Code    20  main.o(i._ZN3IMU12setZeroAngleEv)
    IMU::updateAnglesFromFIFO()              0x0800236d   Thumb Code     6  main.o(i._ZN3IMU20updateAnglesFromFIFOEv)
    IMU::init(unsigned, unsigned short, unsigned short) 0x08002375   Thumb Code    74  main.o(i._ZN3IMU4initEjtt)
    IMU::turnOn()                            0x080023c9   Thumb Code    32  main.o(i._ZN3IMU6turnOnEv)
    IMU::update()                            0x080023e9   Thumb Code   144  main.o(i._ZN3IMU6updateEv)
    IMU::getAngle()                          0x08002491   Thumb Code   120  main.o(i._ZN3IMU8getAngleEv)
    IMU::calibrate(unsigned)                 0x08002521   Thumb Code     6  main.o(i._ZN3IMU9calibrateEj)
    Robot::switch5vOn()                      0x08002527   Thumb Code     8  main.o(i._ZN5Robot10switch5vOnEv)
    Robot::updateMenu()                      0x08002531   Thumb Code   328  main.o(i._ZN5Robot10updateMenuEv)
    Robot::switch5vOff()                     0x0800267d   Thumb Code     8  main.o(i._ZN5Robot11switch5vOffEv)
    Robot::handleErrors()                    0x08002685   Thumb Code   132  main.o(i._ZN5Robot12handleErrorsEv)
    Robot::setPlayState(bool)                0x0800272d   Thumb Code    58  main.o(i._ZN5Robot12setPlayStateEb)
    Robot::swithPowerOn()                    0x08002767   Thumb Code     8  main.o(i._ZN5Robot12swithPowerOnEv)
    Robot::swithPowerOff()                   0x0800276f   Thumb Code     8  main.o(i._ZN5Robot13swithPowerOffEv)
    Robot::changePlayState()                 0x08002777   Thumb Code    20  main.o(i._ZN5Robot15changePlayStateEv)
    Robot::init()                            0x0800278d   Thumb Code   598  main.o(i._ZN5Robot4initEv)
    Robot::move(double, double, double, double, double) 0x080029fd   Thumb Code  1774  main.o(i._ZN5Robot4moveEddddd)
    Robot::wait(unsigned)                    0x08003105   Thumb Code   276  main.o(i._ZN5Robot4waitEj)
    Robot::initLEDs()                        0x0800321d   Thumb Code    66  main.o(i._ZN5Robot8initLEDsEv)
    Robot::logErrors()                       0x08003261   Thumb Code    28  main.o(i._ZN5Robot9logErrorsEv)
    Robot::playState()                       0x08003281   Thumb Code     6  main.o(i._ZN5Robot9playStateEv)
    Camera::init(unsigned, unsigned short)   0x08003287   Thumb Code    32  main.o(i._ZN6Camera4initEjt)
    Camera::update()                         0x080032a7   Thumb Code   298  main.o(i._ZN6Camera6updateEv)
    Camera::Camera()                         0x080033d1   Thumb Code    16  main.o(i._ZN6CameraC1Ev)
    Camera::Camera__sub_object()             0x080033d1   Thumb Code     0  main.o(i._ZN6CameraC1Ev)
    Driver::setVelocity(int)                 0x080033e1   Thumb Code   158  main.o(i._ZN6Driver11setVelocityEi)
    Driver::updateFromReg()                  0x08003485   Thumb Code    96  main.o(i._ZN6Driver13updateFromRegEv)
    Driver::attemptCurrent()                 0x080034e9   Thumb Code    10  main.o(i._ZN6Driver14attemptCurrentEv)
    Driver::enableFloating()                 0x080034f9   Thumb Code    32  main.o(i._ZN6Driver14enableFloatingEv)
    Driver::disableFloating()                0x0800351d   Thumb Code    32  main.o(i._ZN6Driver15disableFloatingEv)
    Driver::init(char, char)                 0x08003541   Thumb Code     6  main.o(i._ZN6Driver4initEcc)
    Driver::write(char*, char, char)         0x08003549   Thumb Code   100  main.o(i._ZN6Driver5writeEPccc)
    Driver::Driver()                         0x080035b1   Thumb Code    52  main.o(i._ZN6DriverC1Ev)
    Driver::Driver__sub_object()             0x080035b1   Thumb Code     0  main.o(i._ZN6DriverC1Ev)
    PL_ADC::waitUpdate()                     0x080035e5   Thumb Code    10  stm32f407_adc.o(i._ZN6PL_ADC10waitUpdateEv)
    PL_ADC::add(signed char)                 0x080035f1   Thumb Code   172  stm32f407_adc.o(i._ZN6PL_ADC3addEa)
    PL_ADC::init()                           0x080036b5   Thumb Code   114  stm32f407_adc.o(i._ZN6PL_ADC4initEv)
    PL_ADC::read(signed char, bool)          0x08003731   Thumb Code    74  stm32f407_adc.o(i._ZN6PL_ADC4readEab)
    PL_ADC::start()                          0x0800377b   Thumb Code    22  stm32f407_adc.o(i._ZN6PL_ADC5startEv)
    PL_ADC::PL_ADC(ADC_TypeDef*)             0x08003791   Thumb Code    50  stm32f407_adc.o(i._ZN6PL_ADCC1EP11ADC_TypeDef)
    PL_ADC::PL_ADC__sub_object(ADC_TypeDef*) 0x08003791   Thumb Code     0  stm32f407_adc.o(i._ZN6PL_ADCC1EP11ADC_TypeDef)
    Screen::Screen()                         0x080037d1   Thumb Code    32  main.o(i._ZN6ScreenC1Ev)
    Screen::Screen__sub_object()             0x080037d1   Thumb Code     0  main.o(i._ZN6ScreenC1Ev)
    Battery::getVoltage()                    0x080037f5   Thumb Code     6  main.o(i._ZN7Battery10getVoltageEv)
    Battery::getPercentage()                 0x080037fb   Thumb Code     6  main.o(i._ZN7Battery13getPercentageEv)
    Battery::getCellVoltage(int)             0x08003801   Thumb Code    10  main.o(i._ZN7Battery14getCellVoltageEi)
    Battery::init(PL_ADC*, unsigned short, unsigned short, unsigned short, unsigned short) 0x0800380d   Thumb Code   118  main.o(i._ZN7Battery4initEP6PL_ADCtttt)
    Battery::update()                        0x080038a9   Thumb Code   308  main.o(i._ZN7Battery6updateEv)
    Battery::readCell(int)                   0x08003a05   Thumb Code    46  main.o(i._ZN7Battery8readCellEi)
    Buttons::setChanged(int, bool)           0x08003a33   Thumb Code    12  main.o(i._ZN7Buttons10setChangedEib)
    Buttons::ButtonStruct::ButtonStruct()    0x08003a3f   Thumb Code    10  main.o(i._ZN7Buttons12ButtonStructC1Ev)
    Buttons::ButtonStruct::ButtonStruct__sub_object() 0x08003a3f   Thumb Code     0  main.o(i._ZN7Buttons12ButtonStructC1Ev)
    Buttons::init(unsigned short, unsigned short, unsigned short, unsigned short) 0x08003a49   Thumb Code    52  main.o(i._ZN7Buttons4initEtttt)
    Buttons::enable()                        0x08003a7d   Thumb Code    22  main.o(i._ZN7Buttons6enableEv)
    Buttons::update()                        0x08003a95   Thumb Code   116  main.o(i._ZN7Buttons6updateEv)
    Buttons::disable()                       0x08003b1d   Thumb Code    22  main.o(i._ZN7Buttons7disableEv)
    Buttons::isChanged(int, bool)            0x08003b33   Thumb Code    30  main.o(i._ZN7Buttons9isChangedEib)
    Buttons::isPressed(int)                  0x08003b51   Thumb Code    12  main.o(i._ZN7Buttons9isPressedEi)
    Command::Command()                       0x08003b5d   Thumb Code     6  main.o(i._ZN7CommandC1Ev)
    Command::Command__sub_object()           0x08003b5d   Thumb Code     0  main.o(i._ZN7CommandC1Ev)
    Display::addToScreen(Command)            0x08003b63   Thumb Code    56  main.o(i._ZN7Display11addToScreenE7Command)
    Display::print(char*, int, int)          0x08003b9b   Thumb Code     4  main.o(i._ZN7Display5printEPcii)
    Display::print(double, int, int, int)    0x08003b9f   Thumb Code    16  main.o(i._ZN7Display5printEdiii)
    Display::print(int, int, int, int)       0x08003baf   Thumb Code    16  main.o(i._ZN7Display5printEiiii)
    Display::print(unsigned, int, int, int)  0x08003bbf   Thumb Code    16  main.o(i._ZN7Display5printEjiii)
    Display::addEsc(Command)                 0x08003bcf   Thumb Code    46  main.o(i._ZN7Display6addEscE7Command)
    SSD1306::ssd1306_command(unsigned char)  0x08003bfd   Thumb Code    52  ssd1306.o(i._ZN7SSD130615ssd1306_commandEh)
    SSD1306::begin(unsigned char, bool)      0x08003c31   Thumb Code   372  ssd1306.o(i._ZN7SSD13065beginEhb)
    SSD1306::clear()                         0x08003da5   Thumb Code    10  ssd1306.o(i._ZN7SSD13065clearEv)
    SSD1306::invert(unsigned char)           0x08003db5   Thumb Code    16  ssd1306.o(i._ZN7SSD13066invertEh)
    SSD1306::display(unsigned char*)         0x08003dc5   Thumb Code   116  ssd1306.o(i._ZN7SSD13067displayEPh)
    SSD1306::display()                       0x08003e39   Thumb Code   116  ssd1306.o(i._ZN7SSD13067displayEv)
    SSD1306::switchOn()                      0x08003eb1   Thumb Code     8  ssd1306.o(i._ZN7SSD13068switchOnEv)
    SSD1306::drawPixel(short, short, unsigned short) 0x08003eb9   Thumb Code   158  ssd1306.o(i._ZN7SSD13069drawPixelEsst)
    SSD1306::SSD1306(unsigned, unsigned short, unsigned short, unsigned short, unsigned short, unsigned short, unsigned short) 0x08003f5d   Thumb Code    64  ssd1306.o(i._ZN7SSD1306C1Ejtttttt)
    SSD1306::SSD1306__sub_object(unsigned, unsigned short, unsigned short, unsigned short, unsigned short, unsigned short, unsigned short) 0x08003f5d   Thumb Code     0  ssd1306.o(i._ZN7SSD1306C1Ejtttttt)
    SSD1306::SSD1306()                       0x08003fa1   Thumb Code     6  ssd1306.o(i._ZN7SSD1306C1Ev)
    SSD1306::SSD1306__sub_object()           0x08003fa1   Thumb Code     0  ssd1306.o(i._ZN7SSD1306C1Ev)
    mpu9250::readFIFOsize()                  0x08003fad   Thumb Code    46  mpu9250.o(i._ZN7mpu925012readFIFOsizeEv)
    mpu9250::setAccOffset(int, int, int)     0x08003fdb   Thumb Code    88  mpu9250.o(i._ZN7mpu925012setAccOffsetEiii)
    mpu9250::updateAngles(double, bool)      0x08004035   Thumb Code   844  mpu9250.o(i._ZN7mpu925012updateAnglesEdb)
    mpu9250::setGyroOffset(int, int, int)    0x080043c9   Thumb Code    82  mpu9250.o(i._ZN7mpu925013setGyroOffsetEiii)
    mpu9250::updateAnglesFromFIFO()          0x0800441d   Thumb Code    62  mpu9250.o(i._ZN7mpu925020updateAnglesFromFIFOEv)
    mpu9250::MadgwickAHRSupdateIMU(double)   0x08004465   Thumb Code  2112  mpu9250.o(i._ZN7mpu925021MadgwickAHRSupdateIMUEd)
    mpu9250::convert(unsigned short, unsigned char) 0x08004ca9   Thumb Code    16  mpu9250.o(i._ZN7mpu92507convertEth)
    mpu9250::initIMU(unsigned, int)          0x08004cbd   Thumb Code   532  mpu9250.o(i._ZN7mpu92507initIMUEji)
    mpu9250::invSqrt(float)                  0x08004f11   Thumb Code    40  mpu9250.o(i._ZN7mpu92507invSqrtEf)
    mpu9250::readAcc()                       0x08004f3d   Thumb Code   160  mpu9250.o(i._ZN7mpu92507readAccEv)
    mpu9250::readReg(int, int*, int)         0x08004fdd   Thumb Code    90  mpu9250.o(i._ZN7mpu92507readRegEiPii)
    mpu9250::readFIFO()                      0x08005037   Thumb Code   452  mpu9250.o(i._ZN7mpu92508readFIFOEv)
    mpu9250::readGyro()                      0x080051fb   Thumb Code   160  mpu9250.o(i._ZN7mpu92508readGyroEv)
    mpu9250::writeReg(int, unsigned char)    0x0800529b   Thumb Code    50  mpu9250.o(i._ZN7mpu92508writeRegEih)
    mpu9250::calibrate(int)                  0x080052cd   Thumb Code   510  mpu9250.o(i._ZN7mpu92509calibrateEi)
    std::abs(double)                         0x080054ed   Thumb Code     4  main.o(i._ZSt3absd)
    operator delete (void*)                  0x080054f1   Thumb Code     8  delete.o(i._ZdlPv)
    operator new[] (unsigned)                0x080054f9   Thumb Code     8  array_new.o(i._Znaj)
    operator new(unsigned)                   0x08005501   Thumb Code    34  new.o(i._Znwj)
    __ARM_fpclassify                         0x08005529   Thumb Code    48  fpclassify.o(i.__ARM_fpclassify)
    __aeabi_vec_ctor_nocookie_nodtor         0x08005559   Thumb Code    36  aeabi_vec_ctor_nocookie_nodtor.o(i.__aeabi_vec_ctor_nocookie_nodtor)
    __cxa_guard_acquire                      0x0800557d   Thumb Code    16  cxa_guard_acquire.o(i.__cxa_guard_acquire)
    __hardfp_asin                            0x08005591   Thumb Code   770  asin.o(i.__hardfp_asin)
    __hardfp_atan                            0x080058f1   Thumb Code   622  atan.o(i.__hardfp_atan)
    __hardfp_atan2                           0x08005bc9   Thumb Code   448  atan2.o(i.__hardfp_atan2)
    __hardfp_ceilf                           0x08005dc9   Thumb Code    98  ceilf.o(i.__hardfp_ceilf)
    __mathlib_ceilf                          0x08005dc9   Thumb Code     0  ceilf.o(i.__hardfp_ceilf)
    __hardfp_cos                             0x08005e39   Thumb Code   180  cos.o(i.__hardfp_cos)
    __hardfp_fabs                            0x08005f01   Thumb Code    20  fabs.o(i.__hardfp_fabs)
    __hardfp_pow                             0x08005f19   Thumb Code  3072  pow.o(i.__hardfp_pow)
    __hardfp_sin                             0x08006b69   Thumb Code   180  sin.o(i.__hardfp_sin)
    __hardfp_sqrt                            0x08006c31   Thumb Code   122  sqrt.o(i.__hardfp_sqrt)
    __ieee754_rem_pio2                       0x08006cb1   Thumb Code   938  rred.o(i.__ieee754_rem_pio2)
    __kernel_cos                             0x080070e9   Thumb Code   322  cos_i.o(i.__kernel_cos)
    __kernel_poly                            0x08007259   Thumb Code   248  poly.o(i.__kernel_poly)
    __kernel_sin                             0x08007351   Thumb Code   280  sin_i.o(i.__kernel_sin)
    __mathlib_dbl_divzero                    0x08007481   Thumb Code    28  dunder.o(i.__mathlib_dbl_divzero)
    __mathlib_dbl_infnan                     0x080074b1   Thumb Code    20  dunder.o(i.__mathlib_dbl_infnan)
    __mathlib_dbl_infnan2                    0x080074c5   Thumb Code    20  dunder.o(i.__mathlib_dbl_infnan2)
    __mathlib_dbl_invalid                    0x080074d9   Thumb Code    24  dunder.o(i.__mathlib_dbl_invalid)
    __mathlib_dbl_overflow                   0x080074f9   Thumb Code    24  dunder.o(i.__mathlib_dbl_overflow)
    __mathlib_dbl_underflow                  0x08007519   Thumb Code    24  dunder.o(i.__mathlib_dbl_underflow)
    atan                                     0x080075ad   Thumb Code    16  atan.o(i.atan)
    fabs                                     0x080075bd   Thumb Code    24  fabs.o(i.fabs)
    main                                     0x080075d5   Thumb Code  1240  main.o(i.main)
    sqrt                                     0x08007abd   Thumb Code   110  sqrt.o(i.sqrt)
    T1 sgn<double>(T1)                       0x08007b2d   Thumb Code    72  main.o(t._Z3sgnIdET_S0_)
    T1 crc8<char>(T1*, int)                  0x08007b8d   Thumb Code    52  main.o(t._Z4crc8IcET_PS0_i)
    T1 crc8<unsigned char>(T1*, int)         0x08007bc1   Thumb Code    52  main.o(t._Z4crc8IhET_PS0_i)
    T1 crc8<int>(T1*, int)                   0x08007bf5   Thumb Code    48  main.o(t._Z4crc8IiET_PS0_i)
    T1 min2<double>(T1, T1)                  0x08007c25   Thumb Code    60  main.o(t._Z4min2IdET_S0_S0_)
    T1 min2<int>(T1, T1)                     0x08007c61   Thumb Code     8  main.o(t._Z4min2IiET_S0_S0_)
    char* toPrint<double>(T1, short)         0x08007c69   Thumb Code   532  main.o(t._Z7toPrintIdEPcT_s)
    char* toPrint<int>(T1, short)            0x08007e8d   Thumb Code   278  main.o(t._Z7toPrintIiEPcT_s)
    char* toPrint<unsigned>(T1, short)       0x08007fa3   Thumb Code   264  main.o(t._Z7toPrintIjEPcT_s)
    void printTml<double>(SSD1306&, T1, int, int, int) 0x080080ab   Thumb Code    40  main.o(t._Z8printTmlIdEvR7SSD1306T_iii)
    void printTml<int>(SSD1306&, T1, int, int, int) 0x080080d3   Thumb Code    42  main.o(t._Z8printTmlIiEvR7SSD1306T_iii)
    void printTml<unsigned>(SSD1306&, T1, int, int, int) 0x080080fd   Thumb Code    42  main.o(t._Z8printTmlIjEvR7SSD1306T_iii)
    __aeabi_dneg                             0x08008127   Thumb Code     0  basic.o(x$fpl$basic)
    _dneg                                    0x08008127   Thumb Code     6  basic.o(x$fpl$basic)
    __aeabi_fneg                             0x0800812d   Thumb Code     0  basic.o(x$fpl$basic)
    _fneg                                    0x0800812d   Thumb Code     6  basic.o(x$fpl$basic)
    _dabs                                    0x08008133   Thumb Code     6  basic.o(x$fpl$basic)
    _fabs                                    0x08008139   Thumb Code     6  basic.o(x$fpl$basic)
    __aeabi_d2f                              0x08008141   Thumb Code     0  d2f.o(x$fpl$d2f)
    _d2f                                     0x08008141   Thumb Code    98  d2f.o(x$fpl$d2f)
    __aeabi_dadd                             0x080081a5   Thumb Code     0  daddsub_clz.o(x$fpl$dadd)
    _dadd                                    0x080081a5   Thumb Code   332  daddsub_clz.o(x$fpl$dadd)
    __fpl_dcheck_NaN1                        0x080082f5   Thumb Code    10  dcheck1.o(x$fpl$dcheck1)
    __fpl_dcmp_Inf                           0x08008305   Thumb Code    24  dcmpi.o(x$fpl$dcmpinf)
    __aeabi_ddiv                             0x0800831d   Thumb Code     0  ddiv.o(x$fpl$ddiv)
    _ddiv                                    0x0800831d   Thumb Code   552  ddiv.o(x$fpl$ddiv)
    __aeabi_cdcmpeq                          0x080085cd   Thumb Code     0  deqf.o(x$fpl$deqf)
    _dcmpeq                                  0x080085cd   Thumb Code   120  deqf.o(x$fpl$deqf)
    __aeabi_d2iz                             0x08008645   Thumb Code     0  dfix.o(x$fpl$dfix)
    _dfix                                    0x08008645   Thumb Code    94  dfix.o(x$fpl$dfix)
    __aeabi_d2uiz                            0x080086a5   Thumb Code     0  dfixu.o(x$fpl$dfixu)
    _dfixu                                   0x080086a5   Thumb Code    90  dfixu.o(x$fpl$dfixu)
    __aeabi_i2d                              0x080086ff   Thumb Code     0  dflt_clz.o(x$fpl$dflt)
    _dflt                                    0x080086ff   Thumb Code    46  dflt_clz.o(x$fpl$dflt)
    __aeabi_l2d                              0x0800872d   Thumb Code     0  dfltll_clz.o(x$fpl$dfltll)
    _ll_sto_d                                0x0800872d   Thumb Code   162  dfltll_clz.o(x$fpl$dfltll)
    __aeabi_ui2d                             0x080087cf   Thumb Code     0  dflt_clz.o(x$fpl$dfltu)
    _dfltu                                   0x080087cf   Thumb Code    38  dflt_clz.o(x$fpl$dfltu)
    __aeabi_cdcmple                          0x080087f5   Thumb Code     0  dleqf.o(x$fpl$dleqf)
    _dcmple                                  0x080087f5   Thumb Code   120  dleqf.o(x$fpl$dleqf)
    __fpl_dcmple_InfNaN                      0x08008857   Thumb Code     0  dleqf.o(x$fpl$dleqf)
    __aeabi_dmul                             0x0800886d   Thumb Code     0  dmul.o(x$fpl$dmul)
    _dmul                                    0x0800886d   Thumb Code   332  dmul.o(x$fpl$dmul)
    __fpl_dnaninf                            0x080089c1   Thumb Code   156  dnaninf.o(x$fpl$dnaninf)
    __fpl_dretinf                            0x08008a5d   Thumb Code    12  dretinf.o(x$fpl$dretinf)
    __aeabi_cdrcmple                         0x08008a69   Thumb Code     0  drleqf.o(x$fpl$drleqf)
    _drcmple                                 0x08008a69   Thumb Code   108  drleqf.o(x$fpl$drleqf)
    __aeabi_drsub                            0x08008ad5   Thumb Code     0  daddsub_clz.o(x$fpl$drsb)
    _drsb                                    0x08008ad5   Thumb Code    22  daddsub_clz.o(x$fpl$drsb)
    _dsqrt                                   0x08008aed   Thumb Code   404  dsqrt_umaal.o(x$fpl$dsqrt)
    __aeabi_dsub                             0x08008c85   Thumb Code     0  daddsub_clz.o(x$fpl$dsub)
    _dsub                                    0x08008c85   Thumb Code   464  daddsub_clz.o(x$fpl$dsub)
    __aeabi_f2d                              0x08008e59   Thumb Code     0  f2d.o(x$fpl$f2d)
    _f2d                                     0x08008e59   Thumb Code    86  f2d.o(x$fpl$f2d)
    __fpl_fnaninf                            0x08008eaf   Thumb Code   140  fnaninf.o(x$fpl$fnaninf)
    _fp_init                                 0x08008f3b   Thumb Code    10  fpinit.o(x$fpl$fpinit)
    __fplib_config_fpu_vfp                   0x08008f43   Thumb Code     0  fpinit.o(x$fpl$fpinit)
    __fplib_config_pureend_doubles           0x08008f43   Thumb Code     0  fpinit.o(x$fpl$fpinit)
    __fpl_fretinf                            0x08008f45   Thumb Code    10  fretinf.o(x$fpl$fretinf)
    __aeabi_d2lz                             0x08008f51   Thumb Code     0  dfixll.o(x$fpl$llsfromd)
    _ll_sfrom_d                              0x08008f51   Thumb Code   194  dfixll.o(x$fpl$llsfromd)
    __fpl_return_NaN                         0x08009013   Thumb Code   100  retnan.o(x$fpl$retnan)
    __ARM_scalbn                             0x08009077   Thumb Code    92  scalbn.o(x$fpl$scalbn)
    __fpl_cmpreturn                          0x080090d3   Thumb Code    48  trapv.o(x$fpl$trapveneer)
    __I$use$fp                               0x08009102   Number         0  usenofp.o(x$fpl$usenofp)
    PL_ADC::channels                         0x08009894   Data          16  stm32f407_adc.o(.constdata)
    __mathlib_zero                           0x08009a48   Data           8  qnan.o(.constdata)
    vtable for SSD1306                       0x08009b40   Data          16  ssd1306.o(.constdata__ZTV7SSD1306)
    Display::update()::string                0x08009b50   Data           2  main.o(.constdata__ZZN7Display6updateEvEs)
    Region$$Table$$Base                      0x08009b54   Number         0  anon$$obj.o(Region$$Table)
    Region$$Table$$Limit                     0x08009b74   Number         0  anon$$obj.o(Region$$Table)
    SHT$$INIT_ARRAY$$Base                    0x08009b74   Number         0  main.o(.init_array)
    SHT$$INIT_ARRAY$$Limit                   0x08009b78   Number         0  init_aeabi.o(.init_array)
    GLOBAL_ERROR                             0x2000000c   Data           4  main.o(.data)
    g_state                                  0x20000010   Data           4  main.o(.data)
    clb_var                                  0x20000014   Data           4  main.o(.data)
    basicFunc                                0x20000034   Data           4  main.o(.data)
    initImageBuffer                          0x20000068   Data        8192  main.o(.data)
    firstField                               0x20002068   Data       21600  main.o(.data)
    _available                               0x200074c8   Data           2  stm32f407_spi.o(.data)
    _RxData                                  0x200074ca   Data           4  stm32f407_spi.o(.data)
    _millis                                  0x200074d0   Data           4  stm32f407_sysfunc.o(.data)
    _bufRxHead                               0x200074d4   Data           8  stm32f407_uart.o(.data)
    _bufRxTail                               0x200074dc   Data           8  stm32f407_uart.o(.data)
    _bufTxHead                               0x200074e4   Data           8  stm32f407_uart.o(.data)
    _bufTxTail                               0x200074ec   Data           8  stm32f407_uart.o(.data)
    robot                                    0x20007948   Data        2120  main.o(.bss)
    _bufRx                                   0x20008190   Data         256  stm32f407_uart.o(.bss)
    _bufTx                                   0x20008290   Data         256  stm32f407_uart.o(.bss)
    __libspace_start                         0x20008390   Data          96  libspace.o(.bss)
    __temporary_stack_top$libspace           0x200083f0   Data           0  libspace.o(.bss)



==============================================================================

Memory Map of the image

  Image Entry point : 0x0800027d

  Load Region LR_1 (Base: 0x08000000, Size: 0x0001146c, Max: 0xffffffff, ABSOLUTE, COMPRESSED[0x0000b1b4])

    Execution Region ER_RO (Exec base: 0x08000000, Load base: 0x08000000, Size: 0x00009b78, Max: 0xffffffff, ABSOLUTE)

    Exec Addr    Load Addr    Size         Type   Attr      Idx    E Section Name        Object

    0x08000000   0x08000000   0x00000188   Data   RO         1377    RESET               startup_stm32f40xx.o
    0x08000188   0x08000188   0x00000008   Code   RO         2207  * !!!main             c_w.l(__main.o)
    0x08000190   0x08000190   0x00000034   Code   RO         2925    !!!scatter          c_w.l(__scatter.o)
    0x080001c4   0x080001c4   0x00000064   Code   RO         2923    !!dclz77c           c_w.l(__dclz77c.o)
    0x08000228   0x08000228   0x0000001c   Code   RO         2927    !!handler_zi        c_w.l(__scatter_zi.o)
    0x08000244   0x08000244   0x00000002   Code   RO         2826    .ARM.Collect$$libinit$$00000000  c_w.l(libinit.o)
    0x08000246   0x08000246   0x00000004   Code   RO         2557    .ARM.Collect$$libinit$$00000001  c_w.l(libinit2.o)
    0x0800024a   0x0800024a   0x00000000   Code   RO         2560    .ARM.Collect$$libinit$$00000004  c_w.l(libinit2.o)
    0x0800024a   0x0800024a   0x00000008   Code   RO         2561    .ARM.Collect$$libinit$$00000005  c_w.l(libinit2.o)
    0x08000252   0x08000252   0x00000000   Code   RO         2563    .ARM.Collect$$libinit$$0000000A  c_w.l(libinit2.o)
    0x08000252   0x08000252   0x00000000   Code   RO         2565    .ARM.Collect$$libinit$$0000000C  c_w.l(libinit2.o)
    0x08000252   0x08000252   0x00000000   Code   RO         2567    .ARM.Collect$$libinit$$0000000E  c_w.l(libinit2.o)
    0x08000252   0x08000252   0x00000000   Code   RO         2570    .ARM.Collect$$libinit$$00000011  c_w.l(libinit2.o)
    0x08000252   0x08000252   0x00000000   Code   RO         2572    .ARM.Collect$$libinit$$00000013  c_w.l(libinit2.o)
    0x08000252   0x08000252   0x00000000   Code   RO         2574    .ARM.Collect$$libinit$$00000015  c_w.l(libinit2.o)
    0x08000252   0x08000252   0x00000000   Code   RO         2576    .ARM.Collect$$libinit$$00000017  c_w.l(libinit2.o)
    0x08000252   0x08000252   0x00000000   Code   RO         2578    .ARM.Collect$$libinit$$00000019  c_w.l(libinit2.o)
    0x08000252   0x08000252   0x00000000   Code   RO         2580    .ARM.Collect$$libinit$$0000001B  c_w.l(libinit2.o)
    0x08000252   0x08000252   0x00000000   Code   RO         2582    .ARM.Collect$$libinit$$0000001D  c_w.l(libinit2.o)
    0x08000252   0x08000252   0x00000000   Code   RO         2584    .ARM.Collect$$libinit$$0000001F  c_w.l(libinit2.o)
    0x08000252   0x08000252   0x00000000   Code   RO         2586    .ARM.Collect$$libinit$$00000021  c_w.l(libinit2.o)
    0x08000252   0x08000252   0x00000000   Code   RO         2588    .ARM.Collect$$libinit$$00000023  c_w.l(libinit2.o)
    0x08000252   0x08000252   0x00000000   Code   RO         2590    .ARM.Collect$$libinit$$00000025  c_w.l(libinit2.o)
    0x08000252   0x08000252   0x00000000   Code   RO         2594    .ARM.Collect$$libinit$$0000002C  c_w.l(libinit2.o)
    0x08000252   0x08000252   0x00000000   Code   RO         2596    .ARM.Collect$$libinit$$0000002E  c_w.l(libinit2.o)
    0x08000252   0x08000252   0x00000000   Code   RO         2598    .ARM.Collect$$libinit$$00000030  c_w.l(libinit2.o)
    0x08000252   0x08000252   0x00000004   Code   RO         2599    .ARM.Collect$$libinit$$00000031  c_w.l(libinit2.o)
    0x08000256   0x08000256   0x00000000   Code   RO         2600    .ARM.Collect$$libinit$$00000032  c_w.l(libinit2.o)
    0x08000256   0x08000256   0x00000002   Code   RO         2601    .ARM.Collect$$libinit$$00000033  c_w.l(libinit2.o)
    0x08000258   0x08000258   0x00000002   Code   RO         2908    .ARM.Collect$$libshutdown$$00000000  c_w.l(libshutdown.o)
    0x0800025a   0x0800025a   0x00000000   Code   RO         2885    .ARM.Collect$$libshutdown$$00000002  c_w.l(libshutdown2.o)
    0x0800025a   0x0800025a   0x00000000   Code   RO         2887    .ARM.Collect$$libshutdown$$00000004  c_w.l(libshutdown2.o)
    0x0800025a   0x0800025a   0x00000000   Code   RO         2889    .ARM.Collect$$libshutdown$$00000006  c_w.l(libshutdown2.o)
    0x0800025a   0x0800025a   0x00000000   Code   RO         2892    .ARM.Collect$$libshutdown$$00000009  c_w.l(libshutdown2.o)
    0x0800025a   0x0800025a   0x00000000   Code   RO         2895    .ARM.Collect$$libshutdown$$0000000C  c_w.l(libshutdown2.o)
    0x0800025a   0x0800025a   0x00000000   Code   RO         2897    .ARM.Collect$$libshutdown$$0000000E  c_w.l(libshutdown2.o)
    0x0800025a   0x0800025a   0x00000000   Code   RO         2900    .ARM.Collect$$libshutdown$$00000011  c_w.l(libshutdown2.o)
    0x0800025a   0x0800025a   0x00000002   Code   RO         2901    .ARM.Collect$$libshutdown$$00000012  c_w.l(libshutdown2.o)
    0x0800025c   0x0800025c   0x00000000   Code   RO         2481    .ARM.Collect$$rtentry$$00000000  c_w.l(__rtentry.o)
    0x0800025c   0x0800025c   0x00000000   Code   RO         2702    .ARM.Collect$$rtentry$$00000002  c_w.l(__rtentry2.o)
    0x0800025c   0x0800025c   0x00000006   Code   RO         2714    .ARM.Collect$$rtentry$$00000004  c_w.l(__rtentry4.o)
    0x08000262   0x08000262   0x00000000   Code   RO         2704    .ARM.Collect$$rtentry$$00000009  c_w.l(__rtentry2.o)
    0x08000262   0x08000262   0x00000004   Code   RO         2705    .ARM.Collect$$rtentry$$0000000A  c_w.l(__rtentry2.o)
    0x08000266   0x08000266   0x00000000   Code   RO         2707    .ARM.Collect$$rtentry$$0000000C  c_w.l(__rtentry2.o)
    0x08000266   0x08000266   0x00000008   Code   RO         2708    .ARM.Collect$$rtentry$$0000000D  c_w.l(__rtentry2.o)
    0x0800026e   0x0800026e   0x00000002   Code   RO         2847    .ARM.Collect$$rtexit$$00000000  c_w.l(rtexit.o)
    0x08000270   0x08000270   0x00000000   Code   RO         2868    .ARM.Collect$$rtexit$$00000002  c_w.l(rtexit2.o)
    0x08000270   0x08000270   0x00000004   Code   RO         2869    .ARM.Collect$$rtexit$$00000003  c_w.l(rtexit2.o)
    0x08000274   0x08000274   0x00000006   Code   RO         2870    .ARM.Collect$$rtexit$$00000004  c_w.l(rtexit2.o)
    0x0800027a   0x0800027a   0x00000002   PAD
    0x0800027c   0x0800027c   0x00000000   Code   RO         2796    .emb_text           c_w.l(maybetermalloc1.o)
    0x0800027c   0x0800027c   0x00000040   Code   RO         1378  * .text               startup_stm32f40xx.o
    0x080002bc   0x080002bc   0x000000ee   Code   RO         2197    .text               c_w.l(lludivv7m.o)
    0x080003aa   0x080003aa   0x00000048   Code   RO         2199    .text               c_w.l(llsdiv.o)
    0x080003f2   0x080003f2   0x00000064   Code   RO         2201    .text               c_w.l(rt_memcpy_w.o)
    0x08000456   0x08000456   0x00000044   Code   RO         2203    .text               c_w.l(rt_memclr.o)
    0x0800049a   0x0800049a   0x00000006   Code   RO         2205    .text               c_w.l(heapauxi.o)
    0x080004a0   0x080004a0   0x00000024   Code   RO         2212    .text               c_w.l(init_aeabi.o)
    0x080004c4   0x080004c4   0x00000008   Code   RO         2489    .text               c_w.l(rt_new_handler_addr_intlibspace.o)
    0x080004cc   0x080004cc   0x0000005e   Code   RO         2495    .text               c_w.l(h1_alloc.o)
    0x0800052a   0x0800052a   0x0000004e   Code   RO         2497    .text               c_w.l(h1_free.o)
    0x08000578   0x08000578   0x00000016   Code   RO         2553    .text               c_w.l(_rserrno.o)
    0x0800058e   0x0800058e   0x0000004e   Code   RO         2555    .text               c_w.l(rt_memclr_w.o)
    0x080005dc   0x080005dc   0x00000004   Code   RO         2605    .text               cpprt_w.l(arm_newhandler_noexceptions.o)
    0x080005e0   0x080005e0   0x00000008   Code   RO         2696    .text               c_w.l(libspace.o)
    0x080005e8   0x080005e8   0x00000008   Code   RO         2721    .text               c_w.l(rt_heap_descriptor_intlibspace.o)
    0x080005f0   0x080005f0   0x00000008   Code   RO         2726    .text               c_w.l(rt_errno_addr_intlibspace.o)
    0x080005f8   0x080005f8   0x00000004   Code   RO         2728    .text               c_w.l(hguard.o)
    0x080005fc   0x080005fc   0x0000008a   Code   RO         2730    .text               c_w.l(init_alloc.o)
    0x08000686   0x08000686   0x0000000e   Code   RO         2734    .text               c_w.l(h1_init.o)
    0x08000694   0x08000694   0x0000001a   Code   RO         2772    .text               cpprt_w.l(arm_exceptions_terminate.o)
    0x080006ae   0x080006ae   0x00000002   PAD
    0x080006b0   0x080006b0   0x00000050   Code   RO         2775    .text               cpprt_w.l(arm_exceptions_globs.o)
    0x08000700   0x08000700   0x0000004a   Code   RO         2787    .text               c_w.l(sys_stackheap_outer.o)
    0x0800074a   0x0800074a   0x00000002   PAD
    0x0800074c   0x0800074c   0x00000008   Code   RO         2792    .text               c_w.l(rt_eh_globals_addr_intlibspace.o)
    0x08000754   0x08000754   0x00000034   Code   RO         2798    .text               c_w.l(h1_extend.o)
    0x08000788   0x08000788   0x00000012   Code   RO         2802    .text               c_w.l(exit.o)
    0x0800079a   0x0800079a   0x00000016   Code   RO         2804    .text               c_w.l(abort.o)
    0x080007b0   0x080007b0   0x0000000e   Code   RO         2810    .text               c_w.l(defsig_rtmem_outer.o)
    0x080007be   0x080007be   0x0000003c   Code   RO         2830    .text               cpprt_w.l(arm_exceptions_mem.o)
    0x080007fa   0x080007fa   0x00000002   PAD
    0x080007fc   0x080007fc   0x0000000c   Code   RO         2842    .text               c_w.l(sys_exit.o)
    0x08000808   0x08000808   0x00000002   Code   RO         2844    .text               c_w.l(use_no_semi.o)
    0x0800080a   0x0800080a   0x00000000   Code   RO         2846    .text               c_w.l(indicate_semi.o)
    0x0800080a   0x0800080a   0x0000000a   Code   RO         2855    .text               c_w.l(defsig_exit.o)
    0x08000814   0x08000814   0x0000000e   Code   RO         2857    .text               c_w.l(defsig_abrt_outer.o)
    0x08000822   0x08000822   0x00000002   PAD
    0x08000824   0x08000824   0x00000050   Code   RO         2863    .text               c_w.l(defsig_rtmem_inner.o)
    0x08000874   0x08000874   0x00000032   Code   RO         2880    .text               c_w.l(defsig_general.o)
    0x080008a6   0x080008a6   0x00000002   PAD
    0x080008a8   0x080008a8   0x00000030   Code   RO         2882    .text               c_w.l(defsig_abrt_inner.o)
    0x080008d8   0x080008d8   0x0000000e   Code   RO         2902    .text               c_w.l(sys_wrch.o)
    0x080008e6   0x080008e6   0x00000006   Code   RO         1539    i.SPI1_IRQHandler   stm32f407_spi.o
    0x080008ec   0x080008ec   0x00000006   Code   RO         1540    i.SPI2_IRQHandler   stm32f407_spi.o
    0x080008f2   0x080008f2   0x00000006   Code   RO         1541    i.SPI3_IRQHandler   stm32f407_spi.o
    0x080008f8   0x080008f8   0x0000005c   Code   RO            5    i.SystemInit        system_stm32f4xx.o
    0x08000954   0x08000954   0x00000024   Code   RO         1633    i.TIM7_IRQHandler   stm32f407_sysfunc.o
    0x08000978   0x08000978   0x00000006   Code   RO         1707    i.UART4_IRQHandler  stm32f407_uart.o
    0x0800097e   0x0800097e   0x00000006   Code   RO         1708    i.UART5_IRQHandler  stm32f407_uart.o
    0x08000984   0x08000984   0x00000006   Code   RO         1709    i.USART1_IRQHandler  stm32f407_uart.o
    0x0800098a   0x0800098a   0x00000006   Code   RO         1710    i.USART2_IRQHandler  stm32f407_uart.o
    0x08000990   0x08000990   0x00000006   Code   RO         1711    i.USART3_IRQHandler  stm32f407_uart.o
    0x08000996   0x08000996   0x00000006   Code   RO         1712    i.USART6_IRQHandler  stm32f407_uart.o
    0x0800099c   0x0800099c   0x00000034   Code   RO           70    i._Z10drawStringR7SSD1306Pcjj  main.o
    0x080009d0   0x080009d0   0x000000b8   Code   RO            6    i._Z11SetSysClockv  system_stm32f4xx.o
    0x08000a88   0x08000a88   0x00000016   Code   RO         1634    i._Z11delayMicrosj  stm32f407_sysfunc.o
    0x08000a9e   0x08000a9e   0x00000002   PAD
    0x08000aa0   0x08000aa0   0x00000094   Code   RO         1713    i._Z11tryTransmitj  stm32f407_uart.o
    0x08000b34   0x08000b34   0x00000010   Code   RO           71    i._Z12clb_imuCalibv  main.o
    0x08000b44   0x08000b44   0x0000000c   Code   RO           72    i._Z12clb_imuSetupv  main.o
    0x08000b50   0x08000b50   0x0000044c   Code   RO           73    i._Z12setupScreensv  main.o
    0x08000f9c   0x08000f9c   0x00000020   Code   RO         1714    i._Z12writeStrUARTjPc  stm32f407_uart.o
    0x08000fbc   0x08000fbc   0x00000018   Code   RO         1715    i._Z13UARTAvailablej  stm32f407_uart.o
    0x08000fd4   0x08000fd4   0x00000010   Code   RO           74    i._Z13clb_doNothingv  main.o
    0x08000fe4   0x08000fe4   0x00000004   Code   RO           75    i._Z13symbolToIndexc  main.o
    0x08000fe8   0x08000fe8   0x00000016   Code   RO         1545    i._Z14NVIC_EnableIRQ4IRQn  stm32f407_spi.o
    0x08000ffe   0x08000ffe   0x00000016   Code   RO         1716    i._Z14NVIC_EnableIRQ4IRQn  stm32f407_uart.o
    0x08001014   0x08001014   0x0000000c   Code   RO           76    i._Z15clb_dribblerOffv  main.o
    0x08001020   0x08001020   0x00000010   Code   RO           78    i._Z16clb_dribblerInOnv  main.o
    0x08001030   0x08001030   0x00000010   Code   RO           79    i._Z16clb_kickStraightv  main.o
    0x08001040   0x08001040   0x00000064   Code   RO           80    i._Z16clb_screenToGamev  main.o
    0x080010a4   0x080010a4   0x0000002c   Code   RO           81    i._Z16clb_screenToMainv  main.o
    0x080010d0   0x080010d0   0x0000000c   Code   RO           82    i._Z17clb_dribblerOutOnv  main.o
    0x080010dc   0x080010dc   0x00000010   Code   RO           85    i._Z17clb_screenToEmptyv  main.o
    0x080010ec   0x080010ec   0x0000000c   Code   RO           86    i._Z18clb_endLightsCalibv  main.o
    0x080010f8   0x080010f8   0x00000018   Code   RO           87    i._Z18clb_screenToKickerv  main.o
    0x08001110   0x08001110   0x00000040   Code   RO         1546    i._Z19SPIInterruptHandlerj  stm32f407_spi.o
    0x08001150   0x08001150   0x00000014   Code   RO           88    i._Z19clb_toBatteryScreenv  main.o
    0x08001164   0x08001164   0x0000000c   Code   RO           89    i._Z19clb_turnOnBackLightv  main.o
    0x08001170   0x08001170   0x00000098   Code   RO         1719    i._Z20UARTInterruptHandlerj  stm32f407_uart.o
    0x08001208   0x08001208   0x0000000c   Code   RO           90    i._Z20clb_beginLightsCalibv  main.o
    0x08001214   0x08001214   0x00000018   Code   RO           91    i._Z20clb_screenToDribblerv  main.o
    0x0800122c   0x0800122c   0x0000000c   Code   RO           92    i._Z20clb_turnOffBackLightv  main.o
    0x08001238   0x08001238   0x00000024   Code   RO           93    i._Z21clb_screenToDebugDatav  main.o
    0x0800125c   0x0800125c   0x00000018   Code   RO           94    i._Z24clb_screenToCalibrationsv  main.o
    0x08001274   0x08001274   0x00000018   Code   RO           95    i._Z35clb_screenToLightSensorsCalibrationv  main.o
    0x0800128c   0x0800128c   0x00000016   Code   RO         1635    i._Z5delayj         stm32f407_sysfunc.o
    0x080012a2   0x080012a2   0x00000002   PAD
    0x080012a4   0x080012a4   0x00000020   Code   RO         1636    i._Z6microsv        stm32f407_sysfunc.o
    0x080012c4   0x080012c4   0x0000000c   Code   RO         1637    i._Z6millisv        stm32f407_sysfunc.o
    0x080012d0   0x080012d0   0x00000018   Code   RO          986    i._Z6setPinP12GPIO_TypeDeftb  main.o
    0x080012e8   0x080012e8   0x00000048   Code   RO          853    i._Z6setPintb       main.o
    0x08001330   0x08001330   0x0000018c   Code   RO         1385    i._Z7initPinP12GPIO_TypeDefthhh  stm32f407_pin.o
    0x080014bc   0x080014bc   0x00000074   Code   RO          846    i._Z7initPinthhh    main.o
    0x08001530   0x08001530   0x000000e0   Code   RO         1638    i._Z7initRCCv       stm32f407_sysfunc.o
    0x08001610   0x08001610   0x00000238   Code   RO         1547    i._Z7initSPIjbhtiiii  stm32f407_spi.o
    0x08001848   0x08001848   0x00000012   Code   RO          992    i._Z7readPinP12GPIO_TypeDeft  main.o
    0x0800185a   0x0800185a   0x00000002   PAD
    0x0800185c   0x0800185c   0x000000d4   Code   RO           96    i._Z8drawCharR7SSD1306cjj  main.o
    0x08001930   0x08001930   0x0000038c   Code   RO         1720    i._Z8initUARTjjhfhj  stm32f407_uart.o
    0x08001cbc   0x08001cbc   0x00000030   Code   RO         1721    i._Z8readUARTj      stm32f407_uart.o
    0x08001cec   0x08001cec   0x00000070   Code   RO         1639    i._Z8sysStartv      stm32f407_sysfunc.o
    0x08001d5c   0x08001d5c   0x00000038   Code   RO         1548    i._Z8writeSPIjt     stm32f407_spi.o
    0x08001d94   0x08001d94   0x00000010   Code   RO           97    i._Z9clb_kick1v     main.o
    0x08001da4   0x08001da4   0x00000010   Code   RO           98    i._Z9clb_kick2v     main.o
    0x08001db4   0x08001db4   0x00000024   Code   RO         1729    i._Z9writeUARTjc    stm32f407_uart.o
    0x08001dd8   0x08001dd8   0x00000048   Code   RO           99    i._ZN10BallSensor4initEP6PL_ADCtt  main.o
    0x08001e20   0x08001e20   0x00000012   Code   RO          100    i._ZN10BallSensor6turnOnEv  main.o
    0x08001e32   0x08001e32   0x00000030   Code   RO          101    i._ZN10BallSensor6updateEv  main.o
    0x08001e62   0x08001e62   0x00000004   Code   RO          103    i._ZN10BallSensor8getValueEv  main.o
    0x08001e66   0x08001e66   0x00000006   Code   RO          104    i._ZN11LineSensors13turnOnSensorsEv  main.o
    0x08001e6c   0x08001e6c   0x00000006   Code   RO          105    i._ZN11LineSensors14turnOffSensorsEv  main.o
    0x08001e72   0x08001e72   0x00000006   Code   RO          106    i._ZN11LineSensors18endLineCalibrationEv  main.o
    0x08001e78   0x08001e78   0x00000006   Code   RO          107    i._ZN11LineSensors20beginLineCalibrationEv  main.o
    0x08001e7e   0x08001e7e   0x00000024   Code   RO          108    i._ZN11LineSensors4initEjt  main.o
    0x08001ea2   0x08001ea2   0x00000034   Code   RO          109    i._ZN11LineSensors6updateEv  main.o
    0x08001ed6   0x08001ed6   0x00000004   Code   RO          110    i._ZN11LineSensors7getLineEv  main.o
    0x08001eda   0x08001eda   0x0000006e   Code   RO          113    i._ZN12KickerModule4initEtttt  main.o
    0x08001f48   0x08001f48   0x00000082   Code   RO          114    i._ZN12KickerModule4kickEbb  main.o
    0x08001fca   0x08001fca   0x00000008   Code   RO          115    i._ZN12MotorDrivers11setDribblerEi  main.o
    0x08001fd2   0x08001fd2   0x0000001c   Code   RO          116    i._ZN12MotorDrivers12enableMotorsEv  main.o
    0x08001fee   0x08001fee   0x0000001c   Code   RO          117    i._ZN12MotorDrivers13disableMotorsEv  main.o
    0x0800200a   0x0800200a   0x0000001c   Code   RO          118    i._ZN12MotorDrivers14attemptCurrentEv  main.o
    0x08002026   0x08002026   0x00000090   Code   RO          119    i._ZN12MotorDrivers4initEjhjhjhjhjh  main.o
    0x080020b6   0x080020b6   0x00000002   PAD
    0x080020b8   0x080020b8   0x0000014c   Code   RO          120    i._ZN12MotorDrivers6updateEv  main.o
    0x08002204   0x08002204   0x0000002a   Code   RO          121    i._ZN12MotorDrivers8setMotorEii  main.o
    0x0800222e   0x0800222e   0x00000038   Code   RO          122    i._ZN12MotorDrivers9setMotorsEiiii  main.o
    0x08002266   0x08002266   0x0000001e   Code   RO          123    i._ZN12MotorDrivers9setMotorsEiiiii  main.o
    0x08002284   0x08002284   0x00000060   Code   RO          124    i._ZN14BaseFunctional11genATMPointEssa  main.o
    0x080022e4   0x080022e4   0x00000074   Code   RO          127    i._ZN14BaseFunctional5move2E12VectorToMoved  main.o
    0x08002358   0x08002358   0x00000014   Code   RO          132    i._ZN3IMU12setZeroAngleEv  main.o
    0x0800236c   0x0800236c   0x00000006   Code   RO          133    i._ZN3IMU20updateAnglesFromFIFOEv  main.o
    0x08002372   0x08002372   0x00000002   PAD
    0x08002374   0x08002374   0x00000054   Code   RO          134    i._ZN3IMU4initEjtt  main.o
    0x080023c8   0x080023c8   0x00000020   Code   RO          135    i._ZN3IMU6turnOnEv  main.o
    0x080023e8   0x080023e8   0x000000a8   Code   RO          136    i._ZN3IMU6updateEv  main.o
    0x08002490   0x08002490   0x00000090   Code   RO          138    i._ZN3IMU8getAngleEv  main.o
    0x08002520   0x08002520   0x00000006   Code   RO          139    i._ZN3IMU9calibrateEj  main.o
    0x08002526   0x08002526   0x00000008   Code   RO          140    i._ZN5Robot10switch5vOnEv  main.o
    0x0800252e   0x0800252e   0x00000002   PAD
    0x08002530   0x08002530   0x0000014c   Code   RO          141    i._ZN5Robot10updateMenuEv  main.o
    0x0800267c   0x0800267c   0x00000008   Code   RO          142    i._ZN5Robot11switch5vOffEv  main.o
    0x08002684   0x08002684   0x000000a8   Code   RO          143    i._ZN5Robot12handleErrorsEv  main.o
    0x0800272c   0x0800272c   0x0000003a   Code   RO          144    i._ZN5Robot12setPlayStateEb  main.o
    0x08002766   0x08002766   0x00000008   Code   RO          145    i._ZN5Robot12swithPowerOnEv  main.o
    0x0800276e   0x0800276e   0x00000008   Code   RO          146    i._ZN5Robot13swithPowerOffEv  main.o
    0x08002776   0x08002776   0x00000014   Code   RO          147    i._ZN5Robot15changePlayStateEv  main.o
    0x0800278a   0x0800278a   0x00000002   PAD
    0x0800278c   0x0800278c   0x00000270   Code   RO          148    i._ZN5Robot4initEv  main.o
    0x080029fc   0x080029fc   0x00000708   Code   RO          149    i._ZN5Robot4moveEddddd  main.o
    0x08003104   0x08003104   0x00000118   Code   RO          150    i._ZN5Robot4waitEj  main.o
    0x0800321c   0x0800321c   0x00000042   Code   RO          151    i._ZN5Robot8initLEDsEv  main.o
    0x0800325e   0x0800325e   0x00000002   PAD
    0x08003260   0x08003260   0x00000020   Code   RO          152    i._ZN5Robot9logErrorsEv  main.o
    0x08003280   0x08003280   0x00000006   Code   RO          153    i._ZN5Robot9playStateEv  main.o
    0x08003286   0x08003286   0x00000020   Code   RO          154    i._ZN6Camera4initEjt  main.o
    0x080032a6   0x080032a6   0x0000012a   Code   RO          155    i._ZN6Camera6updateEv  main.o
    0x080033d0   0x080033d0   0x00000010   Code   RO          156    i._ZN6CameraC1Ev    main.o
    0x080033e0   0x080033e0   0x000000a4   Code   RO          158    i._ZN6Driver11setVelocityEi  main.o
    0x08003484   0x08003484   0x00000064   Code   RO          159    i._ZN6Driver13updateFromRegEv  main.o
    0x080034e8   0x080034e8   0x00000010   Code   RO          160    i._ZN6Driver14attemptCurrentEv  main.o
    0x080034f8   0x080034f8   0x00000024   Code   RO          162    i._ZN6Driver14enableFloatingEv  main.o
    0x0800351c   0x0800351c   0x00000024   Code   RO          164    i._ZN6Driver15disableFloatingEv  main.o
    0x08003540   0x08003540   0x00000006   Code   RO          165    i._ZN6Driver4initEcc  main.o
    0x08003546   0x08003546   0x00000002   PAD
    0x08003548   0x08003548   0x00000068   Code   RO          166    i._ZN6Driver5writeEPccc  main.o
    0x080035b0   0x080035b0   0x00000034   Code   RO          168    i._ZN6DriverC1Ev    main.o
    0x080035e4   0x080035e4   0x0000000a   Code   RO         1422    i._ZN6PL_ADC10waitUpdateEv  stm32f407_adc.o
    0x080035ee   0x080035ee   0x00000002   PAD
    0x080035f0   0x080035f0   0x000000c4   Code   RO         1423    i._ZN6PL_ADC3addEa  stm32f407_adc.o
    0x080036b4   0x080036b4   0x0000007c   Code   RO         1424    i._ZN6PL_ADC4initEv  stm32f407_adc.o
    0x08003730   0x08003730   0x0000004a   Code   RO         1425    i._ZN6PL_ADC4readEab  stm32f407_adc.o
    0x0800377a   0x0800377a   0x00000016   Code   RO         1427    i._ZN6PL_ADC5startEv  stm32f407_adc.o
    0x08003790   0x08003790   0x00000040   Code   RO         1428    i._ZN6PL_ADCC1EP11ADC_TypeDef  stm32f407_adc.o
    0x080037d0   0x080037d0   0x00000024   Code   RO         1016    i._ZN6ScreenC1Ev    main.o
    0x080037f4   0x080037f4   0x00000006   Code   RO          169    i._ZN7Battery10getVoltageEv  main.o
    0x080037fa   0x080037fa   0x00000006   Code   RO          170    i._ZN7Battery13getPercentageEv  main.o
    0x08003800   0x08003800   0x0000000a   Code   RO          171    i._ZN7Battery14getCellVoltageEi  main.o
    0x0800380a   0x0800380a   0x00000002   PAD
    0x0800380c   0x0800380c   0x0000009c   Code   RO          172    i._ZN7Battery4initEP6PL_ADCtttt  main.o
    0x080038a8   0x080038a8   0x0000015c   Code   RO          173    i._ZN7Battery6updateEv  main.o
    0x08003a04   0x08003a04   0x0000002e   Code   RO          174    i._ZN7Battery8readCellEi  main.o
    0x08003a32   0x08003a32   0x0000000c   Code   RO          175    i._ZN7Buttons10setChangedEib  main.o
    0x08003a3e   0x08003a3e   0x0000000a   Code   RO         1022    i._ZN7Buttons12ButtonStructC1Ev  main.o
    0x08003a48   0x08003a48   0x00000034   Code   RO          176    i._ZN7Buttons4initEtttt  main.o
    0x08003a7c   0x08003a7c   0x00000016   Code   RO          177    i._ZN7Buttons6enableEv  main.o
    0x08003a92   0x08003a92   0x00000002   PAD
    0x08003a94   0x08003a94   0x00000088   Code   RO          178    i._ZN7Buttons6updateEv  main.o
    0x08003b1c   0x08003b1c   0x00000016   Code   RO          179    i._ZN7Buttons7disableEv  main.o
    0x08003b32   0x08003b32   0x0000001e   Code   RO          180    i._ZN7Buttons9isChangedEib  main.o
    0x08003b50   0x08003b50   0x0000000c   Code   RO          181    i._ZN7Buttons9isPressedEi  main.o
    0x08003b5c   0x08003b5c   0x00000006   Code   RO         1028    i._ZN7CommandC1Ev   main.o
    0x08003b62   0x08003b62   0x00000038   Code   RO         1010    i._ZN7Display11addToScreenE7Command  main.o
    0x08003b9a   0x08003b9a   0x00000004   Code   RO          182    i._ZN7Display5printEPcii  main.o
    0x08003b9e   0x08003b9e   0x00000010   Code   RO          183    i._ZN7Display5printEdiii  main.o
    0x08003bae   0x08003bae   0x00000010   Code   RO          185    i._ZN7Display5printEiiii  main.o
    0x08003bbe   0x08003bbe   0x00000010   Code   RO          186    i._ZN7Display5printEjiii  main.o
    0x08003bce   0x08003bce   0x0000002e   Code   RO         1004    i._ZN7Display6addEscE7Command  main.o
    0x08003bfc   0x08003bfc   0x00000034   Code   RO         1899    i._ZN7SSD130615ssd1306_commandEh  ssd1306.o
    0x08003c30   0x08003c30   0x00000174   Code   RO         1906    i._ZN7SSD13065beginEhb  ssd1306.o
    0x08003da4   0x08003da4   0x00000010   Code   RO         1907    i._ZN7SSD13065clearEv  ssd1306.o
    0x08003db4   0x08003db4   0x00000010   Code   RO         1908    i._ZN7SSD13066invertEh  ssd1306.o
    0x08003dc4   0x08003dc4   0x00000074   Code   RO         1909    i._ZN7SSD13067displayEPh  ssd1306.o
    0x08003e38   0x08003e38   0x00000078   Code   RO         1910    i._ZN7SSD13067displayEv  ssd1306.o
    0x08003eb0   0x08003eb0   0x00000008   Code   RO         1911    i._ZN7SSD13068switchOnEv  ssd1306.o
    0x08003eb8   0x08003eb8   0x000000a4   Code   RO         1912    i._ZN7SSD13069drawPixelEsst  ssd1306.o
    0x08003f5c   0x08003f5c   0x00000044   Code   RO         1914    i._ZN7SSD1306C1Ejtttttt  ssd1306.o
    0x08003fa0   0x08003fa0   0x0000000c   Code   RO         1915    i._ZN7SSD1306C1Ev   ssd1306.o
    0x08003fac   0x08003fac   0x0000002e   Code   RO         2073    i._ZN7mpu925012readFIFOsizeEv  mpu9250.o
    0x08003fda   0x08003fda   0x00000058   Code   RO         2074    i._ZN7mpu925012setAccOffsetEiii  mpu9250.o
    0x08004032   0x08004032   0x00000002   PAD
    0x08004034   0x08004034   0x00000394   Code   RO         2075    i._ZN7mpu925012updateAnglesEdb  mpu9250.o
    0x080043c8   0x080043c8   0x00000052   Code   RO         2076    i._ZN7mpu925013setGyroOffsetEiii  mpu9250.o
    0x0800441a   0x0800441a   0x00000002   PAD
    0x0800441c   0x0800441c   0x00000048   Code   RO         2077    i._ZN7mpu925020updateAnglesFromFIFOEv  mpu9250.o
    0x08004464   0x08004464   0x00000844   Code   RO         2078    i._ZN7mpu925021MadgwickAHRSupdateIMUEd  mpu9250.o
    0x08004ca8   0x08004ca8   0x00000014   Code   RO         2181    i._ZN7mpu92507convertEth  mpu9250.o
    0x08004cbc   0x08004cbc   0x00000254   Code   RO         2080    i._ZN7mpu92507initIMUEji  mpu9250.o
    0x08004f10   0x08004f10   0x0000002c   Code   RO         2081    i._ZN7mpu92507invSqrtEf  mpu9250.o
    0x08004f3c   0x08004f3c   0x000000a0   Code   RO         2082    i._ZN7mpu92507readAccEv  mpu9250.o
    0x08004fdc   0x08004fdc   0x0000005a   Code   RO         2083    i._ZN7mpu92507readRegEiPii  mpu9250.o
    0x08005036   0x08005036   0x000001c4   Code   RO         2084    i._ZN7mpu92508readFIFOEv  mpu9250.o
    0x080051fa   0x080051fa   0x000000a0   Code   RO         2085    i._ZN7mpu92508readGyroEv  mpu9250.o
    0x0800529a   0x0800529a   0x00000032   Code   RO         2087    i._ZN7mpu92508writeRegEih  mpu9250.o
    0x080052cc   0x080052cc   0x00000220   Code   RO         2088    i._ZN7mpu92509calibrateEi  mpu9250.o
    0x080054ec   0x080054ec   0x00000004   Code   RO          998    i._ZSt3absd         main.o
    0x080054f0   0x080054f0   0x00000008   Code   RO         2219    i._ZdlPv            cpprt_w.l(delete.o)
    0x080054f8   0x080054f8   0x00000008   Code   RO         2215    i._Znaj             cpprt_w.l(array_new.o)
    0x08005500   0x08005500   0x00000028   Code   RO         2222    i._Znwj             cpprt_w.l(new.o)
    0x08005528   0x08005528   0x00000030   Code   RO         2680    i.__ARM_fpclassify  m_wm.l(fpclassify.o)
    0x08005558   0x08005558   0x00000024   Code   RO         2338    i.__aeabi_vec_ctor_nocookie_nodtor  cpprt_w.l(aeabi_vec_ctor_nocookie_nodtor.o)
    0x0800557c   0x0800557c   0x00000010   Code   RO         2226    i.__cxa_guard_acquire  cpprt_w.l(cxa_guard_acquire.o)
    0x0800558c   0x0800558c   0x00000004   PAD
    0x08005590   0x08005590   0x00000360   Code   RO         2393    i.__hardfp_asin     m_wm.l(asin.o)
    0x080058f0   0x080058f0   0x000002d8   Code   RO         2649    i.__hardfp_atan     m_wm.l(atan.o)
    0x08005bc8   0x08005bc8   0x00000200   Code   RO         2407    i.__hardfp_atan2    m_wm.l(atan2.o)
    0x08005dc8   0x08005dc8   0x0000006c   Code   RO         2419    i.__hardfp_ceilf    m_wm.l(ceilf.o)
    0x08005e34   0x08005e34   0x00000004   PAD
    0x08005e38   0x08005e38   0x000000c8   Code   RO         2425    i.__hardfp_cos      m_wm.l(cos.o)
    0x08005f00   0x08005f00   0x00000014   Code   RO         2437    i.__hardfp_fabs     m_wm.l(fabs.o)
    0x08005f14   0x08005f14   0x00000004   PAD
    0x08005f18   0x08005f18   0x00000c50   Code   RO         2443    i.__hardfp_pow      m_wm.l(pow.o)
    0x08006b68   0x08006b68   0x000000c8   Code   RO         2457    i.__hardfp_sin      m_wm.l(sin.o)
    0x08006c30   0x08006c30   0x0000007a   Code   RO         2469    i.__hardfp_sqrt     m_wm.l(sqrt.o)
    0x08006caa   0x08006caa   0x00000006   PAD
    0x08006cb0   0x08006cb0   0x00000438   Code   RO         2685    i.__ieee754_rem_pio2  m_wm.l(rred.o)
    0x080070e8   0x080070e8   0x00000170   Code   RO         2663    i.__kernel_cos      m_wm.l(cos_i.o)
    0x08007258   0x08007258   0x000000f8   Code   RO         2682    i.__kernel_poly     m_wm.l(poly.o)
    0x08007350   0x08007350   0x00000130   Code   RO         2690    i.__kernel_sin      m_wm.l(sin_i.o)
    0x08007480   0x08007480   0x00000030   Code   RO         2666    i.__mathlib_dbl_divzero  m_wm.l(dunder.o)
    0x080074b0   0x080074b0   0x00000014   Code   RO         2667    i.__mathlib_dbl_infnan  m_wm.l(dunder.o)
    0x080074c4   0x080074c4   0x00000014   Code   RO         2668    i.__mathlib_dbl_infnan2  m_wm.l(dunder.o)
    0x080074d8   0x080074d8   0x00000020   Code   RO         2669    i.__mathlib_dbl_invalid  m_wm.l(dunder.o)
    0x080074f8   0x080074f8   0x00000020   Code   RO         2670    i.__mathlib_dbl_overflow  m_wm.l(dunder.o)
    0x08007518   0x08007518   0x00000020   Code   RO         2672    i.__mathlib_dbl_underflow  m_wm.l(dunder.o)
    0x08007538   0x08007538   0x00000074   Code   RO          189    i.__sti___8_main_cpp_1b880dcc  main.o
    0x080075ac   0x080075ac   0x00000010   Code   RO         2651    i.atan              m_wm.l(atan.o)
    0x080075bc   0x080075bc   0x00000018   Code   RO         2439    i.fabs              m_wm.l(fabs.o)
    0x080075d4   0x080075d4   0x000004e8   Code   RO          190    i.main              main.o
    0x08007abc   0x08007abc   0x0000006e   Code   RO         2471    i.sqrt              m_wm.l(sqrt.o)
    0x08007b2a   0x08007b2a   0x00000002   PAD
    0x08007b2c   0x08007b2c   0x00000060   Code   RO          979    t._Z3sgnIdET_S0_    main.o
    0x08007b8c   0x08007b8c   0x00000034   Code   RO          867    t._Z4crc8IcET_PS0_i  main.o
    0x08007bc0   0x08007bc0   0x00000034   Code   RO          860    t._Z4crc8IhET_PS0_i  main.o
    0x08007bf4   0x08007bf4   0x00000030   Code   RO          874    t._Z4crc8IiET_PS0_i  main.o
    0x08007c24   0x08007c24   0x0000003c   Code   RO          972    t._Z4min2IdET_S0_S0_  main.o
    0x08007c60   0x08007c60   0x00000008   Code   RO          881    t._Z4min2IiET_S0_S0_  main.o
    0x08007c68   0x08007c68   0x00000224   Code   RO          944    t._Z7toPrintIdEPcT_s  main.o
    0x08007e8c   0x08007e8c   0x00000116   Code   RO          888    t._Z7toPrintIiEPcT_s  main.o
    0x08007fa2   0x08007fa2   0x00000108   Code   RO          902    t._Z7toPrintIjEPcT_s  main.o
    0x080080aa   0x080080aa   0x00000028   Code   RO          951    t._Z8printTmlIdEvR7SSD1306T_iii  main.o
    0x080080d2   0x080080d2   0x0000002a   Code   RO          895    t._Z8printTmlIiEvR7SSD1306T_iii  main.o
    0x080080fc   0x080080fc   0x0000002a   Code   RO          909    t._Z8printTmlIjEvR7SSD1306T_iii  main.o
    0x08008126   0x08008126   0x00000018   Code   RO         2341    x$fpl$basic         fz_wm.l(basic.o)
    0x0800813e   0x0800813e   0x00000002   PAD
    0x08008140   0x08008140   0x00000062   Code   RO         2343    x$fpl$d2f           fz_wm.l(d2f.o)
    0x080081a2   0x080081a2   0x00000002   PAD
    0x080081a4   0x080081a4   0x00000150   Code   RO         2345    x$fpl$dadd          fz_wm.l(daddsub_clz.o)
    0x080082f4   0x080082f4   0x00000010   Code   RO         2781    x$fpl$dcheck1       fz_wm.l(dcheck1.o)
    0x08008304   0x08008304   0x00000018   Code   RO         2634    x$fpl$dcmpinf       fz_wm.l(dcmpi.o)
    0x0800831c   0x0800831c   0x000002b0   Code   RO         2352    x$fpl$ddiv          fz_wm.l(ddiv.o)
    0x080085cc   0x080085cc   0x00000078   Code   RO         2355    x$fpl$deqf          fz_wm.l(deqf.o)
    0x08008644   0x08008644   0x0000005e   Code   RO         2357    x$fpl$dfix          fz_wm.l(dfix.o)
    0x080086a2   0x080086a2   0x00000002   PAD
    0x080086a4   0x080086a4   0x0000005a   Code   RO         2365    x$fpl$dfixu         fz_wm.l(dfixu.o)
    0x080086fe   0x080086fe   0x0000002e   Code   RO         2370    x$fpl$dflt          fz_wm.l(dflt_clz.o)
    0x0800872c   0x0800872c   0x000000a2   Code   RO         2375    x$fpl$dfltll        fz_wm.l(dfltll_clz.o)
    0x080087ce   0x080087ce   0x00000026   Code   RO         2369    x$fpl$dfltu         fz_wm.l(dflt_clz.o)
    0x080087f4   0x080087f4   0x00000078   Code   RO         2379    x$fpl$dleqf         fz_wm.l(dleqf.o)
    0x0800886c   0x0800886c   0x00000154   Code   RO         2381    x$fpl$dmul          fz_wm.l(dmul.o)
    0x080089c0   0x080089c0   0x0000009c   Code   RO         2636    x$fpl$dnaninf       fz_wm.l(dnaninf.o)
    0x08008a5c   0x08008a5c   0x0000000c   Code   RO         2638    x$fpl$dretinf       fz_wm.l(dretinf.o)
    0x08008a68   0x08008a68   0x0000006c   Code   RO         2383    x$fpl$drleqf        fz_wm.l(drleqf.o)
    0x08008ad4   0x08008ad4   0x00000016   Code   RO         2346    x$fpl$drsb          fz_wm.l(daddsub_clz.o)
    0x08008aea   0x08008aea   0x00000002   PAD
    0x08008aec   0x08008aec   0x00000198   Code   RO         2640    x$fpl$dsqrt         fz_wm.l(dsqrt_umaal.o)
    0x08008c84   0x08008c84   0x000001d4   Code   RO         2347    x$fpl$dsub          fz_wm.l(daddsub_clz.o)
    0x08008e58   0x08008e58   0x00000056   Code   RO         2385    x$fpl$f2d           fz_wm.l(f2d.o)
    0x08008eae   0x08008eae   0x0000008c   Code   RO         2642    x$fpl$fnaninf       fz_wm.l(fnaninf.o)
    0x08008f3a   0x08008f3a   0x0000000a   Code   RO         2783    x$fpl$fpinit        fz_wm.l(fpinit.o)
    0x08008f44   0x08008f44   0x0000000a   Code   RO         2644    x$fpl$fretinf       fz_wm.l(fretinf.o)
    0x08008f4e   0x08008f4e   0x00000002   PAD
    0x08008f50   0x08008f50   0x000000c2   Code   RO         2361    x$fpl$llsfromd      fz_wm.l(dfixll.o)
    0x08009012   0x08009012   0x00000064   Code   RO         2840    x$fpl$retnan        fz_wm.l(retnan.o)
    0x08009076   0x08009076   0x0000005c   Code   RO         2646    x$fpl$scalbn        fz_wm.l(scalbn.o)
    0x080090d2   0x080090d2   0x00000030   Code   RO         2865    x$fpl$trapveneer    fz_wm.l(trapv.o)
    0x08009102   0x08009102   0x00000000   Code   RO         2648    x$fpl$usenofp       fz_wm.l(usenofp.o)
    0x08009102   0x08009102   0x00000002   PAD
    0x08009104   0x08009104   0x00000790   Data   RO          313    .constdata          main.o
    0x08009894   0x08009894   0x00000010   Data   RO         1436    .constdata          stm32f407_adc.o
    0x080098a4   0x080098a4   0x00000004   PAD
    0x080098a8   0x080098a8   0x00000050   Data   RO         2396    .constdata          m_wm.l(asin.o)
    0x080098f8   0x080098f8   0x00000088   Data   RO         2446    .constdata          m_wm.l(pow.o)
    0x08009980   0x08009980   0x00000098   Data   RO         2652    .constdata          m_wm.l(atan.o)
    0x08009a18   0x08009a18   0x00000030   Data   RO         2664    .constdata          m_wm.l(cos_i.o)
    0x08009a48   0x08009a48   0x00000008   Data   RO         2684    .constdata          m_wm.l(qnan.o)
    0x08009a50   0x08009a50   0x000000c8   Data   RO         2687    .constdata          m_wm.l(rred.o)
    0x08009b18   0x08009b18   0x00000028   Data   RO         2691    .constdata          m_wm.l(sin_i.o)
    0x08009b40   0x08009b40   0x00000010   Data   RO         2031    .constdata__ZTV7SSD1306  ssd1306.o
    0x08009b50   0x08009b50   0x00000002   Data   RO          845    .constdata__ZZN7Display6updateEvEs  main.o
    0x08009b52   0x08009b52   0x00000002   PAD
    0x08009b54   0x08009b54   0x00000020   Data   RO         2921    Region$$Table       anon$$obj.o
    0x08009b74   0x08009b74   0x00000004   Data   RO          318    .init_array         main.o
    0x08009b78   0x08009b74   0x00000000   Data   RO         2210    .init_array         c_w.l(init_aeabi.o)


    Execution Region ER_RW (Exec base: 0x20000000, Load base: 0x08009b78, Size: 0x000078f4, Max: 0xffffffff, ABSOLUTE, COMPRESSED[0x0000163c])

    Exec Addr    Load Addr    Size         Type   Attr      Idx    E Section Name        Object

    0x20000000   COMPRESSED   0x000074c8   Data   RW          314    .data               main.o
    0x200074c8   COMPRESSED   0x00000006   Data   RW         1559    .data               stm32f407_spi.o
    0x200074ce   COMPRESSED   0x00000002   PAD
    0x200074d0   COMPRESSED   0x00000004   Data   RW         1647    .data               stm32f407_sysfunc.o
    0x200074d4   COMPRESSED   0x00000020   Data   RW         1754    .data               stm32f407_uart.o
    0x200074f4   COMPRESSED   0x00000400   Data   RW         1936    .data               ssd1306.o


    Execution Region ER_ZI (Exec base: 0x200078f4, Load base: 0x0800b1b4, Size: 0x000016fc, Max: 0xffffffff, ABSOLUTE)

    Exec Addr    Load Addr    Size         Type   Attr      Idx    E Section Name        Object

    0x200078f4   0x0800b1b4   0x00000004   PAD
    0x200078f8        -       0x00000898   Zero   RW          312    .bss                main.o
    0x20008190        -       0x00000200   Zero   RW         1753    .bss                stm32f407_uart.o
    0x20008390        -       0x00000060   Zero   RW         2697    .bss                c_w.l(libspace.o)
    0x200083f0        -       0x00000400   Zero   RW         1376    HEAP                startup_stm32f40xx.o
    0x200087f0        -       0x00000800   Zero   RW         1375    STACK               startup_stm32f40xx.o


==============================================================================

Image component sizes


      Code (inc. data)   RO Data    RW Data    ZI Data      Debug   Object Name

     12204       1322       1942      29896       2200     361532   main.o
      5436        232          0          0          0      14872   mpu9250.o
       944         26         16       1024          0      12040   ssd1306.o
        64         26        392          0       3072        872   startup_stm32f40xx.o
       490         48         16          0          0       6758   stm32f407_adc.o
       396         40          0          0          0       1606   stm32f407_pin.o
         0          0          0          0          0        446   stm32f407_pwm.o
       728         52          0          6          0      32265   stm32f407_spi.o
       460         44          0          4          0      31164   stm32f407_sysfunc.o
      1406        172          0         32        512      11536   stm32f407_uart.o
       276         34          0          0          0     242781   system_stm32f4xx.o

    ----------------------------------------------------------------------
     22432       1996       2404      30964       5788     715872   Object Totals
         0          0         32          0          0          0   (incl. Generated)
        28          0          6          2          4          0   (incl. Padding)

    ----------------------------------------------------------------------

      Code (inc. data)   RO Data    RW Data    ZI Data      Debug   Library Member Name

       100          0          0          0          0          0   __dclz77c.o
         8          0          0          0          0         68   __main.o
         0          0          0          0          0          0   __rtentry.o
        12          0          0          0          0          0   __rtentry2.o
         6          0          0          0          0          0   __rtentry4.o
        52          8          0          0          0          0   __scatter.o
        28          0          0          0          0          0   __scatter_zi.o
        22          0          0          0          0        100   _rserrno.o
        22          0          0          0          0         80   abort.o
        48         34          0          0          0         76   defsig_abrt_inner.o
        14          0          0          0          0         80   defsig_abrt_outer.o
        10          0          0          0          0         68   defsig_exit.o
        50          0          0          0          0         88   defsig_general.o
        80         58          0          0          0         76   defsig_rtmem_inner.o
        14          0          0          0          0         80   defsig_rtmem_outer.o
        18          0          0          0          0         80   exit.o
        94          0          0          0          0         80   h1_alloc.o
        52          0          0          0          0         68   h1_extend.o
        78          0          0          0          0         80   h1_free.o
        14          0          0          0          0         84   h1_init.o
         6          0          0          0          0        152   heapauxi.o
         4          0          0          0          0        136   hguard.o
         0          0          0          0          0          0   indicate_semi.o
        36         10          0          0          0         80   init_aeabi.o
       138          0          0          0          0        168   init_alloc.o
         2          0          0          0          0          0   libinit.o
        18          0          0          0          0          0   libinit2.o
         2          0          0          0          0          0   libshutdown.o
         2          0          0          0          0          0   libshutdown2.o
         8          4          0          0         96         68   libspace.o
        72          0          0          0          0         76   llsdiv.o
       238          0          0          0          0        100   lludivv7m.o
         0          0          0          0          0          0   maybetermalloc1.o
         8          4          0          0          0         68   rt_eh_globals_addr_intlibspace.o
         8          4          0          0          0         68   rt_errno_addr_intlibspace.o
         8          4          0          0          0         68   rt_heap_descriptor_intlibspace.o
        68          0          0          0          0         68   rt_memclr.o
        78          0          0          0          0         80   rt_memclr_w.o
       100          0          0          0          0         80   rt_memcpy_w.o
         8          4          0          0          0         68   rt_new_handler_addr_intlibspace.o
         2          0          0          0          0          0   rtexit.o
        10          0          0          0          0          0   rtexit2.o
        12          4          0          0          0         68   sys_exit.o
        74          0          0          0          0         80   sys_stackheap_outer.o
        14          0          0          0          0         76   sys_wrch.o
         2          0          0          0          0         68   use_no_semi.o
        36          0          0          0          0         84   aeabi_vec_ctor_nocookie_nodtor.o
        80         12          0          0          0        104   arm_exceptions_globs.o
        60          0          0          0          0        108   arm_exceptions_mem.o
        26          0          0          0          0         76   arm_exceptions_terminate.o
         4          0          0          0          0         68   arm_newhandler_noexceptions.o
         8          0          0          0          0         76   array_new.o
        16          0          0          0          0         68   cxa_guard_acquire.o
         8          0          0          0          0         76   delete.o
        40          6          0          0          0         76   new.o
        24          0          0          0          0        164   basic.o
        98          4          0          0          0        140   d2f.o
       826         16          0          0          0        492   daddsub_clz.o
        16          4          0          0          0        116   dcheck1.o
        24          0          0          0          0        116   dcmpi.o
       688        140          0          0          0        256   ddiv.o
       120          4          0          0          0        140   deqf.o
        94          4          0          0          0        140   dfix.o
       194          4          0          0          0        164   dfixll.o
        90          4          0          0          0        140   dfixu.o
        84          0          0          0          0        232   dflt_clz.o
       162          0          0          0          0        132   dfltll_clz.o
       120          4          0          0          0        140   dleqf.o
       340         12          0          0          0        152   dmul.o
       156          4          0          0          0        140   dnaninf.o
        12          0          0          0          0        116   dretinf.o
       108          0          0          0          0        128   drleqf.o
       408         56          0          0          0        168   dsqrt_umaal.o
        86          4          0          0          0        132   f2d.o
       140          4          0          0          0        132   fnaninf.o
        10          0          0          0          0        116   fpinit.o
        10          0          0          0          0        116   fretinf.o
       100          0          0          0          0        116   retnan.o
        92          0          0          0          0        116   scalbn.o
        48          0          0          0          0        116   trapv.o
         0          0          0          0          0          0   usenofp.o
       864         94         80          0          0        280   asin.o
       744        106        152          0          0        352   atan.o
       512         64          0          0          0        208   atan2.o
       108         10          0          0          0        116   ceilf.o
       200         20          0          0          0        164   cos.o
       368         46         48          0          0        200   cos_i.o
       184         44          0          0          0        744   dunder.o
        44          0          0          0          0        248   fabs.o
        48          0          0          0          0        124   fpclassify.o
       248          0          0          0          0        152   poly.o
      3152        296        136          0          0        352   pow.o
         0          0          8          0          0          0   qnan.o
      1080        142        200          0          0        188   rred.o
       200         20          0          0          0        164   sin.o
       304         24         40          0          0        208   sin_i.o
       232          0          0          0          0        296   sqrt.o

    ----------------------------------------------------------------------
     14300       1286        664          0         96      11132   Library Totals
        44          4          0          0          0          0   (incl. Padding)

    ----------------------------------------------------------------------

      Code (inc. data)   RO Data    RW Data    ZI Data      Debug   Library Name

      1640        134          0          0         96       2680   c_w.l
       278         18          0          0          0        736   cpprt_w.l
      4050        264          0          0          0       3920   fz_wm.l
      8288        866        664          0          0       3796   m_wm.l

    ----------------------------------------------------------------------
     14300       1286        664          0         96      11132   Library Totals

    ----------------------------------------------------------------------

==============================================================================


      Code (inc. data)   RO Data    RW Data    ZI Data      Debug   

     36732       3282       3068      30964       5884     702328   Grand Totals
     36732       3282       3068       5692       5884     702328   ELF Image Totals (compressed)
     36732       3282       3068       5692          0          0   ROM Totals

==============================================================================

    Total RO  Size (Code + RO Data)                39800 (  38.87kB)
    Total RW  Size (RW Data + ZI Data)             36848 (  35.98kB)
    Total ROM Size (Code + RO Data + RW Data)      45492 (  44.43kB)

==============================================================================

