Component: ARM Compiler 5.06 update 6 (build 750) Tool: armlink [4d35ed]

==============================================================================

Section Cross References

    system_stm32f4xx.o(i.SystemCoreClockUpdate) refers to system_stm32f4xx.o(.data) for .data
    system_stm32f4xx.o(i.SystemInit) refers to system_stm32f4xx.o(i._Z11SetSysClockv) for SetSysClock()
    system_stm32f4xx.o(.ARM.exidx) refers to system_stm32f4xx.o(i._Z11SetSysClockv) for i._Z11SetSysClockv
    system_stm32f4xx.o(.ARM.exidx) refers to system_stm32f4xx.o(i.SystemInit) for i.SystemInit
    system_stm32f4xx.o(.ARM.exidx) refers to system_stm32f4xx.o(i.SystemCoreClockUpdate) for i.SystemCoreClockUpdate
    main.o(i._Z10drawStringR7SSD1306Pcjj) refers to main.o(i._Z8drawCharR7SSD1306cjj) for drawChar(SSD1306&, char, unsigned, unsigned)
    main.o(i._Z11distanceVecSt4pairIddES0_) refers to daddsub_clz.o(x$fpl$dsub) for __aeabi_dsub
    main.o(i._Z11distanceVecSt4pairIddES0_) refers to dmul.o(x$fpl$dmul) for __aeabi_dmul
    main.o(i._Z11distanceVecSt4pairIddES0_) refers to daddsub_clz.o(x$fpl$dadd) for __aeabi_dadd
    main.o(i._Z11distanceVecSt4pairIddES0_) refers to sqrt.o(i.__hardfp_sqrt) for __hardfp_sqrt
    main.o(i._Z12clb_imuCalibv) refers to main.o(i._ZN3IMU9calibrateEj) for IMU::calibrate(unsigned)
    main.o(i._Z12clb_imuCalibv) refers to main.o(.bss) for .bss
    main.o(i._Z12clb_imuSetupv) refers to main.o(i._ZN3IMU12setZeroAngleEv) for IMU::setZeroAngle()
    main.o(i._Z12clb_imuSetupv) refers to main.o(.bss) for .bss
    main.o(i._Z12realDistancet) refers to main.o(.data) for .data
    main.o(i._Z12setupScreensv) refers to new.o(i._Znwj) for operator new(unsigned)
    main.o(i._Z12setupScreensv) refers to main.o(i._ZN7Display6addEscE7Command) for Display::addEsc(Command)
    main.o(i._Z12setupScreensv) refers to main.o(i._ZN7Display11addToScreenE7Command) for Display::addToScreen(Command)
    main.o(i._Z12setupScreensv) refers to main.o(.bss) for .bss
    main.o(i._Z12setupScreensv) refers to main.o(i._Z16clb_screenToMainv) for clb_screenToMain()
    main.o(i._Z12setupScreensv) refers to main.o(i._Z16clb_screenToGamev) for clb_screenToGame()
    main.o(i._Z12setupScreensv) refers to main.o(i._Z24clb_screenToCalibrationsv) for clb_screenToCalibrations()
    main.o(i._Z12setupScreensv) refers to main.o(i._Z21clb_screenToDebugDatav) for clb_screenToDebugData()
    main.o(i._Z12setupScreensv) refers to main.o(i._Z20clb_screenToDribblerv) for clb_screenToDribbler()
    main.o(i._Z12setupScreensv) refers to main.o(i._Z18clb_screenToKickerv) for clb_screenToKicker()
    main.o(i._Z12setupScreensv) refers to main.o(i._Z19clb_toBatteryScreenv) for clb_toBatteryScreen()
    main.o(i._Z12setupScreensv) refers to main.o(i._Z13clb_doNothingv) for clb_doNothing()
    main.o(i._Z12setupScreensv) refers to main.o(i._Z12clb_imuSetupv) for clb_imuSetup()
    main.o(i._Z12setupScreensv) refers to main.o(i._Z12clb_imuCalibv) for clb_imuCalib()
    main.o(i._Z12setupScreensv) refers to main.o(i._Z15clb_colorChangev) for clb_colorChange()
    main.o(i._Z12setupScreensv) refers to main.o(i._Z35clb_screenToLightSensorsCalibrationv) for clb_screenToLightSensorsCalibration()
    main.o(i._Z12setupScreensv) refers to main.o(i._Z19clb_turnOnBackLightv) for clb_turnOnBackLight()
    main.o(i._Z12setupScreensv) refers to main.o(i._Z20clb_turnOffBackLightv) for clb_turnOffBackLight()
    main.o(i._Z12setupScreensv) refers to main.o(i._Z20clb_beginLightsCalibv) for clb_beginLightsCalib()
    main.o(i._Z12setupScreensv) refers to main.o(i._Z18clb_endLightsCalibv) for clb_endLightsCalib()
    main.o(i._Z12setupScreensv) refers to main.o(i._Z16clb_dribblerInOnv) for clb_dribblerInOn()
    main.o(i._Z12setupScreensv) refers to main.o(i._Z17clb_dribblerOutOnv) for clb_dribblerOutOn()
    main.o(i._Z12setupScreensv) refers to main.o(i._Z15clb_dribblerOffv) for clb_dribblerOff()
    main.o(i._Z12setupScreensv) refers to main.o(i._Z14clb_initChargev) for clb_initCharge()
    main.o(i._Z12setupScreensv) refers to main.o(i._Z16clb_kickStraightv) for clb_kickStraight()
    main.o(i._Z12setupScreensv) refers to main.o(i._Z9clb_kick2v) for clb_kick2()
    main.o(i._Z12setupScreensv) refers to main.o(i._Z9clb_kick1v) for clb_kick1()
    main.o(i._Z12updateKalmanR12CameraObjectdSt4pairIddES2_d) refers to ddiv.o(x$fpl$ddiv) for __aeabi_ddiv
    main.o(i._Z12updateKalmanR12CameraObjectdSt4pairIddES2_d) refers to daddsub_clz.o(x$fpl$dsub) for __aeabi_dsub
    main.o(i._Z12updateKalmanR12CameraObjectdSt4pairIddES2_d) refers to dmul.o(x$fpl$dmul) for __aeabi_dmul
    main.o(i._Z12updateKalmanR12CameraObjectdSt4pairIddES2_d) refers to daddsub_clz.o(x$fpl$dadd) for __aeabi_dadd
    main.o(i._Z13clb_doNothingv) refers to main.o(.data) for .data
    main.o(i._Z14clb_initChargev) refers to main.o(i._ZN12KickerModule10initChargeEv) for KickerModule::initCharge()
    main.o(i._Z14clb_initChargev) refers to main.o(.bss) for .bss
[...]
    __rt_SIGABRT_inner                       0x080008a9   Thumb Code    14  defsig_abrt_inner.o(.text)
    _ttywrch                                 0x080008d9   Thumb Code    14  sys_wrch.o(.text)
    SPI1_IRQHandler                          0x080008e7   Thumb Code     6  stm32f407_spi.o(i.SPI1_IRQHandler)
    SPI2_IRQHandler                          0x080008ed   Thumb Code     6  stm32f407_spi.o(i.SPI2_IRQHandler)
    SPI3_IRQHandler                          0x080008f3   Thumb Code     6  stm32f407_spi.o(i.SPI3_IRQHandler)
    SystemInit                               0x080008f9   Thumb Code    74  system_stm32f4xx.o(i.SystemInit)
    TIM7_IRQHandler                          0x08000955   Thumb Code    26  stm32f407_sysfunc.o(i.TIM7_IRQHandler)
    UART4_IRQHandler                         0x08000979   Thumb Code     6  stm32f407_uart.o(i.UART4_IRQHandler)
    UART5_IRQHandler                         0x0800097f   Thumb Code     6  stm32f407_uart.o(i.UART5_IRQHandler)
    USART1_IRQHandler                        0x08000985   Thumb Code     6  stm32f407_uart.o(i.USART1_IRQHandler)
    USART2_IRQHandler                        0x0800098b   Thumb Code     6  stm32f407_uart.o(i.USART2_IRQHandler)
    USART3_IRQHandler                        0x08000991   Thumb Code     6  stm32f407_uart.o(i.USART3_IRQHandler)
    USART6_IRQHandler                        0x08000997   Thumb Code     6  stm32f407_uart.o(i.USART6_IRQHandler)
    drawString(SSD1306&, char*, unsigned, unsigned) 0x0800099d   Thumb Code    52  main.o(i._Z10drawStringR7SSD1306Pcjj)
    delayMicros(unsigned)                    0x08000a89   Thumb Code    22  stm32f407_sysfunc.o(i._Z11delayMicrosj)
    distanceVec(std::pair<double, double>, std::pair<double, double>) 0x08000a9f   Thumb Code   102  main.o(i._Z11distanceVecSt4pairIddES0_)
    tryTransmit(unsigned)                    0x08000b05   Thumb Code   114  stm32f407_uart.o(i._Z11tryTransmitj)
    clb_imuCalib()                           0x08000b99   Thumb Code    10  main.o(i._Z12clb_imuCalibv)
    clb_imuSetup()                           0x08000ba9   Thumb Code     6  main.o(i._Z12clb_imuSetupv)
    setupScreens()                           0x08000bb5   Thumb Code   760  main.o(i._Z12setupScreensv)
    writeStrUART(unsigned, char*)            0x0800104d   Thumb Code    32  stm32f407_uart.o(i._Z12writeStrUARTjPc)
    UARTAvailable(unsigned)                  0x0800106d   Thumb Code    18  stm32f407_uart.o(i._Z13UARTAvailablej)
    clb_doNothing()                          0x08001085   Thumb Code    10  main.o(i._Z13clb_doNothingv)
    symbolToIndex(char)                      0x08001095   Thumb Code     4  main.o(i._Z13symbolToIndexc)
    clb_initCharge()                         0x080010c5   Thumb Code     6  main.o(i._Z14clb_initChargev)
    clb_colorChange()                        0x080010d1   Thumb Code    22  main.o(i._Z15clb_colorChangev)
    clb_dribblerOff()                        0x080010ed   Thumb Code     8  main.o(i._Z15clb_dribblerOffv)
    clb_dribblerInOn()                       0x080010f9   Thumb Code    30  main.o(i._Z16clb_dribblerInOnv)
    clb_kickStraight()                       0x08001121   Thumb Code    10  main.o(i._Z16clb_kickStraightv)
    clb_screenToGame()                       0x08001131   Thumb Code    78  main.o(i._Z16clb_screenToGamev)
    clb_screenToMain()                       0x0800118d   Thumb Code    36  main.o(i._Z16clb_screenToMainv)
    clb_dribblerOutOn()                      0x080011b9   Thumb Code    10  main.o(i._Z17clb_dribblerOutOnv)
    clb_screenToEmpty()                      0x080011c9   Thumb Code    10  main.o(i._Z17clb_screenToEmptyv)
    clb_endLightsCalib()                     0x080011d9   Thumb Code     6  main.o(i._Z18clb_endLightsCalibv)
    clb_screenToKicker()                     0x080011e5   Thumb Code    14  main.o(i._Z18clb_screenToKickerv)
    SPIInterruptHandler(unsigned)            0x080011fd   Thumb Code    46  stm32f407_spi.o(i._Z19SPIInterruptHandlerj)
    clb_toBatteryScreen()                    0x0800123d   Thumb Code    14  main.o(i._Z19clb_toBatteryScreenv)
    clb_turnOnBackLight()                    0x08001251   Thumb Code     6  main.o(i._Z19clb_turnOnBackLightv)
    UARTInterruptHandler(unsigned)           0x0800125d   Thumb Code   298  stm32f407_uart.o(i._Z20UARTInterruptHandlerj)
    clb_beginLightsCalib()                   0x080013ad   Thumb Code     6  main.o(i._Z20clb_beginLightsCalibv)
    clb_screenToDribbler()                   0x080013b9   Thumb Code    14  main.o(i._Z20clb_screenToDribblerv)
    clb_turnOffBackLight()                   0x080013d1   Thumb Code     6  main.o(i._Z20clb_turnOffBackLightv)
    clb_screenToDebugData()                  0x080013dd   Thumb Code    28  main.o(i._Z21clb_screenToDebugDatav)
    clb_screenToCalibrations()               0x08001401   Thumb Code    14  main.o(i._Z24clb_screenToCalibrationsv)
    clb_screenToLightSensorsCalibration()    0x08001419   Thumb Code    14  main.o(i._Z35clb_screenToLightSensorsCalibrationv)
    det(double, double, double, double)      0x08001431   Thumb Code    68  main.o(i._Z3detdddd)
    delay(unsigned)                          0x08001475   Thumb Code    22  stm32f407_sysfunc.o(i._Z5delayj)
    micros()                                 0x0800148d   Thumb Code    22  stm32f407_sysfunc.o(i._Z6microsv)
    millis()                                 0x080014ad   Thumb Code     6  stm32f407_sysfunc.o(i._Z6millisv)
    rotate(std::pair<double, double>, double) 0x080014b9   Thumb Code   188  main.o(i._Z6rotateSt4pairIddEd)
    setPin(GPIO_TypeDef*, unsigned short, bool) 0x0800157d   Thumb Code    24  main.o(i._Z6setPinP12GPIO_TypeDeftb)
    setPin(unsigned short, bool)             0x08001595   Thumb Code    52  main.o(i._Z6setPintb)
    initPin(GPIO_TypeDef*, unsigned short, unsigned char, unsigned char, unsigned char) 0x080015dd   Thumb Code   362  stm32f407_pin.o(i._Z7initPinP12GPIO_TypeDefthhh)
    initPin(unsigned short, unsigned char, unsigned char, unsigned char) 0x08001769   Thumb Code    94  main.o(i._Z7initPinthhh)
    initRCC()                                0x080017dd   Thumb Code   220  stm32f407_sysfunc.o(i._Z7initRCCv)
    initSPI(unsigned, bool, unsigned char, unsigned short, int, int, int, int) 0x080018bd   Thumb Code   548  stm32f407_spi.o(i._Z7initSPIjbhtiiii)
    readPin(GPIO_TypeDef*, unsigned short)   0x08001af5   Thumb Code    18  main.o(i._Z7readPinP12GPIO_TypeDeft)
    readPin(unsigned short)                  0x08001b09   Thumb Code    50  main.o(i._Z7readPint)
    drawChar(SSD1306&, char, unsigned, unsigned) 0x08001b51   Thumb Code   202  main.o(i._Z8drawCharR7SSD1306cjj)
    initUART(unsigned, unsigned, unsigned char, float, unsigned char, unsigned) 0x08001c25   Thumb Code   868  stm32f407_uart.o(i._Z8initUARTjjhfhj)
    readUART(unsigned)                       0x08001fc1   Thumb Code    38  stm32f407_uart.o(i._Z8readUARTj)
    sysStart()                               0x08001ff1   Thumb Code    98  stm32f407_sysfunc.o(i._Z8sysStartv)
    writeSPI(unsigned, unsigned short)       0x08002061   Thumb Code    42  stm32f407_spi.o(i._Z8writeSPIjt)
    clb_kick1()                              0x08002099   Thumb Code    10  main.o(i._Z9clb_kick1v)
    clb_kick2()                              0x080020a9   Thumb Code    10  main.o(i._Z9clb_kick2v)
    intersect(segment, line, pt&)            0x080020b9   Thumb Code   354  main.o(i._Z9intersect7segment4lineR2pt)
    writeUART(unsigned, char)                0x08002225   Thumb Code    28  stm32f407_uart.o(i._Z9writeUARTjc)
    BallSensor::init(PL_ADC*, unsigned short, unsigned short) 0x08002249   Thumb Code    68  main.o(i._ZN10BallSensor4initEP6PL_ADCtt)
    BallSensor::turnOn()                     0x08002291   Thumb Code    18  main.o(i._ZN10BallSensor6turnOnEv)
    BallSensor::update()                     0x080022a3   Thumb Code    62  main.o(i._ZN10BallSensor6updateEv)
    BallSensor::getValue()                   0x080022e1   Thumb Code     4  main.o(i._ZN10BallSensor8getValueEv)
    Functional::goalkeeper()                 0x080022e5   Thumb Code  1998  main.o(i._ZN10Functional10goalkeeperEv)
    Functional::posCalc()                    0x08002ae1   Thumb Code   558  main.o(i._ZN10Functional7posCalcEv)
    Functional::Functional(Robot*)           0x08002d21   Thumb Code   372  main.o(i._ZN10FunctionalC1EP5Robot)
    Functional::Functional__sub_object(Robot*) 0x08002d21   Thumb Code     0  main.o(i._ZN10FunctionalC1EP5Robot)
    FieldObject::update(std::pair<double, double>, std::pair<double, double>, unsigned, unsigned short) 0x08002ea5   Thumb Code   266  main.o(i._ZN11FieldObject6updateESt4pairIddES1_jt)
    FieldObject::FieldObject()               0x08002fb9   Thumb Code   120  main.o(i._ZN11FieldObjectC1Ev)
    FieldObject::FieldObject__sub_object()   0x08002fb9   Thumb Code     0  main.o(i._ZN11FieldObjectC1Ev)
    LineSensors::turnOnSensors()             0x08003039   Thumb Code     6  main.o(i._ZN11LineSensors13turnOnSensorsEv)
    LineSensors::turnOffSensors()            0x0800303f   Thumb Code     6  main.o(i._ZN11LineSensors14turnOffSensorsEv)
    LineSensors::endLineCalibration()        0x08003045   Thumb Code     6  main.o(i._ZN11LineSensors18endLineCalibrationEv)
    LineSensors::beginLineCalibration()      0x0800304b   Thumb Code     6  main.o(i._ZN11LineSensors20beginLineCalibrationEv)
    LineSensors::init(unsigned, unsigned short) 0x08003051   Thumb Code    36  main.o(i._ZN11LineSensors4initEjt)
    LineSensors::update()                    0x08003075   Thumb Code    52  main.o(i._ZN11LineSensors6updateEv)
    LineSensors::getLine()                   0x080030a9   Thumb Code     4  main.o(i._ZN11LineSensors7getLineEv)
    CameraObject::CameraObject()             0x080030ad   Thumb Code    36  main.o(i._ZN12CameraObjectC1Ev)
    CameraObject::CameraObject__sub_object() 0x080030ad   Thumb Code     0  main.o(i._ZN12CameraObjectC1Ev)
    KickerModule::initCharge()               0x080030d9   Thumb Code     8  main.o(i._ZN12KickerModule10initChargeEv)
    KickerModule::init(unsigned short, unsigned short, unsigned short, unsigned short) 0x080030e1   Thumb Code   122  main.o(i._ZN12KickerModule4initEtttt)
    KickerModule::kick(bool, bool)           0x0800315b   Thumb Code   152  main.o(i._ZN12KickerModule4kickEbb)
    KickerModule::update()                   0x080031f3   Thumb Code    20  main.o(i._ZN12KickerModule6updateEv)
    KickerModule::isCharged()                0x08003207   Thumb Code    14  main.o(i._ZN12KickerModule9isChargedEv)
    MotorDrivers::enableMotor(int)           0x08003215   Thumb Code    14  main.o(i._ZN12MotorDrivers11enableMotorEi)
    MotorDrivers::setDribbler(int)           0x08003223   Thumb Code     8  main.o(i._ZN12MotorDrivers11setDribblerEi)
    MotorDrivers::disableMotor(int)          0x0800322b   Thumb Code    14  main.o(i._ZN12MotorDrivers12disableMotorEi)
    MotorDrivers::enableMotors()             0x08003239   Thumb Code    28  main.o(i._ZN12MotorDrivers12enableMotorsEv)
    MotorDrivers::disableMotors()            0x08003255   Thumb Code    28  main.o(i._ZN12MotorDrivers13disableMotorsEv)
    MotorDrivers::attemptCurrent()           0x08003271   Thumb Code    28  main.o(i._ZN12MotorDrivers14attemptCurrentEv)
    MotorDrivers::init(unsigned, unsigned char, unsigned, unsigned char, unsigned, unsigned char, unsigned, unsigned char, unsigned, unsigned char) 0x0800328d   Thumb Code   144  main.o(i._ZN12MotorDrivers4initEjhjhjhjhjh)
    MotorDrivers::update()                   0x0800331d   Thumb Code   322  main.o(i._ZN12MotorDrivers6updateEv)
    MotorDrivers::setMotor(int, int)         0x08003469   Thumb Code    42  main.o(i._ZN12MotorDrivers8setMotorEii)
    MotorDrivers::setMotors(int, int, int, int) 0x08003493   Thumb Code    56  main.o(i._ZN12MotorDrivers9setMotorsEiiii)
    MotorDrivers::setMotors(int, int, int, int, int) 0x080034cb   Thumb Code    30  main.o(i._ZN12MotorDrivers9setMotorsEiiiii)
    BaseFunctional::checkBounds(std::pair<double, double>, std::pair<double, double>, std::pair<double, double>) 0x080034e9   Thumb Code   104  main.o(i._ZN14BaseFunctional11checkBoundsESt4pairIddES1_S1_)
    BaseFunctional::getRobotClass()          0x08003551   Thumb Code     4  main.o(i._ZN14BaseFunctional13getRobotClassEv)
    BaseFunctional::genVTMGlobalPoint(std::pair<short, short>, std::pair<short, short>, double, char) 0x08003555   Thumb Code   294  main.o(i._ZN14BaseFunctional17genVTMGlobalPointESt4pairIssES1_dc)
    BaseFunctional::move2(VectorToMove, double, double, unsigned short) 0x080036ad   Thumb Code   132  main.o(i._ZN14BaseFunctional5move2E12VectorToMoveddt)
    IMU::setZeroAngle()                      0x08003741   Thumb Code    20  main.o(i._ZN3IMU12setZeroAngleEv)
    IMU::updateAnglesFromFIFO()              0x08003755   Thumb Code     6  main.o(i._ZN3IMU20updateAnglesFromFIFOEv)
    IMU::init(unsigned, unsigned short, unsigned short) 0x0800375d   Thumb Code    76  main.o(i._ZN3IMU4initEjtt)
    IMU::turnOn()                            0x080037b1   Thumb Code    34  main.o(i._ZN3IMU6turnOnEv)
    IMU::update()                            0x080037d5   Thumb Code   144  main.o(i._ZN3IMU6updateEv)
    IMU::getAngle()                          0x0800387d   Thumb Code   124  main.o(i._ZN3IMU8getAngleEv)
    IMU::calibrate(unsigned)                 0x08003911   Thumb Code     6  main.o(i._ZN3IMU9calibrateEj)
    Robot::switch5vOn()                      0x08003917   Thumb Code     8  main.o(i._ZN5Robot10switch5vOnEv)
    Robot::updateMenu()                      0x08003921   Thumb Code   328  main.o(i._ZN5Robot10updateMenuEv)
    Robot::switch5vOff()                     0x08003a6d   Thumb Code     8  main.o(i._ZN5Robot11switch5vOffEv)
    Robot::handleErrors()                    0x08003a75   Thumb Code    58  main.o(i._ZN5Robot12handleErrorsEv)
    Robot::setPlayState(bool)                0x08003ab5   Thumb Code    82  main.o(i._ZN5Robot12setPlayStateEb)
    Robot::swithPowerOn()                    0x08003b07   Thumb Code     8  main.o(i._ZN5Robot12swithPowerOnEv)
    Robot::updateSelfPos(std::pair<double, double>, std::pair<double, double>) 0x08003b11   Thumb Code   422  main.o(i._ZN5Robot13updateSelfPosESt4pairIddES1_)
    Robot::changePlayState()                 0x08003ce9   Thumb Code    22  main.o(i._ZN5Robot15changePlayStateEv)
    Robot::getV()                            0x08003cff   Thumb Code    10  main.o(i._ZN5Robot4getVEv)
    Robot::init()                            0x08003d09   Thumb Code   642  main.o(i._ZN5Robot4initEv)
    Robot::move(double, double, double, double, double, double) 0x08003fa5   Thumb Code  1842  main.o(i._ZN5Robot4moveEdddddd)
    Robot::wait(unsigned)                    0x080046f1   Thumb Code   340  main.o(i._ZN5Robot4waitEj)
    Robot::getPos()                          0x08004849   Thumb Code    10  main.o(i._ZN5Robot6getPosEv)
    Robot::initLEDs()                        0x08004853   Thumb Code    66  main.o(i._ZN5Robot8initLEDsEv)
    Robot::logErrors()                       0x08004895   Thumb Code    28  main.o(i._ZN5Robot9logErrorsEv)
    Robot::playState()                       0x080048b5   Thumb Code    10  main.o(i._ZN5Robot9playStateEv)
    Robot::Robot()                           0x080048c1   Thumb Code   128  main.o(i._ZN5RobotC1Ev)
    Robot::Robot__sub_object()               0x080048c1   Thumb Code     0  main.o(i._ZN5RobotC1Ev)
    Border::Border(double, char, char, short, short, short, short) 0x08004951   Thumb Code    36  main.o(i._ZN6BorderC1Edccssss)
    Border::Border__sub_object(double, char, char, short, short, short, short) 0x08004951   Thumb Code     0  main.o(i._ZN6BorderC1Edccssss)
    Camera::init(unsigned, unsigned short, bool&) 0x0800497d   Thumb Code    34  main.o(i._ZN6Camera4initEjtRb)
    Camera::update()                         0x0800499f   Thumb Code   392  main.o(i._ZN6Camera6updateEv)
    Camera::Camera()                         0x08004b27   Thumb Code    60  main.o(i._ZN6CameraC1Ev)
    Camera::Camera__sub_object()             0x08004b27   Thumb Code     0  main.o(i._ZN6CameraC1Ev)
    Driver::setVelocity(int)                 0x08004b65   Thumb Code   158  main.o(i._ZN6Driver11setVelocityEi)
    Driver::updateFromReg()                  0x08004c09   Thumb Code    96  main.o(i._ZN6Driver13updateFromRegEv)
    Driver::attemptCurrent()                 0x08004c6d   Thumb Code    10  main.o(i._ZN6Driver14attemptCurrentEv)
    Driver::enableFloating()                 0x08004c7d   Thumb Code    32  main.o(i._ZN6Driver14enableFloatingEv)
    Driver::disableFloating()                0x08004ca1   Thumb Code    32  main.o(i._ZN6Driver15disableFloatingEv)
    Driver::init(char, char)                 0x08004cc5   Thumb Code     6  main.o(i._ZN6Driver4initEcc)
    Driver::write(char*, char, char)         0x08004ccd   Thumb Code   100  main.o(i._ZN6Driver5writeEPccc)
    Driver::Driver()                         0x08004d35   Thumb Code    52  main.o(i._ZN6DriverC1Ev)
    Driver::Driver__sub_object()             0x08004d35   Thumb Code     0  main.o(i._ZN6DriverC1Ev)
    PL_ADC::waitUpdate()                     0x08004d69   Thumb Code    10  stm32f407_adc.o(i._ZN6PL_ADC10waitUpdateEv)
    PL_ADC::add(signed char)                 0x08004d75   Thumb Code   172  stm32f407_adc.o(i._ZN6PL_ADC3addEa)
    PL_ADC::init()                           0x08004e39   Thumb Code   114  stm32f407_adc.o(i._ZN6PL_ADC4initEv)
    PL_ADC::read(signed char, bool)          0x08004eb5   Thumb Code    74  stm32f407_adc.o(i._ZN6PL_ADC4readEab)
    PL_ADC::start()                          0x08004eff   Thumb Code    22  stm32f407_adc.o(i._ZN6PL_ADC5startEv)
    PL_ADC::PL_ADC(ADC_TypeDef*)             0x08004f15   Thumb Code    50  stm32f407_adc.o(i._ZN6PL_ADCC1EP11ADC_TypeDef)
    PL_ADC::PL_ADC__sub_object(ADC_TypeDef*) 0x08004f15   Thumb Code     0  stm32f407_adc.o(i._ZN6PL_ADCC1EP11ADC_TypeDef)
    Screen::Screen()                         0x08004f55   Thumb Code    32  main.o(i._ZN6ScreenC1Ev)
    Screen::Screen__sub_object()             0x08004f55   Thumb Code     0  main.o(i._ZN6ScreenC1Ev)
    Battery::getVoltage()                    0x08004f79   Thumb Code     6  main.o(i._ZN7Battery10getVoltageEv)
    Battery::getPercentage()                 0x08004f7f   Thumb Code     6  main.o(i._ZN7Battery13getPercentageEv)
    Battery::getCellVoltage(int)             0x08004f85   Thumb Code    10  main.o(i._ZN7Battery14getCellVoltageEi)
    Battery::init(PL_ADC*, unsigned short, unsigned short, unsigned short, unsigned short) 0x08004f91   Thumb Code   118  main.o(i._ZN7Battery4initEP6PL_ADCtttt)
    Battery::update()                        0x0800502d   Thumb Code   308  main.o(i._ZN7Battery6updateEv)
    Battery::readCell(int)                   0x08005189   Thumb Code    46  main.o(i._ZN7Battery8readCellEi)
    Buttons::setChanged(int, bool)           0x080051b7   Thumb Code    12  main.o(i._ZN7Buttons10setChangedEib)
    Buttons::ButtonStruct::ButtonStruct()    0x080051c3   Thumb Code    10  main.o(i._ZN7Buttons12ButtonStructC1Ev)
    Buttons::ButtonStruct::ButtonStruct__sub_object() 0x080051c3   Thumb Code     0  main.o(i._ZN7Buttons12ButtonStructC1Ev)
    Buttons::init(unsigned short, unsigned short, unsigned short, unsigned short) 0x080051cd   Thumb Code    52  main.o(i._ZN7Buttons4initEtttt)
    Buttons::enable()                        0x08005201   Thumb Code    22  main.o(i._ZN7Buttons6enableEv)
    Buttons::update()                        0x08005217   Thumb Code    52  main.o(i._ZN7Buttons6updateEv)
    Buttons::disable()                       0x0800524b   Thumb Code    22  main.o(i._ZN7Buttons7disableEv)
    Buttons::isChanged(int, bool)            0x08005261   Thumb Code    30  main.o(i._ZN7Buttons9isChangedEib)
    Buttons::isPressed(int)                  0x0800527f   Thumb Code    12  main.o(i._ZN7Buttons9isPressedEi)
    Command::Command()                       0x0800528b   Thumb Code     6  main.o(i._ZN7CommandC1Ev)
    Command::Command__sub_object()           0x0800528b   Thumb Code     0  main.o(i._ZN7CommandC1Ev)
    Display::addToScreen(Command)            0x08005291   Thumb Code    56  main.o(i._ZN7Display11addToScreenE7Command)
    Display::print(char*, int, int)          0x080052c9   Thumb Code     4  main.o(i._ZN7Display5printEPcii)
    Display::print(double, int, int, int)    0x080052cd   Thumb Code    16  main.o(i._ZN7Display5printEdiii)
    Display::print(int, int, int, int)       0x080052dd   Thumb Code    16  main.o(i._ZN7Display5printEiiii)
    Display::print(unsigned, int, int, int)  0x080052ed   Thumb Code    16  main.o(i._ZN7Display5printEjiii)
    Display::addEsc(Command)                 0x080052fd   Thumb Code    46  main.o(i._ZN7Display6addEscE7Command)
    SSD1306::ssd1306_command(unsigned char)  0x0800532b   Thumb Code    52  ssd1306.o(i._ZN7SSD130615ssd1306_commandEh)
    SSD1306::begin(unsigned char, bool)      0x0800535f   Thumb Code   372  ssd1306.o(i._ZN7SSD13065beginEhb)
    SSD1306::clear()                         0x080054d5   Thumb Code    10  ssd1306.o(i._ZN7SSD13065clearEv)
    SSD1306::invert(unsigned char)           0x080054e5   Thumb Code    16  ssd1306.o(i._ZN7SSD13066invertEh)
    SSD1306::display(unsigned char*)         0x080054f5   Thumb Code   116  ssd1306.o(i._ZN7SSD13067displayEPh)
    SSD1306::display()                       0x08005569   Thumb Code   116  ssd1306.o(i._ZN7SSD13067displayEv)
    SSD1306::switchOn()                      0x080055e1   Thumb Code     8  ssd1306.o(i._ZN7SSD13068switchOnEv)
    SSD1306::drawPixel(short, short, unsigned short) 0x080055e9   Thumb Code   158  ssd1306.o(i._ZN7SSD13069drawPixelEsst)
    SSD1306::SSD1306(unsigned, unsigned short, unsigned short, unsigned short, unsigned short, unsigned short, unsigned short) 0x0800568d   Thumb Code    64  ssd1306.o(i._ZN7SSD1306C1Ejtttttt)
    SSD1306::SSD1306__sub_object(unsigned, unsigned short, unsigned short, unsigned short, unsigned short, unsigned short, unsigned short) 0x0800568d   Thumb Code     0  ssd1306.o(i._ZN7SSD1306C1Ejtttttt)
    SSD1306::SSD1306()                       0x080056d1   Thumb Code     6  ssd1306.o(i._ZN7SSD1306C1Ev)
    SSD1306::SSD1306__sub_object()           0x080056d1   Thumb Code     0  ssd1306.o(i._ZN7SSD1306C1Ev)
    mpu9250::readFIFOsize()                  0x080056dd   Thumb Code    46  mpu9250.o(i._ZN7mpu925012readFIFOsizeEv)
    mpu9250::setAccOffset(int, int, int)     0x0800570b   Thumb Code    88  mpu9250.o(i._ZN7mpu925012setAccOffsetEiii)
    mpu9250::updateAngles(double, bool)      0x08005765   Thumb Code   588  mpu9250.o(i._ZN7mpu925012updateAnglesEdb)
    mpu9250::setGyroOffset(int, int, int)    0x080059e1   Thumb Code    82  mpu9250.o(i._ZN7mpu925013setGyroOffsetEiii)
    mpu9250::updateAnglesFromFIFO()          0x08005a35   Thumb Code    56  mpu9250.o(i._ZN7mpu925020updateAnglesFromFIFOEv)
    mpu9250::MadgwickAHRSupdateIMU(double)   0x08005a75   Thumb Code  2130  mpu9250.o(i._ZN7mpu925021MadgwickAHRSupdateIMUEd)
    mpu9250::convert(unsigned short, unsigned char) 0x080062c9   Thumb Code    16  mpu9250.o(i._ZN7mpu92507convertEth)
    mpu9250::initIMU(unsigned, int)          0x080062dd   Thumb Code   572  mpu9250.o(i._ZN7mpu92507initIMUEji)
    mpu9250::invSqrt(float)                  0x08006579   Thumb Code    40  mpu9250.o(i._ZN7mpu92507invSqrtEf)
    mpu9250::readAcc()                       0x080065a5   Thumb Code   172  mpu9250.o(i._ZN7mpu92507readAccEv)
    mpu9250::readReg(int, int*, int)         0x08006651   Thumb Code    90  mpu9250.o(i._ZN7mpu92507readRegEiPii)
    mpu9250::readGyro()                      0x080066ab   Thumb Code   172  mpu9250.o(i._ZN7mpu92508readGyroEv)
    mpu9250::writeReg(int, unsigned char)    0x08006757   Thumb Code    50  mpu9250.o(i._ZN7mpu92508writeRegEih)
    mpu9250::calibrate(int)                  0x08006789   Thumb Code   210  mpu9250.o(i._ZN7mpu92509calibrateEi)
    PairSaver::add(std::pair<double, double>, unsigned) 0x08006865   Thumb Code    72  main.o(i._ZN9PairSaver3addESt4pairIddEj)
    PairSaver::pop(unsigned)                 0x080068ad   Thumb Code    80  main.o(i._ZN9PairSaver3popEj)
    PairSaver::incP(unsigned char&)          0x080068fd   Thumb Code    18  main.o(i._ZN9PairSaver4incPERh)
    PairSaver::PairSaver()                   0x08006911   Thumb Code    80  main.o(i._ZN9PairSaverC1Ev)
    PairSaver::PairSaver__sub_object()       0x08006911   Thumb Code     0  main.o(i._ZN9PairSaverC1Ev)
    std::abs(double)                         0x08006965   Thumb Code     4  main.o(i._ZSt3absd)
    operator delete (void*)                  0x08006969   Thumb Code     8  delete.o(i._ZdlPv)
    operator new[] (unsigned)                0x08006971   Thumb Code     8  array_new.o(i._Znaj)
    operator new(unsigned)                   0x08006979   Thumb Code    34  new.o(i._Znwj)
    __ARM_fpclassify                         0x080069a1   Thumb Code    48  fpclassify.o(i.__ARM_fpclassify)
    __aeabi_vec_ctor_nocookie_nodtor         0x080069d1   Thumb Code    36  aeabi_vec_ctor_nocookie_nodtor.o(i.__aeabi_vec_ctor_nocookie_nodtor)
    __cxa_guard_acquire                      0x080069f5   Thumb Code    16  cxa_guard_acquire.o(i.__cxa_guard_acquire)
    __hardfp_asin                            0x08006a09   Thumb Code   770  asin.o(i.__hardfp_asin)
    __hardfp_atan                            0x08006d69   Thumb Code   622  atan.o(i.__hardfp_atan)
    __hardfp_atan2                           0x08007041   Thumb Code   432  atan2.o(i.__hardfp_atan2)
    __hardfp_ceilf                           0x08007231   Thumb Code    98  ceilf.o(i.__hardfp_ceilf)
    __mathlib_ceilf                          0x08007231   Thumb Code     0  ceilf.o(i.__hardfp_ceilf)
    __hardfp_cos                             0x080072a1   Thumb Code   180  cos.o(i.__hardfp_cos)
    __hardfp_fabs                            0x08007369   Thumb Code    20  fabs.o(i.__hardfp_fabs)
    __hardfp_pow                             0x08007381   Thumb Code  3072  pow.o(i.__hardfp_pow)
    __hardfp_sin                             0x08007fd1   Thumb Code   180  sin.o(i.__hardfp_sin)
    __hardfp_sqrt                            0x08008099   Thumb Code   122  sqrt.o(i.__hardfp_sqrt)
    __ieee754_rem_pio2                       0x08008119   Thumb Code   938  rred.o(i.__ieee754_rem_pio2)
    __kernel_cos                             0x08008551   Thumb Code   322  cos_i.o(i.__kernel_cos)
    __kernel_poly                            0x080086c1   Thumb Code   248  poly.o(i.__kernel_poly)
    __kernel_sin                             0x080087b9   Thumb Code   280  sin_i.o(i.__kernel_sin)
    __mathlib_dbl_divzero                    0x080088e9   Thumb Code    28  dunder.o(i.__mathlib_dbl_divzero)
    __mathlib_dbl_infnan                     0x08008919   Thumb Code    20  dunder.o(i.__mathlib_dbl_infnan)
    __mathlib_dbl_infnan2                    0x0800892d   Thumb Code    20  dunder.o(i.__mathlib_dbl_infnan2)
    __mathlib_dbl_invalid                    0x08008941   Thumb Code    24  dunder.o(i.__mathlib_dbl_invalid)
    __mathlib_dbl_overflow                   0x08008961   Thumb Code    24  dunder.o(i.__mathlib_dbl_overflow)
    __mathlib_dbl_underflow                  0x08008981   Thumb Code    24  dunder.o(i.__mathlib_dbl_underflow)
    atan                                     0x08008a55   Thumb Code    16  atan.o(i.atan)
    fabs                                     0x08008a65   Thumb Code    24  fabs.o(i.fabs)
    main                                     0x08008a7d   Thumb Code   972  main.o(i.main)
    sqrt                                     0x08008f0d   Thumb Code   110  sqrt.o(i.sqrt)
    T1 sgn<double>(T1)                       0x08008f7d   Thumb Code    72  main.o(t._Z3sgnIdET_S0_)
    T1 crc8<char>(T1*, int)                  0x08008fdd   Thumb Code    52  main.o(t._Z4crc8IcET_PS0_i)
    T1 crc8<unsigned char>(T1*, int)         0x08009011   Thumb Code    52  main.o(t._Z4crc8IhET_PS0_i)
    T1 crc8<int>(T1*, int)                   0x08009045   Thumb Code    48  main.o(t._Z4crc8IiET_PS0_i)
    T1 min2<double>(T1, T1)                  0x08009075   Thumb Code    60  main.o(t._Z4min2IdET_S0_S0_)
    T1 min2<int>(T1, T1)                     0x080090b1   Thumb Code     8  main.o(t._Z4min2IiET_S0_S0_)
    char* toPrint<double>(T1, short)         0x080090b9   Thumb Code   532  main.o(t._Z7toPrintIdEPcT_s)
    char* toPrint<int>(T1, short)            0x080092dd   Thumb Code   278  main.o(t._Z7toPrintIiEPcT_s)
    char* toPrint<unsigned>(T1, short)       0x080093f3   Thumb Code   264  main.o(t._Z7toPrintIjEPcT_s)
    void printTml<double>(SSD1306&, T1, int, int, int) 0x080094fb   Thumb Code    40  main.o(t._Z8printTmlIdEvR7SSD1306T_iii)
    void printTml<int>(SSD1306&, T1, int, int, int) 0x08009523   Thumb Code    42  main.o(t._Z8printTmlIiEvR7SSD1306T_iii)
    void printTml<unsigned>(SSD1306&, T1, int, int, int) 0x0800954d   Thumb Code    42  main.o(t._Z8printTmlIjEvR7SSD1306T_iii)
    std::pair<std::pair<double, double>, unsigned>::pair() 0x08009577   Thumb Code    12  main.o(t._ZNSt4pairIS_IddEjEC1Ev)
    std::pair<std::pair<double, double>, unsigned>::pair__sub_object() 0x08009577   Thumb Code     0  main.o(t._ZNSt4pairIS_IddEjEC1Ev)
    std::pair<double, double>::pair(const std::pair<double, double>&) 0x08009583   Thumb Code    18  main.o(t._ZNSt4pairIddEC1ERKS0_)
    std::pair<double, double>::pair__sub_object(const std::pair<double, double>&) 0x08009583   Thumb Code     0  main.o(t._ZNSt4pairIddEC1ERKS0_)
    std::pair<double, double>::pair()        0x08009595   Thumb Code    14  main.o(t._ZNSt4pairIddEC1Ev)
    std::pair<double, double>::pair__sub_object() 0x08009595   Thumb Code     0  main.o(t._ZNSt4pairIddEC1Ev)
    std::pair<double, double>::pair<int, int>(const std::pair<T1, T2>&) 0x080095ad   Thumb Code    30  main.o(t._ZNSt4pairIddEC1IiiEERKS_IT_T0_E)
    std::pair<double, double>::pair__sub_object<int, int>(const std::pair<T1, T2>&) 0x080095ad   Thumb Code     0  main.o(t._ZNSt4pairIddEC1IiiEERKS_IT_T0_E)
    std::pair<int, int>::pair()              0x080095cb   Thumb Code     8  main.o(t._ZNSt4pairIiiEC1Ev)
    std::pair<int, int>::pair__sub_object()  0x080095cb   Thumb Code     0  main.o(t._ZNSt4pairIiiEC1Ev)
    std::pair<short, short>::pair<double, double>(const std::pair<T1, T2>&) 0x080095d3   Thumb Code    38  main.o(t._ZNSt4pairIssEC1IddEERKS_IT_T0_E)
    std::pair<short, short>::pair__sub_object<double, double>(const std::pair<T1, T2>&) 0x080095d3   Thumb Code     0  main.o(t._ZNSt4pairIssEC1IddEERKS_IT_T0_E)
    std::pair<short, short>::pair<int, int>(const std::pair<T1, T2>&) 0x080095f9   Thumb Code    10  main.o(t._ZNSt4pairIssEC1IiiEERKS_IT_T0_E)
    std::pair<short, short>::pair__sub_object<int, int>(const std::pair<T1, T2>&) 0x080095f9   Thumb Code     0  main.o(t._ZNSt4pairIssEC1IiiEERKS_IT_T0_E)
    __aeabi_dneg                             0x08009603   Thumb Code     0  basic.o(x$fpl$basic)
    _dneg                                    0x08009603   Thumb Code     6  basic.o(x$fpl$basic)
    __aeabi_fneg                             0x08009609   Thumb Code     0  basic.o(x$fpl$basic)
    _fneg                                    0x08009609   Thumb Code     6  basic.o(x$fpl$basic)
    _dabs                                    0x0800960f   Thumb Code     6  basic.o(x$fpl$basic)
    _fabs                                    0x08009615   Thumb Code     6  basic.o(x$fpl$basic)
    __aeabi_d2f                              0x0800961d   Thumb Code     0  d2f.o(x$fpl$d2f)
    _d2f                                     0x0800961d   Thumb Code    98  d2f.o(x$fpl$d2f)
    __aeabi_dadd                             0x08009681   Thumb Code     0  daddsub_clz.o(x$fpl$dadd)
    _dadd                                    0x08009681   Thumb Code   332  daddsub_clz.o(x$fpl$dadd)
    __fpl_dcheck_NaN1                        0x080097d1   Thumb Code    10  dcheck1.o(x$fpl$dcheck1)
    __fpl_dcmp_Inf                           0x080097e1   Thumb Code    24  dcmpi.o(x$fpl$dcmpinf)
    __aeabi_ddiv                             0x080097f9   Thumb Code     0  ddiv.o(x$fpl$ddiv)
    _ddiv                                    0x080097f9   Thumb Code   552  ddiv.o(x$fpl$ddiv)
    __aeabi_cdcmpeq                          0x08009aa9   Thumb Code     0  deqf.o(x$fpl$deqf)
    _dcmpeq                                  0x08009aa9   Thumb Code   120  deqf.o(x$fpl$deqf)
    __aeabi_d2iz                             0x08009b21   Thumb Code     0  dfix.o(x$fpl$dfix)
    _dfix                                    0x08009b21   Thumb Code    94  dfix.o(x$fpl$dfix)
    __aeabi_d2uiz                            0x08009b81   Thumb Code     0  dfixu.o(x$fpl$dfixu)
    _dfixu                                   0x08009b81   Thumb Code    90  dfixu.o(x$fpl$dfixu)
    __aeabi_i2d                              0x08009bdb   Thumb Code     0  dflt_clz.o(x$fpl$dflt)
    _dflt                                    0x08009bdb   Thumb Code    46  dflt_clz.o(x$fpl$dflt)
    __aeabi_l2d                              0x08009c09   Thumb Code     0  dfltll_clz.o(x$fpl$dfltll)
    _ll_sto_d                                0x08009c09   Thumb Code   162  dfltll_clz.o(x$fpl$dfltll)
    __aeabi_ui2d                             0x08009cab   Thumb Code     0  dflt_clz.o(x$fpl$dfltu)
    _dfltu                                   0x08009cab   Thumb Code    38  dflt_clz.o(x$fpl$dfltu)
    __aeabi_cdcmple                          0x08009cd1   Thumb Code     0  dleqf.o(x$fpl$dleqf)
    _dcmple                                  0x08009cd1   Thumb Code   120  dleqf.o(x$fpl$dleqf)
    __fpl_dcmple_InfNaN                      0x08009d33   Thumb Code     0  dleqf.o(x$fpl$dleqf)
    __aeabi_dmul                             0x08009d49   Thumb Code     0  dmul.o(x$fpl$dmul)
    _dmul                                    0x08009d49   Thumb Code   332  dmul.o(x$fpl$dmul)
    __fpl_dnaninf                            0x08009e9d   Thumb Code   156  dnaninf.o(x$fpl$dnaninf)
    __fpl_dretinf                            0x08009f39   Thumb Code    12  dretinf.o(x$fpl$dretinf)
    __aeabi_cdrcmple                         0x08009f45   Thumb Code     0  drleqf.o(x$fpl$drleqf)
    _drcmple                                 0x08009f45   Thumb Code   108  drleqf.o(x$fpl$drleqf)
    __aeabi_drsub                            0x08009fb1   Thumb Code     0  daddsub_clz.o(x$fpl$drsb)
    _drsb                                    0x08009fb1   Thumb Code    22  daddsub_clz.o(x$fpl$drsb)
    _dsqrt                                   0x08009fc9   Thumb Code   404  dsqrt_umaal.o(x$fpl$dsqrt)
    __aeabi_dsub                             0x0800a161   Thumb Code     0  daddsub_clz.o(x$fpl$dsub)
    _dsub                                    0x0800a161   Thumb Code   464  daddsub_clz.o(x$fpl$dsub)
    __aeabi_f2d                              0x0800a335   Thumb Code     0  f2d.o(x$fpl$f2d)
    _f2d                                     0x0800a335   Thumb Code    86  f2d.o(x$fpl$f2d)
    __fpl_fnaninf                            0x0800a38b   Thumb Code   140  fnaninf.o(x$fpl$fnaninf)
    _fp_init                                 0x0800a417   Thumb Code    10  fpinit.o(x$fpl$fpinit)
    __fplib_config_fpu_vfp                   0x0800a41f   Thumb Code     0  fpinit.o(x$fpl$fpinit)
    __fplib_config_pureend_doubles           0x0800a41f   Thumb Code     0  fpinit.o(x$fpl$fpinit)
    __fpl_fretinf                            0x0800a421   Thumb Code    10  fretinf.o(x$fpl$fretinf)
    __aeabi_d2lz                             0x0800a42d   Thumb Code     0  dfixll.o(x$fpl$llsfromd)
    _ll_sfrom_d                              0x0800a42d   Thumb Code   194  dfixll.o(x$fpl$llsfromd)
    __fpl_return_NaN                         0x0800a4ef   Thumb Code   100  retnan.o(x$fpl$retnan)
    __ARM_scalbn                             0x0800a553   Thumb Code    92  scalbn.o(x$fpl$scalbn)
    __fpl_cmpreturn                          0x0800a5af   Thumb Code    48  trapv.o(x$fpl$trapveneer)
    __I$use$fp                               0x0800a5de   Number         0  usenofp.o(x$fpl$usenofp)
    PL_ADC::channels                         0x0800af70   Data          16  stm32f407_adc.o(.constdata)
    __mathlib_zero                           0x0800b120   Data           8  qnan.o(.constdata)
    vtable for SSD1306                       0x0800b218   Data          16  ssd1306.o(.constdata__ZTV7SSD1306)
    Display::update()::string                0x0800b228   Data           2  main.o(.constdata__ZZN7Display6updateEvEs)
    Region$$Table$$Base                      0x0800b22c   Number         0  anon$$obj.o(Region$$Table)
    Region$$Table$$Limit                     0x0800b24c   Number         0  anon$$obj.o(Region$$Table)
    SHT$$INIT_ARRAY$$Base                    0x0800b24c   Number         0  main.o(.init_array)
    SHT$$INIT_ARRAY$$Limit                   0x0800b250   Number         0  init_aeabi.o(.init_array)
    GLOBAL_ERROR                             0x2000000c   Data           4  main.o(.data)
    g_state                                  0x20000010   Data           4  main.o(.data)
    clb_var                                  0x20000014   Data           4  main.o(.data)
    initImageBuffer                          0x20000068   Data        8192  main.o(.data)
    firstField                               0x20002068   Data       21600  main.o(.data)
    trajectory1                              0x200074c8   Data         438  main.o(.data)
    goalLines                                0x20007680   Data         280  main.o(.data)
    coordsArr                                0x20007798   Data         328  main.o(.data)
    _available                               0x200078e0   Data           2  stm32f407_spi.o(.data)
    _RxData                                  0x200078e2   Data           4  stm32f407_spi.o(.data)
    _millis                                  0x200078e8   Data           4  stm32f407_sysfunc.o(.data)
    tail                                     0x200078ec   Data           4  stm32f407_uart.o(.data)
    _bufRxHead                               0x200078f0   Data           8  stm32f407_uart.o(.data)
    _bufRxTail                               0x200078f8   Data           8  stm32f407_uart.o(.data)
    _bufTxHead                               0x20007900   Data           8  stm32f407_uart.o(.data)
    _bufTxTail                               0x20007908   Data           8  stm32f407_uart.o(.data)
    b1                                       0x20007d60   Data          40  main.o(.bss)
    b2                                       0x20007d88   Data          40  main.o(.bss)
    b3                                       0x20007db0   Data          40  main.o(.bss)
    b4                                       0x20007dd8   Data          40  main.o(.bss)
    robot                                    0x20007e00   Data        5944  main.o(.bss)
    func                                     0x20009538   Data        2848  main.o(.bss)
    _bufRx                                   0x2000a058   Data         256  stm32f407_uart.o(.bss)
    _bufTx                                   0x2000a158   Data         256  stm32f407_uart.o(.bss)
    RxBuffer                                 0x2000a258   Data       10024  stm32f407_uart.o(.bss)
    __libspace_start                         0x2000c980   Data          96  libspace.o(.bss)
    __temporary_stack_top$libspace           0x2000c9e0   Data           0  libspace.o(.bss)



==============================================================================

Memory Map of the image

  Image Entry point : 0x0800027d

  Load Region LR_1 (Base: 0x08000000, Size: 0x00012f60, Max: 0xffffffff, ABSOLUTE, COMPRESSED[0x0000cbd4])

    Execution Region ER_RO (Exec base: 0x08000000, Load base: 0x08000000, Size: 0x0000b250, Max: 0xffffffff, ABSOLUTE)

    Exec Addr    Load Addr    Size         Type   Attr      Idx    E Section Name        Object

    0x08000000   0x08000000   0x00000188   Data   RO         1869    RESET               startup_stm32f40xx.o
    0x08000188   0x08000188   0x00000008   Code   RO         2743  * !!!main             c_w.l(__main.o)
    0x08000190   0x08000190   0x00000034   Code   RO         3459    !!!scatter          c_w.l(__scatter.o)
    0x080001c4   0x080001c4   0x00000064   Code   RO         3457    !!dclz77c           c_w.l(__dclz77c.o)
    0x08000228   0x08000228   0x0000001c   Code   RO         3461    !!handler_zi        c_w.l(__scatter_zi.o)
    0x08000244   0x08000244   0x00000002   Code   RO         3362    .ARM.Collect$$libinit$$00000000  c_w.l(libinit.o)
    0x08000246   0x08000246   0x00000004   Code   RO         3093    .ARM.Collect$$libinit$$00000001  c_w.l(libinit2.o)
    0x0800024a   0x0800024a   0x00000000   Code   RO         3096    .ARM.Collect$$libinit$$00000004  c_w.l(libinit2.o)
    0x0800024a   0x0800024a   0x00000008   Code   RO         3097    .ARM.Collect$$libinit$$00000005  c_w.l(libinit2.o)
    0x08000252   0x08000252   0x00000000   Code   RO         3099    .ARM.Collect$$libinit$$0000000A  c_w.l(libinit2.o)
    0x08000252   0x08000252   0x00000000   Code   RO         3101    .ARM.Collect$$libinit$$0000000C  c_w.l(libinit2.o)
    0x08000252   0x08000252   0x00000000   Code   RO         3103    .ARM.Collect$$libinit$$0000000E  c_w.l(libinit2.o)
    0x08000252   0x08000252   0x00000000   Code   RO         3106    .ARM.Collect$$libinit$$00000011  c_w.l(libinit2.o)
    0x08000252   0x08000252   0x00000000   Code   RO         3108    .ARM.Collect$$libinit$$00000013  c_w.l(libinit2.o)
    0x08000252   0x08000252   0x00000000   Code   RO         3110    .ARM.Collect$$libinit$$00000015  c_w.l(libinit2.o)
    0x08000252   0x08000252   0x00000000   Code   RO         3112    .ARM.Collect$$libinit$$00000017  c_w.l(libinit2.o)
    0x08000252   0x08000252   0x00000000   Code   RO         3114    .ARM.Collect$$libinit$$00000019  c_w.l(libinit2.o)
    0x08000252   0x08000252   0x00000000   Code   RO         3116    .ARM.Collect$$libinit$$0000001B  c_w.l(libinit2.o)
    0x08000252   0x08000252   0x00000000   Code   RO         3118    .ARM.Collect$$libinit$$0000001D  c_w.l(libinit2.o)
    0x08000252   0x08000252   0x00000000   Code   RO         3120    .ARM.Collect$$libinit$$0000001F  c_w.l(libinit2.o)
    0x08000252   0x08000252   0x00000000   Code   RO         3122    .ARM.Collect$$libinit$$00000021  c_w.l(libinit2.o)
    0x08000252   0x08000252   0x00000000   Code   RO         3124    .ARM.Collect$$libinit$$00000023  c_w.l(libinit2.o)
    0x08000252   0x08000252   0x00000000   Code   RO         3126    .ARM.Collect$$libinit$$00000025  c_w.l(libinit2.o)
    0x08000252   0x08000252   0x00000000   Code   RO         3130    .ARM.Collect$$libinit$$0000002C  c_w.l(libinit2.o)
    0x08000252   0x08000252   0x00000000   Code   RO         3132    .ARM.Collect$$libinit$$0000002E  c_w.l(libinit2.o)
    0x08000252   0x08000252   0x00000000   Code   RO         3134    .ARM.Collect$$libinit$$00000030  c_w.l(libinit2.o)
    0x08000252   0x08000252   0x00000004   Code   RO         3135    .ARM.Collect$$libinit$$00000031  c_w.l(libinit2.o)
    0x08000256   0x08000256   0x00000000   Code   RO         3136    .ARM.Collect$$libinit$$00000032  c_w.l(libinit2.o)
    0x08000256   0x08000256   0x00000002   Code   RO         3137    .ARM.Collect$$libinit$$00000033  c_w.l(libinit2.o)
    0x08000258   0x08000258   0x00000002   Code   RO         3442    .ARM.Collect$$libshutdown$$00000000  c_w.l(libshutdown.o)
    0x0800025a   0x0800025a   0x00000000   Code   RO         3421    .ARM.Collect$$libshutdown$$00000002  c_w.l(libshutdown2.o)
    0x0800025a   0x0800025a   0x00000000   Code   RO         3423    .ARM.Collect$$libshutdown$$00000004  c_w.l(libshutdown2.o)
    0x0800025a   0x0800025a   0x00000000   Code   RO         3426    .ARM.Collect$$libshutdown$$00000007  c_w.l(libshutdown2.o)
    0x0800025a   0x0800025a   0x00000000   Code   RO         3429    .ARM.Collect$$libshutdown$$0000000A  c_w.l(libshutdown2.o)
    0x0800025a   0x0800025a   0x00000000   Code   RO         3431    .ARM.Collect$$libshutdown$$0000000C  c_w.l(libshutdown2.o)
    0x0800025a   0x0800025a   0x00000000   Code   RO         3434    .ARM.Collect$$libshutdown$$0000000F  c_w.l(libshutdown2.o)
    0x0800025a   0x0800025a   0x00000002   Code   RO         3435    .ARM.Collect$$libshutdown$$00000010  c_w.l(libshutdown2.o)
    0x0800025c   0x0800025c   0x00000000   Code   RO         3017    .ARM.Collect$$rtentry$$00000000  c_w.l(__rtentry.o)
    0x0800025c   0x0800025c   0x00000000   Code   RO         3238    .ARM.Collect$$rtentry$$00000002  c_w.l(__rtentry2.o)
    0x0800025c   0x0800025c   0x00000006   Code   RO         3250    .ARM.Collect$$rtentry$$00000004  c_w.l(__rtentry4.o)
    0x08000262   0x08000262   0x00000000   Code   RO         3240    .ARM.Collect$$rtentry$$00000009  c_w.l(__rtentry2.o)
    0x08000262   0x08000262   0x00000004   Code   RO         3241    .ARM.Collect$$rtentry$$0000000A  c_w.l(__rtentry2.o)
    0x08000266   0x08000266   0x00000000   Code   RO         3243    .ARM.Collect$$rtentry$$0000000C  c_w.l(__rtentry2.o)
    0x08000266   0x08000266   0x00000008   Code   RO         3244    .ARM.Collect$$rtentry$$0000000D  c_w.l(__rtentry2.o)
    0x0800026e   0x0800026e   0x00000002   Code   RO         3383    .ARM.Collect$$rtexit$$00000000  c_w.l(rtexit.o)
    0x08000270   0x08000270   0x00000000   Code   RO         3404    .ARM.Collect$$rtexit$$00000002  c_w.l(rtexit2.o)
    0x08000270   0x08000270   0x00000004   Code   RO         3405    .ARM.Collect$$rtexit$$00000003  c_w.l(rtexit2.o)
    0x08000274   0x08000274   0x00000006   Code   RO         3406    .ARM.Collect$$rtexit$$00000004  c_w.l(rtexit2.o)
    0x0800027a   0x0800027a   0x00000002   PAD
    0x0800027c   0x0800027c   0x00000000   Code   RO         3332    .emb_text           c_w.l(maybetermalloc1.o)
    0x0800027c   0x0800027c   0x00000040   Code   RO         1870  * .text               startup_stm32f40xx.o
    0x080002bc   0x080002bc   0x000000ee   Code   RO         2733    .text               c_w.l(lludivv7m.o)
    0x080003aa   0x080003aa   0x00000048   Code   RO         2735    .text               c_w.l(llsdiv.o)
    0x080003f2   0x080003f2   0x00000064   Code   RO         2737    .text               c_w.l(rt_memcpy_w.o)
    0x08000456   0x08000456   0x00000044   Code   RO         2739    .text               c_w.l(rt_memclr.o)
    0x0800049a   0x0800049a   0x00000006   Code   RO         2741    .text               c_w.l(heapauxi.o)
    0x080004a0   0x080004a0   0x00000024   Code   RO         2748    .text               c_w.l(init_aeabi.o)
    0x080004c4   0x080004c4   0x00000008   Code   RO         3025    .text               c_w.l(rt_new_handler_addr_intlibspace.o)
    0x080004cc   0x080004cc   0x0000005e   Code   RO         3031    .text               c_w.l(h1_alloc.o)
    0x0800052a   0x0800052a   0x0000004e   Code   RO         3033    .text               c_w.l(h1_free.o)
    0x08000578   0x08000578   0x00000016   Code   RO         3089    .text               c_w.l(_rserrno.o)
    0x0800058e   0x0800058e   0x0000004e   Code   RO         3091    .text               c_w.l(rt_memclr_w.o)
    0x080005dc   0x080005dc   0x00000004   Code   RO         3141    .text               cpprt_w.l(arm_newhandler_noexceptions.o)
    0x080005e0   0x080005e0   0x00000008   Code   RO         3232    .text               c_w.l(libspace.o)
    0x080005e8   0x080005e8   0x00000008   Code   RO         3257    .text               c_w.l(rt_heap_descriptor_intlibspace.o)
    0x080005f0   0x080005f0   0x00000008   Code   RO         3262    .text               c_w.l(rt_errno_addr_intlibspace.o)
    0x080005f8   0x080005f8   0x00000004   Code   RO         3264    .text               c_w.l(hguard.o)
    0x080005fc   0x080005fc   0x0000008a   Code   RO         3266    .text               c_w.l(init_alloc.o)
    0x08000686   0x08000686   0x0000000e   Code   RO         3270    .text               c_w.l(h1_init.o)
    0x08000694   0x08000694   0x0000001a   Code   RO         3304    .text               cpprt_w.l(arm_exceptions_terminate.o)
    0x080006ae   0x080006ae   0x00000002   PAD
    0x080006b0   0x080006b0   0x00000050   Code   RO         3311    .text               cpprt_w.l(arm_exceptions_globs.o)
    0x08000700   0x08000700   0x0000004a   Code   RO         3323    .text               c_w.l(sys_stackheap_outer.o)
    0x0800074a   0x0800074a   0x00000002   PAD
    0x0800074c   0x0800074c   0x00000008   Code   RO         3328    .text               c_w.l(rt_eh_globals_addr_intlibspace.o)
    0x08000754   0x08000754   0x00000034   Code   RO         3334    .text               c_w.l(h1_extend.o)
    0x08000788   0x08000788   0x00000012   Code   RO         3338    .text               c_w.l(exit.o)
    0x0800079a   0x0800079a   0x00000016   Code   RO         3340    .text               c_w.l(abort.o)
    0x080007b0   0x080007b0   0x0000000e   Code   RO         3346    .text               c_w.l(defsig_rtmem_outer.o)
    0x080007be   0x080007be   0x0000003c   Code   RO         3366    .text               cpprt_w.l(arm_exceptions_mem.o)
    0x080007fa   0x080007fa   0x00000002   PAD
    0x080007fc   0x080007fc   0x0000000c   Code   RO         3378    .text               c_w.l(sys_exit.o)
    0x08000808   0x08000808   0x00000002   Code   RO         3380    .text               c_w.l(use_no_semi.o)
    0x0800080a   0x0800080a   0x00000000   Code   RO         3382    .text               c_w.l(indicate_semi.o)
    0x0800080a   0x0800080a   0x0000000a   Code   RO         3391    .text               c_w.l(defsig_exit.o)
    0x08000814   0x08000814   0x0000000e   Code   RO         3393    .text               c_w.l(defsig_abrt_outer.o)
    0x08000822   0x08000822   0x00000002   PAD
    0x08000824   0x08000824   0x00000050   Code   RO         3399    .text               c_w.l(defsig_rtmem_inner.o)
    0x08000874   0x08000874   0x00000032   Code   RO         3416    .text               c_w.l(defsig_general.o)
    0x080008a6   0x080008a6   0x00000002   PAD
    0x080008a8   0x080008a8   0x00000030   Code   RO         3418    .text               c_w.l(defsig_abrt_inner.o)
    0x080008d8   0x080008d8   0x0000000e   Code   RO         3436    .text               c_w.l(sys_wrch.o)
    0x080008e6   0x080008e6   0x00000006   Code   RO         2035    i.SPI1_IRQHandler   stm32f407_spi.o
    0x080008ec   0x080008ec   0x00000006   Code   RO         2036    i.SPI2_IRQHandler   stm32f407_spi.o
    0x080008f2   0x080008f2   0x00000006   Code   RO         2037    i.SPI3_IRQHandler   stm32f407_spi.o
    0x080008f8   0x080008f8   0x0000005c   Code   RO            5    i.SystemInit        system_stm32f4xx.o
    0x08000954   0x08000954   0x00000024   Code   RO         2129    i.TIM7_IRQHandler   stm32f407_sysfunc.o
    0x08000978   0x08000978   0x00000006   Code   RO         2203    i.UART4_IRQHandler  stm32f407_uart.o
    0x0800097e   0x0800097e   0x00000006   Code   RO         2204    i.UART5_IRQHandler  stm32f407_uart.o
    0x08000984   0x08000984   0x00000006   Code   RO         2205    i.USART1_IRQHandler  stm32f407_uart.o
    0x0800098a   0x0800098a   0x00000006   Code   RO         2206    i.USART2_IRQHandler  stm32f407_uart.o
    0x08000990   0x08000990   0x00000006   Code   RO         2207    i.USART3_IRQHandler  stm32f407_uart.o
    0x08000996   0x08000996   0x00000006   Code   RO         2208    i.USART6_IRQHandler  stm32f407_uart.o
    0x0800099c   0x0800099c   0x00000034   Code   RO           70    i._Z10drawStringR7SSD1306Pcjj  main.o
    0x080009d0   0x080009d0   0x000000b8   Code   RO            6    i._Z11SetSysClockv  system_stm32f4xx.o
    0x08000a88   0x08000a88   0x00000016   Code   RO         2130    i._Z11delayMicrosj  stm32f407_sysfunc.o
    0x08000a9e   0x08000a9e   0x00000066   Code   RO           71    i._Z11distanceVecSt4pairIddES0_  main.o
    0x08000b04   0x08000b04   0x00000094   Code   RO         2209    i._Z11tryTransmitj  stm32f407_uart.o
    0x08000b98   0x08000b98   0x00000010   Code   RO           72    i._Z12clb_imuCalibv  main.o
    0x08000ba8   0x08000ba8   0x0000000c   Code   RO           73    i._Z12clb_imuSetupv  main.o
    0x08000bb4   0x08000bb4   0x00000498   Code   RO           75    i._Z12setupScreensv  main.o
    0x0800104c   0x0800104c   0x00000020   Code   RO         2210    i._Z12writeStrUARTjPc  stm32f407_uart.o
    0x0800106c   0x0800106c   0x00000018   Code   RO         2211    i._Z13UARTAvailablej  stm32f407_uart.o
    0x08001084   0x08001084   0x00000010   Code   RO           78    i._Z13clb_doNothingv  main.o
    0x08001094   0x08001094   0x00000004   Code   RO           79    i._Z13symbolToIndexc  main.o
    0x08001098   0x08001098   0x00000016   Code   RO         2041    i._Z14NVIC_EnableIRQ4IRQn  stm32f407_spi.o
    0x080010ae   0x080010ae   0x00000016   Code   RO         2212    i._Z14NVIC_EnableIRQ4IRQn  stm32f407_uart.o
    0x080010c4   0x080010c4   0x0000000c   Code   RO           81    i._Z14clb_initChargev  main.o
    0x080010d0   0x080010d0   0x0000001c   Code   RO           83    i._Z15clb_colorChangev  main.o
    0x080010ec   0x080010ec   0x0000000c   Code   RO           84    i._Z15clb_dribblerOffv  main.o
    0x080010f8   0x080010f8   0x00000028   Code   RO           87    i._Z16clb_dribblerInOnv  main.o
    0x08001120   0x08001120   0x00000010   Code   RO           88    i._Z16clb_kickStraightv  main.o
    0x08001130   0x08001130   0x0000005c   Code   RO           89    i._Z16clb_screenToGamev  main.o
    0x0800118c   0x0800118c   0x0000002c   Code   RO           90    i._Z16clb_screenToMainv  main.o
    0x080011b8   0x080011b8   0x00000010   Code   RO           92    i._Z17clb_dribblerOutOnv  main.o
    0x080011c8   0x080011c8   0x00000010   Code   RO           95    i._Z17clb_screenToEmptyv  main.o
    0x080011d8   0x080011d8   0x0000000c   Code   RO           97    i._Z18clb_endLightsCalibv  main.o
    0x080011e4   0x080011e4   0x00000018   Code   RO           98    i._Z18clb_screenToKickerv  main.o
    0x080011fc   0x080011fc   0x00000040   Code   RO         2042    i._Z19SPIInterruptHandlerj  stm32f407_spi.o
    0x0800123c   0x0800123c   0x00000014   Code   RO          100    i._Z19clb_toBatteryScreenv  main.o
    0x08001250   0x08001250   0x0000000c   Code   RO          101    i._Z19clb_turnOnBackLightv  main.o
    0x0800125c   0x0800125c   0x00000150   Code   RO         2215    i._Z20UARTInterruptHandlerj  stm32f407_uart.o
    0x080013ac   0x080013ac   0x0000000c   Code   RO          103    i._Z20clb_beginLightsCalibv  main.o
    0x080013b8   0x080013b8   0x00000018   Code   RO          104    i._Z20clb_screenToDribblerv  main.o
    0x080013d0   0x080013d0   0x0000000c   Code   RO          105    i._Z20clb_turnOffBackLightv  main.o
    0x080013dc   0x080013dc   0x00000024   Code   RO          106    i._Z21clb_screenToDebugDatav  main.o
    0x08001400   0x08001400   0x00000018   Code   RO          107    i._Z24clb_screenToCalibrationsv  main.o
    0x08001418   0x08001418   0x00000018   Code   RO          108    i._Z35clb_screenToLightSensorsCalibrationv  main.o
    0x08001430   0x08001430   0x00000044   Code   RO          109    i._Z3detdddd        main.o
    0x08001474   0x08001474   0x00000016   Code   RO         2131    i._Z5delayj         stm32f407_sysfunc.o
    0x0800148a   0x0800148a   0x00000002   PAD
    0x0800148c   0x0800148c   0x00000020   Code   RO         2132    i._Z6microsv        stm32f407_sysfunc.o
    0x080014ac   0x080014ac   0x0000000c   Code   RO         2133    i._Z6millisv        stm32f407_sysfunc.o
    0x080014b8   0x080014b8   0x000000c4   Code   RO          111    i._Z6rotateSt4pairIddEd  main.o
    0x0800157c   0x0800157c   0x00000018   Code   RO         1294    i._Z6setPinP12GPIO_TypeDeftb  main.o
    0x08001594   0x08001594   0x00000048   Code   RO         1137    i._Z6setPintb       main.o
    0x080015dc   0x080015dc   0x0000018c   Code   RO         1877    i._Z7initPinP12GPIO_TypeDefthhh  stm32f407_pin.o
    0x08001768   0x08001768   0x00000074   Code   RO         1123    i._Z7initPinthhh    main.o
    0x080017dc   0x080017dc   0x000000e0   Code   RO         2134    i._Z7initRCCv       stm32f407_sysfunc.o
    0x080018bc   0x080018bc   0x00000238   Code   RO         2043    i._Z7initSPIjbhtiiii  stm32f407_spi.o
    0x08001af4   0x08001af4   0x00000012   Code   RO         1300    i._Z7readPinP12GPIO_TypeDeft  main.o
    0x08001b06   0x08001b06   0x00000002   PAD
    0x08001b08   0x08001b08   0x00000048   Code   RO         1130    i._Z7readPint       main.o
    0x08001b50   0x08001b50   0x000000d4   Code   RO          112    i._Z8drawCharR7SSD1306cjj  main.o
    0x08001c24   0x08001c24   0x0000039c   Code   RO         2216    i._Z8initUARTjjhfhj  stm32f407_uart.o
    0x08001fc0   0x08001fc0   0x00000030   Code   RO         2217    i._Z8readUARTj      stm32f407_uart.o
    0x08001ff0   0x08001ff0   0x00000070   Code   RO         2135    i._Z8sysStartv      stm32f407_sysfunc.o
    0x08002060   0x08002060   0x00000038   Code   RO         2044    i._Z8writeSPIjt     stm32f407_spi.o
    0x08002098   0x08002098   0x00000010   Code   RO          114    i._Z9clb_kick1v     main.o
    0x080020a8   0x080020a8   0x00000010   Code   RO          115    i._Z9clb_kick2v     main.o
    0x080020b8   0x080020b8   0x0000016c   Code   RO          117    i._Z9intersect7segment4lineR2pt  main.o
    0x08002224   0x08002224   0x00000024   Code   RO         2225    i._Z9writeUARTjc    stm32f407_uart.o
    0x08002248   0x08002248   0x00000048   Code   RO          119    i._ZN10BallSensor4initEP6PL_ADCtt  main.o
    0x08002290   0x08002290   0x00000012   Code   RO          120    i._ZN10BallSensor6turnOnEv  main.o
    0x080022a2   0x080022a2   0x0000003e   Code   RO          121    i._ZN10BallSensor6updateEv  main.o
    0x080022e0   0x080022e0   0x00000004   Code   RO          123    i._ZN10BallSensor8getValueEv  main.o
    0x080022e4   0x080022e4   0x000007fc   Code   RO         1270    i._ZN10Functional10goalkeeperEv  main.o
    0x08002ae0   0x08002ae0   0x00000240   Code   RO         1276    i._ZN10Functional7posCalcEv  main.o
    0x08002d20   0x08002d20   0x00000184   Code   RO         1288    i._ZN10FunctionalC1EP5Robot  main.o
    0x08002ea4   0x08002ea4   0x00000114   Code   RO         1342    i._ZN11FieldObject6updateESt4pairIddES1_jt  main.o
    0x08002fb8   0x08002fb8   0x00000080   Code   RO         1375    i._ZN11FieldObjectC1Ev  main.o
    0x08003038   0x08003038   0x00000006   Code   RO          124    i._ZN11LineSensors13turnOnSensorsEv  main.o
    0x0800303e   0x0800303e   0x00000006   Code   RO          125    i._ZN11LineSensors14turnOffSensorsEv  main.o
    0x08003044   0x08003044   0x00000006   Code   RO          126    i._ZN11LineSensors18endLineCalibrationEv  main.o
    0x0800304a   0x0800304a   0x00000006   Code   RO          127    i._ZN11LineSensors20beginLineCalibrationEv  main.o
    0x08003050   0x08003050   0x00000024   Code   RO          128    i._ZN11LineSensors4initEjt  main.o
    0x08003074   0x08003074   0x00000034   Code   RO          129    i._ZN11LineSensors6updateEv  main.o
    0x080030a8   0x080030a8   0x00000004   Code   RO          130    i._ZN11LineSensors7getLineEv  main.o
    0x080030ac   0x080030ac   0x0000002c   Code   RO         1381    i._ZN12CameraObjectC1Ev  main.o
    0x080030d8   0x080030d8   0x00000008   Code   RO          131    i._ZN12KickerModule10initChargeEv  main.o
    0x080030e0   0x080030e0   0x0000007a   Code   RO          133    i._ZN12KickerModule4initEtttt  main.o
    0x0800315a   0x0800315a   0x00000098   Code   RO          134    i._ZN12KickerModule4kickEbb  main.o
    0x080031f2   0x080031f2   0x00000014   Code   RO          135    i._ZN12KickerModule6updateEv  main.o
    0x08003206   0x08003206   0x0000000e   Code   RO          136    i._ZN12KickerModule9isChargedEv  main.o
    0x08003214   0x08003214   0x0000000e   Code   RO          137    i._ZN12MotorDrivers11enableMotorEi  main.o
    0x08003222   0x08003222   0x00000008   Code   RO          138    i._ZN12MotorDrivers11setDribblerEi  main.o
    0x0800322a   0x0800322a   0x0000000e   Code   RO          139    i._ZN12MotorDrivers12disableMotorEi  main.o
    0x08003238   0x08003238   0x0000001c   Code   RO          140    i._ZN12MotorDrivers12enableMotorsEv  main.o
    0x08003254   0x08003254   0x0000001c   Code   RO          141    i._ZN12MotorDrivers13disableMotorsEv  main.o
    0x08003270   0x08003270   0x0000001c   Code   RO          142    i._ZN12MotorDrivers14attemptCurrentEv  main.o
    0x0800328c   0x0800328c   0x00000090   Code   RO          143    i._ZN12MotorDrivers4initEjhjhjhjhjh  main.o
    0x0800331c   0x0800331c   0x0000014c   Code   RO          144    i._ZN12MotorDrivers6updateEv  main.o
    0x08003468   0x08003468   0x0000002a   Code   RO          145    i._ZN12MotorDrivers8setMotorEii  main.o
    0x08003492   0x08003492   0x00000038   Code   RO          146    i._ZN12MotorDrivers9setMotorsEiiii  main.o
    0x080034ca   0x080034ca   0x0000001e   Code   RO          147    i._ZN12MotorDrivers9setMotorsEiiiii  main.o
    0x080034e8   0x080034e8   0x00000068   Code   RO          148    i._ZN14BaseFunctional11checkBoundsESt4pairIddES1_S1_  main.o
    0x08003550   0x08003550   0x00000004   Code   RO          152    i._ZN14BaseFunctional13getRobotClassEv  main.o
    0x08003554   0x08003554   0x00000158   Code   RO          154    i._ZN14BaseFunctional17genVTMGlobalPointESt4pairIssES1_dc  main.o
    0x080036ac   0x080036ac   0x00000094   Code   RO          157    i._ZN14BaseFunctional5move2E12VectorToMoveddt  main.o
    0x08003740   0x08003740   0x00000014   Code   RO          161    i._ZN3IMU12setZeroAngleEv  main.o
    0x08003754   0x08003754   0x00000006   Code   RO          162    i._ZN3IMU20updateAnglesFromFIFOEv  main.o
    0x0800375a   0x0800375a   0x00000002   PAD
    0x0800375c   0x0800375c   0x00000054   Code   RO          163    i._ZN3IMU4initEjtt  main.o
    0x080037b0   0x080037b0   0x00000022   Code   RO          170    i._ZN3IMU6turnOnEv  main.o
    0x080037d2   0x080037d2   0x00000002   PAD
    0x080037d4   0x080037d4   0x000000a8   Code   RO          171    i._ZN3IMU6updateEv  main.o
    0x0800387c   0x0800387c   0x00000094   Code   RO          173    i._ZN3IMU8getAngleEv  main.o
    0x08003910   0x08003910   0x00000006   Code   RO          174    i._ZN3IMU9calibrateEj  main.o
    0x08003916   0x08003916   0x00000008   Code   RO          175    i._ZN5Robot10switch5vOnEv  main.o
    0x0800391e   0x0800391e   0x00000002   PAD
    0x08003920   0x08003920   0x0000014c   Code   RO          176    i._ZN5Robot10updateMenuEv  main.o
    0x08003a6c   0x08003a6c   0x00000008   Code   RO          177    i._ZN5Robot11switch5vOffEv  main.o
    0x08003a74   0x08003a74   0x00000040   Code   RO          178    i._ZN5Robot12handleErrorsEv  main.o
    0x08003ab4   0x08003ab4   0x00000052   Code   RO          179    i._ZN5Robot12setPlayStateEb  main.o
    0x08003b06   0x08003b06   0x00000008   Code   RO          180    i._ZN5Robot12swithPowerOnEv  main.o
    0x08003b0e   0x08003b0e   0x00000002   PAD
    0x08003b10   0x08003b10   0x000001d8   Code   RO          182    i._ZN5Robot13updateSelfPosESt4pairIddES1_  main.o
    0x08003ce8   0x08003ce8   0x00000016   Code   RO          183    i._ZN5Robot15changePlayStateEv  main.o
    0x08003cfe   0x08003cfe   0x0000000a   Code   RO          184    i._ZN5Robot4getVEv  main.o
    0x08003d08   0x08003d08   0x0000029c   Code   RO          185    i._ZN5Robot4initEv  main.o
    0x08003fa4   0x08003fa4   0x0000074c   Code   RO          186    i._ZN5Robot4moveEdddddd  main.o
    0x080046f0   0x080046f0   0x00000158   Code   RO          187    i._ZN5Robot4waitEj  main.o
    0x08004848   0x08004848   0x0000000a   Code   RO          188    i._ZN5Robot6getPosEv  main.o
    0x08004852   0x08004852   0x00000042   Code   RO          189    i._ZN5Robot8initLEDsEv  main.o
    0x08004894   0x08004894   0x00000020   Code   RO          190    i._ZN5Robot9logErrorsEv  main.o
    0x080048b4   0x080048b4   0x0000000a   Code   RO          191    i._ZN5Robot9playStateEv  main.o
    0x080048be   0x080048be   0x00000002   PAD
    0x080048c0   0x080048c0   0x00000090   Code   RO         1366    i._ZN5RobotC1Ev     main.o
    0x08004950   0x08004950   0x0000002c   Code   RO         1387    i._ZN6BorderC1Edccssss  main.o
    0x0800497c   0x0800497c   0x00000022   Code   RO          194    i._ZN6Camera4initEjtRb  main.o
    0x0800499e   0x0800499e   0x00000188   Code   RO          195    i._ZN6Camera6updateEv  main.o
    0x08004b26   0x08004b26   0x0000003c   Code   RO          196    i._ZN6CameraC1Ev    main.o
    0x08004b62   0x08004b62   0x00000002   PAD
    0x08004b64   0x08004b64   0x000000a4   Code   RO          198    i._ZN6Driver11setVelocityEi  main.o
    0x08004c08   0x08004c08   0x00000064   Code   RO          199    i._ZN6Driver13updateFromRegEv  main.o
    0x08004c6c   0x08004c6c   0x00000010   Code   RO          200    i._ZN6Driver14attemptCurrentEv  main.o
    0x08004c7c   0x08004c7c   0x00000024   Code   RO          202    i._ZN6Driver14enableFloatingEv  main.o
    0x08004ca0   0x08004ca0   0x00000024   Code   RO          204    i._ZN6Driver15disableFloatingEv  main.o
    0x08004cc4   0x08004cc4   0x00000006   Code   RO          205    i._ZN6Driver4initEcc  main.o
    0x08004cca   0x08004cca   0x00000002   PAD
    0x08004ccc   0x08004ccc   0x00000068   Code   RO          206    i._ZN6Driver5writeEPccc  main.o
    0x08004d34   0x08004d34   0x00000034   Code   RO          208    i._ZN6DriverC1Ev    main.o
    0x08004d68   0x08004d68   0x0000000a   Code   RO         1914    i._ZN6PL_ADC10waitUpdateEv  stm32f407_adc.o
    0x08004d72   0x08004d72   0x00000002   PAD
    0x08004d74   0x08004d74   0x000000c4   Code   RO         1915    i._ZN6PL_ADC3addEa  stm32f407_adc.o
    0x08004e38   0x08004e38   0x0000007c   Code   RO         1916    i._ZN6PL_ADC4initEv  stm32f407_adc.o
    0x08004eb4   0x08004eb4   0x0000004a   Code   RO         1917    i._ZN6PL_ADC4readEab  stm32f407_adc.o
    0x08004efe   0x08004efe   0x00000016   Code   RO         1919    i._ZN6PL_ADC5startEv  stm32f407_adc.o
    0x08004f14   0x08004f14   0x00000040   Code   RO         1920    i._ZN6PL_ADCC1EP11ADC_TypeDef  stm32f407_adc.o
    0x08004f54   0x08004f54   0x00000024   Code   RO         1393    i._ZN6ScreenC1Ev    main.o
    0x08004f78   0x08004f78   0x00000006   Code   RO          209    i._ZN7Battery10getVoltageEv  main.o
    0x08004f7e   0x08004f7e   0x00000006   Code   RO          210    i._ZN7Battery13getPercentageEv  main.o
    0x08004f84   0x08004f84   0x0000000a   Code   RO          211    i._ZN7Battery14getCellVoltageEi  main.o
    0x08004f8e   0x08004f8e   0x00000002   PAD
    0x08004f90   0x08004f90   0x0000009c   Code   RO          212    i._ZN7Battery4initEP6PL_ADCtttt  main.o
    0x0800502c   0x0800502c   0x0000015c   Code   RO          213    i._ZN7Battery6updateEv  main.o
    0x08005188   0x08005188   0x0000002e   Code   RO          214    i._ZN7Battery8readCellEi  main.o
    0x080051b6   0x080051b6   0x0000000c   Code   RO          215    i._ZN7Buttons10setChangedEib  main.o
    0x080051c2   0x080051c2   0x0000000a   Code   RO         1399    i._ZN7Buttons12ButtonStructC1Ev  main.o
    0x080051cc   0x080051cc   0x00000034   Code   RO          216    i._ZN7Buttons4initEtttt  main.o
    0x08005200   0x08005200   0x00000016   Code   RO          217    i._ZN7Buttons6enableEv  main.o
    0x08005216   0x08005216   0x00000034   Code   RO          218    i._ZN7Buttons6updateEv  main.o
    0x0800524a   0x0800524a   0x00000016   Code   RO          219    i._ZN7Buttons7disableEv  main.o
    0x08005260   0x08005260   0x0000001e   Code   RO          220    i._ZN7Buttons9isChangedEib  main.o
    0x0800527e   0x0800527e   0x0000000c   Code   RO          221    i._ZN7Buttons9isPressedEi  main.o
    0x0800528a   0x0800528a   0x00000006   Code   RO         1405    i._ZN7CommandC1Ev   main.o
    0x08005290   0x08005290   0x00000038   Code   RO         1360    i._ZN7Display11addToScreenE7Command  main.o
    0x080052c8   0x080052c8   0x00000004   Code   RO          222    i._ZN7Display5printEPcii  main.o
    0x080052cc   0x080052cc   0x00000010   Code   RO          223    i._ZN7Display5printEdiii  main.o
    0x080052dc   0x080052dc   0x00000010   Code   RO          225    i._ZN7Display5printEiiii  main.o
    0x080052ec   0x080052ec   0x00000010   Code   RO          226    i._ZN7Display5printEjiii  main.o
    0x080052fc   0x080052fc   0x0000002e   Code   RO         1354    i._ZN7Display6addEscE7Command  main.o
    0x0800532a   0x0800532a   0x00000034   Code   RO         2399    i._ZN7SSD130615ssd1306_commandEh  ssd1306.o
    0x0800535e   0x0800535e   0x00000174   Code   RO         2406    i._ZN7SSD13065beginEhb  ssd1306.o
    0x080054d2   0x080054d2   0x00000002   PAD
    0x080054d4   0x080054d4   0x00000010   Code   RO         2407    i._ZN7SSD13065clearEv  ssd1306.o
    0x080054e4   0x080054e4   0x00000010   Code   RO         2408    i._ZN7SSD13066invertEh  ssd1306.o
    0x080054f4   0x080054f4   0x00000074   Code   RO         2409    i._ZN7SSD13067displayEPh  ssd1306.o
    0x08005568   0x08005568   0x00000078   Code   RO         2410    i._ZN7SSD13067displayEv  ssd1306.o
    0x080055e0   0x080055e0   0x00000008   Code   RO         2411    i._ZN7SSD13068switchOnEv  ssd1306.o
    0x080055e8   0x080055e8   0x000000a4   Code   RO         2412    i._ZN7SSD13069drawPixelEsst  ssd1306.o
    0x0800568c   0x0800568c   0x00000044   Code   RO         2414    i._ZN7SSD1306C1Ejtttttt  ssd1306.o
    0x080056d0   0x080056d0   0x0000000c   Code   RO         2415    i._ZN7SSD1306C1Ev   ssd1306.o
    0x080056dc   0x080056dc   0x0000002e   Code   RO         2573    i._ZN7mpu925012readFIFOsizeEv  mpu9250.o
    0x0800570a   0x0800570a   0x00000058   Code   RO         2574    i._ZN7mpu925012setAccOffsetEiii  mpu9250.o
    0x08005762   0x08005762   0x00000002   PAD
    0x08005764   0x08005764   0x0000027c   Code   RO         2575    i._ZN7mpu925012updateAnglesEdb  mpu9250.o
    0x080059e0   0x080059e0   0x00000052   Code   RO         2576    i._ZN7mpu925013setGyroOffsetEiii  mpu9250.o
    0x08005a32   0x08005a32   0x00000002   PAD
    0x08005a34   0x08005a34   0x00000040   Code   RO         2577    i._ZN7mpu925020updateAnglesFromFIFOEv  mpu9250.o
    0x08005a74   0x08005a74   0x00000852   Code   RO         2578    i._ZN7mpu925021MadgwickAHRSupdateIMUEd  mpu9250.o
    0x080062c6   0x080062c6   0x00000002   PAD
    0x080062c8   0x080062c8   0x00000014   Code   RO         2717    i._ZN7mpu92507convertEth  mpu9250.o
    0x080062dc   0x080062dc   0x0000029c   Code   RO         2586    i._ZN7mpu92507initIMUEji  mpu9250.o
    0x08006578   0x08006578   0x0000002c   Code   RO         2587    i._ZN7mpu92507invSqrtEf  mpu9250.o
    0x080065a4   0x080065a4   0x000000ac   Code   RO         2588    i._ZN7mpu92507readAccEv  mpu9250.o
    0x08006650   0x08006650   0x0000005a   Code   RO         2589    i._ZN7mpu92507readRegEiPii  mpu9250.o
    0x080066aa   0x080066aa   0x000000ac   Code   RO         2591    i._ZN7mpu92508readGyroEv  mpu9250.o
    0x08006756   0x08006756   0x00000032   Code   RO         2593    i._ZN7mpu92508writeRegEih  mpu9250.o
    0x08006788   0x08006788   0x000000dc   Code   RO         2594    i._ZN7mpu92509calibrateEi  mpu9250.o
    0x08006864   0x08006864   0x00000048   Code   RO          229    i._ZN9PairSaver3addESt4pairIddEj  main.o
    0x080068ac   0x080068ac   0x00000050   Code   RO          230    i._ZN9PairSaver3popEj  main.o
    0x080068fc   0x080068fc   0x00000012   Code   RO          231    i._ZN9PairSaver4incPERh  main.o
    0x0800690e   0x0800690e   0x00000002   PAD
    0x08006910   0x08006910   0x00000054   Code   RO         1282    i._ZN9PairSaverC1Ev  main.o
    0x08006964   0x08006964   0x00000004   Code   RO         1312    i._ZSt3absd         main.o
    0x08006968   0x08006968   0x00000008   Code   RO         2755    i._ZdlPv            cpprt_w.l(delete.o)
    0x08006970   0x08006970   0x00000008   Code   RO         2751    i._Znaj             cpprt_w.l(array_new.o)
    0x08006978   0x08006978   0x00000028   Code   RO         2758    i._Znwj             cpprt_w.l(new.o)
    0x080069a0   0x080069a0   0x00000030   Code   RO         3216    i.__ARM_fpclassify  m_wm.l(fpclassify.o)
    0x080069d0   0x080069d0   0x00000024   Code   RO         2874    i.__aeabi_vec_ctor_nocookie_nodtor  cpprt_w.l(aeabi_vec_ctor_nocookie_nodtor.o)
    0x080069f4   0x080069f4   0x00000010   Code   RO         2762    i.__cxa_guard_acquire  cpprt_w.l(cxa_guard_acquire.o)
    0x08006a04   0x08006a04   0x00000004   PAD
    0x08006a08   0x08006a08   0x00000360   Code   RO         2929    i.__hardfp_asin     m_wm.l(asin.o)
    0x08006d68   0x08006d68   0x000002d8   Code   RO         3185    i.__hardfp_atan     m_wm.l(atan.o)
    0x08007040   0x08007040   0x000001f0   Code   RO         2943    i.__hardfp_atan2    m_wm.l(atan2.o)
    0x08007230   0x08007230   0x0000006c   Code   RO         2955    i.__hardfp_ceilf    m_wm.l(ceilf.o)
    0x0800729c   0x0800729c   0x00000004   PAD
    0x080072a0   0x080072a0   0x000000c8   Code   RO         2961    i.__hardfp_cos      m_wm.l(cos.o)
    0x08007368   0x08007368   0x00000014   Code   RO         2973    i.__hardfp_fabs     m_wm.l(fabs.o)
    0x0800737c   0x0800737c   0x00000004   PAD
    0x08007380   0x08007380   0x00000c50   Code   RO         2979    i.__hardfp_pow      m_wm.l(pow.o)
    0x08007fd0   0x08007fd0   0x000000c8   Code   RO         2993    i.__hardfp_sin      m_wm.l(sin.o)
    0x08008098   0x08008098   0x0000007a   Code   RO         3005    i.__hardfp_sqrt     m_wm.l(sqrt.o)
    0x08008112   0x08008112   0x00000006   PAD
    0x08008118   0x08008118   0x00000438   Code   RO         3221    i.__ieee754_rem_pio2  m_wm.l(rred.o)
    0x08008550   0x08008550   0x00000170   Code   RO         3199    i.__kernel_cos      m_wm.l(cos_i.o)
    0x080086c0   0x080086c0   0x000000f8   Code   RO         3218    i.__kernel_poly     m_wm.l(poly.o)
    0x080087b8   0x080087b8   0x00000130   Code   RO         3226    i.__kernel_sin      m_wm.l(sin_i.o)
    0x080088e8   0x080088e8   0x00000030   Code   RO         3202    i.__mathlib_dbl_divzero  m_wm.l(dunder.o)
    0x08008918   0x08008918   0x00000014   Code   RO         3203    i.__mathlib_dbl_infnan  m_wm.l(dunder.o)
    0x0800892c   0x0800892c   0x00000014   Code   RO         3204    i.__mathlib_dbl_infnan2  m_wm.l(dunder.o)
    0x08008940   0x08008940   0x00000020   Code   RO         3205    i.__mathlib_dbl_invalid  m_wm.l(dunder.o)
    0x08008960   0x08008960   0x00000020   Code   RO         3206    i.__mathlib_dbl_overflow  m_wm.l(dunder.o)
    0x08008980   0x08008980   0x00000020   Code   RO         3208    i.__mathlib_dbl_underflow  m_wm.l(dunder.o)
    0x080089a0   0x080089a0   0x000000b4   Code   RO          232    i.__sti___8_main_cpp_48fb3d7c  main.o
    0x08008a54   0x08008a54   0x00000010   Code   RO         3187    i.atan              m_wm.l(atan.o)
    0x08008a64   0x08008a64   0x00000018   Code   RO         2975    i.fabs              m_wm.l(fabs.o)
    0x08008a7c   0x08008a7c   0x00000490   Code   RO          233    i.main              main.o
    0x08008f0c   0x08008f0c   0x0000006e   Code   RO         3007    i.sqrt              m_wm.l(sqrt.o)
    0x08008f7a   0x08008f7a   0x00000002   PAD
    0x08008f7c   0x08008f7c   0x00000060   Code   RO         1263    t._Z3sgnIdET_S0_    main.o
    0x08008fdc   0x08008fdc   0x00000034   Code   RO         1151    t._Z4crc8IcET_PS0_i  main.o
    0x08009010   0x08009010   0x00000034   Code   RO         1144    t._Z4crc8IhET_PS0_i  main.o
    0x08009044   0x08009044   0x00000030   Code   RO         1158    t._Z4crc8IiET_PS0_i  main.o
    0x08009074   0x08009074   0x0000003c   Code   RO         1256    t._Z4min2IdET_S0_S0_  main.o
    0x080090b0   0x080090b0   0x00000008   Code   RO         1165    t._Z4min2IiET_S0_S0_  main.o
    0x080090b8   0x080090b8   0x00000224   Code   RO         1228    t._Z7toPrintIdEPcT_s  main.o
    0x080092dc   0x080092dc   0x00000116   Code   RO         1172    t._Z7toPrintIiEPcT_s  main.o
    0x080093f2   0x080093f2   0x00000108   Code   RO         1186    t._Z7toPrintIjEPcT_s  main.o
    0x080094fa   0x080094fa   0x00000028   Code   RO         1235    t._Z8printTmlIdEvR7SSD1306T_iii  main.o
    0x08009522   0x08009522   0x0000002a   Code   RO         1179    t._Z8printTmlIiEvR7SSD1306T_iii  main.o
    0x0800954c   0x0800954c   0x0000002a   Code   RO         1193    t._Z8printTmlIjEvR7SSD1306T_iii  main.o
    0x08009576   0x08009576   0x0000000c   Code   RO         1369    t._ZNSt4pairIS_IddEjEC1Ev  main.o
    0x08009582   0x08009582   0x00000012   Code   RO         1318    t._ZNSt4pairIddEC1ERKS0_  main.o
    0x08009594   0x08009594   0x00000018   Code   RO         1306    t._ZNSt4pairIddEC1Ev  main.o
    0x080095ac   0x080095ac   0x0000001e   Code   RO         1336    t._ZNSt4pairIddEC1IiiEERKS_IT_T0_E  main.o
    0x080095ca   0x080095ca   0x00000008   Code   RO         1348    t._ZNSt4pairIiiEC1Ev  main.o
    0x080095d2   0x080095d2   0x00000026   Code   RO         1324    t._ZNSt4pairIssEC1IddEERKS_IT_T0_E  main.o
    0x080095f8   0x080095f8   0x0000000a   Code   RO         1330    t._ZNSt4pairIssEC1IiiEERKS_IT_T0_E  main.o
    0x08009602   0x08009602   0x00000018   Code   RO         2877    x$fpl$basic         fz_wm.l(basic.o)
    0x0800961a   0x0800961a   0x00000002   PAD
    0x0800961c   0x0800961c   0x00000062   Code   RO         2879    x$fpl$d2f           fz_wm.l(d2f.o)
    0x0800967e   0x0800967e   0x00000002   PAD
    0x08009680   0x08009680   0x00000150   Code   RO         2881    x$fpl$dadd          fz_wm.l(daddsub_clz.o)
    0x080097d0   0x080097d0   0x00000010   Code   RO         3317    x$fpl$dcheck1       fz_wm.l(dcheck1.o)
    0x080097e0   0x080097e0   0x00000018   Code   RO         3170    x$fpl$dcmpinf       fz_wm.l(dcmpi.o)
    0x080097f8   0x080097f8   0x000002b0   Code   RO         2888    x$fpl$ddiv          fz_wm.l(ddiv.o)
    0x08009aa8   0x08009aa8   0x00000078   Code   RO         2891    x$fpl$deqf          fz_wm.l(deqf.o)
    0x08009b20   0x08009b20   0x0000005e   Code   RO         2893    x$fpl$dfix          fz_wm.l(dfix.o)
    0x08009b7e   0x08009b7e   0x00000002   PAD
    0x08009b80   0x08009b80   0x0000005a   Code   RO         2901    x$fpl$dfixu         fz_wm.l(dfixu.o)
    0x08009bda   0x08009bda   0x0000002e   Code   RO         2906    x$fpl$dflt          fz_wm.l(dflt_clz.o)
    0x08009c08   0x08009c08   0x000000a2   Code   RO         2911    x$fpl$dfltll        fz_wm.l(dfltll_clz.o)
    0x08009caa   0x08009caa   0x00000026   Code   RO         2905    x$fpl$dfltu         fz_wm.l(dflt_clz.o)
    0x08009cd0   0x08009cd0   0x00000078   Code   RO         2915    x$fpl$dleqf         fz_wm.l(dleqf.o)
    0x08009d48   0x08009d48   0x00000154   Code   RO         2917    x$fpl$dmul          fz_wm.l(dmul.o)
    0x08009e9c   0x08009e9c   0x0000009c   Code   RO         3172    x$fpl$dnaninf       fz_wm.l(dnaninf.o)
    0x08009f38   0x08009f38   0x0000000c   Code   RO         3174    x$fpl$dretinf       fz_wm.l(dretinf.o)
    0x08009f44   0x08009f44   0x0000006c   Code   RO         2919    x$fpl$drleqf        fz_wm.l(drleqf.o)
    0x08009fb0   0x08009fb0   0x00000016   Code   RO         2882    x$fpl$drsb          fz_wm.l(daddsub_clz.o)
    0x08009fc6   0x08009fc6   0x00000002   PAD
    0x08009fc8   0x08009fc8   0x00000198   Code   RO         3176    x$fpl$dsqrt         fz_wm.l(dsqrt_umaal.o)
    0x0800a160   0x0800a160   0x000001d4   Code   RO         2883    x$fpl$dsub          fz_wm.l(daddsub_clz.o)
    0x0800a334   0x0800a334   0x00000056   Code   RO         2921    x$fpl$f2d           fz_wm.l(f2d.o)
    0x0800a38a   0x0800a38a   0x0000008c   Code   RO         3178    x$fpl$fnaninf       fz_wm.l(fnaninf.o)
    0x0800a416   0x0800a416   0x0000000a   Code   RO         3319    x$fpl$fpinit        fz_wm.l(fpinit.o)
    0x0800a420   0x0800a420   0x0000000a   Code   RO         3180    x$fpl$fretinf       fz_wm.l(fretinf.o)
    0x0800a42a   0x0800a42a   0x00000002   PAD
    0x0800a42c   0x0800a42c   0x000000c2   Code   RO         2897    x$fpl$llsfromd      fz_wm.l(dfixll.o)
    0x0800a4ee   0x0800a4ee   0x00000064   Code   RO         3376    x$fpl$retnan        fz_wm.l(retnan.o)
    0x0800a552   0x0800a552   0x0000005c   Code   RO         3182    x$fpl$scalbn        fz_wm.l(scalbn.o)
    0x0800a5ae   0x0800a5ae   0x00000030   Code   RO         3401    x$fpl$trapveneer    fz_wm.l(trapv.o)
    0x0800a5de   0x0800a5de   0x00000000   Code   RO         3184    x$fpl$usenofp       fz_wm.l(usenofp.o)
    0x0800a5de   0x0800a5de   0x00000002   PAD
    0x0800a5e0   0x0800a5e0   0x00000990   Data   RO          399    .constdata          main.o
    0x0800af70   0x0800af70   0x00000010   Data   RO         1928    .constdata          stm32f407_adc.o
    0x0800af80   0x0800af80   0x00000050   Data   RO         2932    .constdata          m_wm.l(asin.o)
    0x0800afd0   0x0800afd0   0x00000088   Data   RO         2982    .constdata          m_wm.l(pow.o)
    0x0800b058   0x0800b058   0x00000098   Data   RO         3188    .constdata          m_wm.l(atan.o)
    0x0800b0f0   0x0800b0f0   0x00000030   Data   RO         3200    .constdata          m_wm.l(cos_i.o)
    0x0800b120   0x0800b120   0x00000008   Data   RO         3220    .constdata          m_wm.l(qnan.o)
    0x0800b128   0x0800b128   0x000000c8   Data   RO         3223    .constdata          m_wm.l(rred.o)
    0x0800b1f0   0x0800b1f0   0x00000028   Data   RO         3227    .constdata          m_wm.l(sin_i.o)
    0x0800b218   0x0800b218   0x00000010   Data   RO         2531    .constdata__ZTV7SSD1306  ssd1306.o
    0x0800b228   0x0800b228   0x00000002   Data   RO         1122    .constdata__ZZN7Display6updateEvEs  main.o
    0x0800b22a   0x0800b22a   0x00000002   PAD
    0x0800b22c   0x0800b22c   0x00000020   Data   RO         3455    Region$$Table       anon$$obj.o
    0x0800b24c   0x0800b24c   0x00000004   Data   RO          404    .init_array         main.o
    0x0800b250   0x0800b24c   0x00000000   Data   RO         2746    .init_array         c_w.l(init_aeabi.o)


    Execution Region ER_RW (Exec base: 0x20000000, Load base: 0x0800b250, Size: 0x00007d10, Max: 0xffffffff, ABSOLUTE, COMPRESSED[0x00001984])

    Exec Addr    Load Addr    Size         Type   Attr      Idx    E Section Name        Object

    0x20000000   COMPRESSED   0x000078e0   Data   RW          400    .data               main.o
    0x200078e0   COMPRESSED   0x00000006   Data   RW         2055    .data               stm32f407_spi.o
    0x200078e6   COMPRESSED   0x00000002   PAD
    0x200078e8   COMPRESSED   0x00000004   Data   RW         2143    .data               stm32f407_sysfunc.o
    0x200078ec   COMPRESSED   0x00000024   Data   RW         2251    .data               stm32f407_uart.o
    0x20007910   COMPRESSED   0x00000400   Data   RW         2436    .data               ssd1306.o


    Execution Region ER_ZI (Exec base: 0x20007d10, Load base: 0x0800cbd4, Size: 0x00010cd0, Max: 0xffffffff, ABSOLUTE)

    Exec Addr    Load Addr    Size         Type   Attr      Idx    E Section Name        Object

    0x20007d10        -       0x00002348   Zero   RW          398    .bss                main.o
    0x2000a058        -       0x00002928   Zero   RW         2249    .bss                stm32f407_uart.o
    0x2000c980        -       0x00000060   Zero   RW         3233    .bss                c_w.l(libspace.o)
    0x2000c9e0        -       0x00004000   Zero   RW         1868    HEAP                startup_stm32f40xx.o
    0x200109e0        -       0x00008000   Zero   RW         1867    STACK               startup_stm32f40xx.o


==============================================================================

Image component sizes


      Code (inc. data)   RO Data    RW Data    ZI Data      Debug   Object Name

     18310       1610       2454      30944       9032     399563   main.o
      4482        210          0          0          0      13416   mpu9250.o
       944         26         16       1024          0      11336   ssd1306.o
        64         26        392          0      49152        824   startup_stm32f40xx.o
       490         48         16          0          0       6254   stm32f407_adc.o
       396         40          0          0          0       1510   stm32f407_pin.o
         0          0          0          0          0        398   stm32f407_pwm.o
       728         52          0          6          0      31757   stm32f407_spi.o
       460         44          0          4          0      30712   stm32f407_sysfunc.o
      1606        176          0         36      10536      11803   stm32f407_uart.o
       276         34          0          0          0     242557   system_stm32f4xx.o

    ----------------------------------------------------------------------
     27788       2266       2912      32016      68720     750130   Object Totals
         0          0         32          0          0          0   (incl. Generated)
        32          0          2          2          0          0   (incl. Padding)

    ----------------------------------------------------------------------

      Code (inc. data)   RO Data    RW Data    ZI Data      Debug   Library Member Name

       100          0          0          0          0          0   __dclz77c.o
         8          0          0          0          0         68   __main.o
         0          0          0          0          0          0   __rtentry.o
        12          0          0          0          0          0   __rtentry2.o
         6          0          0          0          0          0   __rtentry4.o
        52          8          0          0          0          0   __scatter.o
        28          0          0          0          0          0   __scatter_zi.o
        22          0          0          0          0        100   _rserrno.o
        22          0          0          0          0         80   abort.o
        48         34          0          0          0         76   defsig_abrt_inner.o
        14          0          0          0          0         80   defsig_abrt_outer.o
        10          0          0          0          0         68   defsig_exit.o
        50          0          0          0          0         88   defsig_general.o
        80         58          0          0          0         76   defsig_rtmem_inner.o
        14          0          0          0          0         80   defsig_rtmem_outer.o
        18          0          0          0          0         80   exit.o
        94          0          0          0          0         80   h1_alloc.o
        52          0          0          0          0         68   h1_extend.o
        78          0          0          0          0         80   h1_free.o
        14          0          0          0          0         84   h1_init.o
         6          0          0          0          0        152   heapauxi.o
         4          0          0          0          0        136   hguard.o
         0          0          0          0          0          0   indicate_semi.o
        36         10          0          0          0         80   init_aeabi.o
       138          0          0          0          0        168   init_alloc.o
         2          0          0          0          0          0   libinit.o
        18          0          0          0          0          0   libinit2.o
         2          0          0          0          0          0   libshutdown.o
         2          0          0          0          0          0   libshutdown2.o
         8          4          0          0         96         68   libspace.o
        72          0          0          0          0         76   llsdiv.o
       238          0          0          0          0        100   lludivv7m.o
         0          0          0          0          0          0   maybetermalloc1.o
         8          4          0          0          0         68   rt_eh_globals_addr_intlibspace.o
         8          4          0          0          0         68   rt_errno_addr_intlibspace.o
         8          4          0          0          0         68   rt_heap_descriptor_intlibspace.o
        68          0          0          0          0         68   rt_memclr.o
        78          0          0          0          0         80   rt_memclr_w.o
       100          0          0          0          0         80   rt_memcpy_w.o
         8          4          0          0          0         68   rt_new_handler_addr_intlibspace.o
         2          0          0          0          0          0   rtexit.o
        10          0          0          0          0          0   rtexit2.o
        12          4          0          0          0         68   sys_exit.o
        74          0          0          0          0         80   sys_stackheap_outer.o
        14          0          0          0          0         76   sys_wrch.o
         2          0          0          0          0         68   use_no_semi.o
        36          0          0          0          0         84   aeabi_vec_ctor_nocookie_nodtor.o
        80         12          0          0          0        104   arm_exceptions_globs.o
        60          0          0          0          0        108   arm_exceptions_mem.o
        26          0          0          0          0         76   arm_exceptions_terminate.o
         4          0          0          0          0         68   arm_newhandler_noexceptions.o
         8          0          0          0          0         76   array_new.o
        16          0          0          0          0         68   cxa_guard_acquire.o
         8          0          0          0          0         76   delete.o
        40          6          0          0          0         76   new.o
        24          0          0          0          0        164   basic.o
        98          4          0          0          0        140   d2f.o
       826         16          0          0          0        492   daddsub_clz.o
        16          4          0          0          0        116   dcheck1.o
        24          0          0          0          0        116   dcmpi.o
       688        140          0          0          0        256   ddiv.o
       120          4          0          0          0        140   deqf.o
        94          4          0          0          0        140   dfix.o
       194          4          0          0          0        164   dfixll.o
        90          4          0          0          0        140   dfixu.o
        84          0          0          0          0        232   dflt_clz.o
       162          0          0          0          0        132   dfltll_clz.o
       120          4          0          0          0        140   dleqf.o
       340         12          0          0          0        152   dmul.o
       156          4          0          0          0        140   dnaninf.o
        12          0          0          0          0        116   dretinf.o
       108          0          0          0          0        128   drleqf.o
       408         56          0          0          0        168   dsqrt_umaal.o
        86          4          0          0          0        132   f2d.o
       140          4          0          0          0        132   fnaninf.o
        10          0          0          0          0        116   fpinit.o
        10          0          0          0          0        116   fretinf.o
       100          0          0          0          0        116   retnan.o
        92          0          0          0          0        116   scalbn.o
        48          0          0          0          0        116   trapv.o
         0          0          0          0          0          0   usenofp.o
       864         94         80          0          0        280   asin.o
       744        106        152          0          0        352   atan.o
       496         64          0          0          0        192   atan2.o
       108         10          0          0          0        116   ceilf.o
       200         20          0          0          0        164   cos.o
       368         46         48          0          0        200   cos_i.o
       184         44          0          0          0        744   dunder.o
        44          0          0          0          0        248   fabs.o
        48          0          0          0          0        124   fpclassify.o
       248          0          0          0          0        152   poly.o
      3152        296        136          0          0        352   pow.o
         0          0          8          0          0          0   qnan.o
      1080        142        200          0          0        188   rred.o
       200         20          0          0          0        164   sin.o
       304         24         40          0          0        208   sin_i.o
       232          0          0          0          0        296   sqrt.o

    ----------------------------------------------------------------------
     14284       1286        664          0         96      11116   Library Totals
        44          4          0          0          0          0   (incl. Padding)

    ----------------------------------------------------------------------

      Code (inc. data)   RO Data    RW Data    ZI Data      Debug   Library Name

      1640        134          0          0         96       2680   c_w.l
       278         18          0          0          0        736   cpprt_w.l
      4050        264          0          0          0       3920   fz_wm.l
      8272        866        664          0          0       3780   m_wm.l

    ----------------------------------------------------------------------
     14284       1286        664          0         96      11116   Library Totals

    ----------------------------------------------------------------------

==============================================================================


      Code (inc. data)   RO Data    RW Data    ZI Data      Debug   

     42072       3552       3576      32016      68816     733170   Grand Totals
     42072       3552       3576       6532      68816     733170   ELF Image Totals (compressed)
     42072       3552       3576       6532          0          0   ROM Totals

==============================================================================

    Total RO  Size (Code + RO Data)                45648 (  44.58kB)
    Total RW  Size (RW Data + ZI Data)            100832 (  98.47kB)
    Total ROM Size (Code + RO Data + RW Data)      52180 (  50.96kB)

==============================================================================

