Component: ARM Compiler 5.06 update 6 (build 750) Tool: armlink [4d35ed]

==============================================================================

Section Cross References

    system_stm32f4xx.o(i.SystemCoreClockUpdate) refers to system_stm32f4xx.o(.data) for .data
    system_stm32f4xx.o(i.SystemInit) refers to system_stm32f4xx.o(i._Z11SetSysClockv) for SetSysClock()
    system_stm32f4xx.o(.ARM.exidx) refers to system_stm32f4xx.o(i._Z11SetSysClockv) for i._Z11SetSysClockv
    system_stm32f4xx.o(.ARM.exidx) refers to system_stm32f4xx.o(i.SystemInit) for i.SystemInit
    system_stm32f4xx.o(.ARM.exidx) refers to system_stm32f4xx.o(i.SystemCoreClockUpdate) for i.SystemCoreClockUpdate
    main.o(i._Z10drawStringR7SSD1306Pcjj) refers to main.o(i._Z8drawCharR7SSD1306cjj) for drawChar(SSD1306&, char, unsigned, unsigned)
    main.o(i._Z12clb_imuCalibv) refers to main.o(i._ZN3IMU9calibrateEj) for IMU::calibrate(unsigned)
    main.o(i._Z12clb_imuCalibv) refers to main.o(.bss) for .bss
    main.o(i._Z12setupScreensv) refers to new.o(i._Znwj) for operator new(unsigned)
    main.o(i._Z12setupScreensv) refers to main.o(i._ZN7Display6addEscE7Command) for Display::addEsc(Command)
    main.o(i._Z12setupScreensv) refers to main.o(i._ZN7Display11addToScreenE7Command) for Display::addToScreen(Command)
    main.o(i._Z12setupScreensv) refers to main.o(.bss) for .bss
    main.o(i._Z12setupScreensv) refers to main.o(i._Z16clb_screenToMainv) for clb_screenToMain()
    main.o(i._Z12setupScreensv) refers to main.o(i._Z16clb_screenToGamev) for clb_screenToGame()
    main.o(i._Z12setupScreensv) refers to main.o(i._Z24clb_screenToCalibrationsv) for clb_screenToCalibrations()
    main.o(i._Z12setupScreensv) refers to main.o(i._Z21clb_screenToDebugDatav) for clb_screenToDebugData()
    main.o(i._Z12setupScreensv) refers to main.o(i._Z20clb_screenToDribblerv) for clb_screenToDribbler()
    main.o(i._Z12setupScreensv) refers to main.o(i._Z18clb_screenToKickerv) for clb_screenToKicker()
    main.o(i._Z12setupScreensv) refers to main.o(i._Z19clb_toBatteryScreenv) for clb_toBatteryScreen()
    main.o(i._Z12setupScreensv) refers to main.o(i._Z18clb_toKokokoScreenv) for clb_toKokokoScreen()
    main.o(i._Z12setupScreensv) refers to main.o(i._Z13clb_doNothingv) for clb_doNothing()
    main.o(i._Z12setupScreensv) refers to main.o(i._Z12clb_imuSetupv) for clb_imuSetup()
    main.o(i._Z12setupScreensv) refers to main.o(i._Z12clb_imuCalibv) for clb_imuCalib()
    main.o(i._Z12setupScreensv) refers to main.o(i._Z17clb_imu_pnc_clearv) for clb_imu_pnc_clear()
    main.o(i._Z12setupScreensv) refers to main.o(i._Z17clb_imu_pnc_startv) for clb_imu_pnc_start()
    main.o(i._Z12setupScreensv) refers to main.o(i._Z35clb_screenToLightSensorsCalibrationv) for clb_screenToLightSensorsCalibration()
    main.o(i._Z12setupScreensv) refers to main.o(i._Z19clb_turnOnBackLightv) for clb_turnOnBackLight()
    main.o(i._Z12setupScreensv) refers to main.o(i._Z20clb_turnOffBackLightv) for clb_turnOffBackLight()
    main.o(i._Z12setupScreensv) refers to main.o(i._Z20clb_beginLightsCalibv) for clb_beginLightsCalib()
    main.o(i._Z12setupScreensv) refers to main.o(i._Z18clb_endLightsCalibv) for clb_endLightsCalib()
    main.o(i._Z12setupScreensv) refers to main.o(i._Z16clb_dribblerInOnv) for clb_dribblerInOn()
    main.o(i._Z12setupScreensv) refers to main.o(i._Z15clb_dribblerOffv) for clb_dribblerOff()
    main.o(i._Z12setupScreensv) refers to main.o(i._Z16clb_kickStraightv) for clb_kickStraight()
    main.o(i._Z12setupScreensv) refers to main.o(i._Z9clb_kick2v) for clb_kick2()
    main.o(i._Z12setupScreensv) refers to main.o(i._Z9clb_kick1v) for clb_kick1()
    main.o(i._Z13clb_doNothingv) refers to main.o(.data) for .data
    main.o(i._Z15clb_dribblerOffv) refers to main.o(i._ZN12MotorDrivers11setDribblerEi) for MotorDrivers::setDribbler(int)
    main.o(i._Z15clb_dribblerOffv) refers to main.o(.bss) for .bss
    main.o(i._Z16clb_dribblerInOnv) refers to main.o(i._ZN12MotorDrivers11setDribblerEi) for MotorDrivers::setDribbler(int)
    main.o(i._Z16clb_dribblerInOnv) refers to main.o(.bss) for .bss
    main.o(i._Z16clb_kickStraightv) refers to main.o(i._ZN12KickerModule4kickEbb) for KickerModule::kick(bool, bool)
    main.o(i._Z16clb_kickStraightv) refers to main.o(.bss) for .bss
    main.o(i._Z16clb_screenToGamev) refers to main.o(i._ZN7Buttons10setChangedEib) for Buttons::setChanged(int, bool)
    main.o(i._Z16clb_screenToGamev) refers to main.o(i._ZN3IMU12setZeroAngleEv) for IMU::setZeroAngle()
    main.o(i._Z16clb_screenToGamev) refers to main.o(.data) for .data
    main.o(i._Z16clb_screenToGamev) refers to main.o(.bss) for .bss
    main.o(i._Z16clb_screenToMainv) refers to main.o(.data) for .data
    main.o(i._Z16clb_screenToMainv) refers to main.o(.bss) for .bss
    main.o(i._Z17clb_dribblerOutOnv) refers to main.o(i._ZN12MotorDrivers11setDribblerEi) for MotorDrivers::setDribbler(int)
    main.o(i._Z17clb_dribblerOutOnv) refers to main.o(.bss) for .bss
[...]
    DMA2_Stream7_IRQHandler                  0x08000297   Thumb Code     0  startup_stm32f40xx.o(.text)
    ETH_IRQHandler                           0x08000297   Thumb Code     0  startup_stm32f40xx.o(.text)
    ETH_WKUP_IRQHandler                      0x08000297   Thumb Code     0  startup_stm32f40xx.o(.text)
    EXTI0_IRQHandler                         0x08000297   Thumb Code     0  startup_stm32f40xx.o(.text)
    EXTI15_10_IRQHandler                     0x08000297   Thumb Code     0  startup_stm32f40xx.o(.text)
    EXTI1_IRQHandler                         0x08000297   Thumb Code     0  startup_stm32f40xx.o(.text)
    EXTI2_IRQHandler                         0x08000297   Thumb Code     0  startup_stm32f40xx.o(.text)
    EXTI3_IRQHandler                         0x08000297   Thumb Code     0  startup_stm32f40xx.o(.text)
    EXTI4_IRQHandler                         0x08000297   Thumb Code     0  startup_stm32f40xx.o(.text)
    EXTI9_5_IRQHandler                       0x08000297   Thumb Code     0  startup_stm32f40xx.o(.text)
    FLASH_IRQHandler                         0x08000297   Thumb Code     0  startup_stm32f40xx.o(.text)
    FPU_IRQHandler                           0x08000297   Thumb Code     0  startup_stm32f40xx.o(.text)
    FSMC_IRQHandler                          0x08000297   Thumb Code     0  startup_stm32f40xx.o(.text)
    HASH_RNG_IRQHandler                      0x08000297   Thumb Code     0  startup_stm32f40xx.o(.text)
    I2C1_ER_IRQHandler                       0x08000297   Thumb Code     0  startup_stm32f40xx.o(.text)
    I2C1_EV_IRQHandler                       0x08000297   Thumb Code     0  startup_stm32f40xx.o(.text)
    I2C2_ER_IRQHandler                       0x08000297   Thumb Code     0  startup_stm32f40xx.o(.text)
    I2C2_EV_IRQHandler                       0x08000297   Thumb Code     0  startup_stm32f40xx.o(.text)
    I2C3_ER_IRQHandler                       0x08000297   Thumb Code     0  startup_stm32f40xx.o(.text)
    I2C3_EV_IRQHandler                       0x08000297   Thumb Code     0  startup_stm32f40xx.o(.text)
    OTG_FS_IRQHandler                        0x08000297   Thumb Code     0  startup_stm32f40xx.o(.text)
    OTG_FS_WKUP_IRQHandler                   0x08000297   Thumb Code     0  startup_stm32f40xx.o(.text)
    OTG_HS_EP1_IN_IRQHandler                 0x08000297   Thumb Code     0  startup_stm32f40xx.o(.text)
    OTG_HS_EP1_OUT_IRQHandler                0x08000297   Thumb Code     0  startup_stm32f40xx.o(.text)
    OTG_HS_IRQHandler                        0x08000297   Thumb Code     0  startup_stm32f40xx.o(.text)
    OTG_HS_WKUP_IRQHandler                   0x08000297   Thumb Code     0  startup_stm32f40xx.o(.text)
    PVD_IRQHandler                           0x08000297   Thumb Code     0  startup_stm32f40xx.o(.text)
    RCC_IRQHandler                           0x08000297   Thumb Code     0  startup_stm32f40xx.o(.text)
    RTC_Alarm_IRQHandler                     0x08000297   Thumb Code     0  startup_stm32f40xx.o(.text)
    RTC_WKUP_IRQHandler                      0x08000297   Thumb Code     0  startup_stm32f40xx.o(.text)
    SDIO_IRQHandler                          0x08000297   Thumb Code     0  startup_stm32f40xx.o(.text)
    TAMP_STAMP_IRQHandler                    0x08000297   Thumb Code     0  startup_stm32f40xx.o(.text)
    TIM1_BRK_TIM9_IRQHandler                 0x08000297   Thumb Code     0  startup_stm32f40xx.o(.text)
    TIM1_CC_IRQHandler                       0x08000297   Thumb Code     0  startup_stm32f40xx.o(.text)
    TIM1_TRG_COM_TIM11_IRQHandler            0x08000297   Thumb Code     0  startup_stm32f40xx.o(.text)
    TIM1_UP_TIM10_IRQHandler                 0x08000297   Thumb Code     0  startup_stm32f40xx.o(.text)
    TIM2_IRQHandler                          0x08000297   Thumb Code     0  startup_stm32f40xx.o(.text)
    TIM3_IRQHandler                          0x08000297   Thumb Code     0  startup_stm32f40xx.o(.text)
    TIM4_IRQHandler                          0x08000297   Thumb Code     0  startup_stm32f40xx.o(.text)
    TIM5_IRQHandler                          0x08000297   Thumb Code     0  startup_stm32f40xx.o(.text)
    TIM6_DAC_IRQHandler                      0x08000297   Thumb Code     0  startup_stm32f40xx.o(.text)
    TIM8_BRK_TIM12_IRQHandler                0x08000297   Thumb Code     0  startup_stm32f40xx.o(.text)
    TIM8_CC_IRQHandler                       0x08000297   Thumb Code     0  startup_stm32f40xx.o(.text)
    TIM8_TRG_COM_TIM14_IRQHandler            0x08000297   Thumb Code     0  startup_stm32f40xx.o(.text)
    TIM8_UP_TIM13_IRQHandler                 0x08000297   Thumb Code     0  startup_stm32f40xx.o(.text)
    WWDG_IRQHandler                          0x08000297   Thumb Code     0  startup_stm32f40xx.o(.text)
    __user_initial_stackheap                 0x08000299   Thumb Code     0  startup_stm32f40xx.o(.text)
    __aeabi_uldivmod                         0x080002bd   Thumb Code     0  lludivv7m.o(.text)
    _ll_udiv                                 0x080002bd   Thumb Code   238  lludivv7m.o(.text)
    __aeabi_ldivmod                          0x080003ab   Thumb Code     0  llsdiv.o(.text)
    _ll_sdiv                                 0x080003ab   Thumb Code    72  llsdiv.o(.text)
    __aeabi_memcpy4                          0x080003f3   Thumb Code     0  rt_memcpy_w.o(.text)
    __aeabi_memcpy8                          0x080003f3   Thumb Code     0  rt_memcpy_w.o(.text)
    __rt_memcpy_w                            0x080003f3   Thumb Code   100  rt_memcpy_w.o(.text)
    _memcpy_lastbytes_aligned                0x0800043b   Thumb Code     0  rt_memcpy_w.o(.text)
    __aeabi_memclr                           0x08000457   Thumb Code     0  rt_memclr.o(.text)
    __rt_memclr                              0x08000457   Thumb Code    68  rt_memclr.o(.text)
    _memset                                  0x0800045b   Thumb Code     0  rt_memclr.o(.text)
    __use_two_region_memory                  0x0800049b   Thumb Code     2  heapauxi.o(.text)
    __rt_heap_escrow                         0x0800049d   Thumb Code     2  heapauxi.o(.text)
    __rt_heap_expand                         0x0800049f   Thumb Code     2  heapauxi.o(.text)
    __cpp_initialize__aeabi_                 0x080004a1   Thumb Code    26  init_aeabi.o(.text)
    __rt_new_handler_addr                    0x080004c5   Thumb Code     8  rt_new_handler_addr_intlibspace.o(.text)
    malloc                                   0x080004cd   Thumb Code    94  h1_alloc.o(.text)
    free                                     0x0800052b   Thumb Code    78  h1_free.o(.text)
    __read_errno                             0x08000579   Thumb Code    10  _rserrno.o(.text)
    __set_errno                              0x08000583   Thumb Code    12  _rserrno.o(.text)
    __aeabi_memclr4                          0x0800058f   Thumb Code     0  rt_memclr_w.o(.text)
    __aeabi_memclr8                          0x0800058f   Thumb Code     0  rt_memclr_w.o(.text)
    __rt_memclr_w                            0x0800058f   Thumb Code    78  rt_memclr_w.o(.text)
    _memset_w                                0x08000593   Thumb Code     0  rt_memclr_w.o(.text)
    __default_new_handler()                  0x080005dd   Thumb Code     4  arm_newhandler_noexceptions.o(.text)
    __user_libspace                          0x080005e1   Thumb Code     8  libspace.o(.text)
    __user_perproc_libspace                  0x080005e1   Thumb Code     0  libspace.o(.text)
    __user_perthread_libspace                0x080005e1   Thumb Code     0  libspace.o(.text)
    __rt_heap_descriptor                     0x080005e9   Thumb Code     8  rt_heap_descriptor_intlibspace.o(.text)
    __aeabi_errno_addr                       0x080005f1   Thumb Code     8  rt_errno_addr_intlibspace.o(.text)
    __errno$intlibspace                      0x080005f1   Thumb Code     0  rt_errno_addr_intlibspace.o(.text)
    __rt_errno_addr$intlibspace              0x080005f1   Thumb Code     0  rt_errno_addr_intlibspace.o(.text)
    __use_no_heap                            0x080005f9   Thumb Code     2  hguard.o(.text)
    __heap$guard                             0x080005fb   Thumb Code     2  hguard.o(.text)
    _terminate_user_alloc                    0x080005fd   Thumb Code     2  init_alloc.o(.text)
    _init_user_alloc                         0x080005ff   Thumb Code     2  init_alloc.o(.text)
    __Heap_Full                              0x08000601   Thumb Code    34  init_alloc.o(.text)
    __Heap_Broken                            0x08000623   Thumb Code     6  init_alloc.o(.text)
    _init_alloc                              0x08000629   Thumb Code    94  init_alloc.o(.text)
    __Heap_Initialize                        0x08000687   Thumb Code    10  h1_init.o(.text)
    __Heap_DescSize                          0x08000691   Thumb Code     4  h1_init.o(.text)
    std::terminate()                         0x08000695   Thumb Code    26  arm_exceptions_terminate.o(.text)
    __cxa_get_globals                        0x080006b7   Thumb Code    62  arm_exceptions_globs.o(.text)
    __user_setup_stackheap                   0x08000701   Thumb Code    74  sys_stackheap_outer.o(.text)
    __rt_eh_globals_addr                     0x0800074d   Thumb Code     8  rt_eh_globals_addr_intlibspace.o(.text)
    __Heap_ProvideMemory                     0x08000755   Thumb Code    52  h1_extend.o(.text)
    exit                                     0x08000789   Thumb Code    18  exit.o(.text)
    abort                                    0x0800079b   Thumb Code    22  abort.o(.text)
    __rt_SIGRTMEM                            0x080007b1   Thumb Code    14  defsig_rtmem_outer.o(.text)
    __ARM_exceptions_buffer_init             0x080007bf   Thumb Code    18  arm_exceptions_mem.o(.text)
    __ARM_exceptions_buffer_allocate         0x080007d1   Thumb Code    22  arm_exceptions_mem.o(.text)
    __ARM_exceptions_buffer_free             0x080007e7   Thumb Code    20  arm_exceptions_mem.o(.text)
    _sys_exit                                0x080007fd   Thumb Code     8  sys_exit.o(.text)
    __I$use$semihosting                      0x08000809   Thumb Code     0  use_no_semi.o(.text)
    __use_no_semihosting_swi                 0x08000809   Thumb Code     2  use_no_semi.o(.text)
    __semihosting_library_function           0x0800080b   Thumb Code     0  indicate_semi.o(.text)
    __sig_exit                               0x0800080b   Thumb Code    10  defsig_exit.o(.text)
    __rt_SIGABRT                             0x08000815   Thumb Code    14  defsig_abrt_outer.o(.text)
    __rt_SIGRTMEM_inner                      0x08000825   Thumb Code    22  defsig_rtmem_inner.o(.text)
    __default_signal_display                 0x08000875   Thumb Code    50  defsig_general.o(.text)
    __rt_SIGABRT_inner                       0x080008a9   Thumb Code    14  defsig_abrt_inner.o(.text)
    _ttywrch                                 0x080008d9   Thumb Code    14  sys_wrch.o(.text)
    SPI1_IRQHandler                          0x080008e7   Thumb Code     6  stm32f407_spi.o(i.SPI1_IRQHandler)
    SPI2_IRQHandler                          0x080008ed   Thumb Code     6  stm32f407_spi.o(i.SPI2_IRQHandler)
    SPI3_IRQHandler                          0x080008f3   Thumb Code     6  stm32f407_spi.o(i.SPI3_IRQHandler)
    SystemInit                               0x080008f9   Thumb Code    74  system_stm32f4xx.o(i.SystemInit)
    TIM7_IRQHandler                          0x08000955   Thumb Code    26  stm32f407_sysfunc.o(i.TIM7_IRQHandler)
    UART4_IRQHandler                         0x08000979   Thumb Code     6  stm32f407_uart.o(i.UART4_IRQHandler)
    UART5_IRQHandler                         0x0800097f   Thumb Code     6  stm32f407_uart.o(i.UART5_IRQHandler)
    USART1_IRQHandler                        0x08000985   Thumb Code     6  stm32f407_uart.o(i.USART1_IRQHandler)
    USART2_IRQHandler                        0x0800098b   Thumb Code     6  stm32f407_uart.o(i.USART2_IRQHandler)
    USART3_IRQHandler                        0x08000991   Thumb Code     6  stm32f407_uart.o(i.USART3_IRQHandler)
    USART6_IRQHandler                        0x08000997   Thumb Code     6  stm32f407_uart.o(i.USART6_IRQHandler)
    drawString(SSD1306&, char*, unsigned, unsigned) 0x0800099d   Thumb Code    52  main.o(i._Z10drawStringR7SSD1306Pcjj)
    delayMicros(unsigned)                    0x08000a89   Thumb Code    22  stm32f407_sysfunc.o(i._Z11delayMicrosj)
    tryTransmit(unsigned)                    0x08000aa1   Thumb Code   114  stm32f407_uart.o(i._Z11tryTransmitj)
    clb_imuCalib()                           0x08000b35   Thumb Code    10  main.o(i._Z12clb_imuCalibv)
    clb_imuSetup()                           0x08000b45   Thumb Code     2  main.o(i._Z12clb_imuSetupv)
    setupScreens()                           0x08000b49   Thumb Code   700  main.o(i._Z12setupScreensv)
    writeStrUART(unsigned, char*)            0x08000fa9   Thumb Code    32  stm32f407_uart.o(i._Z12writeStrUARTjPc)
    UARTAvailable(unsigned)                  0x08000fc9   Thumb Code    18  stm32f407_uart.o(i._Z13UARTAvailablej)
    clb_doNothing()                          0x08000fe1   Thumb Code    10  main.o(i._Z13clb_doNothingv)
    symbolToIndex(char)                      0x08000ff1   Thumb Code     4  main.o(i._Z13symbolToIndexc)
    clb_dribblerOff()                        0x08001021   Thumb Code     8  main.o(i._Z15clb_dribblerOffv)
    clb_dribblerInOn()                       0x0800102d   Thumb Code    10  main.o(i._Z16clb_dribblerInOnv)
    clb_kickStraight()                       0x0800103d   Thumb Code    10  main.o(i._Z16clb_kickStraightv)
    clb_screenToGame()                       0x0800104d   Thumb Code    68  main.o(i._Z16clb_screenToGamev)
    clb_screenToMain()                       0x0800109d   Thumb Code    14  main.o(i._Z16clb_screenToMainv)
    clb_imu_pnc_clear()                      0x080010b5   Thumb Code     2  main.o(i._Z17clb_imu_pnc_clearv)
    clb_imu_pnc_start()                      0x080010b7   Thumb Code     2  main.o(i._Z17clb_imu_pnc_startv)
    clb_screenToEmpty()                      0x080010b9   Thumb Code    10  main.o(i._Z17clb_screenToEmptyv)
    clb_endLightsCalib()                     0x080010c9   Thumb Code     6  main.o(i._Z18clb_endLightsCalibv)
    clb_screenToKicker()                     0x080010d5   Thumb Code    14  main.o(i._Z18clb_screenToKickerv)
    clb_toKokokoScreen()                     0x080010ed   Thumb Code    14  main.o(i._Z18clb_toKokokoScreenv)
    SPIInterruptHandler(unsigned)            0x08001101   Thumb Code    46  stm32f407_spi.o(i._Z19SPIInterruptHandlerj)
    clb_toBatteryScreen()                    0x08001141   Thumb Code    14  main.o(i._Z19clb_toBatteryScreenv)
    clb_turnOnBackLight()                    0x08001155   Thumb Code     6  main.o(i._Z19clb_turnOnBackLightv)
    UARTInterruptHandler(unsigned)           0x08001161   Thumb Code   118  stm32f407_uart.o(i._Z20UARTInterruptHandlerj)
    clb_beginLightsCalib()                   0x080011f9   Thumb Code     6  main.o(i._Z20clb_beginLightsCalibv)
    clb_screenToDribbler()                   0x08001205   Thumb Code    14  main.o(i._Z20clb_screenToDribblerv)
    clb_turnOffBackLight()                   0x0800121d   Thumb Code     6  main.o(i._Z20clb_turnOffBackLightv)
    clb_screenToDebugData()                  0x08001229   Thumb Code    14  main.o(i._Z21clb_screenToDebugDatav)
    clb_screenToCalibrations()               0x0800123d   Thumb Code    14  main.o(i._Z24clb_screenToCalibrationsv)
    clb_screenToLightSensorsCalibration()    0x08001255   Thumb Code    14  main.o(i._Z35clb_screenToLightSensorsCalibrationv)
    delay(unsigned)                          0x0800126d   Thumb Code    22  stm32f407_sysfunc.o(i._Z5delayj)
    micros()                                 0x08001285   Thumb Code    22  stm32f407_sysfunc.o(i._Z6microsv)
    millis()                                 0x080012a5   Thumb Code     6  stm32f407_sysfunc.o(i._Z6millisv)
    setPin(GPIO_TypeDef*, unsigned short, bool) 0x080012b1   Thumb Code    24  main.o(i._Z6setPinP12GPIO_TypeDeftb)
    setPin(unsigned short, bool)             0x080012c9   Thumb Code    52  main.o(i._Z6setPintb)
    initPin(GPIO_TypeDef*, unsigned short, unsigned char, unsigned char, unsigned char) 0x08001311   Thumb Code   362  stm32f407_pin.o(i._Z7initPinP12GPIO_TypeDefthhh)
    initPin(unsigned short, unsigned char, unsigned char, unsigned char) 0x0800149d   Thumb Code    94  main.o(i._Z7initPinthhh)
    initRCC()                                0x08001511   Thumb Code   220  stm32f407_sysfunc.o(i._Z7initRCCv)
    initSPI(unsigned, bool, unsigned char, unsigned short, int, int, int, int) 0x080015f1   Thumb Code   548  stm32f407_spi.o(i._Z7initSPIjbhtiiii)
    readPin(GPIO_TypeDef*, unsigned short)   0x08001829   Thumb Code    18  main.o(i._Z7readPinP12GPIO_TypeDeft)
    drawChar(SSD1306&, char, unsigned, unsigned) 0x0800183d   Thumb Code   202  main.o(i._Z8drawCharR7SSD1306cjj)
    initUART(unsigned, unsigned, unsigned char, float, unsigned char, unsigned) 0x08001911   Thumb Code   852  stm32f407_uart.o(i._Z8initUARTjjhfhj)
    readUART(unsigned)                       0x08001c9d   Thumb Code    38  stm32f407_uart.o(i._Z8readUARTj)
    sysStart()                               0x08001ccd   Thumb Code    98  stm32f407_sysfunc.o(i._Z8sysStartv)
    writeSPI(unsigned, unsigned short)       0x08001d3d   Thumb Code    42  stm32f407_spi.o(i._Z8writeSPIjt)
    clb_kick1()                              0x08001d75   Thumb Code    10  main.o(i._Z9clb_kick1v)
    clb_kick2()                              0x08001d85   Thumb Code    10  main.o(i._Z9clb_kick2v)
    writeUART(unsigned, char)                0x08001d95   Thumb Code    28  stm32f407_uart.o(i._Z9writeUARTjc)
    BallSensor::init(PL_ADC*, unsigned short, unsigned short) 0x08001db9   Thumb Code    66  main.o(i._ZN10BallSensor4initEP6PL_ADCtt)
    BallSensor::turnOn()                     0x08001e01   Thumb Code    18  main.o(i._ZN10BallSensor6turnOnEv)
    BallSensor::update()                     0x08001e13   Thumb Code    48  main.o(i._ZN10BallSensor6updateEv)
    BallSensor::getValue()                   0x08001e43   Thumb Code     4  main.o(i._ZN10BallSensor8getValueEv)
    LineSensors::turnOnSensors()             0x08001e47   Thumb Code     6  main.o(i._ZN11LineSensors13turnOnSensorsEv)
    LineSensors::turnOffSensors()            0x08001e4d   Thumb Code     6  main.o(i._ZN11LineSensors14turnOffSensorsEv)
    LineSensors::endLineCalibration()        0x08001e53   Thumb Code     6  main.o(i._ZN11LineSensors18endLineCalibrationEv)
    LineSensors::beginLineCalibration()      0x08001e59   Thumb Code     6  main.o(i._ZN11LineSensors20beginLineCalibrationEv)
    LineSensors::init(unsigned, unsigned short) 0x08001e5f   Thumb Code    36  main.o(i._ZN11LineSensors4initEjt)
    LineSensors::update()                    0x08001e83   Thumb Code    52  main.o(i._ZN11LineSensors6updateEv)
    LineSensors::getLine()                   0x08001eb7   Thumb Code     4  main.o(i._ZN11LineSensors7getLineEv)
    KickerModule::init(unsigned short, unsigned short, unsigned short, unsigned short) 0x08001ebb   Thumb Code   110  main.o(i._ZN12KickerModule4initEtttt)
    KickerModule::kick(bool, bool)           0x08001f29   Thumb Code   130  main.o(i._ZN12KickerModule4kickEbb)
    MotorDrivers::setDribbler(int)           0x08001fab   Thumb Code     8  main.o(i._ZN12MotorDrivers11setDribblerEi)
    MotorDrivers::enableMotors()             0x08001fb3   Thumb Code    28  main.o(i._ZN12MotorDrivers12enableMotorsEv)
    MotorDrivers::attemptCurrent()           0x08001fcf   Thumb Code    28  main.o(i._ZN12MotorDrivers14attemptCurrentEv)
    MotorDrivers::init(unsigned, unsigned char, unsigned, unsigned char, unsigned, unsigned char, unsigned, unsigned char, unsigned, unsigned char) 0x08001feb   Thumb Code   144  main.o(i._ZN12MotorDrivers4initEjhjhjhjhjh)
    MotorDrivers::update()                   0x0800207d   Thumb Code   322  main.o(i._ZN12MotorDrivers6updateEv)
    MotorDrivers::setMotor(int, int)         0x080021c9   Thumb Code    42  main.o(i._ZN12MotorDrivers8setMotorEii)
    MotorDrivers::setMotors(int, int, int, int) 0x080021f3   Thumb Code    56  main.o(i._ZN12MotorDrivers9setMotorsEiiii)
    MotorDrivers::setMotors(int, int, int, int, int) 0x0800222b   Thumb Code    30  main.o(i._ZN12MotorDrivers9setMotorsEiiiii)
    BaseFunctional::genATMPoint(short, short, signed char) 0x08002249   Thumb Code    86  main.o(i._ZN14BaseFunctional11genATMPointEssa)
    BaseFunctional::move2(VectorToMove, double) 0x080022a9   Thumb Code    92  main.o(i._ZN14BaseFunctional5move2E12VectorToMoved)
    IMU::setZeroAngle()                      0x0800231d   Thumb Code    20  main.o(i._ZN3IMU12setZeroAngleEv)
    IMU::updateAnglesFromFIFO()              0x08002331   Thumb Code     6  main.o(i._ZN3IMU20updateAnglesFromFIFOEv)
    IMU::init(unsigned, unsigned short, unsigned short) 0x08002339   Thumb Code    74  main.o(i._ZN3IMU4initEjtt)
    IMU::turnOn()                            0x0800238d   Thumb Code    32  main.o(i._ZN3IMU6turnOnEv)
    IMU::update()                            0x080023ad   Thumb Code   144  main.o(i._ZN3IMU6updateEv)
    IMU::getAngle()                          0x08002455   Thumb Code   120  main.o(i._ZN3IMU8getAngleEv)
    IMU::calibrate(unsigned)                 0x080024e5   Thumb Code     6  main.o(i._ZN3IMU9calibrateEj)
    Robot::updateMenu()                      0x080024ed   Thumb Code   328  main.o(i._ZN5Robot10updateMenuEv)
    Robot::handleErrors()                    0x08002639   Thumb Code   132  main.o(i._ZN5Robot12handleErrorsEv)
    Robot::setPlayState(bool)                0x080026e1   Thumb Code    58  main.o(i._ZN5Robot12setPlayStateEb)
    Robot::swithPowerOn()                    0x0800271b   Thumb Code     8  main.o(i._ZN5Robot12swithPowerOnEv)
    Robot::swithPowerOff()                   0x08002723   Thumb Code     8  main.o(i._ZN5Robot13swithPowerOffEv)
    Robot::changePlayState()                 0x0800272b   Thumb Code    20  main.o(i._ZN5Robot15changePlayStateEv)
    Robot::init()                            0x08002741   Thumb Code   600  main.o(i._ZN5Robot4initEv)
    Robot::move(double, double, double, double, double) 0x080029b1   Thumb Code  1774  main.o(i._ZN5Robot4moveEddddd)
    Robot::wait(unsigned)                    0x080030b9   Thumb Code   276  main.o(i._ZN5Robot4waitEj)
    Robot::initLEDs()                        0x080031d1   Thumb Code    66  main.o(i._ZN5Robot8initLEDsEv)
    Robot::logErrors()                       0x08003215   Thumb Code    28  main.o(i._ZN5Robot9logErrorsEv)
    Robot::playState()                       0x08003235   Thumb Code     6  main.o(i._ZN5Robot9playStateEv)
    Camera::init(unsigned, unsigned short)   0x0800323b   Thumb Code    32  main.o(i._ZN6Camera4initEjt)
    Camera::update()                         0x0800325b   Thumb Code   298  main.o(i._ZN6Camera6updateEv)
    Camera::Camera()                         0x08003385   Thumb Code    16  main.o(i._ZN6CameraC1Ev)
    Camera::Camera__sub_object()             0x08003385   Thumb Code     0  main.o(i._ZN6CameraC1Ev)
    Driver::setVelocity(int)                 0x08003395   Thumb Code   158  main.o(i._ZN6Driver11setVelocityEi)
    Driver::updateFromReg()                  0x08003439   Thumb Code    96  main.o(i._ZN6Driver13updateFromRegEv)
    Driver::attemptCurrent()                 0x0800349d   Thumb Code    10  main.o(i._ZN6Driver14attemptCurrentEv)
    Driver::disableFloating()                0x080034ad   Thumb Code    32  main.o(i._ZN6Driver15disableFloatingEv)
    Driver::init(char, char)                 0x080034d1   Thumb Code     6  main.o(i._ZN6Driver4initEcc)
    Driver::write(char*, char, char)         0x080034d9   Thumb Code   100  main.o(i._ZN6Driver5writeEPccc)
    Driver::Driver()                         0x08003541   Thumb Code    52  main.o(i._ZN6DriverC1Ev)
    Driver::Driver__sub_object()             0x08003541   Thumb Code     0  main.o(i._ZN6DriverC1Ev)
    PL_ADC::waitUpdate()                     0x08003575   Thumb Code    10  stm32f407_adc.o(i._ZN6PL_ADC10waitUpdateEv)
    PL_ADC::add(signed char)                 0x08003581   Thumb Code   172  stm32f407_adc.o(i._ZN6PL_ADC3addEa)
    PL_ADC::init()                           0x08003645   Thumb Code   114  stm32f407_adc.o(i._ZN6PL_ADC4initEv)
    PL_ADC::read(signed char, bool)          0x080036c1   Thumb Code    74  stm32f407_adc.o(i._ZN6PL_ADC4readEab)
    PL_ADC::start()                          0x0800370b   Thumb Code    22  stm32f407_adc.o(i._ZN6PL_ADC5startEv)
    PL_ADC::PL_ADC(ADC_TypeDef*)             0x08003721   Thumb Code    50  stm32f407_adc.o(i._ZN6PL_ADCC1EP11ADC_TypeDef)
    PL_ADC::PL_ADC__sub_object(ADC_TypeDef*) 0x08003721   Thumb Code     0  stm32f407_adc.o(i._ZN6PL_ADCC1EP11ADC_TypeDef)
    Screen::Screen()                         0x08003761   Thumb Code    32  main.o(i._ZN6ScreenC1Ev)
    Screen::Screen__sub_object()             0x08003761   Thumb Code     0  main.o(i._ZN6ScreenC1Ev)
    Battery::getVoltage()                    0x08003785   Thumb Code     6  main.o(i._ZN7Battery10getVoltageEv)
    Battery::getPercentage()                 0x0800378b   Thumb Code     6  main.o(i._ZN7Battery13getPercentageEv)
    Battery::getCellVoltage(int)             0x08003791   Thumb Code    10  main.o(i._ZN7Battery14getCellVoltageEi)
    Battery::init(PL_ADC*, unsigned short, unsigned short, unsigned short, unsigned short) 0x0800379d   Thumb Code   118  main.o(i._ZN7Battery4initEP6PL_ADCtttt)
    Battery::update()                        0x08003839   Thumb Code   308  main.o(i._ZN7Battery6updateEv)
    Battery::readCell(int)                   0x08003995   Thumb Code    46  main.o(i._ZN7Battery8readCellEi)
    Buttons::setChanged(int, bool)           0x080039c3   Thumb Code    12  main.o(i._ZN7Buttons10setChangedEib)
    Buttons::ButtonStruct::ButtonStruct()    0x080039cf   Thumb Code    10  main.o(i._ZN7Buttons12ButtonStructC1Ev)
    Buttons::ButtonStruct::ButtonStruct__sub_object() 0x080039cf   Thumb Code     0  main.o(i._ZN7Buttons12ButtonStructC1Ev)
    Buttons::init(unsigned short, unsigned short, unsigned short, unsigned short) 0x080039d9   Thumb Code    52  main.o(i._ZN7Buttons4initEtttt)
    Buttons::enable()                        0x08003a0d   Thumb Code    22  main.o(i._ZN7Buttons6enableEv)
    Buttons::update()                        0x08003a25   Thumb Code   116  main.o(i._ZN7Buttons6updateEv)
    Buttons::disable()                       0x08003aad   Thumb Code    22  main.o(i._ZN7Buttons7disableEv)
    Buttons::isChanged(int, bool)            0x08003ac3   Thumb Code    30  main.o(i._ZN7Buttons9isChangedEib)
    Buttons::isPressed(int)                  0x08003ae1   Thumb Code    12  main.o(i._ZN7Buttons9isPressedEi)
    Command::Command()                       0x08003aed   Thumb Code     6  main.o(i._ZN7CommandC1Ev)
    Command::Command__sub_object()           0x08003aed   Thumb Code     0  main.o(i._ZN7CommandC1Ev)
    Display::addToScreen(Command)            0x08003af3   Thumb Code    56  main.o(i._ZN7Display11addToScreenE7Command)
    Display::print(char*, int, int)          0x08003b2b   Thumb Code     4  main.o(i._ZN7Display5printEPcii)
    Display::print(double, int, int, int)    0x08003b2f   Thumb Code    16  main.o(i._ZN7Display5printEdiii)
    Display::print(int, int, int, int)       0x08003b3f   Thumb Code    16  main.o(i._ZN7Display5printEiiii)
    Display::print(unsigned, int, int, int)  0x08003b4f   Thumb Code    16  main.o(i._ZN7Display5printEjiii)
    Display::addEsc(Command)                 0x08003b5f   Thumb Code    46  main.o(i._ZN7Display6addEscE7Command)
    SSD1306::ssd1306_command(unsigned char)  0x08003b8d   Thumb Code    52  ssd1306.o(i._ZN7SSD130615ssd1306_commandEh)
    SSD1306::begin(unsigned char, bool)      0x08003bc1   Thumb Code   372  ssd1306.o(i._ZN7SSD13065beginEhb)
    SSD1306::clear()                         0x08003d35   Thumb Code    10  ssd1306.o(i._ZN7SSD13065clearEv)
    SSD1306::invert(unsigned char)           0x08003d45   Thumb Code    16  ssd1306.o(i._ZN7SSD13066invertEh)
    SSD1306::display(unsigned char*)         0x08003d55   Thumb Code   116  ssd1306.o(i._ZN7SSD13067displayEPh)
    SSD1306::display()                       0x08003dc9   Thumb Code   116  ssd1306.o(i._ZN7SSD13067displayEv)
    SSD1306::switchOn()                      0x08003e41   Thumb Code     8  ssd1306.o(i._ZN7SSD13068switchOnEv)
    SSD1306::drawPixel(short, short, unsigned short) 0x08003e49   Thumb Code   158  ssd1306.o(i._ZN7SSD13069drawPixelEsst)
    SSD1306::SSD1306(unsigned, unsigned short, unsigned short, unsigned short, unsigned short, unsigned short, unsigned short) 0x08003eed   Thumb Code    64  ssd1306.o(i._ZN7SSD1306C1Ejtttttt)
    SSD1306::SSD1306__sub_object(unsigned, unsigned short, unsigned short, unsigned short, unsigned short, unsigned short, unsigned short) 0x08003eed   Thumb Code     0  ssd1306.o(i._ZN7SSD1306C1Ejtttttt)
    SSD1306::SSD1306()                       0x08003f31   Thumb Code     6  ssd1306.o(i._ZN7SSD1306C1Ev)
    SSD1306::SSD1306__sub_object()           0x08003f31   Thumb Code     0  ssd1306.o(i._ZN7SSD1306C1Ev)
    mpu9250::readFIFOsize()                  0x08003f3d   Thumb Code    46  mpu9250.o(i._ZN7mpu925012readFIFOsizeEv)
    mpu9250::setAccOffset(int, int, int)     0x08003f6b   Thumb Code    88  mpu9250.o(i._ZN7mpu925012setAccOffsetEiii)
    mpu9250::updateAngles(double, bool)      0x08003fc5   Thumb Code   844  mpu9250.o(i._ZN7mpu925012updateAnglesEdb)
    mpu9250::setGyroOffset(int, int, int)    0x08004359   Thumb Code    82  mpu9250.o(i._ZN7mpu925013setGyroOffsetEiii)
    mpu9250::updateAnglesFromFIFO()          0x080043ad   Thumb Code    62  mpu9250.o(i._ZN7mpu925020updateAnglesFromFIFOEv)
    mpu9250::MadgwickAHRSupdateIMU(double)   0x080043f5   Thumb Code  2112  mpu9250.o(i._ZN7mpu925021MadgwickAHRSupdateIMUEd)
    mpu9250::convert(unsigned short, unsigned char) 0x08004c39   Thumb Code    16  mpu9250.o(i._ZN7mpu92507convertEth)
    mpu9250::initIMU(unsigned, int)          0x08004c4d   Thumb Code   532  mpu9250.o(i._ZN7mpu92507initIMUEji)
    mpu9250::invSqrt(float)                  0x08004ea1   Thumb Code    40  mpu9250.o(i._ZN7mpu92507invSqrtEf)
    mpu9250::readAcc()                       0x08004ecd   Thumb Code   160  mpu9250.o(i._ZN7mpu92507readAccEv)
    mpu9250::readReg(int, int*, int)         0x08004f6d   Thumb Code    90  mpu9250.o(i._ZN7mpu92507readRegEiPii)
    mpu9250::readFIFO()                      0x08004fc7   Thumb Code   452  mpu9250.o(i._ZN7mpu92508readFIFOEv)
    mpu9250::readGyro()                      0x0800518b   Thumb Code   160  mpu9250.o(i._ZN7mpu92508readGyroEv)
    mpu9250::writeReg(int, unsigned char)    0x0800522b   Thumb Code    50  mpu9250.o(i._ZN7mpu92508writeRegEih)
    mpu9250::calibrate(int)                  0x0800525d   Thumb Code   510  mpu9250.o(i._ZN7mpu92509calibrateEi)
    std::abs(double)                         0x0800547d   Thumb Code     4  main.o(i._ZSt3absd)
    operator delete (void*)                  0x08005481   Thumb Code     8  delete.o(i._ZdlPv)
    operator new[] (unsigned)                0x08005489   Thumb Code     8  array_new.o(i._Znaj)
    operator new(unsigned)                   0x08005491   Thumb Code    34  new.o(i._Znwj)
    __ARM_fpclassify                         0x080054b9   Thumb Code    48  fpclassify.o(i.__ARM_fpclassify)
    __aeabi_vec_ctor_nocookie_nodtor         0x080054e9   Thumb Code    36  aeabi_vec_ctor_nocookie_nodtor.o(i.__aeabi_vec_ctor_nocookie_nodtor)
    __cxa_guard_acquire                      0x0800550d   Thumb Code    16  cxa_guard_acquire.o(i.__cxa_guard_acquire)
    __hardfp_asin                            0x08005521   Thumb Code   770  asin.o(i.__hardfp_asin)
    __hardfp_atan                            0x08005881   Thumb Code   622  atan.o(i.__hardfp_atan)
    __hardfp_atan2                           0x08005b59   Thumb Code   432  atan2.o(i.__hardfp_atan2)
    __hardfp_ceilf                           0x08005d49   Thumb Code    98  ceilf.o(i.__hardfp_ceilf)
    __mathlib_ceilf                          0x08005d49   Thumb Code     0  ceilf.o(i.__hardfp_ceilf)
    __hardfp_cos                             0x08005db9   Thumb Code   180  cos.o(i.__hardfp_cos)
    __hardfp_fabs                            0x08005e81   Thumb Code    20  fabs.o(i.__hardfp_fabs)
    __hardfp_pow                             0x08005e99   Thumb Code  3072  pow.o(i.__hardfp_pow)
    __hardfp_sin                             0x08006ae9   Thumb Code   180  sin.o(i.__hardfp_sin)
    __hardfp_sqrt                            0x08006bb1   Thumb Code   122  sqrt.o(i.__hardfp_sqrt)
    __ieee754_rem_pio2                       0x08006c31   Thumb Code   938  rred.o(i.__ieee754_rem_pio2)
    __kernel_cos                             0x08007069   Thumb Code   322  cos_i.o(i.__kernel_cos)
    __kernel_poly                            0x080071d9   Thumb Code   248  poly.o(i.__kernel_poly)
    __kernel_sin                             0x080072d1   Thumb Code   280  sin_i.o(i.__kernel_sin)
    __mathlib_dbl_divzero                    0x08007401   Thumb Code    28  dunder.o(i.__mathlib_dbl_divzero)
    __mathlib_dbl_infnan                     0x08007431   Thumb Code    20  dunder.o(i.__mathlib_dbl_infnan)
    __mathlib_dbl_infnan2                    0x08007445   Thumb Code    20  dunder.o(i.__mathlib_dbl_infnan2)
    __mathlib_dbl_invalid                    0x08007459   Thumb Code    24  dunder.o(i.__mathlib_dbl_invalid)
    __mathlib_dbl_overflow                   0x08007479   Thumb Code    24  dunder.o(i.__mathlib_dbl_overflow)
    __mathlib_dbl_underflow                  0x08007499   Thumb Code    24  dunder.o(i.__mathlib_dbl_underflow)
    atan                                     0x0800752d   Thumb Code    16  atan.o(i.atan)
    fabs                                     0x0800753d   Thumb Code    24  fabs.o(i.fabs)
    main                                     0x08007555   Thumb Code  1348  main.o(i.main)
    sqrt                                     0x08007ab5   Thumb Code   110  sqrt.o(i.sqrt)
    T1 sgn<double>(T1)                       0x08007b25   Thumb Code    72  main.o(t._Z3sgnIdET_S0_)
    T1 crc8<char>(T1*, int)                  0x08007b85   Thumb Code    52  main.o(t._Z4crc8IcET_PS0_i)
    T1 crc8<unsigned char>(T1*, int)         0x08007bb9   Thumb Code    52  main.o(t._Z4crc8IhET_PS0_i)
    T1 crc8<int>(T1*, int)                   0x08007bed   Thumb Code    48  main.o(t._Z4crc8IiET_PS0_i)
    T1 min2<double>(T1, T1)                  0x08007c1d   Thumb Code    60  main.o(t._Z4min2IdET_S0_S0_)
    T1 min2<int>(T1, T1)                     0x08007c59   Thumb Code     8  main.o(t._Z4min2IiET_S0_S0_)
    char* toPrint<double>(T1, short)         0x08007c61   Thumb Code   532  main.o(t._Z7toPrintIdEPcT_s)
    char* toPrint<int>(T1, short)            0x08007e85   Thumb Code   278  main.o(t._Z7toPrintIiEPcT_s)
    char* toPrint<unsigned>(T1, short)       0x08007f9b   Thumb Code   264  main.o(t._Z7toPrintIjEPcT_s)
    void printTml<double>(SSD1306&, T1, int, int, int) 0x080080a3   Thumb Code    40  main.o(t._Z8printTmlIdEvR7SSD1306T_iii)
    void printTml<int>(SSD1306&, T1, int, int, int) 0x080080cb   Thumb Code    42  main.o(t._Z8printTmlIiEvR7SSD1306T_iii)
    void printTml<unsigned>(SSD1306&, T1, int, int, int) 0x080080f5   Thumb Code    42  main.o(t._Z8printTmlIjEvR7SSD1306T_iii)
    __aeabi_dneg                             0x0800811f   Thumb Code     0  basic.o(x$fpl$basic)
    _dneg                                    0x0800811f   Thumb Code     6  basic.o(x$fpl$basic)
    __aeabi_fneg                             0x08008125   Thumb Code     0  basic.o(x$fpl$basic)
    _fneg                                    0x08008125   Thumb Code     6  basic.o(x$fpl$basic)
    _dabs                                    0x0800812b   Thumb Code     6  basic.o(x$fpl$basic)
    _fabs                                    0x08008131   Thumb Code     6  basic.o(x$fpl$basic)
    __aeabi_d2f                              0x08008139   Thumb Code     0  d2f.o(x$fpl$d2f)
    _d2f                                     0x08008139   Thumb Code    98  d2f.o(x$fpl$d2f)
    __aeabi_dadd                             0x0800819d   Thumb Code     0  daddsub_clz.o(x$fpl$dadd)
    _dadd                                    0x0800819d   Thumb Code   332  daddsub_clz.o(x$fpl$dadd)
    __fpl_dcheck_NaN1                        0x080082ed   Thumb Code    10  dcheck1.o(x$fpl$dcheck1)
    __fpl_dcmp_Inf                           0x080082fd   Thumb Code    24  dcmpi.o(x$fpl$dcmpinf)
    __aeabi_ddiv                             0x08008315   Thumb Code     0  ddiv.o(x$fpl$ddiv)
    _ddiv                                    0x08008315   Thumb Code   552  ddiv.o(x$fpl$ddiv)
    __aeabi_cdcmpeq                          0x080085c5   Thumb Code     0  deqf.o(x$fpl$deqf)
    _dcmpeq                                  0x080085c5   Thumb Code   120  deqf.o(x$fpl$deqf)
    __aeabi_d2iz                             0x0800863d   Thumb Code     0  dfix.o(x$fpl$dfix)
    _dfix                                    0x0800863d   Thumb Code    94  dfix.o(x$fpl$dfix)
    __aeabi_d2uiz                            0x0800869d   Thumb Code     0  dfixu.o(x$fpl$dfixu)
    _dfixu                                   0x0800869d   Thumb Code    90  dfixu.o(x$fpl$dfixu)
    __aeabi_i2d                              0x080086f7   Thumb Code     0  dflt_clz.o(x$fpl$dflt)
    _dflt                                    0x080086f7   Thumb Code    46  dflt_clz.o(x$fpl$dflt)
    __aeabi_l2d                              0x08008725   Thumb Code     0  dfltll_clz.o(x$fpl$dfltll)
    _ll_sto_d                                0x08008725   Thumb Code   162  dfltll_clz.o(x$fpl$dfltll)
    __aeabi_ui2d                             0x080087c7   Thumb Code     0  dflt_clz.o(x$fpl$dfltu)
    _dfltu                                   0x080087c7   Thumb Code    38  dflt_clz.o(x$fpl$dfltu)
    __aeabi_cdcmple                          0x080087ed   Thumb Code     0  dleqf.o(x$fpl$dleqf)
    _dcmple                                  0x080087ed   Thumb Code   120  dleqf.o(x$fpl$dleqf)
    __fpl_dcmple_InfNaN                      0x0800884f   Thumb Code     0  dleqf.o(x$fpl$dleqf)
    __aeabi_dmul                             0x08008865   Thumb Code     0  dmul.o(x$fpl$dmul)
    _dmul                                    0x08008865   Thumb Code   332  dmul.o(x$fpl$dmul)
    __fpl_dnaninf                            0x080089b9   Thumb Code   156  dnaninf.o(x$fpl$dnaninf)
    __fpl_dretinf                            0x08008a55   Thumb Code    12  dretinf.o(x$fpl$dretinf)
    __aeabi_cdrcmple                         0x08008a61   Thumb Code     0  drleqf.o(x$fpl$drleqf)
    _drcmple                                 0x08008a61   Thumb Code   108  drleqf.o(x$fpl$drleqf)
    __aeabi_drsub                            0x08008acd   Thumb Code     0  daddsub_clz.o(x$fpl$drsb)
    _drsb                                    0x08008acd   Thumb Code    22  daddsub_clz.o(x$fpl$drsb)
    _dsqrt                                   0x08008ae5   Thumb Code   404  dsqrt_umaal.o(x$fpl$dsqrt)
    __aeabi_dsub                             0x08008c7d   Thumb Code     0  daddsub_clz.o(x$fpl$dsub)
    _dsub                                    0x08008c7d   Thumb Code   464  daddsub_clz.o(x$fpl$dsub)
    __aeabi_f2d                              0x08008e51   Thumb Code     0  f2d.o(x$fpl$f2d)
    _f2d                                     0x08008e51   Thumb Code    86  f2d.o(x$fpl$f2d)
    __fpl_fnaninf                            0x08008ea7   Thumb Code   140  fnaninf.o(x$fpl$fnaninf)
    _fp_init                                 0x08008f33   Thumb Code    10  fpinit.o(x$fpl$fpinit)
    __fplib_config_fpu_vfp                   0x08008f3b   Thumb Code     0  fpinit.o(x$fpl$fpinit)
    __fplib_config_pureend_doubles           0x08008f3b   Thumb Code     0  fpinit.o(x$fpl$fpinit)
    __fpl_fretinf                            0x08008f3d   Thumb Code    10  fretinf.o(x$fpl$fretinf)
    __aeabi_d2lz                             0x08008f49   Thumb Code     0  dfixll.o(x$fpl$llsfromd)
    _ll_sfrom_d                              0x08008f49   Thumb Code   194  dfixll.o(x$fpl$llsfromd)
    __fpl_return_NaN                         0x0800900b   Thumb Code   100  retnan.o(x$fpl$retnan)
    __ARM_scalbn                             0x0800906f   Thumb Code    92  scalbn.o(x$fpl$scalbn)
    __fpl_cmpreturn                          0x080090cb   Thumb Code    48  trapv.o(x$fpl$trapveneer)
    __I$use$fp                               0x080090fa   Number         0  usenofp.o(x$fpl$usenofp)
    PL_ADC::channels                         0x0800988c   Data          16  stm32f407_adc.o(.constdata)
    __mathlib_zero                           0x08009a40   Data           8  qnan.o(.constdata)
    vtable for SSD1306                       0x08009b38   Data          16  ssd1306.o(.constdata__ZTV7SSD1306)
    Display::update()::string                0x08009b48   Data           2  main.o(.constdata__ZZN7Display6updateEvEs)
    Region$$Table$$Base                      0x08009b4c   Number         0  anon$$obj.o(Region$$Table)
    Region$$Table$$Limit                     0x08009b6c   Number         0  anon$$obj.o(Region$$Table)
    SHT$$INIT_ARRAY$$Base                    0x08009b6c   Number         0  main.o(.init_array)
    SHT$$INIT_ARRAY$$Limit                   0x08009b70   Number         0  init_aeabi.o(.init_array)
    GLOBAL_ERROR                             0x2000000c   Data           4  main.o(.data)
    g_state                                  0x20000010   Data           4  main.o(.data)
    clb_var                                  0x20000014   Data           4  main.o(.data)
    basicFunc                                0x20000034   Data           4  main.o(.data)
    initImageBuffer                          0x20000068   Data        8192  main.o(.data)
    firstField                               0x20002068   Data       21600  main.o(.data)
    _available                               0x200074c8   Data           2  stm32f407_spi.o(.data)
    _RxData                                  0x200074ca   Data           4  stm32f407_spi.o(.data)
    _millis                                  0x200074d0   Data           4  stm32f407_sysfunc.o(.data)
    _bufRxHead                               0x200074d4   Data           8  stm32f407_uart.o(.data)
    _bufRxTail                               0x200074dc   Data           8  stm32f407_uart.o(.data)
    _bufTxHead                               0x200074e4   Data           8  stm32f407_uart.o(.data)
    _bufTxTail                               0x200074ec   Data           8  stm32f407_uart.o(.data)
    robot                                    0x20007948   Data        2120  main.o(.bss)
    _bufRx                                   0x20008190   Data         256  stm32f407_uart.o(.bss)
    _bufTx                                   0x20008290   Data         256  stm32f407_uart.o(.bss)
    __libspace_start                         0x20008390   Data          96  libspace.o(.bss)
    __temporary_stack_top$libspace           0x200083f0   Data           0  libspace.o(.bss)



==============================================================================

Memory Map of the image

  Image Entry point : 0x0800027d

  Load Region LR_1 (Base: 0x08000000, Size: 0x00011464, Max: 0xffffffff, ABSOLUTE, COMPRESSED[0x0000b1ac])

    Execution Region ER_RO (Exec base: 0x08000000, Load base: 0x08000000, Size: 0x00009b70, Max: 0xffffffff, ABSOLUTE)

    Exec Addr    Load Addr    Size         Type   Attr      Idx    E Section Name        Object

    0x08000000   0x08000000   0x00000188   Data   RO         1372    RESET               startup_stm32f40xx.o
    0x08000188   0x08000188   0x00000008   Code   RO         2202  * !!!main             c_w.l(__main.o)
    0x08000190   0x08000190   0x00000034   Code   RO         2918    !!!scatter          c_w.l(__scatter.o)
    0x080001c4   0x080001c4   0x00000064   Code   RO         2916    !!dclz77c           c_w.l(__dclz77c.o)
    0x08000228   0x08000228   0x0000001c   Code   RO         2920    !!handler_zi        c_w.l(__scatter_zi.o)
    0x08000244   0x08000244   0x00000002   Code   RO         2821    .ARM.Collect$$libinit$$00000000  c_w.l(libinit.o)
    0x08000246   0x08000246   0x00000004   Code   RO         2552    .ARM.Collect$$libinit$$00000001  c_w.l(libinit2.o)
    0x0800024a   0x0800024a   0x00000000   Code   RO         2555    .ARM.Collect$$libinit$$00000004  c_w.l(libinit2.o)
    0x0800024a   0x0800024a   0x00000008   Code   RO         2556    .ARM.Collect$$libinit$$00000005  c_w.l(libinit2.o)
    0x08000252   0x08000252   0x00000000   Code   RO         2558    .ARM.Collect$$libinit$$0000000A  c_w.l(libinit2.o)
    0x08000252   0x08000252   0x00000000   Code   RO         2560    .ARM.Collect$$libinit$$0000000C  c_w.l(libinit2.o)
    0x08000252   0x08000252   0x00000000   Code   RO         2562    .ARM.Collect$$libinit$$0000000E  c_w.l(libinit2.o)
    0x08000252   0x08000252   0x00000000   Code   RO         2565    .ARM.Collect$$libinit$$00000011  c_w.l(libinit2.o)
    0x08000252   0x08000252   0x00000000   Code   RO         2567    .ARM.Collect$$libinit$$00000013  c_w.l(libinit2.o)
    0x08000252   0x08000252   0x00000000   Code   RO         2569    .ARM.Collect$$libinit$$00000015  c_w.l(libinit2.o)
    0x08000252   0x08000252   0x00000000   Code   RO         2571    .ARM.Collect$$libinit$$00000017  c_w.l(libinit2.o)
    0x08000252   0x08000252   0x00000000   Code   RO         2573    .ARM.Collect$$libinit$$00000019  c_w.l(libinit2.o)
    0x08000252   0x08000252   0x00000000   Code   RO         2575    .ARM.Collect$$libinit$$0000001B  c_w.l(libinit2.o)
    0x08000252   0x08000252   0x00000000   Code   RO         2577    .ARM.Collect$$libinit$$0000001D  c_w.l(libinit2.o)
    0x08000252   0x08000252   0x00000000   Code   RO         2579    .ARM.Collect$$libinit$$0000001F  c_w.l(libinit2.o)
    0x08000252   0x08000252   0x00000000   Code   RO         2581    .ARM.Collect$$libinit$$00000021  c_w.l(libinit2.o)
    0x08000252   0x08000252   0x00000000   Code   RO         2583    .ARM.Collect$$libinit$$00000023  c_w.l(libinit2.o)
    0x08000252   0x08000252   0x00000000   Code   RO         2585    .ARM.Collect$$libinit$$00000025  c_w.l(libinit2.o)
    0x08000252   0x08000252   0x00000000   Code   RO         2589    .ARM.Collect$$libinit$$0000002C  c_w.l(libinit2.o)
    0x08000252   0x08000252   0x00000000   Code   RO         2591    .ARM.Collect$$libinit$$0000002E  c_w.l(libinit2.o)
    0x08000252   0x08000252   0x00000000   Code   RO         2593    .ARM.Collect$$libinit$$00000030  c_w.l(libinit2.o)
    0x08000252   0x08000252   0x00000004   Code   RO         2594    .ARM.Collect$$libinit$$00000031  c_w.l(libinit2.o)
    0x08000256   0x08000256   0x00000000   Code   RO         2595    .ARM.Collect$$libinit$$00000032  c_w.l(libinit2.o)
    0x08000256   0x08000256   0x00000002   Code   RO         2596    .ARM.Collect$$libinit$$00000033  c_w.l(libinit2.o)
    0x08000258   0x08000258   0x00000002   Code   RO         2901    .ARM.Collect$$libshutdown$$00000000  c_w.l(libshutdown.o)
    0x0800025a   0x0800025a   0x00000000   Code   RO         2880    .ARM.Collect$$libshutdown$$00000002  c_w.l(libshutdown2.o)
    0x0800025a   0x0800025a   0x00000000   Code   RO         2882    .ARM.Collect$$libshutdown$$00000004  c_w.l(libshutdown2.o)
    0x0800025a   0x0800025a   0x00000000   Code   RO         2885    .ARM.Collect$$libshutdown$$00000007  c_w.l(libshutdown2.o)
    0x0800025a   0x0800025a   0x00000000   Code   RO         2888    .ARM.Collect$$libshutdown$$0000000A  c_w.l(libshutdown2.o)
    0x0800025a   0x0800025a   0x00000000   Code   RO         2890    .ARM.Collect$$libshutdown$$0000000C  c_w.l(libshutdown2.o)
    0x0800025a   0x0800025a   0x00000000   Code   RO         2893    .ARM.Collect$$libshutdown$$0000000F  c_w.l(libshutdown2.o)
    0x0800025a   0x0800025a   0x00000002   Code   RO         2894    .ARM.Collect$$libshutdown$$00000010  c_w.l(libshutdown2.o)
    0x0800025c   0x0800025c   0x00000000   Code   RO         2476    .ARM.Collect$$rtentry$$00000000  c_w.l(__rtentry.o)
    0x0800025c   0x0800025c   0x00000000   Code   RO         2697    .ARM.Collect$$rtentry$$00000002  c_w.l(__rtentry2.o)
    0x0800025c   0x0800025c   0x00000006   Code   RO         2709    .ARM.Collect$$rtentry$$00000004  c_w.l(__rtentry4.o)
    0x08000262   0x08000262   0x00000000   Code   RO         2699    .ARM.Collect$$rtentry$$00000009  c_w.l(__rtentry2.o)
    0x08000262   0x08000262   0x00000004   Code   RO         2700    .ARM.Collect$$rtentry$$0000000A  c_w.l(__rtentry2.o)
    0x08000266   0x08000266   0x00000000   Code   RO         2702    .ARM.Collect$$rtentry$$0000000C  c_w.l(__rtentry2.o)
    0x08000266   0x08000266   0x00000008   Code   RO         2703    .ARM.Collect$$rtentry$$0000000D  c_w.l(__rtentry2.o)
    0x0800026e   0x0800026e   0x00000002   Code   RO         2842    .ARM.Collect$$rtexit$$00000000  c_w.l(rtexit.o)
    0x08000270   0x08000270   0x00000000   Code   RO         2863    .ARM.Collect$$rtexit$$00000002  c_w.l(rtexit2.o)
    0x08000270   0x08000270   0x00000004   Code   RO         2864    .ARM.Collect$$rtexit$$00000003  c_w.l(rtexit2.o)
    0x08000274   0x08000274   0x00000006   Code   RO         2865    .ARM.Collect$$rtexit$$00000004  c_w.l(rtexit2.o)
    0x0800027a   0x0800027a   0x00000002   PAD
    0x0800027c   0x0800027c   0x00000000   Code   RO         2791    .emb_text           c_w.l(maybetermalloc1.o)
    0x0800027c   0x0800027c   0x00000040   Code   RO         1373  * .text               startup_stm32f40xx.o
    0x080002bc   0x080002bc   0x000000ee   Code   RO         2192    .text               c_w.l(lludivv7m.o)
    0x080003aa   0x080003aa   0x00000048   Code   RO         2194    .text               c_w.l(llsdiv.o)
    0x080003f2   0x080003f2   0x00000064   Code   RO         2196    .text               c_w.l(rt_memcpy_w.o)
    0x08000456   0x08000456   0x00000044   Code   RO         2198    .text               c_w.l(rt_memclr.o)
    0x0800049a   0x0800049a   0x00000006   Code   RO         2200    .text               c_w.l(heapauxi.o)
    0x080004a0   0x080004a0   0x00000024   Code   RO         2207    .text               c_w.l(init_aeabi.o)
    0x080004c4   0x080004c4   0x00000008   Code   RO         2484    .text               c_w.l(rt_new_handler_addr_intlibspace.o)
    0x080004cc   0x080004cc   0x0000005e   Code   RO         2490    .text               c_w.l(h1_alloc.o)
    0x0800052a   0x0800052a   0x0000004e   Code   RO         2492    .text               c_w.l(h1_free.o)
    0x08000578   0x08000578   0x00000016   Code   RO         2548    .text               c_w.l(_rserrno.o)
    0x0800058e   0x0800058e   0x0000004e   Code   RO         2550    .text               c_w.l(rt_memclr_w.o)
    0x080005dc   0x080005dc   0x00000004   Code   RO         2600    .text               cpprt_w.l(arm_newhandler_noexceptions.o)
    0x080005e0   0x080005e0   0x00000008   Code   RO         2691    .text               c_w.l(libspace.o)
    0x080005e8   0x080005e8   0x00000008   Code   RO         2716    .text               c_w.l(rt_heap_descriptor_intlibspace.o)
    0x080005f0   0x080005f0   0x00000008   Code   RO         2721    .text               c_w.l(rt_errno_addr_intlibspace.o)
    0x080005f8   0x080005f8   0x00000004   Code   RO         2723    .text               c_w.l(hguard.o)
    0x080005fc   0x080005fc   0x0000008a   Code   RO         2725    .text               c_w.l(init_alloc.o)
    0x08000686   0x08000686   0x0000000e   Code   RO         2729    .text               c_w.l(h1_init.o)
    0x08000694   0x08000694   0x0000001a   Code   RO         2763    .text               cpprt_w.l(arm_exceptions_terminate.o)
    0x080006ae   0x080006ae   0x00000002   PAD
    0x080006b0   0x080006b0   0x00000050   Code   RO         2770    .text               cpprt_w.l(arm_exceptions_globs.o)
    0x08000700   0x08000700   0x0000004a   Code   RO         2782    .text               c_w.l(sys_stackheap_outer.o)
    0x0800074a   0x0800074a   0x00000002   PAD
    0x0800074c   0x0800074c   0x00000008   Code   RO         2787    .text               c_w.l(rt_eh_globals_addr_intlibspace.o)
    0x08000754   0x08000754   0x00000034   Code   RO         2793    .text               c_w.l(h1_extend.o)
    0x08000788   0x08000788   0x00000012   Code   RO         2797    .text               c_w.l(exit.o)
    0x0800079a   0x0800079a   0x00000016   Code   RO         2799    .text               c_w.l(abort.o)
    0x080007b0   0x080007b0   0x0000000e   Code   RO         2805    .text               c_w.l(defsig_rtmem_outer.o)
    0x080007be   0x080007be   0x0000003c   Code   RO         2825    .text               cpprt_w.l(arm_exceptions_mem.o)
    0x080007fa   0x080007fa   0x00000002   PAD
    0x080007fc   0x080007fc   0x0000000c   Code   RO         2837    .text               c_w.l(sys_exit.o)
    0x08000808   0x08000808   0x00000002   Code   RO         2839    .text               c_w.l(use_no_semi.o)
    0x0800080a   0x0800080a   0x00000000   Code   RO         2841    .text               c_w.l(indicate_semi.o)
    0x0800080a   0x0800080a   0x0000000a   Code   RO         2850    .text               c_w.l(defsig_exit.o)
    0x08000814   0x08000814   0x0000000e   Code   RO         2852    .text               c_w.l(defsig_abrt_outer.o)
    0x08000822   0x08000822   0x00000002   PAD
    0x08000824   0x08000824   0x00000050   Code   RO         2858    .text               c_w.l(defsig_rtmem_inner.o)
    0x08000874   0x08000874   0x00000032   Code   RO         2875    .text               c_w.l(defsig_general.o)
    0x080008a6   0x080008a6   0x00000002   PAD
    0x080008a8   0x080008a8   0x00000030   Code   RO         2877    .text               c_w.l(defsig_abrt_inner.o)
    0x080008d8   0x080008d8   0x0000000e   Code   RO         2895    .text               c_w.l(sys_wrch.o)
    0x080008e6   0x080008e6   0x00000006   Code   RO         1534    i.SPI1_IRQHandler   stm32f407_spi.o
    0x080008ec   0x080008ec   0x00000006   Code   RO         1535    i.SPI2_IRQHandler   stm32f407_spi.o
    0x080008f2   0x080008f2   0x00000006   Code   RO         1536    i.SPI3_IRQHandler   stm32f407_spi.o
    0x080008f8   0x080008f8   0x0000005c   Code   RO            5    i.SystemInit        system_stm32f4xx.o
    0x08000954   0x08000954   0x00000024   Code   RO         1628    i.TIM7_IRQHandler   stm32f407_sysfunc.o
    0x08000978   0x08000978   0x00000006   Code   RO         1702    i.UART4_IRQHandler  stm32f407_uart.o
    0x0800097e   0x0800097e   0x00000006   Code   RO         1703    i.UART5_IRQHandler  stm32f407_uart.o
    0x08000984   0x08000984   0x00000006   Code   RO         1704    i.USART1_IRQHandler  stm32f407_uart.o
    0x0800098a   0x0800098a   0x00000006   Code   RO         1705    i.USART2_IRQHandler  stm32f407_uart.o
    0x08000990   0x08000990   0x00000006   Code   RO         1706    i.USART3_IRQHandler  stm32f407_uart.o
    0x08000996   0x08000996   0x00000006   Code   RO         1707    i.USART6_IRQHandler  stm32f407_uart.o
    0x0800099c   0x0800099c   0x00000034   Code   RO           70    i._Z10drawStringR7SSD1306Pcjj  main.o
    0x080009d0   0x080009d0   0x000000b8   Code   RO            6    i._Z11SetSysClockv  system_stm32f4xx.o
    0x08000a88   0x08000a88   0x00000016   Code   RO         1629    i._Z11delayMicrosj  stm32f407_sysfunc.o
    0x08000a9e   0x08000a9e   0x00000002   PAD
    0x08000aa0   0x08000aa0   0x00000094   Code   RO         1708    i._Z11tryTransmitj  stm32f407_uart.o
    0x08000b34   0x08000b34   0x00000010   Code   RO           71    i._Z12clb_imuCalibv  main.o
    0x08000b44   0x08000b44   0x00000002   Code   RO           72    i._Z12clb_imuSetupv  main.o
    0x08000b46   0x08000b46   0x00000002   PAD
    0x08000b48   0x08000b48   0x00000460   Code   RO           73    i._Z12setupScreensv  main.o
    0x08000fa8   0x08000fa8   0x00000020   Code   RO         1709    i._Z12writeStrUARTjPc  stm32f407_uart.o
    0x08000fc8   0x08000fc8   0x00000018   Code   RO         1710    i._Z13UARTAvailablej  stm32f407_uart.o
    0x08000fe0   0x08000fe0   0x00000010   Code   RO           74    i._Z13clb_doNothingv  main.o
    0x08000ff0   0x08000ff0   0x00000004   Code   RO           75    i._Z13symbolToIndexc  main.o
    0x08000ff4   0x08000ff4   0x00000016   Code   RO         1540    i._Z14NVIC_EnableIRQ4IRQn  stm32f407_spi.o
    0x0800100a   0x0800100a   0x00000016   Code   RO         1711    i._Z14NVIC_EnableIRQ4IRQn  stm32f407_uart.o
    0x08001020   0x08001020   0x0000000c   Code   RO           76    i._Z15clb_dribblerOffv  main.o
    0x0800102c   0x0800102c   0x00000010   Code   RO           78    i._Z16clb_dribblerInOnv  main.o
    0x0800103c   0x0800103c   0x00000010   Code   RO           79    i._Z16clb_kickStraightv  main.o
    0x0800104c   0x0800104c   0x00000050   Code   RO           80    i._Z16clb_screenToGamev  main.o
    0x0800109c   0x0800109c   0x00000018   Code   RO           81    i._Z16clb_screenToMainv  main.o
    0x080010b4   0x080010b4   0x00000002   Code   RO           83    i._Z17clb_imu_pnc_clearv  main.o
    0x080010b6   0x080010b6   0x00000002   Code   RO           84    i._Z17clb_imu_pnc_startv  main.o
    0x080010b8   0x080010b8   0x00000010   Code   RO           85    i._Z17clb_screenToEmptyv  main.o
    0x080010c8   0x080010c8   0x0000000c   Code   RO           86    i._Z18clb_endLightsCalibv  main.o
    0x080010d4   0x080010d4   0x00000018   Code   RO           87    i._Z18clb_screenToKickerv  main.o
    0x080010ec   0x080010ec   0x00000014   Code   RO           88    i._Z18clb_toKokokoScreenv  main.o
    0x08001100   0x08001100   0x00000040   Code   RO         1541    i._Z19SPIInterruptHandlerj  stm32f407_spi.o
    0x08001140   0x08001140   0x00000014   Code   RO           89    i._Z19clb_toBatteryScreenv  main.o
    0x08001154   0x08001154   0x0000000c   Code   RO           90    i._Z19clb_turnOnBackLightv  main.o
    0x08001160   0x08001160   0x00000098   Code   RO         1714    i._Z20UARTInterruptHandlerj  stm32f407_uart.o
    0x080011f8   0x080011f8   0x0000000c   Code   RO           91    i._Z20clb_beginLightsCalibv  main.o
    0x08001204   0x08001204   0x00000018   Code   RO           92    i._Z20clb_screenToDribblerv  main.o
    0x0800121c   0x0800121c   0x0000000c   Code   RO           93    i._Z20clb_turnOffBackLightv  main.o
    0x08001228   0x08001228   0x00000014   Code   RO           94    i._Z21clb_screenToDebugDatav  main.o
    0x0800123c   0x0800123c   0x00000018   Code   RO           95    i._Z24clb_screenToCalibrationsv  main.o
    0x08001254   0x08001254   0x00000018   Code   RO           96    i._Z35clb_screenToLightSensorsCalibrationv  main.o
    0x0800126c   0x0800126c   0x00000016   Code   RO         1630    i._Z5delayj         stm32f407_sysfunc.o
    0x08001282   0x08001282   0x00000002   PAD
    0x08001284   0x08001284   0x00000020   Code   RO         1631    i._Z6microsv        stm32f407_sysfunc.o
    0x080012a4   0x080012a4   0x0000000c   Code   RO         1632    i._Z6millisv        stm32f407_sysfunc.o
    0x080012b0   0x080012b0   0x00000018   Code   RO          981    i._Z6setPinP12GPIO_TypeDeftb  main.o
    0x080012c8   0x080012c8   0x00000048   Code   RO          848    i._Z6setPintb       main.o
    0x08001310   0x08001310   0x0000018c   Code   RO         1380    i._Z7initPinP12GPIO_TypeDefthhh  stm32f407_pin.o
    0x0800149c   0x0800149c   0x00000074   Code   RO          841    i._Z7initPinthhh    main.o
    0x08001510   0x08001510   0x000000e0   Code   RO         1633    i._Z7initRCCv       stm32f407_sysfunc.o
    0x080015f0   0x080015f0   0x00000238   Code   RO         1542    i._Z7initSPIjbhtiiii  stm32f407_spi.o
    0x08001828   0x08001828   0x00000012   Code   RO          987    i._Z7readPinP12GPIO_TypeDeft  main.o
    0x0800183a   0x0800183a   0x00000002   PAD
    0x0800183c   0x0800183c   0x000000d4   Code   RO           97    i._Z8drawCharR7SSD1306cjj  main.o
    0x08001910   0x08001910   0x0000038c   Code   RO         1715    i._Z8initUARTjjhfhj  stm32f407_uart.o
    0x08001c9c   0x08001c9c   0x00000030   Code   RO         1716    i._Z8readUARTj      stm32f407_uart.o
    0x08001ccc   0x08001ccc   0x00000070   Code   RO         1634    i._Z8sysStartv      stm32f407_sysfunc.o
    0x08001d3c   0x08001d3c   0x00000038   Code   RO         1543    i._Z8writeSPIjt     stm32f407_spi.o
    0x08001d74   0x08001d74   0x00000010   Code   RO           98    i._Z9clb_kick1v     main.o
    0x08001d84   0x08001d84   0x00000010   Code   RO           99    i._Z9clb_kick2v     main.o
    0x08001d94   0x08001d94   0x00000024   Code   RO         1724    i._Z9writeUARTjc    stm32f407_uart.o
    0x08001db8   0x08001db8   0x00000048   Code   RO          100    i._ZN10BallSensor4initEP6PL_ADCtt  main.o
    0x08001e00   0x08001e00   0x00000012   Code   RO          101    i._ZN10BallSensor6turnOnEv  main.o
    0x08001e12   0x08001e12   0x00000030   Code   RO          102    i._ZN10BallSensor6updateEv  main.o
    0x08001e42   0x08001e42   0x00000004   Code   RO          104    i._ZN10BallSensor8getValueEv  main.o
    0x08001e46   0x08001e46   0x00000006   Code   RO          105    i._ZN11LineSensors13turnOnSensorsEv  main.o
    0x08001e4c   0x08001e4c   0x00000006   Code   RO          106    i._ZN11LineSensors14turnOffSensorsEv  main.o
    0x08001e52   0x08001e52   0x00000006   Code   RO          107    i._ZN11LineSensors18endLineCalibrationEv  main.o
    0x08001e58   0x08001e58   0x00000006   Code   RO          108    i._ZN11LineSensors20beginLineCalibrationEv  main.o
    0x08001e5e   0x08001e5e   0x00000024   Code   RO          109    i._ZN11LineSensors4initEjt  main.o
    0x08001e82   0x08001e82   0x00000034   Code   RO          110    i._ZN11LineSensors6updateEv  main.o
    0x08001eb6   0x08001eb6   0x00000004   Code   RO          111    i._ZN11LineSensors7getLineEv  main.o
    0x08001eba   0x08001eba   0x0000006e   Code   RO          114    i._ZN12KickerModule4initEtttt  main.o
    0x08001f28   0x08001f28   0x00000082   Code   RO          115    i._ZN12KickerModule4kickEbb  main.o
    0x08001faa   0x08001faa   0x00000008   Code   RO          116    i._ZN12MotorDrivers11setDribblerEi  main.o
    0x08001fb2   0x08001fb2   0x0000001c   Code   RO          117    i._ZN12MotorDrivers12enableMotorsEv  main.o
    0x08001fce   0x08001fce   0x0000001c   Code   RO          119    i._ZN12MotorDrivers14attemptCurrentEv  main.o
    0x08001fea   0x08001fea   0x00000090   Code   RO          120    i._ZN12MotorDrivers4initEjhjhjhjhjh  main.o
    0x0800207a   0x0800207a   0x00000002   PAD
    0x0800207c   0x0800207c   0x0000014c   Code   RO          121    i._ZN12MotorDrivers6updateEv  main.o
    0x080021c8   0x080021c8   0x0000002a   Code   RO          122    i._ZN12MotorDrivers8setMotorEii  main.o
    0x080021f2   0x080021f2   0x00000038   Code   RO          123    i._ZN12MotorDrivers9setMotorsEiiii  main.o
    0x0800222a   0x0800222a   0x0000001e   Code   RO          124    i._ZN12MotorDrivers9setMotorsEiiiii  main.o
    0x08002248   0x08002248   0x00000060   Code   RO          125    i._ZN14BaseFunctional11genATMPointEssa  main.o
    0x080022a8   0x080022a8   0x00000074   Code   RO          128    i._ZN14BaseFunctional5move2E12VectorToMoved  main.o
    0x0800231c   0x0800231c   0x00000014   Code   RO          133    i._ZN3IMU12setZeroAngleEv  main.o
    0x08002330   0x08002330   0x00000006   Code   RO          134    i._ZN3IMU20updateAnglesFromFIFOEv  main.o
    0x08002336   0x08002336   0x00000002   PAD
    0x08002338   0x08002338   0x00000054   Code   RO          135    i._ZN3IMU4initEjtt  main.o
    0x0800238c   0x0800238c   0x00000020   Code   RO          136    i._ZN3IMU6turnOnEv  main.o
    0x080023ac   0x080023ac   0x000000a8   Code   RO          137    i._ZN3IMU6updateEv  main.o
    0x08002454   0x08002454   0x00000090   Code   RO          139    i._ZN3IMU8getAngleEv  main.o
    0x080024e4   0x080024e4   0x00000006   Code   RO          140    i._ZN3IMU9calibrateEj  main.o
    0x080024ea   0x080024ea   0x00000002   PAD
    0x080024ec   0x080024ec   0x0000014c   Code   RO          141    i._ZN5Robot10updateMenuEv  main.o
    0x08002638   0x08002638   0x000000a8   Code   RO          142    i._ZN5Robot12handleErrorsEv  main.o
    0x080026e0   0x080026e0   0x0000003a   Code   RO          143    i._ZN5Robot12setPlayStateEb  main.o
    0x0800271a   0x0800271a   0x00000008   Code   RO          144    i._ZN5Robot12swithPowerOnEv  main.o
    0x08002722   0x08002722   0x00000008   Code   RO          145    i._ZN5Robot13swithPowerOffEv  main.o
    0x0800272a   0x0800272a   0x00000014   Code   RO          146    i._ZN5Robot15changePlayStateEv  main.o
    0x0800273e   0x0800273e   0x00000002   PAD
    0x08002740   0x08002740   0x00000270   Code   RO          147    i._ZN5Robot4initEv  main.o
    0x080029b0   0x080029b0   0x00000708   Code   RO          148    i._ZN5Robot4moveEddddd  main.o
    0x080030b8   0x080030b8   0x00000118   Code   RO          149    i._ZN5Robot4waitEj  main.o
    0x080031d0   0x080031d0   0x00000042   Code   RO          150    i._ZN5Robot8initLEDsEv  main.o
    0x08003212   0x08003212   0x00000002   PAD
    0x08003214   0x08003214   0x00000020   Code   RO          151    i._ZN5Robot9logErrorsEv  main.o
    0x08003234   0x08003234   0x00000006   Code   RO          152    i._ZN5Robot9playStateEv  main.o
    0x0800323a   0x0800323a   0x00000020   Code   RO          153    i._ZN6Camera4initEjt  main.o
    0x0800325a   0x0800325a   0x0000012a   Code   RO          154    i._ZN6Camera6updateEv  main.o
    0x08003384   0x08003384   0x00000010   Code   RO          155    i._ZN6CameraC1Ev    main.o
    0x08003394   0x08003394   0x000000a4   Code   RO          157    i._ZN6Driver11setVelocityEi  main.o
    0x08003438   0x08003438   0x00000064   Code   RO          158    i._ZN6Driver13updateFromRegEv  main.o
    0x0800349c   0x0800349c   0x00000010   Code   RO          159    i._ZN6Driver14attemptCurrentEv  main.o
    0x080034ac   0x080034ac   0x00000024   Code   RO          163    i._ZN6Driver15disableFloatingEv  main.o
    0x080034d0   0x080034d0   0x00000006   Code   RO          164    i._ZN6Driver4initEcc  main.o
    0x080034d6   0x080034d6   0x00000002   PAD
    0x080034d8   0x080034d8   0x00000068   Code   RO          165    i._ZN6Driver5writeEPccc  main.o
    0x08003540   0x08003540   0x00000034   Code   RO          167    i._ZN6DriverC1Ev    main.o
    0x08003574   0x08003574   0x0000000a   Code   RO         1417    i._ZN6PL_ADC10waitUpdateEv  stm32f407_adc.o
    0x0800357e   0x0800357e   0x00000002   PAD
    0x08003580   0x08003580   0x000000c4   Code   RO         1418    i._ZN6PL_ADC3addEa  stm32f407_adc.o
    0x08003644   0x08003644   0x0000007c   Code   RO         1419    i._ZN6PL_ADC4initEv  stm32f407_adc.o
    0x080036c0   0x080036c0   0x0000004a   Code   RO         1420    i._ZN6PL_ADC4readEab  stm32f407_adc.o
    0x0800370a   0x0800370a   0x00000016   Code   RO         1422    i._ZN6PL_ADC5startEv  stm32f407_adc.o
    0x08003720   0x08003720   0x00000040   Code   RO         1423    i._ZN6PL_ADCC1EP11ADC_TypeDef  stm32f407_adc.o
    0x08003760   0x08003760   0x00000024   Code   RO         1011    i._ZN6ScreenC1Ev    main.o
    0x08003784   0x08003784   0x00000006   Code   RO          168    i._ZN7Battery10getVoltageEv  main.o
    0x0800378a   0x0800378a   0x00000006   Code   RO          169    i._ZN7Battery13getPercentageEv  main.o
    0x08003790   0x08003790   0x0000000a   Code   RO          170    i._ZN7Battery14getCellVoltageEi  main.o
    0x0800379a   0x0800379a   0x00000002   PAD
    0x0800379c   0x0800379c   0x0000009c   Code   RO          171    i._ZN7Battery4initEP6PL_ADCtttt  main.o
    0x08003838   0x08003838   0x0000015c   Code   RO          172    i._ZN7Battery6updateEv  main.o
    0x08003994   0x08003994   0x0000002e   Code   RO          173    i._ZN7Battery8readCellEi  main.o
    0x080039c2   0x080039c2   0x0000000c   Code   RO          174    i._ZN7Buttons10setChangedEib  main.o
    0x080039ce   0x080039ce   0x0000000a   Code   RO         1017    i._ZN7Buttons12ButtonStructC1Ev  main.o
    0x080039d8   0x080039d8   0x00000034   Code   RO          175    i._ZN7Buttons4initEtttt  main.o
    0x08003a0c   0x08003a0c   0x00000016   Code   RO          176    i._ZN7Buttons6enableEv  main.o
    0x08003a22   0x08003a22   0x00000002   PAD
    0x08003a24   0x08003a24   0x00000088   Code   RO          177    i._ZN7Buttons6updateEv  main.o
    0x08003aac   0x08003aac   0x00000016   Code   RO          178    i._ZN7Buttons7disableEv  main.o
    0x08003ac2   0x08003ac2   0x0000001e   Code   RO          179    i._ZN7Buttons9isChangedEib  main.o
    0x08003ae0   0x08003ae0   0x0000000c   Code   RO          180    i._ZN7Buttons9isPressedEi  main.o
    0x08003aec   0x08003aec   0x00000006   Code   RO         1023    i._ZN7CommandC1Ev   main.o
    0x08003af2   0x08003af2   0x00000038   Code   RO          999    i._ZN7Display11addToScreenE7Command  main.o
    0x08003b2a   0x08003b2a   0x00000004   Code   RO          181    i._ZN7Display5printEPcii  main.o
    0x08003b2e   0x08003b2e   0x00000010   Code   RO          182    i._ZN7Display5printEdiii  main.o
    0x08003b3e   0x08003b3e   0x00000010   Code   RO          184    i._ZN7Display5printEiiii  main.o
    0x08003b4e   0x08003b4e   0x00000010   Code   RO          185    i._ZN7Display5printEjiii  main.o
    0x08003b5e   0x08003b5e   0x0000002e   Code   RO         1005    i._ZN7Display6addEscE7Command  main.o
    0x08003b8c   0x08003b8c   0x00000034   Code   RO         1894    i._ZN7SSD130615ssd1306_commandEh  ssd1306.o
    0x08003bc0   0x08003bc0   0x00000174   Code   RO         1901    i._ZN7SSD13065beginEhb  ssd1306.o
    0x08003d34   0x08003d34   0x00000010   Code   RO         1902    i._ZN7SSD13065clearEv  ssd1306.o
    0x08003d44   0x08003d44   0x00000010   Code   RO         1903    i._ZN7SSD13066invertEh  ssd1306.o
    0x08003d54   0x08003d54   0x00000074   Code   RO         1904    i._ZN7SSD13067displayEPh  ssd1306.o
    0x08003dc8   0x08003dc8   0x00000078   Code   RO         1905    i._ZN7SSD13067displayEv  ssd1306.o
    0x08003e40   0x08003e40   0x00000008   Code   RO         1906    i._ZN7SSD13068switchOnEv  ssd1306.o
    0x08003e48   0x08003e48   0x000000a4   Code   RO         1907    i._ZN7SSD13069drawPixelEsst  ssd1306.o
    0x08003eec   0x08003eec   0x00000044   Code   RO         1909    i._ZN7SSD1306C1Ejtttttt  ssd1306.o
    0x08003f30   0x08003f30   0x0000000c   Code   RO         1910    i._ZN7SSD1306C1Ev   ssd1306.o
    0x08003f3c   0x08003f3c   0x0000002e   Code   RO         2068    i._ZN7mpu925012readFIFOsizeEv  mpu9250.o
    0x08003f6a   0x08003f6a   0x00000058   Code   RO         2069    i._ZN7mpu925012setAccOffsetEiii  mpu9250.o
    0x08003fc2   0x08003fc2   0x00000002   PAD
    0x08003fc4   0x08003fc4   0x00000394   Code   RO         2070    i._ZN7mpu925012updateAnglesEdb  mpu9250.o
    0x08004358   0x08004358   0x00000052   Code   RO         2071    i._ZN7mpu925013setGyroOffsetEiii  mpu9250.o
    0x080043aa   0x080043aa   0x00000002   PAD
    0x080043ac   0x080043ac   0x00000048   Code   RO         2072    i._ZN7mpu925020updateAnglesFromFIFOEv  mpu9250.o
    0x080043f4   0x080043f4   0x00000844   Code   RO         2073    i._ZN7mpu925021MadgwickAHRSupdateIMUEd  mpu9250.o
    0x08004c38   0x08004c38   0x00000014   Code   RO         2176    i._ZN7mpu92507convertEth  mpu9250.o
    0x08004c4c   0x08004c4c   0x00000254   Code   RO         2075    i._ZN7mpu92507initIMUEji  mpu9250.o
    0x08004ea0   0x08004ea0   0x0000002c   Code   RO         2076    i._ZN7mpu92507invSqrtEf  mpu9250.o
    0x08004ecc   0x08004ecc   0x000000a0   Code   RO         2077    i._ZN7mpu92507readAccEv  mpu9250.o
    0x08004f6c   0x08004f6c   0x0000005a   Code   RO         2078    i._ZN7mpu92507readRegEiPii  mpu9250.o
    0x08004fc6   0x08004fc6   0x000001c4   Code   RO         2079    i._ZN7mpu92508readFIFOEv  mpu9250.o
    0x0800518a   0x0800518a   0x000000a0   Code   RO         2080    i._ZN7mpu92508readGyroEv  mpu9250.o
    0x0800522a   0x0800522a   0x00000032   Code   RO         2082    i._ZN7mpu92508writeRegEih  mpu9250.o
    0x0800525c   0x0800525c   0x00000220   Code   RO         2083    i._ZN7mpu92509calibrateEi  mpu9250.o
    0x0800547c   0x0800547c   0x00000004   Code   RO          993    i._ZSt3absd         main.o
    0x08005480   0x08005480   0x00000008   Code   RO         2214    i._ZdlPv            cpprt_w.l(delete.o)
    0x08005488   0x08005488   0x00000008   Code   RO         2210    i._Znaj             cpprt_w.l(array_new.o)
    0x08005490   0x08005490   0x00000028   Code   RO         2217    i._Znwj             cpprt_w.l(new.o)
    0x080054b8   0x080054b8   0x00000030   Code   RO         2675    i.__ARM_fpclassify  m_wm.l(fpclassify.o)
    0x080054e8   0x080054e8   0x00000024   Code   RO         2333    i.__aeabi_vec_ctor_nocookie_nodtor  cpprt_w.l(aeabi_vec_ctor_nocookie_nodtor.o)
    0x0800550c   0x0800550c   0x00000010   Code   RO         2221    i.__cxa_guard_acquire  cpprt_w.l(cxa_guard_acquire.o)
    0x0800551c   0x0800551c   0x00000004   PAD
    0x08005520   0x08005520   0x00000360   Code   RO         2388    i.__hardfp_asin     m_wm.l(asin.o)
    0x08005880   0x08005880   0x000002d8   Code   RO         2644    i.__hardfp_atan     m_wm.l(atan.o)
    0x08005b58   0x08005b58   0x000001f0   Code   RO         2402    i.__hardfp_atan2    m_wm.l(atan2.o)
    0x08005d48   0x08005d48   0x0000006c   Code   RO         2414    i.__hardfp_ceilf    m_wm.l(ceilf.o)
    0x08005db4   0x08005db4   0x00000004   PAD
    0x08005db8   0x08005db8   0x000000c8   Code   RO         2420    i.__hardfp_cos      m_wm.l(cos.o)
    0x08005e80   0x08005e80   0x00000014   Code   RO         2432    i.__hardfp_fabs     m_wm.l(fabs.o)
    0x08005e94   0x08005e94   0x00000004   PAD
    0x08005e98   0x08005e98   0x00000c50   Code   RO         2438    i.__hardfp_pow      m_wm.l(pow.o)
    0x08006ae8   0x08006ae8   0x000000c8   Code   RO         2452    i.__hardfp_sin      m_wm.l(sin.o)
    0x08006bb0   0x08006bb0   0x0000007a   Code   RO         2464    i.__hardfp_sqrt     m_wm.l(sqrt.o)
    0x08006c2a   0x08006c2a   0x00000006   PAD
    0x08006c30   0x08006c30   0x00000438   Code   RO         2680    i.__ieee754_rem_pio2  m_wm.l(rred.o)
    0x08007068   0x08007068   0x00000170   Code   RO         2658    i.__kernel_cos      m_wm.l(cos_i.o)
    0x080071d8   0x080071d8   0x000000f8   Code   RO         2677    i.__kernel_poly     m_wm.l(poly.o)
    0x080072d0   0x080072d0   0x00000130   Code   RO         2685    i.__kernel_sin      m_wm.l(sin_i.o)
    0x08007400   0x08007400   0x00000030   Code   RO         2661    i.__mathlib_dbl_divzero  m_wm.l(dunder.o)
    0x08007430   0x08007430   0x00000014   Code   RO         2662    i.__mathlib_dbl_infnan  m_wm.l(dunder.o)
    0x08007444   0x08007444   0x00000014   Code   RO         2663    i.__mathlib_dbl_infnan2  m_wm.l(dunder.o)
    0x08007458   0x08007458   0x00000020   Code   RO         2664    i.__mathlib_dbl_invalid  m_wm.l(dunder.o)
    0x08007478   0x08007478   0x00000020   Code   RO         2665    i.__mathlib_dbl_overflow  m_wm.l(dunder.o)
    0x08007498   0x08007498   0x00000020   Code   RO         2667    i.__mathlib_dbl_underflow  m_wm.l(dunder.o)
    0x080074b8   0x080074b8   0x00000074   Code   RO          188    i.__sti___8_main_cpp_1b880dcc  main.o
    0x0800752c   0x0800752c   0x00000010   Code   RO         2646    i.atan              m_wm.l(atan.o)
    0x0800753c   0x0800753c   0x00000018   Code   RO         2434    i.fabs              m_wm.l(fabs.o)
    0x08007554   0x08007554   0x00000560   Code   RO          189    i.main              main.o
    0x08007ab4   0x08007ab4   0x0000006e   Code   RO         2466    i.sqrt              m_wm.l(sqrt.o)
    0x08007b22   0x08007b22   0x00000002   PAD
    0x08007b24   0x08007b24   0x00000060   Code   RO          974    t._Z3sgnIdET_S0_    main.o
    0x08007b84   0x08007b84   0x00000034   Code   RO          862    t._Z4crc8IcET_PS0_i  main.o
    0x08007bb8   0x08007bb8   0x00000034   Code   RO          855    t._Z4crc8IhET_PS0_i  main.o
    0x08007bec   0x08007bec   0x00000030   Code   RO          869    t._Z4crc8IiET_PS0_i  main.o
    0x08007c1c   0x08007c1c   0x0000003c   Code   RO          967    t._Z4min2IdET_S0_S0_  main.o
    0x08007c58   0x08007c58   0x00000008   Code   RO          876    t._Z4min2IiET_S0_S0_  main.o
    0x08007c60   0x08007c60   0x00000224   Code   RO          939    t._Z7toPrintIdEPcT_s  main.o
    0x08007e84   0x08007e84   0x00000116   Code   RO          883    t._Z7toPrintIiEPcT_s  main.o
    0x08007f9a   0x08007f9a   0x00000108   Code   RO          897    t._Z7toPrintIjEPcT_s  main.o
    0x080080a2   0x080080a2   0x00000028   Code   RO          946    t._Z8printTmlIdEvR7SSD1306T_iii  main.o
    0x080080ca   0x080080ca   0x0000002a   Code   RO          890    t._Z8printTmlIiEvR7SSD1306T_iii  main.o
    0x080080f4   0x080080f4   0x0000002a   Code   RO          904    t._Z8printTmlIjEvR7SSD1306T_iii  main.o
    0x0800811e   0x0800811e   0x00000018   Code   RO         2336    x$fpl$basic         fz_wm.l(basic.o)
    0x08008136   0x08008136   0x00000002   PAD
    0x08008138   0x08008138   0x00000062   Code   RO         2338    x$fpl$d2f           fz_wm.l(d2f.o)
    0x0800819a   0x0800819a   0x00000002   PAD
    0x0800819c   0x0800819c   0x00000150   Code   RO         2340    x$fpl$dadd          fz_wm.l(daddsub_clz.o)
    0x080082ec   0x080082ec   0x00000010   Code   RO         2776    x$fpl$dcheck1       fz_wm.l(dcheck1.o)
    0x080082fc   0x080082fc   0x00000018   Code   RO         2629    x$fpl$dcmpinf       fz_wm.l(dcmpi.o)
    0x08008314   0x08008314   0x000002b0   Code   RO         2347    x$fpl$ddiv          fz_wm.l(ddiv.o)
    0x080085c4   0x080085c4   0x00000078   Code   RO         2350    x$fpl$deqf          fz_wm.l(deqf.o)
    0x0800863c   0x0800863c   0x0000005e   Code   RO         2352    x$fpl$dfix          fz_wm.l(dfix.o)
    0x0800869a   0x0800869a   0x00000002   PAD
    0x0800869c   0x0800869c   0x0000005a   Code   RO         2360    x$fpl$dfixu         fz_wm.l(dfixu.o)
    0x080086f6   0x080086f6   0x0000002e   Code   RO         2365    x$fpl$dflt          fz_wm.l(dflt_clz.o)
    0x08008724   0x08008724   0x000000a2   Code   RO         2370    x$fpl$dfltll        fz_wm.l(dfltll_clz.o)
    0x080087c6   0x080087c6   0x00000026   Code   RO         2364    x$fpl$dfltu         fz_wm.l(dflt_clz.o)
    0x080087ec   0x080087ec   0x00000078   Code   RO         2374    x$fpl$dleqf         fz_wm.l(dleqf.o)
    0x08008864   0x08008864   0x00000154   Code   RO         2376    x$fpl$dmul          fz_wm.l(dmul.o)
    0x080089b8   0x080089b8   0x0000009c   Code   RO         2631    x$fpl$dnaninf       fz_wm.l(dnaninf.o)
    0x08008a54   0x08008a54   0x0000000c   Code   RO         2633    x$fpl$dretinf       fz_wm.l(dretinf.o)
    0x08008a60   0x08008a60   0x0000006c   Code   RO         2378    x$fpl$drleqf        fz_wm.l(drleqf.o)
    0x08008acc   0x08008acc   0x00000016   Code   RO         2341    x$fpl$drsb          fz_wm.l(daddsub_clz.o)
    0x08008ae2   0x08008ae2   0x00000002   PAD
    0x08008ae4   0x08008ae4   0x00000198   Code   RO         2635    x$fpl$dsqrt         fz_wm.l(dsqrt_umaal.o)
    0x08008c7c   0x08008c7c   0x000001d4   Code   RO         2342    x$fpl$dsub          fz_wm.l(daddsub_clz.o)
    0x08008e50   0x08008e50   0x00000056   Code   RO         2380    x$fpl$f2d           fz_wm.l(f2d.o)
    0x08008ea6   0x08008ea6   0x0000008c   Code   RO         2637    x$fpl$fnaninf       fz_wm.l(fnaninf.o)
    0x08008f32   0x08008f32   0x0000000a   Code   RO         2778    x$fpl$fpinit        fz_wm.l(fpinit.o)
    0x08008f3c   0x08008f3c   0x0000000a   Code   RO         2639    x$fpl$fretinf       fz_wm.l(fretinf.o)
    0x08008f46   0x08008f46   0x00000002   PAD
    0x08008f48   0x08008f48   0x000000c2   Code   RO         2356    x$fpl$llsfromd      fz_wm.l(dfixll.o)
    0x0800900a   0x0800900a   0x00000064   Code   RO         2835    x$fpl$retnan        fz_wm.l(retnan.o)
    0x0800906e   0x0800906e   0x0000005c   Code   RO         2641    x$fpl$scalbn        fz_wm.l(scalbn.o)
    0x080090ca   0x080090ca   0x00000030   Code   RO         2860    x$fpl$trapveneer    fz_wm.l(trapv.o)
    0x080090fa   0x080090fa   0x00000000   Code   RO         2643    x$fpl$usenofp       fz_wm.l(usenofp.o)
    0x080090fa   0x080090fa   0x00000002   PAD
    0x080090fc   0x080090fc   0x00000790   Data   RO          311    .constdata          main.o
    0x0800988c   0x0800988c   0x00000010   Data   RO         1431    .constdata          stm32f407_adc.o
    0x0800989c   0x0800989c   0x00000004   PAD
    0x080098a0   0x080098a0   0x00000050   Data   RO         2391    .constdata          m_wm.l(asin.o)
    0x080098f0   0x080098f0   0x00000088   Data   RO         2441    .constdata          m_wm.l(pow.o)
    0x08009978   0x08009978   0x00000098   Data   RO         2647    .constdata          m_wm.l(atan.o)
    0x08009a10   0x08009a10   0x00000030   Data   RO         2659    .constdata          m_wm.l(cos_i.o)
    0x08009a40   0x08009a40   0x00000008   Data   RO         2679    .constdata          m_wm.l(qnan.o)
    0x08009a48   0x08009a48   0x000000c8   Data   RO         2682    .constdata          m_wm.l(rred.o)
    0x08009b10   0x08009b10   0x00000028   Data   RO         2686    .constdata          m_wm.l(sin_i.o)
    0x08009b38   0x08009b38   0x00000010   Data   RO         2026    .constdata__ZTV7SSD1306  ssd1306.o
    0x08009b48   0x08009b48   0x00000002   Data   RO          840    .constdata__ZZN7Display6updateEvEs  main.o
    0x08009b4a   0x08009b4a   0x00000002   PAD
    0x08009b4c   0x08009b4c   0x00000020   Data   RO         2914    Region$$Table       anon$$obj.o
    0x08009b6c   0x08009b6c   0x00000004   Data   RO          316    .init_array         main.o
    0x08009b70   0x08009b6c   0x00000000   Data   RO         2205    .init_array         c_w.l(init_aeabi.o)


    Execution Region ER_RW (Exec base: 0x20000000, Load base: 0x08009b70, Size: 0x000078f4, Max: 0xffffffff, ABSOLUTE, COMPRESSED[0x0000163c])

    Exec Addr    Load Addr    Size         Type   Attr      Idx    E Section Name        Object

    0x20000000   COMPRESSED   0x000074c8   Data   RW          312    .data               main.o
    0x200074c8   COMPRESSED   0x00000006   Data   RW         1554    .data               stm32f407_spi.o
    0x200074ce   COMPRESSED   0x00000002   PAD
    0x200074d0   COMPRESSED   0x00000004   Data   RW         1642    .data               stm32f407_sysfunc.o
    0x200074d4   COMPRESSED   0x00000020   Data   RW         1749    .data               stm32f407_uart.o
    0x200074f4   COMPRESSED   0x00000400   Data   RW         1931    .data               ssd1306.o


    Execution Region ER_ZI (Exec base: 0x200078f4, Load base: 0x0800b1ac, Size: 0x000016fc, Max: 0xffffffff, ABSOLUTE)

    Exec Addr    Load Addr    Size         Type   Attr      Idx    E Section Name        Object

    0x200078f4   0x0800b1ac   0x00000004   PAD
    0x200078f8        -       0x00000898   Zero   RW          310    .bss                main.o
    0x20008190        -       0x00000200   Zero   RW         1748    .bss                stm32f407_uart.o
    0x20008390        -       0x00000060   Zero   RW         2692    .bss                c_w.l(libspace.o)
    0x200083f0        -       0x00000400   Zero   RW         1371    HEAP                startup_stm32f40xx.o
    0x200087f0        -       0x00000800   Zero   RW         1370    STACK               startup_stm32f40xx.o


==============================================================================

Image component sizes


      Code (inc. data)   RO Data    RW Data    ZI Data      Debug   Object Name

     12210       1352       1942      29896       2200     351585   main.o
      5436        232          0          0          0      14008   mpu9250.o
       944         26         16       1024          0      11336   ssd1306.o
        64         26        392          0       3072        824   startup_stm32f40xx.o
       490         48         16          0          0       6254   stm32f407_adc.o
       396         40          0          0          0       1510   stm32f407_pin.o
         0          0          0          0          0        398   stm32f407_pwm.o
       728         52          0          6          0      31757   stm32f407_spi.o
       460         44          0          4          0      30712   stm32f407_sysfunc.o
      1406        172          0         32        512      10728   stm32f407_uart.o
       276         34          0          0          0     242557   system_stm32f4xx.o

    ----------------------------------------------------------------------
     22440       2026       2404      30964       5788     701669   Object Totals
         0          0         32          0          0          0   (incl. Generated)
        30          0          6          2          4          0   (incl. Padding)

    ----------------------------------------------------------------------

      Code (inc. data)   RO Data    RW Data    ZI Data      Debug   Library Member Name

       100          0          0          0          0          0   __dclz77c.o
         8          0          0          0          0         68   __main.o
         0          0          0          0          0          0   __rtentry.o
        12          0          0          0          0          0   __rtentry2.o
         6          0          0          0          0          0   __rtentry4.o
        52          8          0          0          0          0   __scatter.o
        28          0          0          0          0          0   __scatter_zi.o
        22          0          0          0          0        100   _rserrno.o
        22          0          0          0          0         80   abort.o
        48         34          0          0          0         76   defsig_abrt_inner.o
        14          0          0          0          0         80   defsig_abrt_outer.o
        10          0          0          0          0         68   defsig_exit.o
        50          0          0          0          0         88   defsig_general.o
        80         58          0          0          0         76   defsig_rtmem_inner.o
        14          0          0          0          0         80   defsig_rtmem_outer.o
        18          0          0          0          0         80   exit.o
        94          0          0          0          0         80   h1_alloc.o
        52          0          0          0          0         68   h1_extend.o
        78          0          0          0          0         80   h1_free.o
        14          0          0          0          0         84   h1_init.o
         6          0          0          0          0        152   heapauxi.o
         4          0          0          0          0        136   hguard.o
         0          0          0          0          0          0   indicate_semi.o
        36         10          0          0          0         80   init_aeabi.o
       138          0          0          0          0        168   init_alloc.o
         2          0          0          0          0          0   libinit.o
        18          0          0          0          0          0   libinit2.o
         2          0          0          0          0          0   libshutdown.o
         2          0          0          0          0          0   libshutdown2.o
         8          4          0          0         96         68   libspace.o
        72          0          0          0          0         76   llsdiv.o
       238          0          0          0          0        100   lludivv7m.o
         0          0          0          0          0          0   maybetermalloc1.o
         8          4          0          0          0         68   rt_eh_globals_addr_intlibspace.o
         8          4          0          0          0         68   rt_errno_addr_intlibspace.o
         8          4          0          0          0         68   rt_heap_descriptor_intlibspace.o
        68          0          0          0          0         68   rt_memclr.o
        78          0          0          0          0         80   rt_memclr_w.o
       100          0          0          0          0         80   rt_memcpy_w.o
         8          4          0          0          0         68   rt_new_handler_addr_intlibspace.o
         2          0          0          0          0          0   rtexit.o
        10          0          0          0          0          0   rtexit2.o
        12          4          0          0          0         68   sys_exit.o
        74          0          0          0          0         80   sys_stackheap_outer.o
        14          0          0          0          0         76   sys_wrch.o
         2          0          0          0          0         68   use_no_semi.o
        36          0          0          0          0         84   aeabi_vec_ctor_nocookie_nodtor.o
        80         12          0          0          0        104   arm_exceptions_globs.o
        60          0          0          0          0        108   arm_exceptions_mem.o
        26          0          0          0          0         76   arm_exceptions_terminate.o
         4          0          0          0          0         68   arm_newhandler_noexceptions.o
         8          0          0          0          0         76   array_new.o
        16          0          0          0          0         68   cxa_guard_acquire.o
         8          0          0          0          0         76   delete.o
        40          6          0          0          0         76   new.o
        24          0          0          0          0        164   basic.o
        98          4          0          0          0        140   d2f.o
       826         16          0          0          0        492   daddsub_clz.o
        16          4          0          0          0        116   dcheck1.o
        24          0          0          0          0        116   dcmpi.o
       688        140          0          0          0        256   ddiv.o
       120          4          0          0          0        140   deqf.o
        94          4          0          0          0        140   dfix.o
       194          4          0          0          0        164   dfixll.o
        90          4          0          0          0        140   dfixu.o
        84          0          0          0          0        232   dflt_clz.o
       162          0          0          0          0        132   dfltll_clz.o
       120          4          0          0          0        140   dleqf.o
       340         12          0          0          0        152   dmul.o
       156          4          0          0          0        140   dnaninf.o
        12          0          0          0          0        116   dretinf.o
       108          0          0          0          0        128   drleqf.o
       408         56          0          0          0        168   dsqrt_umaal.o
        86          4          0          0          0        132   f2d.o
       140          4          0          0          0        132   fnaninf.o
        10          0          0          0          0        116   fpinit.o
        10          0          0          0          0        116   fretinf.o
       100          0          0          0          0        116   retnan.o
        92          0          0          0          0        116   scalbn.o
        48          0          0          0          0        116   trapv.o
         0          0          0          0          0          0   usenofp.o
       864         94         80          0          0        280   asin.o
       744        106        152          0          0        352   atan.o
       496         64          0          0          0        192   atan2.o
       108         10          0          0          0        116   ceilf.o
       200         20          0          0          0        164   cos.o
       368         46         48          0          0        200   cos_i.o
       184         44          0          0          0        744   dunder.o
        44          0          0          0          0        248   fabs.o
        48          0          0          0          0        124   fpclassify.o
       248          0          0          0          0        152   poly.o
      3152        296        136          0          0        352   pow.o
         0          0          8          0          0          0   qnan.o
      1080        142        200          0          0        188   rred.o
       200         20          0          0          0        164   sin.o
       304         24         40          0          0        208   sin_i.o
       232          0          0          0          0        296   sqrt.o

    ----------------------------------------------------------------------
     14284       1286        664          0         96      11116   Library Totals
        44          4          0          0          0          0   (incl. Padding)

    ----------------------------------------------------------------------

      Code (inc. data)   RO Data    RW Data    ZI Data      Debug   Library Name

      1640        134          0          0         96       2680   c_w.l
       278         18          0          0          0        736   cpprt_w.l
      4050        264          0          0          0       3920   fz_wm.l
      8272        866        664          0          0       3780   m_wm.l

    ----------------------------------------------------------------------
     14284       1286        664          0         96      11116   Library Totals

    ----------------------------------------------------------------------

==============================================================================


      Code (inc. data)   RO Data    RW Data    ZI Data      Debug   

     36724       3312       3068      30964       5884     688409   Grand Totals
     36724       3312       3068       5692       5884     688409   ELF Image Totals (compressed)
     36724       3312       3068       5692          0          0   ROM Totals

==============================================================================

    Total RO  Size (Code + RO Data)                39792 (  38.86kB)
    Total RW  Size (RW Data + ZI Data)             36848 (  35.98kB)
    Total ROM Size (Code + RO Data + RW Data)      45484 (  44.42kB)

==============================================================================

