Component: ARM Compiler 5.06 update 6 (build 750) Tool: armlink [4d35ed]

==============================================================================

Section Cross References

    system_stm32f4xx.o(i.SystemCoreClockUpdate) refers to system_stm32f4xx.o(.data) for .data
    system_stm32f4xx.o(i.SystemInit) refers to system_stm32f4xx.o(i._Z11SetSysClockv) for SetSysClock()
    system_stm32f4xx.o(.ARM.exidx) refers to system_stm32f4xx.o(i._Z11SetSysClockv) for i._Z11SetSysClockv
    system_stm32f4xx.o(.ARM.exidx) refers to system_stm32f4xx.o(i.SystemInit) for i.SystemInit
    system_stm32f4xx.o(.ARM.exidx) refers to system_stm32f4xx.o(i.SystemCoreClockUpdate) for i.SystemCoreClockUpdate
    main.o(i._Z10drawStringR7SSD1306Pcjj) refers to main.o(i._Z8drawCharR7SSD1306cjj) for drawChar(SSD1306&, char, unsigned, unsigned)
    main.o(i._Z11distanceVecSt4pairIddES0_) refers to daddsub_clz.o(x$fpl$dsub) for __aeabi_dsub
    main.o(i._Z11distanceVecSt4pairIddES0_) refers to dmul.o(x$fpl$dmul) for __aeabi_dmul
    main.o(i._Z11distanceVecSt4pairIddES0_) refers to daddsub_clz.o(x$fpl$dadd) for __aeabi_dadd
    main.o(i._Z11distanceVecSt4pairIddES0_) refers to sqrt.o(i.__hardfp_sqrt) for __hardfp_sqrt
    main.o(i._Z12clb_imuCalibv) refers to main.o(i._ZN3IMU9calibrateEj) for IMU::calibrate(unsigned)
    main.o(i._Z12clb_imuCalibv) refers to main.o(.bss) for .bss
    main.o(i._Z12clb_imuSetupv) refers to main.o(i._ZN3IMU12setZeroAngleEv) for IMU::setZeroAngle()
    main.o(i._Z12clb_imuSetupv) refers to main.o(.bss) for .bss
    main.o(i._Z12realDistancet) refers to main.o(.data) for .data
    main.o(i._Z12setupScreensv) refers to new.o(i._Znwj) for operator new(unsigned)
    main.o(i._Z12setupScreensv) refers to main.o(i._ZN7Display6addEscE7Command) for Display::addEsc(Command)
    main.o(i._Z12setupScreensv) refers to main.o(i._ZN7Display11addToScreenE7Command) for Display::addToScreen(Command)
    main.o(i._Z12setupScreensv) refers to main.o(.bss) for .bss
    main.o(i._Z12setupScreensv) refers to main.o(i._Z16clb_screenToMainv) for clb_screenToMain()
    main.o(i._Z12setupScreensv) refers to main.o(i._Z16clb_screenToGamev) for clb_screenToGame()
    main.o(i._Z12setupScreensv) refers to main.o(i._Z24clb_screenToCalibrationsv) for clb_screenToCalibrations()
    main.o(i._Z12setupScreensv) refers to main.o(i._Z21clb_screenToDebugDatav) for clb_screenToDebugData()
    main.o(i._Z12setupScreensv) refers to main.o(i._Z20clb_screenToDribblerv) for clb_screenToDribbler()
    main.o(i._Z12setupScreensv) refers to main.o(i._Z18clb_screenToKickerv) for clb_screenToKicker()
    main.o(i._Z12setupScreensv) refers to main.o(i._Z19clb_toBatteryScreenv) for clb_toBatteryScreen()
    main.o(i._Z12setupScreensv) refers to main.o(i._Z13clb_doNothingv) for clb_doNothing()
    main.o(i._Z12setupScreensv) refers to main.o(i._Z12clb_imuSetupv) for clb_imuSetup()
    main.o(i._Z12setupScreensv) refers to main.o(i._Z12clb_imuCalibv) for clb_imuCalib()
    main.o(i._Z12setupScreensv) refers to main.o(i._Z35clb_screenToLightSensorsCalibrationv) for clb_screenToLightSensorsCalibration()
    main.o(i._Z12setupScreensv) refers to main.o(i._Z19clb_turnOnBackLightv) for clb_turnOnBackLight()
    main.o(i._Z12setupScreensv) refers to main.o(i._Z20clb_turnOffBackLightv) for clb_turnOffBackLight()
    main.o(i._Z12setupScreensv) refers to main.o(i._Z20clb_beginLightsCalibv) for clb_beginLightsCalib()
    main.o(i._Z12setupScreensv) refers to main.o(i._Z18clb_endLightsCalibv) for clb_endLightsCalib()
    main.o(i._Z12setupScreensv) refers to main.o(i._Z16clb_dribblerInOnv) for clb_dribblerInOn()
    main.o(i._Z12setupScreensv) refers to main.o(i._Z17clb_dribblerOutOnv) for clb_dribblerOutOn()
    main.o(i._Z12setupScreensv) refers to main.o(i._Z15clb_dribblerOffv) for clb_dribblerOff()
    main.o(i._Z12setupScreensv) refers to main.o(i._Z14clb_initChargev) for clb_initCharge()
    main.o(i._Z12setupScreensv) refers to main.o(i._Z16clb_kickStraightv) for clb_kickStraight()
    main.o(i._Z12setupScreensv) refers to main.o(i._Z9clb_kick2v) for clb_kick2()
    main.o(i._Z12setupScreensv) refers to main.o(i._Z9clb_kick1v) for clb_kick1()
    main.o(i._Z12updateKalmanR12CameraObjectdSt4pairIddES2_d) refers to ddiv.o(x$fpl$ddiv) for __aeabi_ddiv
    main.o(i._Z12updateKalmanR12CameraObjectdSt4pairIddES2_d) refers to daddsub_clz.o(x$fpl$dsub) for __aeabi_dsub
    main.o(i._Z12updateKalmanR12CameraObjectdSt4pairIddES2_d) refers to dmul.o(x$fpl$dmul) for __aeabi_dmul
    main.o(i._Z12updateKalmanR12CameraObjectdSt4pairIddES2_d) refers to daddsub_clz.o(x$fpl$dadd) for __aeabi_dadd
    main.o(i._Z13clb_doNothingv) refers to main.o(.data) for .data
    main.o(i._Z14clb_initChargev) refers to main.o(i._ZN12KickerModule10initChargeEv) for KickerModule::initCharge()
    main.o(i._Z14clb_initChargev) refers to main.o(.bss) for .bss
    main.o(i._Z15Calc_Pack_CRC16PhS_t) refers to main.o(.constdata) for .constdata
[...]
    __aeabi_errno_addr                       0x080005f1   Thumb Code     8  rt_errno_addr_intlibspace.o(.text)
    __errno$intlibspace                      0x080005f1   Thumb Code     0  rt_errno_addr_intlibspace.o(.text)
    __rt_errno_addr$intlibspace              0x080005f1   Thumb Code     0  rt_errno_addr_intlibspace.o(.text)
    __use_no_heap                            0x080005f9   Thumb Code     2  hguard.o(.text)
    __heap$guard                             0x080005fb   Thumb Code     2  hguard.o(.text)
    _terminate_user_alloc                    0x080005fd   Thumb Code     2  init_alloc.o(.text)
    _init_user_alloc                         0x080005ff   Thumb Code     2  init_alloc.o(.text)
    __Heap_Full                              0x08000601   Thumb Code    34  init_alloc.o(.text)
    __Heap_Broken                            0x08000623   Thumb Code     6  init_alloc.o(.text)
    _init_alloc                              0x08000629   Thumb Code    94  init_alloc.o(.text)
    __Heap_Initialize                        0x08000687   Thumb Code    10  h1_init.o(.text)
    __Heap_DescSize                          0x08000691   Thumb Code     4  h1_init.o(.text)
    std::terminate()                         0x08000695   Thumb Code    26  arm_exceptions_terminate.o(.text)
    __cxa_get_globals                        0x080006b7   Thumb Code    62  arm_exceptions_globs.o(.text)
    __user_setup_stackheap                   0x08000701   Thumb Code    74  sys_stackheap_outer.o(.text)
    __rt_eh_globals_addr                     0x0800074d   Thumb Code     8  rt_eh_globals_addr_intlibspace.o(.text)
    __Heap_ProvideMemory                     0x08000755   Thumb Code    52  h1_extend.o(.text)
    exit                                     0x08000789   Thumb Code    18  exit.o(.text)
    abort                                    0x0800079b   Thumb Code    22  abort.o(.text)
    __rt_SIGRTMEM                            0x080007b1   Thumb Code    14  defsig_rtmem_outer.o(.text)
    __ARM_exceptions_buffer_init             0x080007bf   Thumb Code    18  arm_exceptions_mem.o(.text)
    __ARM_exceptions_buffer_allocate         0x080007d1   Thumb Code    22  arm_exceptions_mem.o(.text)
    __ARM_exceptions_buffer_free             0x080007e7   Thumb Code    20  arm_exceptions_mem.o(.text)
    _sys_exit                                0x080007fd   Thumb Code     8  sys_exit.o(.text)
    __I$use$semihosting                      0x08000809   Thumb Code     0  use_no_semi.o(.text)
    __use_no_semihosting_swi                 0x08000809   Thumb Code     2  use_no_semi.o(.text)
    __semihosting_library_function           0x0800080b   Thumb Code     0  indicate_semi.o(.text)
    __sig_exit                               0x0800080b   Thumb Code    10  defsig_exit.o(.text)
    __rt_SIGABRT                             0x08000815   Thumb Code    14  defsig_abrt_outer.o(.text)
    __rt_SIGRTMEM_inner                      0x08000825   Thumb Code    22  defsig_rtmem_inner.o(.text)
    __default_signal_display                 0x08000875   Thumb Code    50  defsig_general.o(.text)
    __rt_SIGABRT_inner                       0x080008a9   Thumb Code    14  defsig_abrt_inner.o(.text)
    _ttywrch                                 0x080008d9   Thumb Code    14  sys_wrch.o(.text)
    SPI1_IRQHandler                          0x080008e7   Thumb Code     6  stm32f407_spi.o(i.SPI1_IRQHandler)
    SPI2_IRQHandler                          0x080008ed   Thumb Code     6  stm32f407_spi.o(i.SPI2_IRQHandler)
    SPI3_IRQHandler                          0x080008f3   Thumb Code     6  stm32f407_spi.o(i.SPI3_IRQHandler)
    SystemInit                               0x080008f9   Thumb Code    74  system_stm32f4xx.o(i.SystemInit)
    TIM7_IRQHandler                          0x08000955   Thumb Code    26  stm32f407_sysfunc.o(i.TIM7_IRQHandler)
    UART4_IRQHandler                         0x08000979   Thumb Code     6  stm32f407_uart.o(i.UART4_IRQHandler)
    UART5_IRQHandler                         0x0800097f   Thumb Code     6  stm32f407_uart.o(i.UART5_IRQHandler)
    USART1_IRQHandler                        0x08000985   Thumb Code     6  stm32f407_uart.o(i.USART1_IRQHandler)
    USART2_IRQHandler                        0x0800098b   Thumb Code     6  stm32f407_uart.o(i.USART2_IRQHandler)
    USART3_IRQHandler                        0x08000991   Thumb Code     6  stm32f407_uart.o(i.USART3_IRQHandler)
    USART6_IRQHandler                        0x08000997   Thumb Code     6  stm32f407_uart.o(i.USART6_IRQHandler)
    drawString(SSD1306&, char*, unsigned, unsigned) 0x0800099d   Thumb Code    52  main.o(i._Z10drawStringR7SSD1306Pcjj)
    delayMicros(unsigned)                    0x08000a89   Thumb Code    22  stm32f407_sysfunc.o(i._Z11delayMicrosj)
    tryTransmit(unsigned)                    0x08000aa1   Thumb Code   114  stm32f407_uart.o(i._Z11tryTransmitj)
    clb_imuCalib()                           0x08000b35   Thumb Code    10  main.o(i._Z12clb_imuCalibv)
    clb_imuSetup()                           0x08000b45   Thumb Code     6  main.o(i._Z12clb_imuSetupv)
    realDistance(unsigned short)             0x08000b51   Thumb Code   114  main.o(i._Z12realDistancet)
    setupScreens()                           0x08000bc9   Thumb Code   736  main.o(i._Z12setupScreensv)
    writeStrUART(unsigned, char*)            0x08001039   Thumb Code    32  stm32f407_uart.o(i._Z12writeStrUARTjPc)
    UARTAvailable(unsigned)                  0x08001059   Thumb Code    18  stm32f407_uart.o(i._Z13UARTAvailablej)
    clb_doNothing()                          0x08001071   Thumb Code    10  main.o(i._Z13clb_doNothingv)
    symbolToIndex(char)                      0x08001081   Thumb Code     4  main.o(i._Z13symbolToIndexc)
    clb_initCharge()                         0x080010b1   Thumb Code     6  main.o(i._Z14clb_initChargev)
    clb_dribblerOff()                        0x080010bd   Thumb Code     8  main.o(i._Z15clb_dribblerOffv)
    clb_dribblerInOn()                       0x080010c9   Thumb Code    30  main.o(i._Z16clb_dribblerInOnv)
    clb_kickStraight()                       0x080010f1   Thumb Code    10  main.o(i._Z16clb_kickStraightv)
    clb_screenToGame()                       0x08001101   Thumb Code    78  main.o(i._Z16clb_screenToGamev)
    clb_screenToMain()                       0x0800115d   Thumb Code    36  main.o(i._Z16clb_screenToMainv)
    clb_dribblerOutOn()                      0x08001189   Thumb Code    10  main.o(i._Z17clb_dribblerOutOnv)
    clb_screenToEmpty()                      0x08001199   Thumb Code    10  main.o(i._Z17clb_screenToEmptyv)
    clb_endLightsCalib()                     0x080011a9   Thumb Code     6  main.o(i._Z18clb_endLightsCalibv)
    clb_screenToKicker()                     0x080011b5   Thumb Code    14  main.o(i._Z18clb_screenToKickerv)
    SPIInterruptHandler(unsigned)            0x080011cd   Thumb Code    46  stm32f407_spi.o(i._Z19SPIInterruptHandlerj)
    clb_toBatteryScreen()                    0x0800120d   Thumb Code    14  main.o(i._Z19clb_toBatteryScreenv)
    clb_turnOnBackLight()                    0x08001221   Thumb Code     6  main.o(i._Z19clb_turnOnBackLightv)
    UARTInterruptHandler(unsigned)           0x0800122d   Thumb Code   298  stm32f407_uart.o(i._Z20UARTInterruptHandlerj)
    clb_beginLightsCalib()                   0x0800137d   Thumb Code     6  main.o(i._Z20clb_beginLightsCalibv)
    clb_screenToDribbler()                   0x08001389   Thumb Code    14  main.o(i._Z20clb_screenToDribblerv)
    clb_turnOffBackLight()                   0x080013a1   Thumb Code     6  main.o(i._Z20clb_turnOffBackLightv)
    clb_screenToDebugData()                  0x080013ad   Thumb Code    28  main.o(i._Z21clb_screenToDebugDatav)
    clb_screenToCalibrations()               0x080013d1   Thumb Code    14  main.o(i._Z24clb_screenToCalibrationsv)
    clb_screenToLightSensorsCalibration()    0x080013e9   Thumb Code    14  main.o(i._Z35clb_screenToLightSensorsCalibrationv)
    delay(unsigned)                          0x08001401   Thumb Code    22  stm32f407_sysfunc.o(i._Z5delayj)
    micros()                                 0x08001419   Thumb Code    22  stm32f407_sysfunc.o(i._Z6microsv)
    millis()                                 0x08001439   Thumb Code     6  stm32f407_sysfunc.o(i._Z6millisv)
    rotate(std::pair<double, double>, double) 0x08001445   Thumb Code   188  main.o(i._Z6rotateSt4pairIddEd)
    setPin(GPIO_TypeDef*, unsigned short, bool) 0x08001509   Thumb Code    24  main.o(i._Z6setPinP12GPIO_TypeDeftb)
    setPin(unsigned short, bool)             0x08001521   Thumb Code    52  main.o(i._Z6setPintb)
    initPin(GPIO_TypeDef*, unsigned short, unsigned char, unsigned char, unsigned char) 0x08001569   Thumb Code   362  stm32f407_pin.o(i._Z7initPinP12GPIO_TypeDefthhh)
    initPin(unsigned short, unsigned char, unsigned char, unsigned char) 0x080016f5   Thumb Code    94  main.o(i._Z7initPinthhh)
    initRCC()                                0x08001769   Thumb Code   220  stm32f407_sysfunc.o(i._Z7initRCCv)
    initSPI(unsigned, bool, unsigned char, unsigned short, int, int, int, int) 0x08001849   Thumb Code   548  stm32f407_spi.o(i._Z7initSPIjbhtiiii)
    readPin(GPIO_TypeDef*, unsigned short)   0x08001a81   Thumb Code    18  main.o(i._Z7readPinP12GPIO_TypeDeft)
    readPin(unsigned short)                  0x08001a95   Thumb Code    50  main.o(i._Z7readPint)
    drawChar(SSD1306&, char, unsigned, unsigned) 0x08001add   Thumb Code   202  main.o(i._Z8drawCharR7SSD1306cjj)
    initUART(unsigned, unsigned, unsigned char, float, unsigned char, unsigned) 0x08001bb1   Thumb Code   868  stm32f407_uart.o(i._Z8initUARTjjhfhj)
    readUART(unsigned)                       0x08001f4d   Thumb Code    38  stm32f407_uart.o(i._Z8readUARTj)
    sysStart()                               0x08001f7d   Thumb Code    98  stm32f407_sysfunc.o(i._Z8sysStartv)
    writeSPI(unsigned, unsigned short)       0x08001fed   Thumb Code    42  stm32f407_spi.o(i._Z8writeSPIjt)
    clb_kick1()                              0x08002025   Thumb Code    10  main.o(i._Z9clb_kick1v)
    clb_kick2()                              0x08002035   Thumb Code    10  main.o(i._Z9clb_kick2v)
    writeUART(unsigned, char)                0x08002045   Thumb Code    28  stm32f407_uart.o(i._Z9writeUARTjc)
    BallSensor::init(PL_ADC*, unsigned short, unsigned short) 0x08002069   Thumb Code    68  main.o(i._ZN10BallSensor4initEP6PL_ADCtt)
    BallSensor::turnOn()                     0x080020b1   Thumb Code    18  main.o(i._ZN10BallSensor6turnOnEv)
    BallSensor::update()                     0x080020c3   Thumb Code    62  main.o(i._ZN10BallSensor6updateEv)
    BallSensor::getValue()                   0x08002101   Thumb Code     4  main.o(i._ZN10BallSensor8getValueEv)
    Functional::posCalc()                    0x08002105   Thumb Code   562  main.o(i._ZN10Functional7posCalcEv)
    Functional::Functional(Robot*)           0x08002349   Thumb Code   306  main.o(i._ZN10FunctionalC1EP5Robot)
    Functional::Functional__sub_object(Robot*) 0x08002349   Thumb Code     0  main.o(i._ZN10FunctionalC1EP5Robot)
    FieldObject::update(std::pair<double, double>, std::pair<double, double>, unsigned, unsigned short) 0x0800248d   Thumb Code   248  main.o(i._ZN11FieldObject6updateESt4pairIddES1_jt)
    FieldObject::FieldObject()               0x08002585   Thumb Code   120  main.o(i._ZN11FieldObjectC1Ev)
    FieldObject::FieldObject__sub_object()   0x08002585   Thumb Code     0  main.o(i._ZN11FieldObjectC1Ev)
    LineSensors::turnOnSensors()             0x08002605   Thumb Code     6  main.o(i._ZN11LineSensors13turnOnSensorsEv)
    LineSensors::turnOffSensors()            0x0800260b   Thumb Code     6  main.o(i._ZN11LineSensors14turnOffSensorsEv)
    LineSensors::endLineCalibration()        0x08002611   Thumb Code     6  main.o(i._ZN11LineSensors18endLineCalibrationEv)
    LineSensors::beginLineCalibration()      0x08002617   Thumb Code     6  main.o(i._ZN11LineSensors20beginLineCalibrationEv)
    LineSensors::init(unsigned, unsigned short) 0x0800261d   Thumb Code    36  main.o(i._ZN11LineSensors4initEjt)
    LineSensors::update()                    0x08002641   Thumb Code    52  main.o(i._ZN11LineSensors6updateEv)
    LineSensors::getLine()                   0x08002675   Thumb Code     4  main.o(i._ZN11LineSensors7getLineEv)
    CameraObject::CameraObject()             0x08002679   Thumb Code    36  main.o(i._ZN12CameraObjectC1Ev)
    CameraObject::CameraObject__sub_object() 0x08002679   Thumb Code     0  main.o(i._ZN12CameraObjectC1Ev)
    KickerModule::initCharge()               0x080026a5   Thumb Code     8  main.o(i._ZN12KickerModule10initChargeEv)
    KickerModule::init(unsigned short, unsigned short, unsigned short, unsigned short) 0x080026ad   Thumb Code   122  main.o(i._ZN12KickerModule4initEtttt)
    KickerModule::kick(bool, bool)           0x08002727   Thumb Code   150  main.o(i._ZN12KickerModule4kickEbb)
    KickerModule::update()                   0x080027bd   Thumb Code    20  main.o(i._ZN12KickerModule6updateEv)
    KickerModule::isCharged()                0x080027d1   Thumb Code    14  main.o(i._ZN12KickerModule9isChargedEv)
    MotorDrivers::enableMotor(int)           0x080027df   Thumb Code    14  main.o(i._ZN12MotorDrivers11enableMotorEi)
    MotorDrivers::setDribbler(int)           0x080027ed   Thumb Code     8  main.o(i._ZN12MotorDrivers11setDribblerEi)
    MotorDrivers::enableMotors()             0x080027f5   Thumb Code    28  main.o(i._ZN12MotorDrivers12enableMotorsEv)
    MotorDrivers::disableMotors()            0x08002811   Thumb Code    28  main.o(i._ZN12MotorDrivers13disableMotorsEv)
    MotorDrivers::attemptCurrent()           0x0800282d   Thumb Code    28  main.o(i._ZN12MotorDrivers14attemptCurrentEv)
    MotorDrivers::init(unsigned, unsigned char, unsigned, unsigned char, unsigned, unsigned char, unsigned, unsigned char, unsigned, unsigned char) 0x08002849   Thumb Code   144  main.o(i._ZN12MotorDrivers4initEjhjhjhjhjh)
    MotorDrivers::update()                   0x080028d9   Thumb Code   322  main.o(i._ZN12MotorDrivers6updateEv)
    MotorDrivers::setMotor(int, int)         0x08002a25   Thumb Code    42  main.o(i._ZN12MotorDrivers8setMotorEii)
    MotorDrivers::setMotors(int, int, int, int) 0x08002a4f   Thumb Code    56  main.o(i._ZN12MotorDrivers9setMotorsEiiii)
    BaseFunctional::vectorMove()             0x08002a89   Thumb Code    34  main.o(i._ZN14BaseFunctional10vectorMoveEv)
    BaseFunctional::getRobotClass()          0x08002ad5   Thumb Code     4  main.o(i._ZN14BaseFunctional13getRobotClassEv)
    IMU::setZeroAngle()                      0x08002ad9   Thumb Code    20  main.o(i._ZN3IMU12setZeroAngleEv)
    IMU::updateAnglesFromFIFO()              0x08002aed   Thumb Code     6  main.o(i._ZN3IMU20updateAnglesFromFIFOEv)
    IMU::init(unsigned, unsigned short, unsigned short) 0x08002af5   Thumb Code    76  main.o(i._ZN3IMU4initEjtt)
    IMU::turnOn()                            0x08002b49   Thumb Code    34  main.o(i._ZN3IMU6turnOnEv)
    IMU::update()                            0x08002b6d   Thumb Code   144  main.o(i._ZN3IMU6updateEv)
    IMU::getAngle()                          0x08002c15   Thumb Code   124  main.o(i._ZN3IMU8getAngleEv)
    IMU::calibrate(unsigned)                 0x08002ca9   Thumb Code     6  main.o(i._ZN3IMU9calibrateEj)
    Robot::moveVector(double, double, double, double, double, double) 0x08002cb1   Thumb Code   918  main.o(i._ZN5Robot10moveVectorEdddddd)
    Robot::switch5vOn()                      0x080030a5   Thumb Code     8  main.o(i._ZN5Robot10switch5vOnEv)
    Robot::updateMenu()                      0x080030ad   Thumb Code   328  main.o(i._ZN5Robot10updateMenuEv)
    Robot::switch5vOff()                     0x080031f9   Thumb Code     8  main.o(i._ZN5Robot11switch5vOffEv)
    Robot::handleErrors()                    0x08003201   Thumb Code    58  main.o(i._ZN5Robot12handleErrorsEv)
    Robot::setPlayState(bool)                0x08003241   Thumb Code    82  main.o(i._ZN5Robot12setPlayStateEb)
    Robot::swithPowerOn()                    0x08003293   Thumb Code     8  main.o(i._ZN5Robot12swithPowerOnEv)
    Robot::updateSelfPos(std::pair<double, double>, std::pair<double, double>) 0x0800329d   Thumb Code   422  main.o(i._ZN5Robot13updateSelfPosESt4pairIddES1_)
    Robot::changePlayState()                 0x08003475   Thumb Code    22  main.o(i._ZN5Robot15changePlayStateEv)
    Robot::getV()                            0x0800348b   Thumb Code     8  main.o(i._ZN5Robot4getVEv)
    Robot::init()                            0x08003495   Thumb Code   628  main.o(i._ZN5Robot4initEv)
    Robot::wait(unsigned)                    0x08003721   Thumb Code   326  main.o(i._ZN5Robot4waitEj)
    Robot::getPos()                          0x0800386d   Thumb Code    10  main.o(i._ZN5Robot6getPosEv)
    Robot::initLEDs()                        0x08003877   Thumb Code    66  main.o(i._ZN5Robot8initLEDsEv)
    Robot::logErrors()                       0x080038b9   Thumb Code    28  main.o(i._ZN5Robot9logErrorsEv)
    Robot::playState()                       0x080038d9   Thumb Code    10  main.o(i._ZN5Robot9playStateEv)
    Robot::Robot()                           0x080038e5   Thumb Code   128  main.o(i._ZN5RobotC1Ev)
    Robot::Robot__sub_object()               0x080038e5   Thumb Code     0  main.o(i._ZN5RobotC1Ev)
    Border::Border(double, char, char, short, short, short, short) 0x08003975   Thumb Code    36  main.o(i._ZN6BorderC1Edccssss)
    Border::Border__sub_object(double, char, char, short, short, short, short) 0x08003975   Thumb Code     0  main.o(i._ZN6BorderC1Edccssss)
    Camera::init(unsigned, unsigned short)   0x080039a1   Thumb Code    32  main.o(i._ZN6Camera4initEjt)
    Camera::update()                         0x080039c1   Thumb Code   342  main.o(i._ZN6Camera6updateEv)
    Camera::Camera()                         0x08003b17   Thumb Code    60  main.o(i._ZN6CameraC1Ev)
    Camera::Camera__sub_object()             0x08003b17   Thumb Code     0  main.o(i._ZN6CameraC1Ev)
    Driver::setVelocity(int)                 0x08003b55   Thumb Code   158  main.o(i._ZN6Driver11setVelocityEi)
    Driver::updateFromReg()                  0x08003bf9   Thumb Code    96  main.o(i._ZN6Driver13updateFromRegEv)
    Driver::attemptCurrent()                 0x08003c5d   Thumb Code    10  main.o(i._ZN6Driver14attemptCurrentEv)
    Driver::enableFloating()                 0x08003c6d   Thumb Code    32  main.o(i._ZN6Driver14enableFloatingEv)
    Driver::disableFloating()                0x08003c91   Thumb Code    32  main.o(i._ZN6Driver15disableFloatingEv)
    Driver::init(char, char)                 0x08003cb5   Thumb Code     6  main.o(i._ZN6Driver4initEcc)
    Driver::write(char*, char, char)         0x08003cbd   Thumb Code   100  main.o(i._ZN6Driver5writeEPccc)
    Driver::Driver()                         0x08003d25   Thumb Code    52  main.o(i._ZN6DriverC1Ev)
    Driver::Driver__sub_object()             0x08003d25   Thumb Code     0  main.o(i._ZN6DriverC1Ev)
    PL_ADC::waitUpdate()                     0x08003d59   Thumb Code    10  stm32f407_adc.o(i._ZN6PL_ADC10waitUpdateEv)
    PL_ADC::add(signed char)                 0x08003d65   Thumb Code   172  stm32f407_adc.o(i._ZN6PL_ADC3addEa)
    PL_ADC::init()                           0x08003e29   Thumb Code   114  stm32f407_adc.o(i._ZN6PL_ADC4initEv)
    PL_ADC::read(signed char, bool)          0x08003ea5   Thumb Code    74  stm32f407_adc.o(i._ZN6PL_ADC4readEab)
    PL_ADC::start()                          0x08003eef   Thumb Code    22  stm32f407_adc.o(i._ZN6PL_ADC5startEv)
    PL_ADC::PL_ADC(ADC_TypeDef*)             0x08003f05   Thumb Code    50  stm32f407_adc.o(i._ZN6PL_ADCC1EP11ADC_TypeDef)
    PL_ADC::PL_ADC__sub_object(ADC_TypeDef*) 0x08003f05   Thumb Code     0  stm32f407_adc.o(i._ZN6PL_ADCC1EP11ADC_TypeDef)
    Screen::Screen()                         0x08003f45   Thumb Code    32  main.o(i._ZN6ScreenC1Ev)
    Screen::Screen__sub_object()             0x08003f45   Thumb Code     0  main.o(i._ZN6ScreenC1Ev)
    Battery::getVoltage()                    0x08003f69   Thumb Code     6  main.o(i._ZN7Battery10getVoltageEv)
    Battery::getPercentage()                 0x08003f6f   Thumb Code     6  main.o(i._ZN7Battery13getPercentageEv)
    Battery::getCellVoltage(int)             0x08003f75   Thumb Code    10  main.o(i._ZN7Battery14getCellVoltageEi)
    Battery::init(PL_ADC*, unsigned short, unsigned short, unsigned short, unsigned short) 0x08003f81   Thumb Code   118  main.o(i._ZN7Battery4initEP6PL_ADCtttt)
    Battery::update()                        0x0800401d   Thumb Code   308  main.o(i._ZN7Battery6updateEv)
    Battery::readCell(int)                   0x08004179   Thumb Code    46  main.o(i._ZN7Battery8readCellEi)
    Buttons::setChanged(int, bool)           0x080041a7   Thumb Code    12  main.o(i._ZN7Buttons10setChangedEib)
    Buttons::ButtonStruct::ButtonStruct()    0x080041b3   Thumb Code    10  main.o(i._ZN7Buttons12ButtonStructC1Ev)
    Buttons::ButtonStruct::ButtonStruct__sub_object() 0x080041b3   Thumb Code     0  main.o(i._ZN7Buttons12ButtonStructC1Ev)
    Buttons::init(unsigned short, unsigned short, unsigned short, unsigned short) 0x080041bd   Thumb Code    52  main.o(i._ZN7Buttons4initEtttt)
    Buttons::enable()                        0x080041f1   Thumb Code    22  main.o(i._ZN7Buttons6enableEv)
    Buttons::update()                        0x08004207   Thumb Code    52  main.o(i._ZN7Buttons6updateEv)
    Buttons::disable()                       0x0800423b   Thumb Code    22  main.o(i._ZN7Buttons7disableEv)
    Buttons::isChanged(int, bool)            0x08004251   Thumb Code    30  main.o(i._ZN7Buttons9isChangedEib)
    Buttons::isPressed(int)                  0x0800426f   Thumb Code    12  main.o(i._ZN7Buttons9isPressedEi)
    Command::Command()                       0x0800427b   Thumb Code     6  main.o(i._ZN7CommandC1Ev)
    Command::Command__sub_object()           0x0800427b   Thumb Code     0  main.o(i._ZN7CommandC1Ev)
    Display::addToScreen(Command)            0x08004281   Thumb Code    56  main.o(i._ZN7Display11addToScreenE7Command)
    Display::print(char*, int, int)          0x080042b9   Thumb Code     4  main.o(i._ZN7Display5printEPcii)
    Display::print(double, int, int, int)    0x080042bd   Thumb Code    16  main.o(i._ZN7Display5printEdiii)
    Display::print(int, int, int, int)       0x080042cd   Thumb Code    16  main.o(i._ZN7Display5printEiiii)
    Display::print(unsigned, int, int, int)  0x080042dd   Thumb Code    16  main.o(i._ZN7Display5printEjiii)
    Display::addEsc(Command)                 0x080042ed   Thumb Code    46  main.o(i._ZN7Display6addEscE7Command)
    SSD1306::ssd1306_command(unsigned char)  0x0800431b   Thumb Code    52  ssd1306.o(i._ZN7SSD130615ssd1306_commandEh)
    SSD1306::begin(unsigned char, bool)      0x0800434f   Thumb Code   372  ssd1306.o(i._ZN7SSD13065beginEhb)
    SSD1306::clear()                         0x080044c5   Thumb Code    10  ssd1306.o(i._ZN7SSD13065clearEv)
    SSD1306::invert(unsigned char)           0x080044d5   Thumb Code    16  ssd1306.o(i._ZN7SSD13066invertEh)
    SSD1306::display(unsigned char*)         0x080044e5   Thumb Code   116  ssd1306.o(i._ZN7SSD13067displayEPh)
    SSD1306::display()                       0x08004559   Thumb Code   116  ssd1306.o(i._ZN7SSD13067displayEv)
    SSD1306::switchOn()                      0x080045d1   Thumb Code     8  ssd1306.o(i._ZN7SSD13068switchOnEv)
    SSD1306::drawPixel(short, short, unsigned short) 0x080045d9   Thumb Code   158  ssd1306.o(i._ZN7SSD13069drawPixelEsst)
    SSD1306::SSD1306(unsigned, unsigned short, unsigned short, unsigned short, unsigned short, unsigned short, unsigned short) 0x0800467d   Thumb Code    64  ssd1306.o(i._ZN7SSD1306C1Ejtttttt)
    SSD1306::SSD1306__sub_object(unsigned, unsigned short, unsigned short, unsigned short, unsigned short, unsigned short, unsigned short) 0x0800467d   Thumb Code     0  ssd1306.o(i._ZN7SSD1306C1Ejtttttt)
    SSD1306::SSD1306()                       0x080046c1   Thumb Code     6  ssd1306.o(i._ZN7SSD1306C1Ev)
    SSD1306::SSD1306__sub_object()           0x080046c1   Thumb Code     0  ssd1306.o(i._ZN7SSD1306C1Ev)
    mpu9250::readFIFOsize()                  0x080046cd   Thumb Code    46  mpu9250.o(i._ZN7mpu925012readFIFOsizeEv)
    mpu9250::setAccOffset(int, int, int)     0x080046fb   Thumb Code    88  mpu9250.o(i._ZN7mpu925012setAccOffsetEiii)
    mpu9250::updateAngles(double, bool)      0x08004755   Thumb Code   588  mpu9250.o(i._ZN7mpu925012updateAnglesEdb)
    mpu9250::setGyroOffset(int, int, int)    0x080049d1   Thumb Code    82  mpu9250.o(i._ZN7mpu925013setGyroOffsetEiii)
    mpu9250::updateAnglesFromFIFO()          0x08004a25   Thumb Code    56  mpu9250.o(i._ZN7mpu925020updateAnglesFromFIFOEv)
    mpu9250::MadgwickAHRSupdateIMU(double)   0x08004a65   Thumb Code  2130  mpu9250.o(i._ZN7mpu925021MadgwickAHRSupdateIMUEd)
    mpu9250::convert(unsigned short, unsigned char) 0x080052b9   Thumb Code    16  mpu9250.o(i._ZN7mpu92507convertEth)
    mpu9250::initIMU(unsigned, int)          0x080052cd   Thumb Code   572  mpu9250.o(i._ZN7mpu92507initIMUEji)
    mpu9250::invSqrt(float)                  0x08005569   Thumb Code    40  mpu9250.o(i._ZN7mpu92507invSqrtEf)
    mpu9250::readAcc()                       0x08005595   Thumb Code   172  mpu9250.o(i._ZN7mpu92507readAccEv)
    mpu9250::readReg(int, int*, int)         0x08005641   Thumb Code    90  mpu9250.o(i._ZN7mpu92507readRegEiPii)
    mpu9250::readGyro()                      0x0800569b   Thumb Code   172  mpu9250.o(i._ZN7mpu92508readGyroEv)
    mpu9250::writeReg(int, unsigned char)    0x08005747   Thumb Code    50  mpu9250.o(i._ZN7mpu92508writeRegEih)
    mpu9250::calibrate(int)                  0x08005779   Thumb Code   210  mpu9250.o(i._ZN7mpu92509calibrateEi)
    PairSaver::add(std::pair<double, double>, unsigned) 0x08005855   Thumb Code    72  main.o(i._ZN9PairSaver3addESt4pairIddEj)
    PairSaver::pop(unsigned)                 0x0800589d   Thumb Code    80  main.o(i._ZN9PairSaver3popEj)
    PairSaver::incP(unsigned char&)          0x080058ed   Thumb Code    18  main.o(i._ZN9PairSaver4incPERh)
    PairSaver::PairSaver()                   0x08005901   Thumb Code    80  main.o(i._ZN9PairSaverC1Ev)
    PairSaver::PairSaver__sub_object()       0x08005901   Thumb Code     0  main.o(i._ZN9PairSaverC1Ev)
    std::abs(double)                         0x08005955   Thumb Code     4  main.o(i._ZSt3absd)
    operator delete (void*)                  0x08005959   Thumb Code     8  delete.o(i._ZdlPv)
    operator new[] (unsigned)                0x08005961   Thumb Code     8  array_new.o(i._Znaj)
    operator new(unsigned)                   0x08005969   Thumb Code    34  new.o(i._Znwj)
    __ARM_fpclassify                         0x08005991   Thumb Code    48  fpclassify.o(i.__ARM_fpclassify)
    __aeabi_vec_ctor_nocookie_nodtor         0x080059c1   Thumb Code    36  aeabi_vec_ctor_nocookie_nodtor.o(i.__aeabi_vec_ctor_nocookie_nodtor)
    __cxa_guard_acquire                      0x080059e5   Thumb Code    16  cxa_guard_acquire.o(i.__cxa_guard_acquire)
    __hardfp_asin                            0x080059f9   Thumb Code   770  asin.o(i.__hardfp_asin)
    __hardfp_atan                            0x08005d59   Thumb Code   622  atan.o(i.__hardfp_atan)
    __hardfp_atan2                           0x08006031   Thumb Code   432  atan2.o(i.__hardfp_atan2)
    __hardfp_ceilf                           0x08006221   Thumb Code    98  ceilf.o(i.__hardfp_ceilf)
    __mathlib_ceilf                          0x08006221   Thumb Code     0  ceilf.o(i.__hardfp_ceilf)
    __hardfp_cos                             0x08006291   Thumb Code   180  cos.o(i.__hardfp_cos)
    __hardfp_fabs                            0x08006359   Thumb Code    20  fabs.o(i.__hardfp_fabs)
    __hardfp_pow                             0x08006371   Thumb Code  3072  pow.o(i.__hardfp_pow)
    __hardfp_sin                             0x08006fc1   Thumb Code   180  sin.o(i.__hardfp_sin)
    __hardfp_sqrt                            0x08007089   Thumb Code   122  sqrt.o(i.__hardfp_sqrt)
    __ieee754_rem_pio2                       0x08007109   Thumb Code   938  rred.o(i.__ieee754_rem_pio2)
    __kernel_cos                             0x08007541   Thumb Code   322  cos_i.o(i.__kernel_cos)
    __kernel_poly                            0x080076b1   Thumb Code   248  poly.o(i.__kernel_poly)
    __kernel_sin                             0x080077a9   Thumb Code   280  sin_i.o(i.__kernel_sin)
    __mathlib_dbl_divzero                    0x080078d9   Thumb Code    28  dunder.o(i.__mathlib_dbl_divzero)
    __mathlib_dbl_infnan                     0x08007909   Thumb Code    20  dunder.o(i.__mathlib_dbl_infnan)
    __mathlib_dbl_infnan2                    0x0800791d   Thumb Code    20  dunder.o(i.__mathlib_dbl_infnan2)
    __mathlib_dbl_invalid                    0x08007931   Thumb Code    24  dunder.o(i.__mathlib_dbl_invalid)
    __mathlib_dbl_overflow                   0x08007951   Thumb Code    24  dunder.o(i.__mathlib_dbl_overflow)
    __mathlib_dbl_underflow                  0x08007971   Thumb Code    24  dunder.o(i.__mathlib_dbl_underflow)
    atan                                     0x08007a45   Thumb Code    16  atan.o(i.atan)
    fabs                                     0x08007a55   Thumb Code    24  fabs.o(i.fabs)
    main                                     0x08007a6d   Thumb Code  1180  main.o(i.main)
    sqrt                                     0x08007f09   Thumb Code   110  sqrt.o(i.sqrt)
    T1 sgn<double>(T1)                       0x08007f79   Thumb Code    72  main.o(t._Z3sgnIdET_S0_)
    T1 crc8<char>(T1*, int)                  0x08007fd9   Thumb Code    52  main.o(t._Z4crc8IcET_PS0_i)
    T1 crc8<unsigned char>(T1*, int)         0x0800800d   Thumb Code    52  main.o(t._Z4crc8IhET_PS0_i)
    T1 crc8<int>(T1*, int)                   0x08008041   Thumb Code    48  main.o(t._Z4crc8IiET_PS0_i)
    T1 min2<int>(T1, T1)                     0x08008071   Thumb Code     8  main.o(t._Z4min2IiET_S0_S0_)
    char* toPrint<double>(T1, short)         0x08008079   Thumb Code   532  main.o(t._Z7toPrintIdEPcT_s)
    char* toPrint<int>(T1, short)            0x0800829d   Thumb Code   278  main.o(t._Z7toPrintIiEPcT_s)
    char* toPrint<unsigned>(T1, short)       0x080083b3   Thumb Code   264  main.o(t._Z7toPrintIjEPcT_s)
    void printTml<double>(SSD1306&, T1, int, int, int) 0x080084bb   Thumb Code    40  main.o(t._Z8printTmlIdEvR7SSD1306T_iii)
    void printTml<int>(SSD1306&, T1, int, int, int) 0x080084e3   Thumb Code    42  main.o(t._Z8printTmlIiEvR7SSD1306T_iii)
    void printTml<unsigned>(SSD1306&, T1, int, int, int) 0x0800850d   Thumb Code    42  main.o(t._Z8printTmlIjEvR7SSD1306T_iii)
    std::pair<std::pair<double, double>, unsigned>::pair() 0x08008537   Thumb Code    12  main.o(t._ZNSt4pairIS_IddEjEC1Ev)
    std::pair<std::pair<double, double>, unsigned>::pair__sub_object() 0x08008537   Thumb Code     0  main.o(t._ZNSt4pairIS_IddEjEC1Ev)
    std::pair<double, double>::pair(const std::pair<double, double>&) 0x08008543   Thumb Code    18  main.o(t._ZNSt4pairIddEC1ERKS0_)
    std::pair<double, double>::pair__sub_object(const std::pair<double, double>&) 0x08008543   Thumb Code     0  main.o(t._ZNSt4pairIddEC1ERKS0_)
    std::pair<double, double>::pair()        0x08008555   Thumb Code    14  main.o(t._ZNSt4pairIddEC1Ev)
    std::pair<double, double>::pair__sub_object() 0x08008555   Thumb Code     0  main.o(t._ZNSt4pairIddEC1Ev)
    std::pair<double, double>::pair<int, int>(const std::pair<T1, T2>&) 0x0800856d   Thumb Code    30  main.o(t._ZNSt4pairIddEC1IiiEERKS_IT_T0_E)
    std::pair<double, double>::pair__sub_object<int, int>(const std::pair<T1, T2>&) 0x0800856d   Thumb Code     0  main.o(t._ZNSt4pairIddEC1IiiEERKS_IT_T0_E)
    std::pair<int, int>::pair()              0x0800858b   Thumb Code     8  main.o(t._ZNSt4pairIiiEC1Ev)
    std::pair<int, int>::pair__sub_object()  0x0800858b   Thumb Code     0  main.o(t._ZNSt4pairIiiEC1Ev)
    __aeabi_dneg                             0x08008593   Thumb Code     0  basic.o(x$fpl$basic)
    _dneg                                    0x08008593   Thumb Code     6  basic.o(x$fpl$basic)
    __aeabi_fneg                             0x08008599   Thumb Code     0  basic.o(x$fpl$basic)
    _fneg                                    0x08008599   Thumb Code     6  basic.o(x$fpl$basic)
    _dabs                                    0x0800859f   Thumb Code     6  basic.o(x$fpl$basic)
    _fabs                                    0x080085a5   Thumb Code     6  basic.o(x$fpl$basic)
    __aeabi_d2f                              0x080085ad   Thumb Code     0  d2f.o(x$fpl$d2f)
    _d2f                                     0x080085ad   Thumb Code    98  d2f.o(x$fpl$d2f)
    __aeabi_dadd                             0x08008611   Thumb Code     0  daddsub_clz.o(x$fpl$dadd)
    _dadd                                    0x08008611   Thumb Code   332  daddsub_clz.o(x$fpl$dadd)
    __fpl_dcheck_NaN1                        0x08008761   Thumb Code    10  dcheck1.o(x$fpl$dcheck1)
    __fpl_dcmp_Inf                           0x08008771   Thumb Code    24  dcmpi.o(x$fpl$dcmpinf)
    __aeabi_ddiv                             0x08008789   Thumb Code     0  ddiv.o(x$fpl$ddiv)
    _ddiv                                    0x08008789   Thumb Code   552  ddiv.o(x$fpl$ddiv)
    __aeabi_cdcmpeq                          0x08008a39   Thumb Code     0  deqf.o(x$fpl$deqf)
    _dcmpeq                                  0x08008a39   Thumb Code   120  deqf.o(x$fpl$deqf)
    __aeabi_d2iz                             0x08008ab1   Thumb Code     0  dfix.o(x$fpl$dfix)
    _dfix                                    0x08008ab1   Thumb Code    94  dfix.o(x$fpl$dfix)
    __aeabi_d2uiz                            0x08008b11   Thumb Code     0  dfixu.o(x$fpl$dfixu)
    _dfixu                                   0x08008b11   Thumb Code    90  dfixu.o(x$fpl$dfixu)
    __aeabi_i2d                              0x08008b6b   Thumb Code     0  dflt_clz.o(x$fpl$dflt)
    _dflt                                    0x08008b6b   Thumb Code    46  dflt_clz.o(x$fpl$dflt)
    __aeabi_l2d                              0x08008b99   Thumb Code     0  dfltll_clz.o(x$fpl$dfltll)
    _ll_sto_d                                0x08008b99   Thumb Code   162  dfltll_clz.o(x$fpl$dfltll)
    __aeabi_ui2d                             0x08008c3b   Thumb Code     0  dflt_clz.o(x$fpl$dfltu)
    _dfltu                                   0x08008c3b   Thumb Code    38  dflt_clz.o(x$fpl$dfltu)
    __aeabi_cdcmple                          0x08008c61   Thumb Code     0  dleqf.o(x$fpl$dleqf)
    _dcmple                                  0x08008c61   Thumb Code   120  dleqf.o(x$fpl$dleqf)
    __fpl_dcmple_InfNaN                      0x08008cc3   Thumb Code     0  dleqf.o(x$fpl$dleqf)
    __aeabi_dmul                             0x08008cd9   Thumb Code     0  dmul.o(x$fpl$dmul)
    _dmul                                    0x08008cd9   Thumb Code   332  dmul.o(x$fpl$dmul)
    __fpl_dnaninf                            0x08008e2d   Thumb Code   156  dnaninf.o(x$fpl$dnaninf)
    __fpl_dretinf                            0x08008ec9   Thumb Code    12  dretinf.o(x$fpl$dretinf)
    __aeabi_cdrcmple                         0x08008ed5   Thumb Code     0  drleqf.o(x$fpl$drleqf)
    _drcmple                                 0x08008ed5   Thumb Code   108  drleqf.o(x$fpl$drleqf)
    __aeabi_drsub                            0x08008f41   Thumb Code     0  daddsub_clz.o(x$fpl$drsb)
    _drsb                                    0x08008f41   Thumb Code    22  daddsub_clz.o(x$fpl$drsb)
    _dsqrt                                   0x08008f59   Thumb Code   404  dsqrt_umaal.o(x$fpl$dsqrt)
    __aeabi_dsub                             0x080090f1   Thumb Code     0  daddsub_clz.o(x$fpl$dsub)
    _dsub                                    0x080090f1   Thumb Code   464  daddsub_clz.o(x$fpl$dsub)
    __aeabi_f2d                              0x080092c5   Thumb Code     0  f2d.o(x$fpl$f2d)
    _f2d                                     0x080092c5   Thumb Code    86  f2d.o(x$fpl$f2d)
    __fpl_fnaninf                            0x0800931b   Thumb Code   140  fnaninf.o(x$fpl$fnaninf)
    _fp_init                                 0x080093a7   Thumb Code    10  fpinit.o(x$fpl$fpinit)
    __fplib_config_fpu_vfp                   0x080093af   Thumb Code     0  fpinit.o(x$fpl$fpinit)
    __fplib_config_pureend_doubles           0x080093af   Thumb Code     0  fpinit.o(x$fpl$fpinit)
    __fpl_fretinf                            0x080093b1   Thumb Code    10  fretinf.o(x$fpl$fretinf)
    __aeabi_d2lz                             0x080093bd   Thumb Code     0  dfixll.o(x$fpl$llsfromd)
    _ll_sfrom_d                              0x080093bd   Thumb Code   194  dfixll.o(x$fpl$llsfromd)
    __fpl_return_NaN                         0x0800947f   Thumb Code   100  retnan.o(x$fpl$retnan)
    __ARM_scalbn                             0x080094e3   Thumb Code    92  scalbn.o(x$fpl$scalbn)
    __fpl_cmpreturn                          0x0800953f   Thumb Code    48  trapv.o(x$fpl$trapveneer)
    __I$use$fp                               0x0800956e   Number         0  usenofp.o(x$fpl$usenofp)
    PL_ADC::channels                         0x08009f00   Data          16  stm32f407_adc.o(.constdata)
    __mathlib_zero                           0x0800a0b0   Data           8  qnan.o(.constdata)
    vtable for SSD1306                       0x0800a1a8   Data          16  ssd1306.o(.constdata__ZTV7SSD1306)
    Display::update()::string                0x0800a1b8   Data           2  main.o(.constdata__ZZN7Display6updateEvEs)
    Region$$Table$$Base                      0x0800a1bc   Number         0  anon$$obj.o(Region$$Table)
    Region$$Table$$Limit                     0x0800a1dc   Number         0  anon$$obj.o(Region$$Table)
    SHT$$INIT_ARRAY$$Base                    0x0800a1dc   Number         0  main.o(.init_array)
    SHT$$INIT_ARRAY$$Limit                   0x0800a1e0   Number         0  init_aeabi.o(.init_array)
    GLOBAL_ERROR                             0x2000000c   Data           4  main.o(.data)
    g_state                                  0x20000010   Data           4  main.o(.data)
    clb_var                                  0x20000014   Data           4  main.o(.data)
    initImageBuffer                          0x200000a0   Data        8192  main.o(.data)
    firstField                               0x200020a0   Data       21600  main.o(.data)
    trajectory1                              0x20007500   Data         438  main.o(.data)
    coordsArr                                0x200076b8   Data         328  main.o(.data)
    _available                               0x20007800   Data           2  stm32f407_spi.o(.data)
    _RxData                                  0x20007802   Data           4  stm32f407_spi.o(.data)
    _millis                                  0x20007808   Data           4  stm32f407_sysfunc.o(.data)
    tail                                     0x2000780c   Data           4  stm32f407_uart.o(.data)
    _bufRxHead                               0x20007810   Data           8  stm32f407_uart.o(.data)
    _bufRxTail                               0x20007818   Data           8  stm32f407_uart.o(.data)
    _bufTxHead                               0x20007820   Data           8  stm32f407_uart.o(.data)
    _bufTxTail                               0x20007828   Data           8  stm32f407_uart.o(.data)
    b1                                       0x20007c80   Data          40  main.o(.bss)
    b2                                       0x20007ca8   Data          40  main.o(.bss)
    b3                                       0x20007cd0   Data          40  main.o(.bss)
    b4                                       0x20007cf8   Data          40  main.o(.bss)
    robot                                    0x20007d20   Data        5936  main.o(.bss)
    func                                     0x20009450   Data        2832  main.o(.bss)
    _bufRx                                   0x20009f60   Data         256  stm32f407_uart.o(.bss)
    _bufTx                                   0x2000a060   Data         256  stm32f407_uart.o(.bss)
    RxBuffer                                 0x2000a160   Data       10024  stm32f407_uart.o(.bss)
    __libspace_start                         0x2000c888   Data          96  libspace.o(.bss)
    __temporary_stack_top$libspace           0x2000c8e8   Data           0  libspace.o(.bss)



==============================================================================

Memory Map of the image

  Image Entry point : 0x0800027d

  Load Region LR_1 (Base: 0x08000000, Size: 0x00011e10, Max: 0xffffffff, ABSOLUTE, COMPRESSED[0x0000bb24])

    Execution Region ER_RO (Exec base: 0x08000000, Load base: 0x08000000, Size: 0x0000a1e0, Max: 0xffffffff, ABSOLUTE)

    Exec Addr    Load Addr    Size         Type   Attr      Idx    E Section Name        Object

    0x08000000   0x08000000   0x00000188   Data   RO         1854    RESET               startup_stm32f40xx.o
    0x08000188   0x08000188   0x00000008   Code   RO         2728  * !!!main             c_w.l(__main.o)
    0x08000190   0x08000190   0x00000034   Code   RO         3444    !!!scatter          c_w.l(__scatter.o)
    0x080001c4   0x080001c4   0x00000064   Code   RO         3442    !!dclz77c           c_w.l(__dclz77c.o)
    0x08000228   0x08000228   0x0000001c   Code   RO         3446    !!handler_zi        c_w.l(__scatter_zi.o)
    0x08000244   0x08000244   0x00000002   Code   RO         3347    .ARM.Collect$$libinit$$00000000  c_w.l(libinit.o)
    0x08000246   0x08000246   0x00000004   Code   RO         3078    .ARM.Collect$$libinit$$00000001  c_w.l(libinit2.o)
    0x0800024a   0x0800024a   0x00000000   Code   RO         3081    .ARM.Collect$$libinit$$00000004  c_w.l(libinit2.o)
    0x0800024a   0x0800024a   0x00000008   Code   RO         3082    .ARM.Collect$$libinit$$00000005  c_w.l(libinit2.o)
    0x08000252   0x08000252   0x00000000   Code   RO         3084    .ARM.Collect$$libinit$$0000000A  c_w.l(libinit2.o)
    0x08000252   0x08000252   0x00000000   Code   RO         3086    .ARM.Collect$$libinit$$0000000C  c_w.l(libinit2.o)
    0x08000252   0x08000252   0x00000000   Code   RO         3088    .ARM.Collect$$libinit$$0000000E  c_w.l(libinit2.o)
    0x08000252   0x08000252   0x00000000   Code   RO         3091    .ARM.Collect$$libinit$$00000011  c_w.l(libinit2.o)
    0x08000252   0x08000252   0x00000000   Code   RO         3093    .ARM.Collect$$libinit$$00000013  c_w.l(libinit2.o)
    0x08000252   0x08000252   0x00000000   Code   RO         3095    .ARM.Collect$$libinit$$00000015  c_w.l(libinit2.o)
    0x08000252   0x08000252   0x00000000   Code   RO         3097    .ARM.Collect$$libinit$$00000017  c_w.l(libinit2.o)
    0x08000252   0x08000252   0x00000000   Code   RO         3099    .ARM.Collect$$libinit$$00000019  c_w.l(libinit2.o)
    0x08000252   0x08000252   0x00000000   Code   RO         3101    .ARM.Collect$$libinit$$0000001B  c_w.l(libinit2.o)
    0x08000252   0x08000252   0x00000000   Code   RO         3103    .ARM.Collect$$libinit$$0000001D  c_w.l(libinit2.o)
    0x08000252   0x08000252   0x00000000   Code   RO         3105    .ARM.Collect$$libinit$$0000001F  c_w.l(libinit2.o)
    0x08000252   0x08000252   0x00000000   Code   RO         3107    .ARM.Collect$$libinit$$00000021  c_w.l(libinit2.o)
    0x08000252   0x08000252   0x00000000   Code   RO         3109    .ARM.Collect$$libinit$$00000023  c_w.l(libinit2.o)
    0x08000252   0x08000252   0x00000000   Code   RO         3111    .ARM.Collect$$libinit$$00000025  c_w.l(libinit2.o)
    0x08000252   0x08000252   0x00000000   Code   RO         3115    .ARM.Collect$$libinit$$0000002C  c_w.l(libinit2.o)
    0x08000252   0x08000252   0x00000000   Code   RO         3117    .ARM.Collect$$libinit$$0000002E  c_w.l(libinit2.o)
    0x08000252   0x08000252   0x00000000   Code   RO         3119    .ARM.Collect$$libinit$$00000030  c_w.l(libinit2.o)
    0x08000252   0x08000252   0x00000004   Code   RO         3120    .ARM.Collect$$libinit$$00000031  c_w.l(libinit2.o)
    0x08000256   0x08000256   0x00000000   Code   RO         3121    .ARM.Collect$$libinit$$00000032  c_w.l(libinit2.o)
    0x08000256   0x08000256   0x00000002   Code   RO         3122    .ARM.Collect$$libinit$$00000033  c_w.l(libinit2.o)
    0x08000258   0x08000258   0x00000002   Code   RO         3427    .ARM.Collect$$libshutdown$$00000000  c_w.l(libshutdown.o)
    0x0800025a   0x0800025a   0x00000000   Code   RO         3406    .ARM.Collect$$libshutdown$$00000002  c_w.l(libshutdown2.o)
    0x0800025a   0x0800025a   0x00000000   Code   RO         3408    .ARM.Collect$$libshutdown$$00000004  c_w.l(libshutdown2.o)
    0x0800025a   0x0800025a   0x00000000   Code   RO         3411    .ARM.Collect$$libshutdown$$00000007  c_w.l(libshutdown2.o)
    0x0800025a   0x0800025a   0x00000000   Code   RO         3414    .ARM.Collect$$libshutdown$$0000000A  c_w.l(libshutdown2.o)
    0x0800025a   0x0800025a   0x00000000   Code   RO         3416    .ARM.Collect$$libshutdown$$0000000C  c_w.l(libshutdown2.o)
    0x0800025a   0x0800025a   0x00000000   Code   RO         3419    .ARM.Collect$$libshutdown$$0000000F  c_w.l(libshutdown2.o)
    0x0800025a   0x0800025a   0x00000002   Code   RO         3420    .ARM.Collect$$libshutdown$$00000010  c_w.l(libshutdown2.o)
    0x0800025c   0x0800025c   0x00000000   Code   RO         3002    .ARM.Collect$$rtentry$$00000000  c_w.l(__rtentry.o)
    0x0800025c   0x0800025c   0x00000000   Code   RO         3223    .ARM.Collect$$rtentry$$00000002  c_w.l(__rtentry2.o)
    0x0800025c   0x0800025c   0x00000006   Code   RO         3235    .ARM.Collect$$rtentry$$00000004  c_w.l(__rtentry4.o)
    0x08000262   0x08000262   0x00000000   Code   RO         3225    .ARM.Collect$$rtentry$$00000009  c_w.l(__rtentry2.o)
    0x08000262   0x08000262   0x00000004   Code   RO         3226    .ARM.Collect$$rtentry$$0000000A  c_w.l(__rtentry2.o)
    0x08000266   0x08000266   0x00000000   Code   RO         3228    .ARM.Collect$$rtentry$$0000000C  c_w.l(__rtentry2.o)
    0x08000266   0x08000266   0x00000008   Code   RO         3229    .ARM.Collect$$rtentry$$0000000D  c_w.l(__rtentry2.o)
    0x0800026e   0x0800026e   0x00000002   Code   RO         3368    .ARM.Collect$$rtexit$$00000000  c_w.l(rtexit.o)
    0x08000270   0x08000270   0x00000000   Code   RO         3389    .ARM.Collect$$rtexit$$00000002  c_w.l(rtexit2.o)
    0x08000270   0x08000270   0x00000004   Code   RO         3390    .ARM.Collect$$rtexit$$00000003  c_w.l(rtexit2.o)
    0x08000274   0x08000274   0x00000006   Code   RO         3391    .ARM.Collect$$rtexit$$00000004  c_w.l(rtexit2.o)
    0x0800027a   0x0800027a   0x00000002   PAD
    0x0800027c   0x0800027c   0x00000000   Code   RO         3317    .emb_text           c_w.l(maybetermalloc1.o)
    0x0800027c   0x0800027c   0x00000040   Code   RO         1855  * .text               startup_stm32f40xx.o
    0x080002bc   0x080002bc   0x000000ee   Code   RO         2718    .text               c_w.l(lludivv7m.o)
    0x080003aa   0x080003aa   0x00000048   Code   RO         2720    .text               c_w.l(llsdiv.o)
    0x080003f2   0x080003f2   0x00000064   Code   RO         2722    .text               c_w.l(rt_memcpy_w.o)
    0x08000456   0x08000456   0x00000044   Code   RO         2724    .text               c_w.l(rt_memclr.o)
    0x0800049a   0x0800049a   0x00000006   Code   RO         2726    .text               c_w.l(heapauxi.o)
    0x080004a0   0x080004a0   0x00000024   Code   RO         2733    .text               c_w.l(init_aeabi.o)
    0x080004c4   0x080004c4   0x00000008   Code   RO         3010    .text               c_w.l(rt_new_handler_addr_intlibspace.o)
    0x080004cc   0x080004cc   0x0000005e   Code   RO         3016    .text               c_w.l(h1_alloc.o)
    0x0800052a   0x0800052a   0x0000004e   Code   RO         3018    .text               c_w.l(h1_free.o)
    0x08000578   0x08000578   0x00000016   Code   RO         3074    .text               c_w.l(_rserrno.o)
    0x0800058e   0x0800058e   0x0000004e   Code   RO         3076    .text               c_w.l(rt_memclr_w.o)
    0x080005dc   0x080005dc   0x00000004   Code   RO         3126    .text               cpprt_w.l(arm_newhandler_noexceptions.o)
    0x080005e0   0x080005e0   0x00000008   Code   RO         3217    .text               c_w.l(libspace.o)
    0x080005e8   0x080005e8   0x00000008   Code   RO         3242    .text               c_w.l(rt_heap_descriptor_intlibspace.o)
    0x080005f0   0x080005f0   0x00000008   Code   RO         3247    .text               c_w.l(rt_errno_addr_intlibspace.o)
    0x080005f8   0x080005f8   0x00000004   Code   RO         3249    .text               c_w.l(hguard.o)
    0x080005fc   0x080005fc   0x0000008a   Code   RO         3251    .text               c_w.l(init_alloc.o)
    0x08000686   0x08000686   0x0000000e   Code   RO         3255    .text               c_w.l(h1_init.o)
    0x08000694   0x08000694   0x0000001a   Code   RO         3289    .text               cpprt_w.l(arm_exceptions_terminate.o)
    0x080006ae   0x080006ae   0x00000002   PAD
    0x080006b0   0x080006b0   0x00000050   Code   RO         3296    .text               cpprt_w.l(arm_exceptions_globs.o)
    0x08000700   0x08000700   0x0000004a   Code   RO         3308    .text               c_w.l(sys_stackheap_outer.o)
    0x0800074a   0x0800074a   0x00000002   PAD
    0x0800074c   0x0800074c   0x00000008   Code   RO         3313    .text               c_w.l(rt_eh_globals_addr_intlibspace.o)
    0x08000754   0x08000754   0x00000034   Code   RO         3319    .text               c_w.l(h1_extend.o)
    0x08000788   0x08000788   0x00000012   Code   RO         3323    .text               c_w.l(exit.o)
    0x0800079a   0x0800079a   0x00000016   Code   RO         3325    .text               c_w.l(abort.o)
    0x080007b0   0x080007b0   0x0000000e   Code   RO         3331    .text               c_w.l(defsig_rtmem_outer.o)
    0x080007be   0x080007be   0x0000003c   Code   RO         3351    .text               cpprt_w.l(arm_exceptions_mem.o)
    0x080007fa   0x080007fa   0x00000002   PAD
    0x080007fc   0x080007fc   0x0000000c   Code   RO         3363    .text               c_w.l(sys_exit.o)
    0x08000808   0x08000808   0x00000002   Code   RO         3365    .text               c_w.l(use_no_semi.o)
    0x0800080a   0x0800080a   0x00000000   Code   RO         3367    .text               c_w.l(indicate_semi.o)
    0x0800080a   0x0800080a   0x0000000a   Code   RO         3376    .text               c_w.l(defsig_exit.o)
    0x08000814   0x08000814   0x0000000e   Code   RO         3378    .text               c_w.l(defsig_abrt_outer.o)
    0x08000822   0x08000822   0x00000002   PAD
    0x08000824   0x08000824   0x00000050   Code   RO         3384    .text               c_w.l(defsig_rtmem_inner.o)
    0x08000874   0x08000874   0x00000032   Code   RO         3401    .text               c_w.l(defsig_general.o)
    0x080008a6   0x080008a6   0x00000002   PAD
    0x080008a8   0x080008a8   0x00000030   Code   RO         3403    .text               c_w.l(defsig_abrt_inner.o)
    0x080008d8   0x080008d8   0x0000000e   Code   RO         3421    .text               c_w.l(sys_wrch.o)
    0x080008e6   0x080008e6   0x00000006   Code   RO         2020    i.SPI1_IRQHandler   stm32f407_spi.o
    0x080008ec   0x080008ec   0x00000006   Code   RO         2021    i.SPI2_IRQHandler   stm32f407_spi.o
    0x080008f2   0x080008f2   0x00000006   Code   RO         2022    i.SPI3_IRQHandler   stm32f407_spi.o
    0x080008f8   0x080008f8   0x0000005c   Code   RO            5    i.SystemInit        system_stm32f4xx.o
    0x08000954   0x08000954   0x00000024   Code   RO         2114    i.TIM7_IRQHandler   stm32f407_sysfunc.o
    0x08000978   0x08000978   0x00000006   Code   RO         2188    i.UART4_IRQHandler  stm32f407_uart.o
    0x0800097e   0x0800097e   0x00000006   Code   RO         2189    i.UART5_IRQHandler  stm32f407_uart.o
    0x08000984   0x08000984   0x00000006   Code   RO         2190    i.USART1_IRQHandler  stm32f407_uart.o
    0x0800098a   0x0800098a   0x00000006   Code   RO         2191    i.USART2_IRQHandler  stm32f407_uart.o
    0x08000990   0x08000990   0x00000006   Code   RO         2192    i.USART3_IRQHandler  stm32f407_uart.o
    0x08000996   0x08000996   0x00000006   Code   RO         2193    i.USART6_IRQHandler  stm32f407_uart.o
    0x0800099c   0x0800099c   0x00000034   Code   RO           70    i._Z10drawStringR7SSD1306Pcjj  main.o
    0x080009d0   0x080009d0   0x000000b8   Code   RO            6    i._Z11SetSysClockv  system_stm32f4xx.o
    0x08000a88   0x08000a88   0x00000016   Code   RO         2115    i._Z11delayMicrosj  stm32f407_sysfunc.o
    0x08000a9e   0x08000a9e   0x00000002   PAD
    0x08000aa0   0x08000aa0   0x00000094   Code   RO         2194    i._Z11tryTransmitj  stm32f407_uart.o
    0x08000b34   0x08000b34   0x00000010   Code   RO           72    i._Z12clb_imuCalibv  main.o
    0x08000b44   0x08000b44   0x0000000c   Code   RO           73    i._Z12clb_imuSetupv  main.o
    0x08000b50   0x08000b50   0x00000078   Code   RO           74    i._Z12realDistancet  main.o
    0x08000bc8   0x08000bc8   0x00000470   Code   RO           75    i._Z12setupScreensv  main.o
    0x08001038   0x08001038   0x00000020   Code   RO         2195    i._Z12writeStrUARTjPc  stm32f407_uart.o
    0x08001058   0x08001058   0x00000018   Code   RO         2196    i._Z13UARTAvailablej  stm32f407_uart.o
    0x08001070   0x08001070   0x00000010   Code   RO           78    i._Z13clb_doNothingv  main.o
    0x08001080   0x08001080   0x00000004   Code   RO           79    i._Z13symbolToIndexc  main.o
    0x08001084   0x08001084   0x00000016   Code   RO         2026    i._Z14NVIC_EnableIRQ4IRQn  stm32f407_spi.o
    0x0800109a   0x0800109a   0x00000016   Code   RO         2197    i._Z14NVIC_EnableIRQ4IRQn  stm32f407_uart.o
    0x080010b0   0x080010b0   0x0000000c   Code   RO           81    i._Z14clb_initChargev  main.o
    0x080010bc   0x080010bc   0x0000000c   Code   RO           83    i._Z15clb_dribblerOffv  main.o
    0x080010c8   0x080010c8   0x00000028   Code   RO           86    i._Z16clb_dribblerInOnv  main.o
    0x080010f0   0x080010f0   0x00000010   Code   RO           87    i._Z16clb_kickStraightv  main.o
    0x08001100   0x08001100   0x0000005c   Code   RO           88    i._Z16clb_screenToGamev  main.o
    0x0800115c   0x0800115c   0x0000002c   Code   RO           89    i._Z16clb_screenToMainv  main.o
    0x08001188   0x08001188   0x00000010   Code   RO           91    i._Z17clb_dribblerOutOnv  main.o
    0x08001198   0x08001198   0x00000010   Code   RO           94    i._Z17clb_screenToEmptyv  main.o
    0x080011a8   0x080011a8   0x0000000c   Code   RO           96    i._Z18clb_endLightsCalibv  main.o
    0x080011b4   0x080011b4   0x00000018   Code   RO           97    i._Z18clb_screenToKickerv  main.o
    0x080011cc   0x080011cc   0x00000040   Code   RO         2027    i._Z19SPIInterruptHandlerj  stm32f407_spi.o
    0x0800120c   0x0800120c   0x00000014   Code   RO           99    i._Z19clb_toBatteryScreenv  main.o
    0x08001220   0x08001220   0x0000000c   Code   RO          100    i._Z19clb_turnOnBackLightv  main.o
    0x0800122c   0x0800122c   0x00000150   Code   RO         2200    i._Z20UARTInterruptHandlerj  stm32f407_uart.o
    0x0800137c   0x0800137c   0x0000000c   Code   RO          102    i._Z20clb_beginLightsCalibv  main.o
    0x08001388   0x08001388   0x00000018   Code   RO          103    i._Z20clb_screenToDribblerv  main.o
    0x080013a0   0x080013a0   0x0000000c   Code   RO          104    i._Z20clb_turnOffBackLightv  main.o
    0x080013ac   0x080013ac   0x00000024   Code   RO          105    i._Z21clb_screenToDebugDatav  main.o
    0x080013d0   0x080013d0   0x00000018   Code   RO          106    i._Z24clb_screenToCalibrationsv  main.o
    0x080013e8   0x080013e8   0x00000018   Code   RO          107    i._Z35clb_screenToLightSensorsCalibrationv  main.o
    0x08001400   0x08001400   0x00000016   Code   RO         2116    i._Z5delayj         stm32f407_sysfunc.o
    0x08001416   0x08001416   0x00000002   PAD
    0x08001418   0x08001418   0x00000020   Code   RO         2117    i._Z6microsv        stm32f407_sysfunc.o
    0x08001438   0x08001438   0x0000000c   Code   RO         2118    i._Z6millisv        stm32f407_sysfunc.o
    0x08001444   0x08001444   0x000000c4   Code   RO          110    i._Z6rotateSt4pairIddEd  main.o
    0x08001508   0x08001508   0x00000018   Code   RO         1282    i._Z6setPinP12GPIO_TypeDeftb  main.o
    0x08001520   0x08001520   0x00000048   Code   RO         1131    i._Z6setPintb       main.o
    0x08001568   0x08001568   0x0000018c   Code   RO         1862    i._Z7initPinP12GPIO_TypeDefthhh  stm32f407_pin.o
    0x080016f4   0x080016f4   0x00000074   Code   RO         1117    i._Z7initPinthhh    main.o
    0x08001768   0x08001768   0x000000e0   Code   RO         2119    i._Z7initRCCv       stm32f407_sysfunc.o
    0x08001848   0x08001848   0x00000238   Code   RO         2028    i._Z7initSPIjbhtiiii  stm32f407_spi.o
    0x08001a80   0x08001a80   0x00000012   Code   RO         1288    i._Z7readPinP12GPIO_TypeDeft  main.o
    0x08001a92   0x08001a92   0x00000002   PAD
    0x08001a94   0x08001a94   0x00000048   Code   RO         1124    i._Z7readPint       main.o
    0x08001adc   0x08001adc   0x000000d4   Code   RO          111    i._Z8drawCharR7SSD1306cjj  main.o
    0x08001bb0   0x08001bb0   0x0000039c   Code   RO         2201    i._Z8initUARTjjhfhj  stm32f407_uart.o
    0x08001f4c   0x08001f4c   0x00000030   Code   RO         2202    i._Z8readUARTj      stm32f407_uart.o
    0x08001f7c   0x08001f7c   0x00000070   Code   RO         2120    i._Z8sysStartv      stm32f407_sysfunc.o
    0x08001fec   0x08001fec   0x00000038   Code   RO         2029    i._Z8writeSPIjt     stm32f407_spi.o
    0x08002024   0x08002024   0x00000010   Code   RO          113    i._Z9clb_kick1v     main.o
    0x08002034   0x08002034   0x00000010   Code   RO          114    i._Z9clb_kick2v     main.o
    0x08002044   0x08002044   0x00000024   Code   RO         2210    i._Z9writeUARTjc    stm32f407_uart.o
    0x08002068   0x08002068   0x00000048   Code   RO          118    i._ZN10BallSensor4initEP6PL_ADCtt  main.o
    0x080020b0   0x080020b0   0x00000012   Code   RO          119    i._ZN10BallSensor6turnOnEv  main.o
    0x080020c2   0x080020c2   0x0000003e   Code   RO          120    i._ZN10BallSensor6updateEv  main.o
    0x08002100   0x08002100   0x00000004   Code   RO          122    i._ZN10BallSensor8getValueEv  main.o
    0x08002104   0x08002104   0x00000244   Code   RO         1264    i._ZN10Functional7posCalcEv  main.o
    0x08002348   0x08002348   0x00000144   Code   RO         1276    i._ZN10FunctionalC1EP5Robot  main.o
    0x0800248c   0x0800248c   0x000000f8   Code   RO         1312    i._ZN11FieldObject6updateESt4pairIddES1_jt  main.o
    0x08002584   0x08002584   0x00000080   Code   RO         1363    i._ZN11FieldObjectC1Ev  main.o
    0x08002604   0x08002604   0x00000006   Code   RO          123    i._ZN11LineSensors13turnOnSensorsEv  main.o
    0x0800260a   0x0800260a   0x00000006   Code   RO          124    i._ZN11LineSensors14turnOffSensorsEv  main.o
    0x08002610   0x08002610   0x00000006   Code   RO          125    i._ZN11LineSensors18endLineCalibrationEv  main.o
    0x08002616   0x08002616   0x00000006   Code   RO          126    i._ZN11LineSensors20beginLineCalibrationEv  main.o
    0x0800261c   0x0800261c   0x00000024   Code   RO          127    i._ZN11LineSensors4initEjt  main.o
    0x08002640   0x08002640   0x00000034   Code   RO          128    i._ZN11LineSensors6updateEv  main.o
    0x08002674   0x08002674   0x00000004   Code   RO          129    i._ZN11LineSensors7getLineEv  main.o
    0x08002678   0x08002678   0x0000002c   Code   RO         1369    i._ZN12CameraObjectC1Ev  main.o
    0x080026a4   0x080026a4   0x00000008   Code   RO          130    i._ZN12KickerModule10initChargeEv  main.o
    0x080026ac   0x080026ac   0x0000007a   Code   RO          132    i._ZN12KickerModule4initEtttt  main.o
    0x08002726   0x08002726   0x00000096   Code   RO          133    i._ZN12KickerModule4kickEbb  main.o
    0x080027bc   0x080027bc   0x00000014   Code   RO          134    i._ZN12KickerModule6updateEv  main.o
    0x080027d0   0x080027d0   0x0000000e   Code   RO          135    i._ZN12KickerModule9isChargedEv  main.o
    0x080027de   0x080027de   0x0000000e   Code   RO          136    i._ZN12MotorDrivers11enableMotorEi  main.o
    0x080027ec   0x080027ec   0x00000008   Code   RO          137    i._ZN12MotorDrivers11setDribblerEi  main.o
    0x080027f4   0x080027f4   0x0000001c   Code   RO          139    i._ZN12MotorDrivers12enableMotorsEv  main.o
    0x08002810   0x08002810   0x0000001c   Code   RO          140    i._ZN12MotorDrivers13disableMotorsEv  main.o
    0x0800282c   0x0800282c   0x0000001c   Code   RO          141    i._ZN12MotorDrivers14attemptCurrentEv  main.o
    0x08002848   0x08002848   0x00000090   Code   RO          142    i._ZN12MotorDrivers4initEjhjhjhjhjh  main.o
    0x080028d8   0x080028d8   0x0000014c   Code   RO          143    i._ZN12MotorDrivers6updateEv  main.o
    0x08002a24   0x08002a24   0x0000002a   Code   RO          144    i._ZN12MotorDrivers8setMotorEii  main.o
    0x08002a4e   0x08002a4e   0x00000038   Code   RO          145    i._ZN12MotorDrivers9setMotorsEiiii  main.o
    0x08002a86   0x08002a86   0x00000002   PAD
    0x08002a88   0x08002a88   0x0000004c   Code   RO          147    i._ZN14BaseFunctional10vectorMoveEv  main.o
    0x08002ad4   0x08002ad4   0x00000004   Code   RO          151    i._ZN14BaseFunctional13getRobotClassEv  main.o
    0x08002ad8   0x08002ad8   0x00000014   Code   RO          160    i._ZN3IMU12setZeroAngleEv  main.o
    0x08002aec   0x08002aec   0x00000006   Code   RO          161    i._ZN3IMU20updateAnglesFromFIFOEv  main.o
    0x08002af2   0x08002af2   0x00000002   PAD
    0x08002af4   0x08002af4   0x00000054   Code   RO          162    i._ZN3IMU4initEjtt  main.o
    0x08002b48   0x08002b48   0x00000022   Code   RO          169    i._ZN3IMU6turnOnEv  main.o
    0x08002b6a   0x08002b6a   0x00000002   PAD
    0x08002b6c   0x08002b6c   0x000000a8   Code   RO          170    i._ZN3IMU6updateEv  main.o
    0x08002c14   0x08002c14   0x00000094   Code   RO          172    i._ZN3IMU8getAngleEv  main.o
    0x08002ca8   0x08002ca8   0x00000006   Code   RO          173    i._ZN3IMU9calibrateEj  main.o
    0x08002cae   0x08002cae   0x00000002   PAD
    0x08002cb0   0x08002cb0   0x000003f4   Code   RO          174    i._ZN5Robot10moveVectorEdddddd  main.o
    0x080030a4   0x080030a4   0x00000008   Code   RO          175    i._ZN5Robot10switch5vOnEv  main.o
    0x080030ac   0x080030ac   0x0000014c   Code   RO          176    i._ZN5Robot10updateMenuEv  main.o
    0x080031f8   0x080031f8   0x00000008   Code   RO          177    i._ZN5Robot11switch5vOffEv  main.o
    0x08003200   0x08003200   0x00000040   Code   RO          178    i._ZN5Robot12handleErrorsEv  main.o
    0x08003240   0x08003240   0x00000052   Code   RO          179    i._ZN5Robot12setPlayStateEb  main.o
    0x08003292   0x08003292   0x00000008   Code   RO          180    i._ZN5Robot12swithPowerOnEv  main.o
    0x0800329a   0x0800329a   0x00000002   PAD
    0x0800329c   0x0800329c   0x000001d8   Code   RO          182    i._ZN5Robot13updateSelfPosESt4pairIddES1_  main.o
    0x08003474   0x08003474   0x00000016   Code   RO          183    i._ZN5Robot15changePlayStateEv  main.o
    0x0800348a   0x0800348a   0x00000008   Code   RO          184    i._ZN5Robot4getVEv  main.o
    0x08003492   0x08003492   0x00000002   PAD
    0x08003494   0x08003494   0x0000028c   Code   RO          185    i._ZN5Robot4initEv  main.o
    0x08003720   0x08003720   0x0000014c   Code   RO          187    i._ZN5Robot4waitEj  main.o
    0x0800386c   0x0800386c   0x0000000a   Code   RO          188    i._ZN5Robot6getPosEv  main.o
    0x08003876   0x08003876   0x00000042   Code   RO          189    i._ZN5Robot8initLEDsEv  main.o
    0x080038b8   0x080038b8   0x00000020   Code   RO          190    i._ZN5Robot9logErrorsEv  main.o
    0x080038d8   0x080038d8   0x0000000a   Code   RO          191    i._ZN5Robot9playStateEv  main.o
    0x080038e2   0x080038e2   0x00000002   PAD
    0x080038e4   0x080038e4   0x00000090   Code   RO         1342    i._ZN5RobotC1Ev     main.o
    0x08003974   0x08003974   0x0000002c   Code   RO         1375    i._ZN6BorderC1Edccssss  main.o
    0x080039a0   0x080039a0   0x00000020   Code   RO          193    i._ZN6Camera4initEjt  main.o
    0x080039c0   0x080039c0   0x00000156   Code   RO          194    i._ZN6Camera6updateEv  main.o
    0x08003b16   0x08003b16   0x0000003c   Code   RO          195    i._ZN6CameraC1Ev    main.o
    0x08003b52   0x08003b52   0x00000002   PAD
    0x08003b54   0x08003b54   0x000000a4   Code   RO          197    i._ZN6Driver11setVelocityEi  main.o
    0x08003bf8   0x08003bf8   0x00000064   Code   RO          198    i._ZN6Driver13updateFromRegEv  main.o
    0x08003c5c   0x08003c5c   0x00000010   Code   RO          199    i._ZN6Driver14attemptCurrentEv  main.o
    0x08003c6c   0x08003c6c   0x00000024   Code   RO          201    i._ZN6Driver14enableFloatingEv  main.o
    0x08003c90   0x08003c90   0x00000024   Code   RO          203    i._ZN6Driver15disableFloatingEv  main.o
    0x08003cb4   0x08003cb4   0x00000006   Code   RO          204    i._ZN6Driver4initEcc  main.o
    0x08003cba   0x08003cba   0x00000002   PAD
    0x08003cbc   0x08003cbc   0x00000068   Code   RO          205    i._ZN6Driver5writeEPccc  main.o
    0x08003d24   0x08003d24   0x00000034   Code   RO          207    i._ZN6DriverC1Ev    main.o
    0x08003d58   0x08003d58   0x0000000a   Code   RO         1899    i._ZN6PL_ADC10waitUpdateEv  stm32f407_adc.o
    0x08003d62   0x08003d62   0x00000002   PAD
    0x08003d64   0x08003d64   0x000000c4   Code   RO         1900    i._ZN6PL_ADC3addEa  stm32f407_adc.o
    0x08003e28   0x08003e28   0x0000007c   Code   RO         1901    i._ZN6PL_ADC4initEv  stm32f407_adc.o
    0x08003ea4   0x08003ea4   0x0000004a   Code   RO         1902    i._ZN6PL_ADC4readEab  stm32f407_adc.o
    0x08003eee   0x08003eee   0x00000016   Code   RO         1904    i._ZN6PL_ADC5startEv  stm32f407_adc.o
    0x08003f04   0x08003f04   0x00000040   Code   RO         1905    i._ZN6PL_ADCC1EP11ADC_TypeDef  stm32f407_adc.o
    0x08003f44   0x08003f44   0x00000024   Code   RO         1381    i._ZN6ScreenC1Ev    main.o
    0x08003f68   0x08003f68   0x00000006   Code   RO          208    i._ZN7Battery10getVoltageEv  main.o
    0x08003f6e   0x08003f6e   0x00000006   Code   RO          209    i._ZN7Battery13getPercentageEv  main.o
    0x08003f74   0x08003f74   0x0000000a   Code   RO          210    i._ZN7Battery14getCellVoltageEi  main.o
    0x08003f7e   0x08003f7e   0x00000002   PAD
    0x08003f80   0x08003f80   0x0000009c   Code   RO          211    i._ZN7Battery4initEP6PL_ADCtttt  main.o
    0x0800401c   0x0800401c   0x0000015c   Code   RO          212    i._ZN7Battery6updateEv  main.o
    0x08004178   0x08004178   0x0000002e   Code   RO          213    i._ZN7Battery8readCellEi  main.o
    0x080041a6   0x080041a6   0x0000000c   Code   RO          214    i._ZN7Buttons10setChangedEib  main.o
    0x080041b2   0x080041b2   0x0000000a   Code   RO         1387    i._ZN7Buttons12ButtonStructC1Ev  main.o
    0x080041bc   0x080041bc   0x00000034   Code   RO          215    i._ZN7Buttons4initEtttt  main.o
    0x080041f0   0x080041f0   0x00000016   Code   RO          216    i._ZN7Buttons6enableEv  main.o
    0x08004206   0x08004206   0x00000034   Code   RO          217    i._ZN7Buttons6updateEv  main.o
    0x0800423a   0x0800423a   0x00000016   Code   RO          218    i._ZN7Buttons7disableEv  main.o
    0x08004250   0x08004250   0x0000001e   Code   RO          219    i._ZN7Buttons9isChangedEib  main.o
    0x0800426e   0x0800426e   0x0000000c   Code   RO          220    i._ZN7Buttons9isPressedEi  main.o
    0x0800427a   0x0800427a   0x00000006   Code   RO         1393    i._ZN7CommandC1Ev   main.o
    0x08004280   0x08004280   0x00000038   Code   RO         1336    i._ZN7Display11addToScreenE7Command  main.o
    0x080042b8   0x080042b8   0x00000004   Code   RO          221    i._ZN7Display5printEPcii  main.o
    0x080042bc   0x080042bc   0x00000010   Code   RO          222    i._ZN7Display5printEdiii  main.o
    0x080042cc   0x080042cc   0x00000010   Code   RO          224    i._ZN7Display5printEiiii  main.o
    0x080042dc   0x080042dc   0x00000010   Code   RO          225    i._ZN7Display5printEjiii  main.o
    0x080042ec   0x080042ec   0x0000002e   Code   RO         1330    i._ZN7Display6addEscE7Command  main.o
    0x0800431a   0x0800431a   0x00000034   Code   RO         2384    i._ZN7SSD130615ssd1306_commandEh  ssd1306.o
    0x0800434e   0x0800434e   0x00000174   Code   RO         2391    i._ZN7SSD13065beginEhb  ssd1306.o
    0x080044c2   0x080044c2   0x00000002   PAD
    0x080044c4   0x080044c4   0x00000010   Code   RO         2392    i._ZN7SSD13065clearEv  ssd1306.o
    0x080044d4   0x080044d4   0x00000010   Code   RO         2393    i._ZN7SSD13066invertEh  ssd1306.o
    0x080044e4   0x080044e4   0x00000074   Code   RO         2394    i._ZN7SSD13067displayEPh  ssd1306.o
    0x08004558   0x08004558   0x00000078   Code   RO         2395    i._ZN7SSD13067displayEv  ssd1306.o
    0x080045d0   0x080045d0   0x00000008   Code   RO         2396    i._ZN7SSD13068switchOnEv  ssd1306.o
    0x080045d8   0x080045d8   0x000000a4   Code   RO         2397    i._ZN7SSD13069drawPixelEsst  ssd1306.o
    0x0800467c   0x0800467c   0x00000044   Code   RO         2399    i._ZN7SSD1306C1Ejtttttt  ssd1306.o
    0x080046c0   0x080046c0   0x0000000c   Code   RO         2400    i._ZN7SSD1306C1Ev   ssd1306.o
    0x080046cc   0x080046cc   0x0000002e   Code   RO         2558    i._ZN7mpu925012readFIFOsizeEv  mpu9250.o
    0x080046fa   0x080046fa   0x00000058   Code   RO         2559    i._ZN7mpu925012setAccOffsetEiii  mpu9250.o
    0x08004752   0x08004752   0x00000002   PAD
    0x08004754   0x08004754   0x0000027c   Code   RO         2560    i._ZN7mpu925012updateAnglesEdb  mpu9250.o
    0x080049d0   0x080049d0   0x00000052   Code   RO         2561    i._ZN7mpu925013setGyroOffsetEiii  mpu9250.o
    0x08004a22   0x08004a22   0x00000002   PAD
    0x08004a24   0x08004a24   0x00000040   Code   RO         2562    i._ZN7mpu925020updateAnglesFromFIFOEv  mpu9250.o
    0x08004a64   0x08004a64   0x00000852   Code   RO         2563    i._ZN7mpu925021MadgwickAHRSupdateIMUEd  mpu9250.o
    0x080052b6   0x080052b6   0x00000002   PAD
    0x080052b8   0x080052b8   0x00000014   Code   RO         2702    i._ZN7mpu92507convertEth  mpu9250.o
    0x080052cc   0x080052cc   0x0000029c   Code   RO         2571    i._ZN7mpu92507initIMUEji  mpu9250.o
    0x08005568   0x08005568   0x0000002c   Code   RO         2572    i._ZN7mpu92507invSqrtEf  mpu9250.o
    0x08005594   0x08005594   0x000000ac   Code   RO         2573    i._ZN7mpu92507readAccEv  mpu9250.o
    0x08005640   0x08005640   0x0000005a   Code   RO         2574    i._ZN7mpu92507readRegEiPii  mpu9250.o
    0x0800569a   0x0800569a   0x000000ac   Code   RO         2576    i._ZN7mpu92508readGyroEv  mpu9250.o
    0x08005746   0x08005746   0x00000032   Code   RO         2578    i._ZN7mpu92508writeRegEih  mpu9250.o
    0x08005778   0x08005778   0x000000dc   Code   RO         2579    i._ZN7mpu92509calibrateEi  mpu9250.o
    0x08005854   0x08005854   0x00000048   Code   RO          228    i._ZN9PairSaver3addESt4pairIddEj  main.o
    0x0800589c   0x0800589c   0x00000050   Code   RO          229    i._ZN9PairSaver3popEj  main.o
    0x080058ec   0x080058ec   0x00000012   Code   RO          230    i._ZN9PairSaver4incPERh  main.o
    0x080058fe   0x080058fe   0x00000002   PAD
    0x08005900   0x08005900   0x00000054   Code   RO         1270    i._ZN9PairSaverC1Ev  main.o
    0x08005954   0x08005954   0x00000004   Code   RO         1300    i._ZSt3absd         main.o
    0x08005958   0x08005958   0x00000008   Code   RO         2740    i._ZdlPv            cpprt_w.l(delete.o)
    0x08005960   0x08005960   0x00000008   Code   RO         2736    i._Znaj             cpprt_w.l(array_new.o)
    0x08005968   0x08005968   0x00000028   Code   RO         2743    i._Znwj             cpprt_w.l(new.o)
    0x08005990   0x08005990   0x00000030   Code   RO         3201    i.__ARM_fpclassify  m_wm.l(fpclassify.o)
    0x080059c0   0x080059c0   0x00000024   Code   RO         2859    i.__aeabi_vec_ctor_nocookie_nodtor  cpprt_w.l(aeabi_vec_ctor_nocookie_nodtor.o)
    0x080059e4   0x080059e4   0x00000010   Code   RO         2747    i.__cxa_guard_acquire  cpprt_w.l(cxa_guard_acquire.o)
    0x080059f4   0x080059f4   0x00000004   PAD
    0x080059f8   0x080059f8   0x00000360   Code   RO         2914    i.__hardfp_asin     m_wm.l(asin.o)
    0x08005d58   0x08005d58   0x000002d8   Code   RO         3170    i.__hardfp_atan     m_wm.l(atan.o)
    0x08006030   0x08006030   0x000001f0   Code   RO         2928    i.__hardfp_atan2    m_wm.l(atan2.o)
    0x08006220   0x08006220   0x0000006c   Code   RO         2940    i.__hardfp_ceilf    m_wm.l(ceilf.o)
    0x0800628c   0x0800628c   0x00000004   PAD
    0x08006290   0x08006290   0x000000c8   Code   RO         2946    i.__hardfp_cos      m_wm.l(cos.o)
    0x08006358   0x08006358   0x00000014   Code   RO         2958    i.__hardfp_fabs     m_wm.l(fabs.o)
    0x0800636c   0x0800636c   0x00000004   PAD
    0x08006370   0x08006370   0x00000c50   Code   RO         2964    i.__hardfp_pow      m_wm.l(pow.o)
    0x08006fc0   0x08006fc0   0x000000c8   Code   RO         2978    i.__hardfp_sin      m_wm.l(sin.o)
    0x08007088   0x08007088   0x0000007a   Code   RO         2990    i.__hardfp_sqrt     m_wm.l(sqrt.o)
    0x08007102   0x08007102   0x00000006   PAD
    0x08007108   0x08007108   0x00000438   Code   RO         3206    i.__ieee754_rem_pio2  m_wm.l(rred.o)
    0x08007540   0x08007540   0x00000170   Code   RO         3184    i.__kernel_cos      m_wm.l(cos_i.o)
    0x080076b0   0x080076b0   0x000000f8   Code   RO         3203    i.__kernel_poly     m_wm.l(poly.o)
    0x080077a8   0x080077a8   0x00000130   Code   RO         3211    i.__kernel_sin      m_wm.l(sin_i.o)
    0x080078d8   0x080078d8   0x00000030   Code   RO         3187    i.__mathlib_dbl_divzero  m_wm.l(dunder.o)
    0x08007908   0x08007908   0x00000014   Code   RO         3188    i.__mathlib_dbl_infnan  m_wm.l(dunder.o)
    0x0800791c   0x0800791c   0x00000014   Code   RO         3189    i.__mathlib_dbl_infnan2  m_wm.l(dunder.o)
    0x08007930   0x08007930   0x00000020   Code   RO         3190    i.__mathlib_dbl_invalid  m_wm.l(dunder.o)
    0x08007950   0x08007950   0x00000020   Code   RO         3191    i.__mathlib_dbl_overflow  m_wm.l(dunder.o)
    0x08007970   0x08007970   0x00000020   Code   RO         3193    i.__mathlib_dbl_underflow  m_wm.l(dunder.o)
    0x08007990   0x08007990   0x000000b4   Code   RO          231    i.__sti___8_main_cpp_48fb3d7c  main.o
    0x08007a44   0x08007a44   0x00000010   Code   RO         3172    i.atan              m_wm.l(atan.o)
    0x08007a54   0x08007a54   0x00000018   Code   RO         2960    i.fabs              m_wm.l(fabs.o)
    0x08007a6c   0x08007a6c   0x0000049c   Code   RO          232    i.main              main.o
    0x08007f08   0x08007f08   0x0000006e   Code   RO         2992    i.sqrt              m_wm.l(sqrt.o)
    0x08007f76   0x08007f76   0x00000002   PAD
    0x08007f78   0x08007f78   0x00000060   Code   RO         1257    t._Z3sgnIdET_S0_    main.o
    0x08007fd8   0x08007fd8   0x00000034   Code   RO         1145    t._Z4crc8IcET_PS0_i  main.o
    0x0800800c   0x0800800c   0x00000034   Code   RO         1138    t._Z4crc8IhET_PS0_i  main.o
    0x08008040   0x08008040   0x00000030   Code   RO         1152    t._Z4crc8IiET_PS0_i  main.o
    0x08008070   0x08008070   0x00000008   Code   RO         1159    t._Z4min2IiET_S0_S0_  main.o
    0x08008078   0x08008078   0x00000224   Code   RO         1222    t._Z7toPrintIdEPcT_s  main.o
    0x0800829c   0x0800829c   0x00000116   Code   RO         1166    t._Z7toPrintIiEPcT_s  main.o
    0x080083b2   0x080083b2   0x00000108   Code   RO         1180    t._Z7toPrintIjEPcT_s  main.o
    0x080084ba   0x080084ba   0x00000028   Code   RO         1229    t._Z8printTmlIdEvR7SSD1306T_iii  main.o
    0x080084e2   0x080084e2   0x0000002a   Code   RO         1173    t._Z8printTmlIiEvR7SSD1306T_iii  main.o
    0x0800850c   0x0800850c   0x0000002a   Code   RO         1187    t._Z8printTmlIjEvR7SSD1306T_iii  main.o
    0x08008536   0x08008536   0x0000000c   Code   RO         1345    t._ZNSt4pairIS_IddEjEC1Ev  main.o
    0x08008542   0x08008542   0x00000012   Code   RO         1306    t._ZNSt4pairIddEC1ERKS0_  main.o
    0x08008554   0x08008554   0x00000018   Code   RO         1294    t._ZNSt4pairIddEC1Ev  main.o
    0x0800856c   0x0800856c   0x0000001e   Code   RO         1318    t._ZNSt4pairIddEC1IiiEERKS_IT_T0_E  main.o
    0x0800858a   0x0800858a   0x00000008   Code   RO         1324    t._ZNSt4pairIiiEC1Ev  main.o
    0x08008592   0x08008592   0x00000018   Code   RO         2862    x$fpl$basic         fz_wm.l(basic.o)
    0x080085aa   0x080085aa   0x00000002   PAD
    0x080085ac   0x080085ac   0x00000062   Code   RO         2864    x$fpl$d2f           fz_wm.l(d2f.o)
    0x0800860e   0x0800860e   0x00000002   PAD
    0x08008610   0x08008610   0x00000150   Code   RO         2866    x$fpl$dadd          fz_wm.l(daddsub_clz.o)
    0x08008760   0x08008760   0x00000010   Code   RO         3302    x$fpl$dcheck1       fz_wm.l(dcheck1.o)
    0x08008770   0x08008770   0x00000018   Code   RO         3155    x$fpl$dcmpinf       fz_wm.l(dcmpi.o)
    0x08008788   0x08008788   0x000002b0   Code   RO         2873    x$fpl$ddiv          fz_wm.l(ddiv.o)
    0x08008a38   0x08008a38   0x00000078   Code   RO         2876    x$fpl$deqf          fz_wm.l(deqf.o)
    0x08008ab0   0x08008ab0   0x0000005e   Code   RO         2878    x$fpl$dfix          fz_wm.l(dfix.o)
    0x08008b0e   0x08008b0e   0x00000002   PAD
    0x08008b10   0x08008b10   0x0000005a   Code   RO         2886    x$fpl$dfixu         fz_wm.l(dfixu.o)
    0x08008b6a   0x08008b6a   0x0000002e   Code   RO         2891    x$fpl$dflt          fz_wm.l(dflt_clz.o)
    0x08008b98   0x08008b98   0x000000a2   Code   RO         2896    x$fpl$dfltll        fz_wm.l(dfltll_clz.o)
    0x08008c3a   0x08008c3a   0x00000026   Code   RO         2890    x$fpl$dfltu         fz_wm.l(dflt_clz.o)
    0x08008c60   0x08008c60   0x00000078   Code   RO         2900    x$fpl$dleqf         fz_wm.l(dleqf.o)
    0x08008cd8   0x08008cd8   0x00000154   Code   RO         2902    x$fpl$dmul          fz_wm.l(dmul.o)
    0x08008e2c   0x08008e2c   0x0000009c   Code   RO         3157    x$fpl$dnaninf       fz_wm.l(dnaninf.o)
    0x08008ec8   0x08008ec8   0x0000000c   Code   RO         3159    x$fpl$dretinf       fz_wm.l(dretinf.o)
    0x08008ed4   0x08008ed4   0x0000006c   Code   RO         2904    x$fpl$drleqf        fz_wm.l(drleqf.o)
    0x08008f40   0x08008f40   0x00000016   Code   RO         2867    x$fpl$drsb          fz_wm.l(daddsub_clz.o)
    0x08008f56   0x08008f56   0x00000002   PAD
    0x08008f58   0x08008f58   0x00000198   Code   RO         3161    x$fpl$dsqrt         fz_wm.l(dsqrt_umaal.o)
    0x080090f0   0x080090f0   0x000001d4   Code   RO         2868    x$fpl$dsub          fz_wm.l(daddsub_clz.o)
    0x080092c4   0x080092c4   0x00000056   Code   RO         2906    x$fpl$f2d           fz_wm.l(f2d.o)
    0x0800931a   0x0800931a   0x0000008c   Code   RO         3163    x$fpl$fnaninf       fz_wm.l(fnaninf.o)
    0x080093a6   0x080093a6   0x0000000a   Code   RO         3304    x$fpl$fpinit        fz_wm.l(fpinit.o)
    0x080093b0   0x080093b0   0x0000000a   Code   RO         3165    x$fpl$fretinf       fz_wm.l(fretinf.o)
    0x080093ba   0x080093ba   0x00000002   PAD
    0x080093bc   0x080093bc   0x000000c2   Code   RO         2882    x$fpl$llsfromd      fz_wm.l(dfixll.o)
    0x0800947e   0x0800947e   0x00000064   Code   RO         3361    x$fpl$retnan        fz_wm.l(retnan.o)
    0x080094e2   0x080094e2   0x0000005c   Code   RO         3167    x$fpl$scalbn        fz_wm.l(scalbn.o)
    0x0800953e   0x0800953e   0x00000030   Code   RO         3386    x$fpl$trapveneer    fz_wm.l(trapv.o)
    0x0800956e   0x0800956e   0x00000000   Code   RO         3169    x$fpl$usenofp       fz_wm.l(usenofp.o)
    0x0800956e   0x0800956e   0x00000002   PAD
    0x08009570   0x08009570   0x00000990   Data   RO          397    .constdata          main.o
    0x08009f00   0x08009f00   0x00000010   Data   RO         1913    .constdata          stm32f407_adc.o
    0x08009f10   0x08009f10   0x00000050   Data   RO         2917    .constdata          m_wm.l(asin.o)
    0x08009f60   0x08009f60   0x00000088   Data   RO         2967    .constdata          m_wm.l(pow.o)
    0x08009fe8   0x08009fe8   0x00000098   Data   RO         3173    .constdata          m_wm.l(atan.o)
    0x0800a080   0x0800a080   0x00000030   Data   RO         3185    .constdata          m_wm.l(cos_i.o)
    0x0800a0b0   0x0800a0b0   0x00000008   Data   RO         3205    .constdata          m_wm.l(qnan.o)
    0x0800a0b8   0x0800a0b8   0x000000c8   Data   RO         3208    .constdata          m_wm.l(rred.o)
    0x0800a180   0x0800a180   0x00000028   Data   RO         3212    .constdata          m_wm.l(sin_i.o)
    0x0800a1a8   0x0800a1a8   0x00000010   Data   RO         2516    .constdata__ZTV7SSD1306  ssd1306.o
    0x0800a1b8   0x0800a1b8   0x00000002   Data   RO         1116    .constdata__ZZN7Display6updateEvEs  main.o
    0x0800a1ba   0x0800a1ba   0x00000002   PAD
    0x0800a1bc   0x0800a1bc   0x00000020   Data   RO         3440    Region$$Table       anon$$obj.o
    0x0800a1dc   0x0800a1dc   0x00000004   Data   RO          403    .init_array         main.o
    0x0800a1e0   0x0800a1dc   0x00000000   Data   RO         2731    .init_array         c_w.l(init_aeabi.o)


    Execution Region ER_RW (Exec base: 0x20000000, Load base: 0x0800a1e0, Size: 0x00007c30, Max: 0xffffffff, ABSOLUTE, COMPRESSED[0x00001944])

    Exec Addr    Load Addr    Size         Type   Attr      Idx    E Section Name        Object

    0x20000000   COMPRESSED   0x00007800   Data   RW          398    .data               main.o
    0x20007800   COMPRESSED   0x00000006   Data   RW         2040    .data               stm32f407_spi.o
    0x20007806   COMPRESSED   0x00000002   PAD
    0x20007808   COMPRESSED   0x00000004   Data   RW         2128    .data               stm32f407_sysfunc.o
    0x2000780c   COMPRESSED   0x00000024   Data   RW         2236    .data               stm32f407_uart.o
    0x20007830   COMPRESSED   0x00000400   Data   RW         2421    .data               ssd1306.o


    Execution Region ER_ZI (Exec base: 0x20007c30, Load base: 0x0800bb24, Size: 0x00010cb8, Max: 0xffffffff, ABSOLUTE)

    Exec Addr    Load Addr    Size         Type   Attr      Idx    E Section Name        Object

    0x20007c30        -       0x00002330   Zero   RW          396    .bss                main.o
    0x20009f60        -       0x00002928   Zero   RW         2234    .bss                stm32f407_uart.o
    0x2000c888        -       0x00000060   Zero   RW         3218    .bss                c_w.l(libspace.o)
    0x2000c8e8        -       0x00004000   Zero   RW         1853    HEAP                startup_stm32f40xx.o
    0x200108e8        -       0x00008000   Zero   RW         1852    STACK               startup_stm32f40xx.o


==============================================================================

Image component sizes


      Code (inc. data)   RO Data    RW Data    ZI Data      Debug   Object Name

     14096       1398       2454      30720       9008     390413   main.o
      4482        210          0          0          0      13416   mpu9250.o
       944         26         16       1024          0      11336   ssd1306.o
        64         26        392          0      49152        824   startup_stm32f40xx.o
       490         48         16          0          0       6254   stm32f407_adc.o
       396         40          0          0          0       1510   stm32f407_pin.o
         0          0          0          0          0        398   stm32f407_pwm.o
       728         52          0          6          0      31757   stm32f407_spi.o
       460         44          0          4          0      30712   stm32f407_sysfunc.o
      1606        176          0         36      10536      11803   stm32f407_uart.o
       276         34          0          0          0     242557   system_stm32f4xx.o

    ----------------------------------------------------------------------
     23580       2054       2912      31792      68696     740980   Object Totals
         0          0         32          0          0          0   (incl. Generated)
        38          0          2          2          0          0   (incl. Padding)

    ----------------------------------------------------------------------

      Code (inc. data)   RO Data    RW Data    ZI Data      Debug   Library Member Name

       100          0          0          0          0          0   __dclz77c.o
         8          0          0          0          0         68   __main.o
         0          0          0          0          0          0   __rtentry.o
        12          0          0          0          0          0   __rtentry2.o
         6          0          0          0          0          0   __rtentry4.o
        52          8          0          0          0          0   __scatter.o
        28          0          0          0          0          0   __scatter_zi.o
        22          0          0          0          0        100   _rserrno.o
        22          0          0          0          0         80   abort.o
        48         34          0          0          0         76   defsig_abrt_inner.o
        14          0          0          0          0         80   defsig_abrt_outer.o
        10          0          0          0          0         68   defsig_exit.o
        50          0          0          0          0         88   defsig_general.o
        80         58          0          0          0         76   defsig_rtmem_inner.o
        14          0          0          0          0         80   defsig_rtmem_outer.o
        18          0          0          0          0         80   exit.o
        94          0          0          0          0         80   h1_alloc.o
        52          0          0          0          0         68   h1_extend.o
        78          0          0          0          0         80   h1_free.o
        14          0          0          0          0         84   h1_init.o
         6          0          0          0          0        152   heapauxi.o
         4          0          0          0          0        136   hguard.o
         0          0          0          0          0          0   indicate_semi.o
        36         10          0          0          0         80   init_aeabi.o
       138          0          0          0          0        168   init_alloc.o
         2          0          0          0          0          0   libinit.o
        18          0          0          0          0          0   libinit2.o
         2          0          0          0          0          0   libshutdown.o
         2          0          0          0          0          0   libshutdown2.o
         8          4          0          0         96         68   libspace.o
        72          0          0          0          0         76   llsdiv.o
       238          0          0          0          0        100   lludivv7m.o
         0          0          0          0          0          0   maybetermalloc1.o
         8          4          0          0          0         68   rt_eh_globals_addr_intlibspace.o
         8          4          0          0          0         68   rt_errno_addr_intlibspace.o
         8          4          0          0          0         68   rt_heap_descriptor_intlibspace.o
        68          0          0          0          0         68   rt_memclr.o
        78          0          0          0          0         80   rt_memclr_w.o
       100          0          0          0          0         80   rt_memcpy_w.o
         8          4          0          0          0         68   rt_new_handler_addr_intlibspace.o
         2          0          0          0          0          0   rtexit.o
        10          0          0          0          0          0   rtexit2.o
        12          4          0          0          0         68   sys_exit.o
        74          0          0          0          0         80   sys_stackheap_outer.o
        14          0          0          0          0         76   sys_wrch.o
         2          0          0          0          0         68   use_no_semi.o
        36          0          0          0          0         84   aeabi_vec_ctor_nocookie_nodtor.o
        80         12          0          0          0        104   arm_exceptions_globs.o
        60          0          0          0          0        108   arm_exceptions_mem.o
        26          0          0          0          0         76   arm_exceptions_terminate.o
         4          0          0          0          0         68   arm_newhandler_noexceptions.o
         8          0          0          0          0         76   array_new.o
        16          0          0          0          0         68   cxa_guard_acquire.o
         8          0          0          0          0         76   delete.o
        40          6          0          0          0         76   new.o
        24          0          0          0          0        164   basic.o
        98          4          0          0          0        140   d2f.o
       826         16          0          0          0        492   daddsub_clz.o
        16          4          0          0          0        116   dcheck1.o
        24          0          0          0          0        116   dcmpi.o
       688        140          0          0          0        256   ddiv.o
       120          4          0          0          0        140   deqf.o
        94          4          0          0          0        140   dfix.o
       194          4          0          0          0        164   dfixll.o
        90          4          0          0          0        140   dfixu.o
        84          0          0          0          0        232   dflt_clz.o
       162          0          0          0          0        132   dfltll_clz.o
       120          4          0          0          0        140   dleqf.o
       340         12          0          0          0        152   dmul.o
       156          4          0          0          0        140   dnaninf.o
        12          0          0          0          0        116   dretinf.o
       108          0          0          0          0        128   drleqf.o
       408         56          0          0          0        168   dsqrt_umaal.o
        86          4          0          0          0        132   f2d.o
       140          4          0          0          0        132   fnaninf.o
        10          0          0          0          0        116   fpinit.o
        10          0          0          0          0        116   fretinf.o
       100          0          0          0          0        116   retnan.o
        92          0          0          0          0        116   scalbn.o
        48          0          0          0          0        116   trapv.o
         0          0          0          0          0          0   usenofp.o
       864         94         80          0          0        280   asin.o
       744        106        152          0          0        352   atan.o
       496         64          0          0          0        192   atan2.o
       108         10          0          0          0        116   ceilf.o
       200         20          0          0          0        164   cos.o
       368         46         48          0          0        200   cos_i.o
       184         44          0          0          0        744   dunder.o
        44          0          0          0          0        248   fabs.o
        48          0          0          0          0        124   fpclassify.o
       248          0          0          0          0        152   poly.o
      3152        296        136          0          0        352   pow.o
         0          0          8          0          0          0   qnan.o
      1080        142        200          0          0        188   rred.o
       200         20          0          0          0        164   sin.o
       304         24         40          0          0        208   sin_i.o
       232          0          0          0          0        296   sqrt.o

    ----------------------------------------------------------------------
     14284       1286        664          0         96      11116   Library Totals
        44          4          0          0          0          0   (incl. Padding)

    ----------------------------------------------------------------------

      Code (inc. data)   RO Data    RW Data    ZI Data      Debug   Library Name

      1640        134          0          0         96       2680   c_w.l
       278         18          0          0          0        736   cpprt_w.l
      4050        264          0          0          0       3920   fz_wm.l
      8272        866        664          0          0       3780   m_wm.l

    ----------------------------------------------------------------------
     14284       1286        664          0         96      11116   Library Totals

    ----------------------------------------------------------------------

==============================================================================


      Code (inc. data)   RO Data    RW Data    ZI Data      Debug   

     37864       3340       3576      31792      68792     725120   Grand Totals
     37864       3340       3576       6468      68792     725120   ELF Image Totals (compressed)
     37864       3340       3576       6468          0          0   ROM Totals

==============================================================================

    Total RO  Size (Code + RO Data)                41440 (  40.47kB)
    Total RW  Size (RW Data + ZI Data)            100584 (  98.23kB)
    Total ROM Size (Code + RO Data + RW Data)      47908 (  46.79kB)

==============================================================================

