Component: ARM Compiler 5.06 update 6 (build 750) Tool: armlink [4d35ed]

==============================================================================

Section Cross References

    system_stm32f4xx.o(i.SystemCoreClockUpdate) refers to system_stm32f4xx.o(.data) for .data
    system_stm32f4xx.o(i.SystemInit) refers to system_stm32f4xx.o(i._Z11SetSysClockv) for SetSysClock()
    system_stm32f4xx.o(.ARM.exidx) refers to system_stm32f4xx.o(i._Z11SetSysClockv) for i._Z11SetSysClockv
    system_stm32f4xx.o(.ARM.exidx) refers to system_stm32f4xx.o(i.SystemInit) for i.SystemInit
    system_stm32f4xx.o(.ARM.exidx) refers to system_stm32f4xx.o(i.SystemCoreClockUpdate) for i.SystemCoreClockUpdate
    main.o(i._Z10drawStringR7SSD1306Pcjj) refers to main.o(i._Z8drawCharR7SSD1306cjj) for drawChar(SSD1306&, char, unsigned, unsigned)
    main.o(i._Z11distanceVecSt4pairIddES0_) refers to daddsub_clz.o(x$fpl$dsub) for __aeabi_dsub
    main.o(i._Z11distanceVecSt4pairIddES0_) refers to dmul.o(x$fpl$dmul) for __aeabi_dmul
    main.o(i._Z11distanceVecSt4pairIddES0_) refers to daddsub_clz.o(x$fpl$dadd) for __aeabi_dadd
    main.o(i._Z11distanceVecSt4pairIddES0_) refers to sqrt.o(i.__hardfp_sqrt) for __hardfp_sqrt
    main.o(i._Z12clb_imuCalibv) refers to main.o(i._ZN3IMU9calibrateEj) for IMU::calibrate(unsigned)
    main.o(i._Z12clb_imuCalibv) refers to main.o(.bss) for .bss
    main.o(i._Z12clb_imuSetupv) refers to main.o(i._ZN3IMU12setZeroAngleEv) for IMU::setZeroAngle()
    main.o(i._Z12clb_imuSetupv) refers to main.o(.bss) for .bss
    main.o(i._Z12setupScreensv) refers to new.o(i._Znwj) for operator new(unsigned)
    main.o(i._Z12setupScreensv) refers to main.o(i._ZN7Display6addEscE7Command) for Display::addEsc(Command)
    main.o(i._Z12setupScreensv) refers to main.o(i._ZN7Display11addToScreenE7Command) for Display::addToScreen(Command)
    main.o(i._Z12setupScreensv) refers to main.o(.bss) for .bss
    main.o(i._Z12setupScreensv) refers to main.o(i._Z16clb_screenToMainv) for clb_screenToMain()
    main.o(i._Z12setupScreensv) refers to main.o(i._Z16clb_screenToGamev) for clb_screenToGame()
    main.o(i._Z12setupScreensv) refers to main.o(i._Z24clb_screenToCalibrationsv) for clb_screenToCalibrations()
    main.o(i._Z12setupScreensv) refers to main.o(i._Z21clb_screenToDebugDatav) for clb_screenToDebugData()
    main.o(i._Z12setupScreensv) refers to main.o(i._Z20clb_screenToDribblerv) for clb_screenToDribbler()
    main.o(i._Z12setupScreensv) refers to main.o(i._Z18clb_screenToKickerv) for clb_screenToKicker()
    main.o(i._Z12setupScreensv) refers to main.o(i._Z19clb_toBatteryScreenv) for clb_toBatteryScreen()
    main.o(i._Z12setupScreensv) refers to main.o(i._Z13clb_doNothingv) for clb_doNothing()
    main.o(i._Z12setupScreensv) refers to main.o(i._Z12clb_imuSetupv) for clb_imuSetup()
    main.o(i._Z12setupScreensv) refers to main.o(i._Z12clb_imuCalibv) for clb_imuCalib()
    main.o(i._Z12setupScreensv) refers to main.o(i._Z35clb_screenToLightSensorsCalibrationv) for clb_screenToLightSensorsCalibration()
    main.o(i._Z12setupScreensv) refers to main.o(i._Z19clb_turnOnBackLightv) for clb_turnOnBackLight()
    main.o(i._Z12setupScreensv) refers to main.o(i._Z20clb_turnOffBackLightv) for clb_turnOffBackLight()
    main.o(i._Z12setupScreensv) refers to main.o(i._Z20clb_beginLightsCalibv) for clb_beginLightsCalib()
    main.o(i._Z12setupScreensv) refers to main.o(i._Z18clb_endLightsCalibv) for clb_endLightsCalib()
    main.o(i._Z12setupScreensv) refers to main.o(i._Z16clb_dribblerInOnv) for clb_dribblerInOn()
    main.o(i._Z12setupScreensv) refers to main.o(i._Z17clb_dribblerOutOnv) for clb_dribblerOutOn()
    main.o(i._Z12setupScreensv) refers to main.o(i._Z15clb_dribblerOffv) for clb_dribblerOff()
    main.o(i._Z12setupScreensv) refers to main.o(i._Z16clb_kickStraightv) for clb_kickStraight()
    main.o(i._Z12setupScreensv) refers to main.o(i._Z9clb_kick2v) for clb_kick2()
    main.o(i._Z12setupScreensv) refers to main.o(i._Z9clb_kick1v) for clb_kick1()
    main.o(i._Z12updateKalmanR12CameraObjectdSt4pairIddES2_d) refers to ddiv.o(x$fpl$ddiv) for __aeabi_ddiv
    main.o(i._Z12updateKalmanR12CameraObjectdSt4pairIddES2_d) refers to daddsub_clz.o(x$fpl$dsub) for __aeabi_dsub
    main.o(i._Z12updateKalmanR12CameraObjectdSt4pairIddES2_d) refers to dmul.o(x$fpl$dmul) for __aeabi_dmul
    main.o(i._Z12updateKalmanR12CameraObjectdSt4pairIddES2_d) refers to daddsub_clz.o(x$fpl$dadd) for __aeabi_dadd
    main.o(i._Z13clb_doNothingv) refers to main.o(.data) for .data
    main.o(i._Z15clb_dribblerOffv) refers to main.o(i._ZN12MotorDrivers11setDribblerEi) for MotorDrivers::setDribbler(int)
    main.o(i._Z15clb_dribblerOffv) refers to main.o(.bss) for .bss
    main.o(i._Z16clb_dribblerInOnv) refers to main.o(i._ZN12MotorDrivers11setDribblerEi) for MotorDrivers::setDribbler(int)
    main.o(i._Z16clb_dribblerInOnv) refers to main.o(.bss) for .bss
[...]
    TIM1_UP_TIM10_IRQHandler                 0x08000297   Thumb Code     0  startup_stm32f40xx.o(.text)
    TIM2_IRQHandler                          0x08000297   Thumb Code     0  startup_stm32f40xx.o(.text)
    TIM3_IRQHandler                          0x08000297   Thumb Code     0  startup_stm32f40xx.o(.text)
    TIM4_IRQHandler                          0x08000297   Thumb Code     0  startup_stm32f40xx.o(.text)
    TIM5_IRQHandler                          0x08000297   Thumb Code     0  startup_stm32f40xx.o(.text)
    TIM6_DAC_IRQHandler                      0x08000297   Thumb Code     0  startup_stm32f40xx.o(.text)
    TIM8_BRK_TIM12_IRQHandler                0x08000297   Thumb Code     0  startup_stm32f40xx.o(.text)
    TIM8_CC_IRQHandler                       0x08000297   Thumb Code     0  startup_stm32f40xx.o(.text)
    TIM8_TRG_COM_TIM14_IRQHandler            0x08000297   Thumb Code     0  startup_stm32f40xx.o(.text)
    TIM8_UP_TIM13_IRQHandler                 0x08000297   Thumb Code     0  startup_stm32f40xx.o(.text)
    WWDG_IRQHandler                          0x08000297   Thumb Code     0  startup_stm32f40xx.o(.text)
    __user_initial_stackheap                 0x08000299   Thumb Code     0  startup_stm32f40xx.o(.text)
    __aeabi_uldivmod                         0x080002bd   Thumb Code     0  lludivv7m.o(.text)
    _ll_udiv                                 0x080002bd   Thumb Code   238  lludivv7m.o(.text)
    __aeabi_ldivmod                          0x080003ab   Thumb Code     0  llsdiv.o(.text)
    _ll_sdiv                                 0x080003ab   Thumb Code    72  llsdiv.o(.text)
    __aeabi_memcpy4                          0x080003f3   Thumb Code     0  rt_memcpy_w.o(.text)
    __aeabi_memcpy8                          0x080003f3   Thumb Code     0  rt_memcpy_w.o(.text)
    __rt_memcpy_w                            0x080003f3   Thumb Code   100  rt_memcpy_w.o(.text)
    _memcpy_lastbytes_aligned                0x0800043b   Thumb Code     0  rt_memcpy_w.o(.text)
    __aeabi_memclr                           0x08000457   Thumb Code     0  rt_memclr.o(.text)
    __rt_memclr                              0x08000457   Thumb Code    68  rt_memclr.o(.text)
    _memset                                  0x0800045b   Thumb Code     0  rt_memclr.o(.text)
    __use_two_region_memory                  0x0800049b   Thumb Code     2  heapauxi.o(.text)
    __rt_heap_escrow                         0x0800049d   Thumb Code     2  heapauxi.o(.text)
    __rt_heap_expand                         0x0800049f   Thumb Code     2  heapauxi.o(.text)
    __cpp_initialize__aeabi_                 0x080004a1   Thumb Code    26  init_aeabi.o(.text)
    __rt_new_handler_addr                    0x080004c5   Thumb Code     8  rt_new_handler_addr_intlibspace.o(.text)
    malloc                                   0x080004cd   Thumb Code    94  h1_alloc.o(.text)
    free                                     0x0800052b   Thumb Code    78  h1_free.o(.text)
    __read_errno                             0x08000579   Thumb Code    10  _rserrno.o(.text)
    __set_errno                              0x08000583   Thumb Code    12  _rserrno.o(.text)
    __aeabi_memclr4                          0x0800058f   Thumb Code     0  rt_memclr_w.o(.text)
    __aeabi_memclr8                          0x0800058f   Thumb Code     0  rt_memclr_w.o(.text)
    __rt_memclr_w                            0x0800058f   Thumb Code    78  rt_memclr_w.o(.text)
    _memset_w                                0x08000593   Thumb Code     0  rt_memclr_w.o(.text)
    __default_new_handler()                  0x080005dd   Thumb Code     4  arm_newhandler_noexceptions.o(.text)
    __user_libspace                          0x080005e1   Thumb Code     8  libspace.o(.text)
    __user_perproc_libspace                  0x080005e1   Thumb Code     0  libspace.o(.text)
    __user_perthread_libspace                0x080005e1   Thumb Code     0  libspace.o(.text)
    __rt_heap_descriptor                     0x080005e9   Thumb Code     8  rt_heap_descriptor_intlibspace.o(.text)
    __aeabi_errno_addr                       0x080005f1   Thumb Code     8  rt_errno_addr_intlibspace.o(.text)
    __errno$intlibspace                      0x080005f1   Thumb Code     0  rt_errno_addr_intlibspace.o(.text)
    __rt_errno_addr$intlibspace              0x080005f1   Thumb Code     0  rt_errno_addr_intlibspace.o(.text)
    __use_no_heap                            0x080005f9   Thumb Code     2  hguard.o(.text)
    __heap$guard                             0x080005fb   Thumb Code     2  hguard.o(.text)
    _terminate_user_alloc                    0x080005fd   Thumb Code     2  init_alloc.o(.text)
    _init_user_alloc                         0x080005ff   Thumb Code     2  init_alloc.o(.text)
    __Heap_Full                              0x08000601   Thumb Code    34  init_alloc.o(.text)
    __Heap_Broken                            0x08000623   Thumb Code     6  init_alloc.o(.text)
    _init_alloc                              0x08000629   Thumb Code    94  init_alloc.o(.text)
    __Heap_Initialize                        0x08000687   Thumb Code    10  h1_init.o(.text)
    __Heap_DescSize                          0x08000691   Thumb Code     4  h1_init.o(.text)
    std::terminate()                         0x08000695   Thumb Code    26  arm_exceptions_terminate.o(.text)
    __cxa_get_globals                        0x080006b7   Thumb Code    62  arm_exceptions_globs.o(.text)
    __user_setup_stackheap                   0x08000701   Thumb Code    74  sys_stackheap_outer.o(.text)
    __rt_eh_globals_addr                     0x0800074d   Thumb Code     8  rt_eh_globals_addr_intlibspace.o(.text)
    __Heap_ProvideMemory                     0x08000755   Thumb Code    52  h1_extend.o(.text)
    exit                                     0x08000789   Thumb Code    18  exit.o(.text)
    abort                                    0x0800079b   Thumb Code    22  abort.o(.text)
    __rt_SIGRTMEM                            0x080007b1   Thumb Code    14  defsig_rtmem_outer.o(.text)
    __ARM_exceptions_buffer_init             0x080007bf   Thumb Code    18  arm_exceptions_mem.o(.text)
    __ARM_exceptions_buffer_allocate         0x080007d1   Thumb Code    22  arm_exceptions_mem.o(.text)
    __ARM_exceptions_buffer_free             0x080007e7   Thumb Code    20  arm_exceptions_mem.o(.text)
    _sys_exit                                0x080007fd   Thumb Code     8  sys_exit.o(.text)
    __I$use$semihosting                      0x08000809   Thumb Code     0  use_no_semi.o(.text)
    __use_no_semihosting_swi                 0x08000809   Thumb Code     2  use_no_semi.o(.text)
    __semihosting_library_function           0x0800080b   Thumb Code     0  indicate_semi.o(.text)
    __sig_exit                               0x0800080b   Thumb Code    10  defsig_exit.o(.text)
    __rt_SIGABRT                             0x08000815   Thumb Code    14  defsig_abrt_outer.o(.text)
    __rt_SIGRTMEM_inner                      0x08000825   Thumb Code    22  defsig_rtmem_inner.o(.text)
    __default_signal_display                 0x08000875   Thumb Code    50  defsig_general.o(.text)
    __rt_SIGABRT_inner                       0x080008a9   Thumb Code    14  defsig_abrt_inner.o(.text)
    _ttywrch                                 0x080008d9   Thumb Code    14  sys_wrch.o(.text)
    SPI1_IRQHandler                          0x080008e7   Thumb Code     6  stm32f407_spi.o(i.SPI1_IRQHandler)
    SPI2_IRQHandler                          0x080008ed   Thumb Code     6  stm32f407_spi.o(i.SPI2_IRQHandler)
    SPI3_IRQHandler                          0x080008f3   Thumb Code     6  stm32f407_spi.o(i.SPI3_IRQHandler)
    SystemInit                               0x080008f9   Thumb Code    74  system_stm32f4xx.o(i.SystemInit)
    TIM7_IRQHandler                          0x08000955   Thumb Code    26  stm32f407_sysfunc.o(i.TIM7_IRQHandler)
    UART4_IRQHandler                         0x08000979   Thumb Code     6  stm32f407_uart.o(i.UART4_IRQHandler)
    UART5_IRQHandler                         0x0800097f   Thumb Code     6  stm32f407_uart.o(i.UART5_IRQHandler)
    USART1_IRQHandler                        0x08000985   Thumb Code     6  stm32f407_uart.o(i.USART1_IRQHandler)
    USART2_IRQHandler                        0x0800098b   Thumb Code     6  stm32f407_uart.o(i.USART2_IRQHandler)
    USART3_IRQHandler                        0x08000991   Thumb Code     6  stm32f407_uart.o(i.USART3_IRQHandler)
    USART6_IRQHandler                        0x08000997   Thumb Code     6  stm32f407_uart.o(i.USART6_IRQHandler)
    drawString(SSD1306&, char*, unsigned, unsigned) 0x0800099d   Thumb Code    52  main.o(i._Z10drawStringR7SSD1306Pcjj)
    delayMicros(unsigned)                    0x08000a89   Thumb Code    22  stm32f407_sysfunc.o(i._Z11delayMicrosj)
    tryTransmit(unsigned)                    0x08000aa1   Thumb Code   114  stm32f407_uart.o(i._Z11tryTransmitj)
    clb_imuCalib()                           0x08000b35   Thumb Code    10  main.o(i._Z12clb_imuCalibv)
    clb_imuSetup()                           0x08000b45   Thumb Code     6  main.o(i._Z12clb_imuSetupv)
    setupScreens()                           0x08000b51   Thumb Code   712  main.o(i._Z12setupScreensv)
    writeStrUART(unsigned, char*)            0x08000f9d   Thumb Code    32  stm32f407_uart.o(i._Z12writeStrUARTjPc)
    UARTAvailable(unsigned)                  0x08000fbd   Thumb Code    18  stm32f407_uart.o(i._Z13UARTAvailablej)
    clb_doNothing()                          0x08000fd5   Thumb Code    10  main.o(i._Z13clb_doNothingv)
    symbolToIndex(char)                      0x08000fe5   Thumb Code     4  main.o(i._Z13symbolToIndexc)
    clb_dribblerOff()                        0x08001015   Thumb Code     8  main.o(i._Z15clb_dribblerOffv)
    clb_dribblerInOn()                       0x08001021   Thumb Code    10  main.o(i._Z16clb_dribblerInOnv)
    clb_kickStraight()                       0x08001031   Thumb Code    10  main.o(i._Z16clb_kickStraightv)
    clb_screenToGame()                       0x08001041   Thumb Code    78  main.o(i._Z16clb_screenToGamev)
    clb_screenToMain()                       0x0800109d   Thumb Code    36  main.o(i._Z16clb_screenToMainv)
    clb_dribblerOutOn()                      0x080010c9   Thumb Code     8  main.o(i._Z17clb_dribblerOutOnv)
    clb_screenToEmpty()                      0x080010d5   Thumb Code    10  main.o(i._Z17clb_screenToEmptyv)
    clb_endLightsCalib()                     0x080010e5   Thumb Code     6  main.o(i._Z18clb_endLightsCalibv)
    clb_screenToKicker()                     0x080010f1   Thumb Code    14  main.o(i._Z18clb_screenToKickerv)
    SPIInterruptHandler(unsigned)            0x08001109   Thumb Code    46  stm32f407_spi.o(i._Z19SPIInterruptHandlerj)
    clb_toBatteryScreen()                    0x08001149   Thumb Code    14  main.o(i._Z19clb_toBatteryScreenv)
    clb_turnOnBackLight()                    0x0800115d   Thumb Code     6  main.o(i._Z19clb_turnOnBackLightv)
    UARTInterruptHandler(unsigned)           0x08001169   Thumb Code   118  stm32f407_uart.o(i._Z20UARTInterruptHandlerj)
    clb_beginLightsCalib()                   0x08001201   Thumb Code     6  main.o(i._Z20clb_beginLightsCalibv)
    clb_screenToDribbler()                   0x0800120d   Thumb Code    14  main.o(i._Z20clb_screenToDribblerv)
    clb_turnOffBackLight()                   0x08001225   Thumb Code     6  main.o(i._Z20clb_turnOffBackLightv)
    clb_screenToDebugData()                  0x08001231   Thumb Code    28  main.o(i._Z21clb_screenToDebugDatav)
    clb_screenToCalibrations()               0x08001255   Thumb Code    14  main.o(i._Z24clb_screenToCalibrationsv)
    clb_screenToLightSensorsCalibration()    0x0800126d   Thumb Code    14  main.o(i._Z35clb_screenToLightSensorsCalibrationv)
    delay(unsigned)                          0x08001285   Thumb Code    22  stm32f407_sysfunc.o(i._Z5delayj)
    micros()                                 0x0800129d   Thumb Code    22  stm32f407_sysfunc.o(i._Z6microsv)
    millis()                                 0x080012bd   Thumb Code     6  stm32f407_sysfunc.o(i._Z6millisv)
    rotate(std::pair<double, double>, double) 0x080012c9   Thumb Code   188  main.o(i._Z6rotateSt4pairIddEd)
    setPin(GPIO_TypeDef*, unsigned short, bool) 0x0800138d   Thumb Code    24  main.o(i._Z6setPinP12GPIO_TypeDeftb)
    setPin(unsigned short, bool)             0x080013a5   Thumb Code    52  main.o(i._Z6setPintb)
    initPin(GPIO_TypeDef*, unsigned short, unsigned char, unsigned char, unsigned char) 0x080013ed   Thumb Code   362  stm32f407_pin.o(i._Z7initPinP12GPIO_TypeDefthhh)
    initPin(unsigned short, unsigned char, unsigned char, unsigned char) 0x08001579   Thumb Code    94  main.o(i._Z7initPinthhh)
    initRCC()                                0x080015ed   Thumb Code   220  stm32f407_sysfunc.o(i._Z7initRCCv)
    initSPI(unsigned, bool, unsigned char, unsigned short, int, int, int, int) 0x080016cd   Thumb Code   548  stm32f407_spi.o(i._Z7initSPIjbhtiiii)
    readPin(GPIO_TypeDef*, unsigned short)   0x08001905   Thumb Code    18  main.o(i._Z7readPinP12GPIO_TypeDeft)
    drawChar(SSD1306&, char, unsigned, unsigned) 0x08001919   Thumb Code   202  main.o(i._Z8drawCharR7SSD1306cjj)
    initUART(unsigned, unsigned, unsigned char, float, unsigned char, unsigned) 0x080019ed   Thumb Code   852  stm32f407_uart.o(i._Z8initUARTjjhfhj)
    readUART(unsigned)                       0x08001d79   Thumb Code    38  stm32f407_uart.o(i._Z8readUARTj)
    sysStart()                               0x08001da9   Thumb Code    98  stm32f407_sysfunc.o(i._Z8sysStartv)
    writeSPI(unsigned, unsigned short)       0x08001e19   Thumb Code    42  stm32f407_spi.o(i._Z8writeSPIjt)
    clb_kick1()                              0x08001e51   Thumb Code    10  main.o(i._Z9clb_kick1v)
    clb_kick2()                              0x08001e61   Thumb Code    10  main.o(i._Z9clb_kick2v)
    writeUART(unsigned, char)                0x08001e71   Thumb Code    28  stm32f407_uart.o(i._Z9writeUARTjc)
    BallSensor::getSensorValue()             0x08001e95   Thumb Code     4  main.o(i._ZN10BallSensor14getSensorValueEv)
    BallSensor::init(PL_ADC*, unsigned short, unsigned short) 0x08001e99   Thumb Code    68  main.o(i._ZN10BallSensor4initEP6PL_ADCtt)
    BallSensor::turnOn()                     0x08001ee1   Thumb Code    18  main.o(i._ZN10BallSensor6turnOnEv)
    BallSensor::update()                     0x08001ef3   Thumb Code    62  main.o(i._ZN10BallSensor6updateEv)
    BallSensor::getValue()                   0x08001f31   Thumb Code     4  main.o(i._ZN10BallSensor8getValueEv)
    FieldObject::update(std::pair<double, double>, std::pair<double, double>, unsigned, unsigned short) 0x08001f35   Thumb Code   248  main.o(i._ZN11FieldObject6updateESt4pairIddES1_jt)
    FieldObject::FieldObject()               0x0800202d   Thumb Code   120  main.o(i._ZN11FieldObjectC1Ev)
    FieldObject::FieldObject__sub_object()   0x0800202d   Thumb Code     0  main.o(i._ZN11FieldObjectC1Ev)
    LineSensors::turnOnSensors()             0x080020ad   Thumb Code     6  main.o(i._ZN11LineSensors13turnOnSensorsEv)
    LineSensors::turnOffSensors()            0x080020b3   Thumb Code     6  main.o(i._ZN11LineSensors14turnOffSensorsEv)
    LineSensors::endLineCalibration()        0x080020b9   Thumb Code     6  main.o(i._ZN11LineSensors18endLineCalibrationEv)
    LineSensors::beginLineCalibration()      0x080020bf   Thumb Code     6  main.o(i._ZN11LineSensors20beginLineCalibrationEv)
    LineSensors::init(unsigned, unsigned short) 0x080020c5   Thumb Code    36  main.o(i._ZN11LineSensors4initEjt)
    LineSensors::update()                    0x080020e9   Thumb Code    52  main.o(i._ZN11LineSensors6updateEv)
    LineSensors::getLine()                   0x0800211d   Thumb Code     4  main.o(i._ZN11LineSensors7getLineEv)
    CameraObject::CameraObject()             0x08002121   Thumb Code    36  main.o(i._ZN12CameraObjectC1Ev)
    CameraObject::CameraObject__sub_object() 0x08002121   Thumb Code     0  main.o(i._ZN12CameraObjectC1Ev)
    KickerModule::init(unsigned short, unsigned short, unsigned short, unsigned short) 0x0800214d   Thumb Code   110  main.o(i._ZN12KickerModule4initEtttt)
    KickerModule::kick(bool, bool)           0x080021bb   Thumb Code   130  main.o(i._ZN12KickerModule4kickEbb)
    MotorDrivers::setDribbler(int)           0x0800223d   Thumb Code     8  main.o(i._ZN12MotorDrivers11setDribblerEi)
    MotorDrivers::enableMotors()             0x08002245   Thumb Code    28  main.o(i._ZN12MotorDrivers12enableMotorsEv)
    MotorDrivers::disableMotors()            0x08002261   Thumb Code    28  main.o(i._ZN12MotorDrivers13disableMotorsEv)
    MotorDrivers::attemptCurrent()           0x0800227d   Thumb Code    28  main.o(i._ZN12MotorDrivers14attemptCurrentEv)
    MotorDrivers::init(unsigned, unsigned char, unsigned, unsigned char, unsigned, unsigned char, unsigned, unsigned char, unsigned, unsigned char) 0x08002299   Thumb Code   144  main.o(i._ZN12MotorDrivers4initEjhjhjhjhjh)
    MotorDrivers::update()                   0x08002329   Thumb Code   322  main.o(i._ZN12MotorDrivers6updateEv)
    MotorDrivers::setMotor(int, int)         0x08002475   Thumb Code    42  main.o(i._ZN12MotorDrivers8setMotorEii)
    MotorDrivers::setMotors(int, int, int, int) 0x0800249f   Thumb Code    56  main.o(i._ZN12MotorDrivers9setMotorsEiiii)
    MotorDrivers::setMotors(int, int, int, int, int) 0x080024d7   Thumb Code    30  main.o(i._ZN12MotorDrivers9setMotorsEiiiii)
    IMU::setZeroAngle()                      0x080024f5   Thumb Code    20  main.o(i._ZN3IMU12setZeroAngleEv)
    IMU::updateAnglesFromFIFO()              0x08002509   Thumb Code     6  main.o(i._ZN3IMU20updateAnglesFromFIFOEv)
    IMU::init(unsigned, unsigned short, unsigned short) 0x08002511   Thumb Code    74  main.o(i._ZN3IMU4initEjtt)
    IMU::turnOn()                            0x08002565   Thumb Code    32  main.o(i._ZN3IMU6turnOnEv)
    IMU::update()                            0x08002585   Thumb Code   156  main.o(i._ZN3IMU6updateEv)
    IMU::getAngle()                          0x08002639   Thumb Code   120  main.o(i._ZN3IMU8getAngleEv)
    IMU::calibrate(unsigned)                 0x080026c9   Thumb Code     6  main.o(i._ZN3IMU9calibrateEj)
    Robot::switch5vOn()                      0x080026cf   Thumb Code     8  main.o(i._ZN5Robot10switch5vOnEv)
    Robot::updateMenu()                      0x080026d9   Thumb Code   328  main.o(i._ZN5Robot10updateMenuEv)
    Robot::switch5vOff()                     0x08002825   Thumb Code     8  main.o(i._ZN5Robot11switch5vOffEv)
    Robot::handleErrors()                    0x0800282d   Thumb Code   132  main.o(i._ZN5Robot12handleErrorsEv)
    Robot::setPlayState(bool)                0x080028d5   Thumb Code    58  main.o(i._ZN5Robot12setPlayStateEb)
    Robot::swithPowerOn()                    0x0800290f   Thumb Code     8  main.o(i._ZN5Robot12swithPowerOnEv)
    Robot::swithPowerOff()                   0x08002917   Thumb Code     8  main.o(i._ZN5Robot13swithPowerOffEv)
    Robot::updateSelfPos(std::pair<double, double>, std::pair<double, double>) 0x08002921   Thumb Code   454  main.o(i._ZN5Robot13updateSelfPosESt4pairIddES1_)
    Robot::changePlayState()                 0x08002b1d   Thumb Code    20  main.o(i._ZN5Robot15changePlayStateEv)
    Robot::getV()                            0x08002b31   Thumb Code     8  main.o(i._ZN5Robot4getVEv)
    Robot::init()                            0x08002b39   Thumb Code   602  main.o(i._ZN5Robot4initEv)
    Robot::wait(unsigned)                    0x08002dad   Thumb Code   276  main.o(i._ZN5Robot4waitEj)
    Robot::getPos()                          0x08002ec5   Thumb Code     8  main.o(i._ZN5Robot6getPosEv)
    Robot::initLEDs()                        0x08002ecd   Thumb Code    66  main.o(i._ZN5Robot8initLEDsEv)
    Robot::logErrors()                       0x08002f11   Thumb Code    28  main.o(i._ZN5Robot9logErrorsEv)
    Robot::playState()                       0x08002f31   Thumb Code     6  main.o(i._ZN5Robot9playStateEv)
    Camera::init(unsigned, unsigned short)   0x08002f37   Thumb Code    32  main.o(i._ZN6Camera4initEjt)
    Camera::update()                         0x08002f57   Thumb Code   304  main.o(i._ZN6Camera6updateEv)
    Camera::Camera()                         0x08003087   Thumb Code    44  main.o(i._ZN6CameraC1Ev)
    Camera::Camera__sub_object()             0x08003087   Thumb Code     0  main.o(i._ZN6CameraC1Ev)
    Driver::setVelocity(int)                 0x080030b5   Thumb Code   158  main.o(i._ZN6Driver11setVelocityEi)
    Driver::updateFromReg()                  0x08003159   Thumb Code    96  main.o(i._ZN6Driver13updateFromRegEv)
    Driver::attemptCurrent()                 0x080031bd   Thumb Code    10  main.o(i._ZN6Driver14attemptCurrentEv)
    Driver::enableFloating()                 0x080031cd   Thumb Code    32  main.o(i._ZN6Driver14enableFloatingEv)
    Driver::disableFloating()                0x080031f1   Thumb Code    32  main.o(i._ZN6Driver15disableFloatingEv)
    Driver::init(char, char)                 0x08003215   Thumb Code     6  main.o(i._ZN6Driver4initEcc)
    Driver::write(char*, char, char)         0x0800321d   Thumb Code   100  main.o(i._ZN6Driver5writeEPccc)
    Driver::Driver()                         0x08003285   Thumb Code    52  main.o(i._ZN6DriverC1Ev)
    Driver::Driver__sub_object()             0x08003285   Thumb Code     0  main.o(i._ZN6DriverC1Ev)
    PL_ADC::waitUpdate()                     0x080032b9   Thumb Code    10  stm32f407_adc.o(i._ZN6PL_ADC10waitUpdateEv)
    PL_ADC::add(signed char)                 0x080032c5   Thumb Code   172  stm32f407_adc.o(i._ZN6PL_ADC3addEa)
    PL_ADC::init()                           0x08003389   Thumb Code   114  stm32f407_adc.o(i._ZN6PL_ADC4initEv)
    PL_ADC::read(signed char, bool)          0x08003405   Thumb Code    74  stm32f407_adc.o(i._ZN6PL_ADC4readEab)
    PL_ADC::start()                          0x0800344f   Thumb Code    22  stm32f407_adc.o(i._ZN6PL_ADC5startEv)
    PL_ADC::PL_ADC(ADC_TypeDef*)             0x08003465   Thumb Code    50  stm32f407_adc.o(i._ZN6PL_ADCC1EP11ADC_TypeDef)
    PL_ADC::PL_ADC__sub_object(ADC_TypeDef*) 0x08003465   Thumb Code     0  stm32f407_adc.o(i._ZN6PL_ADCC1EP11ADC_TypeDef)
    Screen::Screen()                         0x080034a5   Thumb Code    32  main.o(i._ZN6ScreenC1Ev)
    Screen::Screen__sub_object()             0x080034a5   Thumb Code     0  main.o(i._ZN6ScreenC1Ev)
    Battery::getVoltage()                    0x080034c9   Thumb Code     6  main.o(i._ZN7Battery10getVoltageEv)
    Battery::getPercentage()                 0x080034cf   Thumb Code     6  main.o(i._ZN7Battery13getPercentageEv)
    Battery::getCellVoltage(int)             0x080034d5   Thumb Code    10  main.o(i._ZN7Battery14getCellVoltageEi)
    Battery::init(PL_ADC*, unsigned short, unsigned short, unsigned short, unsigned short) 0x080034e1   Thumb Code   118  main.o(i._ZN7Battery4initEP6PL_ADCtttt)
    Battery::update()                        0x0800357d   Thumb Code   308  main.o(i._ZN7Battery6updateEv)
    Battery::readCell(int)                   0x080036d9   Thumb Code    46  main.o(i._ZN7Battery8readCellEi)
    Buttons::setChanged(int, bool)           0x08003707   Thumb Code    12  main.o(i._ZN7Buttons10setChangedEib)
    Buttons::ButtonStruct::ButtonStruct()    0x08003713   Thumb Code    10  main.o(i._ZN7Buttons12ButtonStructC1Ev)
    Buttons::ButtonStruct::ButtonStruct__sub_object() 0x08003713   Thumb Code     0  main.o(i._ZN7Buttons12ButtonStructC1Ev)
    Buttons::init(unsigned short, unsigned short, unsigned short, unsigned short) 0x0800371d   Thumb Code    52  main.o(i._ZN7Buttons4initEtttt)
    Buttons::enable()                        0x08003751   Thumb Code    22  main.o(i._ZN7Buttons6enableEv)
    Buttons::update()                        0x08003769   Thumb Code   116  main.o(i._ZN7Buttons6updateEv)
    Buttons::disable()                       0x080037f1   Thumb Code    22  main.o(i._ZN7Buttons7disableEv)
    Buttons::isChanged(int, bool)            0x08003807   Thumb Code    30  main.o(i._ZN7Buttons9isChangedEib)
    Buttons::isPressed(int)                  0x08003825   Thumb Code    12  main.o(i._ZN7Buttons9isPressedEi)
    Command::Command()                       0x08003831   Thumb Code     6  main.o(i._ZN7CommandC1Ev)
    Command::Command__sub_object()           0x08003831   Thumb Code     0  main.o(i._ZN7CommandC1Ev)
    Display::addToScreen(Command)            0x08003837   Thumb Code    56  main.o(i._ZN7Display11addToScreenE7Command)
    Display::print(char*, int, int)          0x0800386f   Thumb Code     4  main.o(i._ZN7Display5printEPcii)
    Display::print(double, int, int, int)    0x08003873   Thumb Code    16  main.o(i._ZN7Display5printEdiii)
    Display::print(int, int, int, int)       0x08003883   Thumb Code    16  main.o(i._ZN7Display5printEiiii)
    Display::print(unsigned, int, int, int)  0x08003893   Thumb Code    16  main.o(i._ZN7Display5printEjiii)
    Display::addEsc(Command)                 0x080038a3   Thumb Code    46  main.o(i._ZN7Display6addEscE7Command)
    SSD1306::ssd1306_command(unsigned char)  0x080038d1   Thumb Code    52  ssd1306.o(i._ZN7SSD130615ssd1306_commandEh)
    SSD1306::begin(unsigned char, bool)      0x08003905   Thumb Code   372  ssd1306.o(i._ZN7SSD13065beginEhb)
    SSD1306::clear()                         0x08003a79   Thumb Code    10  ssd1306.o(i._ZN7SSD13065clearEv)
    SSD1306::invert(unsigned char)           0x08003a89   Thumb Code    16  ssd1306.o(i._ZN7SSD13066invertEh)
    SSD1306::display(unsigned char*)         0x08003a99   Thumb Code   116  ssd1306.o(i._ZN7SSD13067displayEPh)
    SSD1306::display()                       0x08003b0d   Thumb Code   116  ssd1306.o(i._ZN7SSD13067displayEv)
    SSD1306::switchOn()                      0x08003b85   Thumb Code     8  ssd1306.o(i._ZN7SSD13068switchOnEv)
    SSD1306::drawPixel(short, short, unsigned short) 0x08003b8d   Thumb Code   158  ssd1306.o(i._ZN7SSD13069drawPixelEsst)
    SSD1306::SSD1306(unsigned, unsigned short, unsigned short, unsigned short, unsigned short, unsigned short, unsigned short) 0x08003c31   Thumb Code    64  ssd1306.o(i._ZN7SSD1306C1Ejtttttt)
    SSD1306::SSD1306__sub_object(unsigned, unsigned short, unsigned short, unsigned short, unsigned short, unsigned short, unsigned short) 0x08003c31   Thumb Code     0  ssd1306.o(i._ZN7SSD1306C1Ejtttttt)
    SSD1306::SSD1306()                       0x08003c75   Thumb Code     6  ssd1306.o(i._ZN7SSD1306C1Ev)
    SSD1306::SSD1306__sub_object()           0x08003c75   Thumb Code     0  ssd1306.o(i._ZN7SSD1306C1Ev)
    mpu9250::readFIFOsize()                  0x08003c81   Thumb Code    46  mpu9250.o(i._ZN7mpu925012readFIFOsizeEv)
    mpu9250::setAccOffset(int, int, int)     0x08003caf   Thumb Code    88  mpu9250.o(i._ZN7mpu925012setAccOffsetEiii)
    mpu9250::updateAngles(double, bool)      0x08003d09   Thumb Code   588  mpu9250.o(i._ZN7mpu925012updateAnglesEdb)
    mpu9250::setGyroOffset(int, int, int)    0x08003f85   Thumb Code    82  mpu9250.o(i._ZN7mpu925013setGyroOffsetEiii)
    mpu9250::updateAnglesFromFIFO()          0x08003fd9   Thumb Code    62  mpu9250.o(i._ZN7mpu925020updateAnglesFromFIFOEv)
    mpu9250::MadgwickAHRSupdateIMU(double)   0x08004021   Thumb Code  2112  mpu9250.o(i._ZN7mpu925021MadgwickAHRSupdateIMUEd)
    mpu9250::convert(unsigned short, unsigned char) 0x08004865   Thumb Code    16  mpu9250.o(i._ZN7mpu92507convertEth)
    mpu9250::initIMU(unsigned, int)          0x08004879   Thumb Code   532  mpu9250.o(i._ZN7mpu92507initIMUEji)
    mpu9250::invSqrt(float)                  0x08004acd   Thumb Code    40  mpu9250.o(i._ZN7mpu92507invSqrtEf)
    mpu9250::readAcc()                       0x08004af9   Thumb Code   160  mpu9250.o(i._ZN7mpu92507readAccEv)
    mpu9250::readReg(int, int*, int)         0x08004b99   Thumb Code    90  mpu9250.o(i._ZN7mpu92507readRegEiPii)
    mpu9250::readFIFO()                      0x08004bf3   Thumb Code   452  mpu9250.o(i._ZN7mpu92508readFIFOEv)
    mpu9250::readGyro()                      0x08004db7   Thumb Code   160  mpu9250.o(i._ZN7mpu92508readGyroEv)
    mpu9250::writeReg(int, unsigned char)    0x08004e57   Thumb Code    50  mpu9250.o(i._ZN7mpu92508writeRegEih)
    mpu9250::calibrate(int)                  0x08004e89   Thumb Code   538  mpu9250.o(i._ZN7mpu92509calibrateEi)
    PairSaver::add(std::pair<double, double>, unsigned) 0x080050c5   Thumb Code    72  main.o(i._ZN9PairSaver3addESt4pairIddEj)
    PairSaver::pop(unsigned)                 0x0800510d   Thumb Code    80  main.o(i._ZN9PairSaver3popEj)
    PairSaver::incP(unsigned char&)          0x0800515d   Thumb Code    18  main.o(i._ZN9PairSaver4incPERh)
    PairSaver::PairSaver()                   0x08005171   Thumb Code    80  main.o(i._ZN9PairSaverC1Ev)
    PairSaver::PairSaver__sub_object()       0x08005171   Thumb Code     0  main.o(i._ZN9PairSaverC1Ev)
    operator delete (void*)                  0x080051c5   Thumb Code     8  delete.o(i._ZdlPv)
    operator new[] (unsigned)                0x080051cd   Thumb Code     8  array_new.o(i._Znaj)
    operator new(unsigned)                   0x080051d5   Thumb Code    34  new.o(i._Znwj)
    __ARM_fpclassify                         0x080051fd   Thumb Code    48  fpclassify.o(i.__ARM_fpclassify)
    __aeabi_vec_ctor_nocookie_nodtor         0x0800522d   Thumb Code    36  aeabi_vec_ctor_nocookie_nodtor.o(i.__aeabi_vec_ctor_nocookie_nodtor)
    __cxa_guard_acquire                      0x08005251   Thumb Code    16  cxa_guard_acquire.o(i.__cxa_guard_acquire)
    __hardfp_asin                            0x08005261   Thumb Code   770  asin.o(i.__hardfp_asin)
    __hardfp_atan                            0x080055c1   Thumb Code   622  atan.o(i.__hardfp_atan)
    __hardfp_atan2                           0x08005899   Thumb Code   432  atan2.o(i.__hardfp_atan2)
    __hardfp_ceilf                           0x08005a89   Thumb Code    98  ceilf.o(i.__hardfp_ceilf)
    __mathlib_ceilf                          0x08005a89   Thumb Code     0  ceilf.o(i.__hardfp_ceilf)
    __hardfp_cos                             0x08005af9   Thumb Code   180  cos.o(i.__hardfp_cos)
    __hardfp_pow                             0x08005bc1   Thumb Code  3072  pow.o(i.__hardfp_pow)
    __hardfp_sin                             0x08006811   Thumb Code   180  sin.o(i.__hardfp_sin)
    __hardfp_sqrt                            0x080068d9   Thumb Code   122  sqrt.o(i.__hardfp_sqrt)
    __ieee754_rem_pio2                       0x08006959   Thumb Code   938  rred.o(i.__ieee754_rem_pio2)
    __kernel_cos                             0x08006d91   Thumb Code   322  cos_i.o(i.__kernel_cos)
    __kernel_poly                            0x08006f01   Thumb Code   248  poly.o(i.__kernel_poly)
    __kernel_sin                             0x08006ff9   Thumb Code   280  sin_i.o(i.__kernel_sin)
    __mathlib_dbl_divzero                    0x08007129   Thumb Code    28  dunder.o(i.__mathlib_dbl_divzero)
    __mathlib_dbl_infnan                     0x08007159   Thumb Code    20  dunder.o(i.__mathlib_dbl_infnan)
    __mathlib_dbl_infnan2                    0x0800716d   Thumb Code    20  dunder.o(i.__mathlib_dbl_infnan2)
    __mathlib_dbl_invalid                    0x08007181   Thumb Code    24  dunder.o(i.__mathlib_dbl_invalid)
    __mathlib_dbl_overflow                   0x080071a1   Thumb Code    24  dunder.o(i.__mathlib_dbl_overflow)
    __mathlib_dbl_underflow                  0x080071c1   Thumb Code    24  dunder.o(i.__mathlib_dbl_underflow)
    atan                                     0x08007271   Thumb Code    16  atan.o(i.atan)
    fabs                                     0x08007281   Thumb Code    24  fabs.o(i.fabs)
    main                                     0x08007299   Thumb Code  1684  main.o(i.main)
    sqrt                                     0x080079d1   Thumb Code   110  sqrt.o(i.sqrt)
    T1 crc8<char>(T1*, int)                  0x08007a3f   Thumb Code    52  main.o(t._Z4crc8IcET_PS0_i)
    T1 crc8<unsigned char>(T1*, int)         0x08007a73   Thumb Code    52  main.o(t._Z4crc8IhET_PS0_i)
    T1 crc8<int>(T1*, int)                   0x08007aa7   Thumb Code    48  main.o(t._Z4crc8IiET_PS0_i)
    T1 min2<int>(T1, T1)                     0x08007ad7   Thumb Code     8  main.o(t._Z4min2IiET_S0_S0_)
    char* toPrint<double>(T1, short)         0x08007ae1   Thumb Code   532  main.o(t._Z7toPrintIdEPcT_s)
    char* toPrint<int>(T1, short)            0x08007d05   Thumb Code   278  main.o(t._Z7toPrintIiEPcT_s)
    char* toPrint<unsigned>(T1, short)       0x08007e1b   Thumb Code   264  main.o(t._Z7toPrintIjEPcT_s)
    void printTml<double>(SSD1306&, T1, int, int, int) 0x08007f23   Thumb Code    40  main.o(t._Z8printTmlIdEvR7SSD1306T_iii)
    void printTml<int>(SSD1306&, T1, int, int, int) 0x08007f4b   Thumb Code    42  main.o(t._Z8printTmlIiEvR7SSD1306T_iii)
    void printTml<unsigned>(SSD1306&, T1, int, int, int) 0x08007f75   Thumb Code    42  main.o(t._Z8printTmlIjEvR7SSD1306T_iii)
    std::pair<std::pair<double, double>, unsigned>::pair() 0x08007f9f   Thumb Code    12  main.o(t._ZNSt4pairIS_IddEjEC1Ev)
    std::pair<std::pair<double, double>, unsigned>::pair__sub_object() 0x08007f9f   Thumb Code     0  main.o(t._ZNSt4pairIS_IddEjEC1Ev)
    std::pair<double, double>::pair(const std::pair<double, double>&) 0x08007fab   Thumb Code    18  main.o(t._ZNSt4pairIddEC1ERKS0_)
    std::pair<double, double>::pair__sub_object(const std::pair<double, double>&) 0x08007fab   Thumb Code     0  main.o(t._ZNSt4pairIddEC1ERKS0_)
    std::pair<double, double>::pair()        0x08007fbd   Thumb Code    14  main.o(t._ZNSt4pairIddEC1Ev)
    std::pair<double, double>::pair__sub_object() 0x08007fbd   Thumb Code     0  main.o(t._ZNSt4pairIddEC1Ev)
    std::pair<double, double>::pair<int, int>(const std::pair<T1, T2>&) 0x08007fd5   Thumb Code    30  main.o(t._ZNSt4pairIddEC1IiiEERKS_IT_T0_E)
    std::pair<double, double>::pair__sub_object<int, int>(const std::pair<T1, T2>&) 0x08007fd5   Thumb Code     0  main.o(t._ZNSt4pairIddEC1IiiEERKS_IT_T0_E)
    std::pair<int, int>::pair()              0x08007ff3   Thumb Code     8  main.o(t._ZNSt4pairIiiEC1Ev)
    std::pair<int, int>::pair__sub_object()  0x08007ff3   Thumb Code     0  main.o(t._ZNSt4pairIiiEC1Ev)
    __aeabi_dneg                             0x08007ffb   Thumb Code     0  basic.o(x$fpl$basic)
    _dneg                                    0x08007ffb   Thumb Code     6  basic.o(x$fpl$basic)
    __aeabi_fneg                             0x08008001   Thumb Code     0  basic.o(x$fpl$basic)
    _fneg                                    0x08008001   Thumb Code     6  basic.o(x$fpl$basic)
    _dabs                                    0x08008007   Thumb Code     6  basic.o(x$fpl$basic)
    _fabs                                    0x0800800d   Thumb Code     6  basic.o(x$fpl$basic)
    __aeabi_d2f                              0x08008015   Thumb Code     0  d2f.o(x$fpl$d2f)
    _d2f                                     0x08008015   Thumb Code    98  d2f.o(x$fpl$d2f)
    __aeabi_dadd                             0x08008079   Thumb Code     0  daddsub_clz.o(x$fpl$dadd)
    _dadd                                    0x08008079   Thumb Code   332  daddsub_clz.o(x$fpl$dadd)
    __fpl_dcheck_NaN1                        0x080081c9   Thumb Code    10  dcheck1.o(x$fpl$dcheck1)
    __fpl_dcmp_Inf                           0x080081d9   Thumb Code    24  dcmpi.o(x$fpl$dcmpinf)
    __aeabi_ddiv                             0x080081f1   Thumb Code     0  ddiv.o(x$fpl$ddiv)
    _ddiv                                    0x080081f1   Thumb Code   552  ddiv.o(x$fpl$ddiv)
    __aeabi_cdcmpeq                          0x080084a1   Thumb Code     0  deqf.o(x$fpl$deqf)
    _dcmpeq                                  0x080084a1   Thumb Code   120  deqf.o(x$fpl$deqf)
    __aeabi_d2iz                             0x08008519   Thumb Code     0  dfix.o(x$fpl$dfix)
    _dfix                                    0x08008519   Thumb Code    94  dfix.o(x$fpl$dfix)
    __aeabi_d2uiz                            0x08008579   Thumb Code     0  dfixu.o(x$fpl$dfixu)
    _dfixu                                   0x08008579   Thumb Code    90  dfixu.o(x$fpl$dfixu)
    __aeabi_i2d                              0x080085d3   Thumb Code     0  dflt_clz.o(x$fpl$dflt)
    _dflt                                    0x080085d3   Thumb Code    46  dflt_clz.o(x$fpl$dflt)
    __aeabi_l2d                              0x08008601   Thumb Code     0  dfltll_clz.o(x$fpl$dfltll)
    _ll_sto_d                                0x08008601   Thumb Code   162  dfltll_clz.o(x$fpl$dfltll)
    __aeabi_ui2d                             0x080086a3   Thumb Code     0  dflt_clz.o(x$fpl$dfltu)
    _dfltu                                   0x080086a3   Thumb Code    38  dflt_clz.o(x$fpl$dfltu)
    __aeabi_cdcmple                          0x080086c9   Thumb Code     0  dleqf.o(x$fpl$dleqf)
    _dcmple                                  0x080086c9   Thumb Code   120  dleqf.o(x$fpl$dleqf)
    __fpl_dcmple_InfNaN                      0x0800872b   Thumb Code     0  dleqf.o(x$fpl$dleqf)
    __aeabi_dmul                             0x08008741   Thumb Code     0  dmul.o(x$fpl$dmul)
    _dmul                                    0x08008741   Thumb Code   332  dmul.o(x$fpl$dmul)
    __fpl_dnaninf                            0x08008895   Thumb Code   156  dnaninf.o(x$fpl$dnaninf)
    __fpl_dretinf                            0x08008931   Thumb Code    12  dretinf.o(x$fpl$dretinf)
    __aeabi_cdrcmple                         0x0800893d   Thumb Code     0  drleqf.o(x$fpl$drleqf)
    _drcmple                                 0x0800893d   Thumb Code   108  drleqf.o(x$fpl$drleqf)
    __aeabi_drsub                            0x080089a9   Thumb Code     0  daddsub_clz.o(x$fpl$drsb)
    _drsb                                    0x080089a9   Thumb Code    22  daddsub_clz.o(x$fpl$drsb)
    _dsqrt                                   0x080089c1   Thumb Code   404  dsqrt_umaal.o(x$fpl$dsqrt)
    __aeabi_dsub                             0x08008b59   Thumb Code     0  daddsub_clz.o(x$fpl$dsub)
    _dsub                                    0x08008b59   Thumb Code   464  daddsub_clz.o(x$fpl$dsub)
    __aeabi_f2d                              0x08008d2d   Thumb Code     0  f2d.o(x$fpl$f2d)
    _f2d                                     0x08008d2d   Thumb Code    86  f2d.o(x$fpl$f2d)
    __fpl_fnaninf                            0x08008d83   Thumb Code   140  fnaninf.o(x$fpl$fnaninf)
    _fp_init                                 0x08008e0f   Thumb Code    10  fpinit.o(x$fpl$fpinit)
    __fplib_config_fpu_vfp                   0x08008e17   Thumb Code     0  fpinit.o(x$fpl$fpinit)
    __fplib_config_pureend_doubles           0x08008e17   Thumb Code     0  fpinit.o(x$fpl$fpinit)
    __fpl_fretinf                            0x08008e19   Thumb Code    10  fretinf.o(x$fpl$fretinf)
    __aeabi_d2lz                             0x08008e25   Thumb Code     0  dfixll.o(x$fpl$llsfromd)
    _ll_sfrom_d                              0x08008e25   Thumb Code   194  dfixll.o(x$fpl$llsfromd)
    __fpl_return_NaN                         0x08008ee7   Thumb Code   100  retnan.o(x$fpl$retnan)
    __ARM_scalbn                             0x08008f4b   Thumb Code    92  scalbn.o(x$fpl$scalbn)
    __fpl_cmpreturn                          0x08008fa7   Thumb Code    48  trapv.o(x$fpl$trapveneer)
    __I$use$fp                               0x08008fd6   Number         0  usenofp.o(x$fpl$usenofp)
    PL_ADC::channels                         0x08009768   Data          16  stm32f407_adc.o(.constdata)
    __mathlib_zero                           0x08009918   Data           8  qnan.o(.constdata)
    vtable for SSD1306                       0x08009a10   Data          16  ssd1306.o(.constdata__ZTV7SSD1306)
    Display::update()::string                0x08009a20   Data           2  main.o(.constdata__ZZN7Display6updateEvEs)
    Region$$Table$$Base                      0x08009a24   Number         0  anon$$obj.o(Region$$Table)
    Region$$Table$$Limit                     0x08009a44   Number         0  anon$$obj.o(Region$$Table)
    SHT$$INIT_ARRAY$$Base                    0x08009a44   Number         0  main.o(.init_array)
    SHT$$INIT_ARRAY$$Limit                   0x08009a48   Number         0  init_aeabi.o(.init_array)
    GLOBAL_ERROR                             0x2000000c   Data           4  main.o(.data)
    g_state                                  0x20000010   Data           4  main.o(.data)
    clb_var                                  0x20000014   Data           4  main.o(.data)
    initImageBuffer                          0x20000068   Data        8192  main.o(.data)
    firstField                               0x20002068   Data       21600  main.o(.data)
    _available                               0x200074c8   Data           2  stm32f407_spi.o(.data)
    _RxData                                  0x200074ca   Data           4  stm32f407_spi.o(.data)
    _millis                                  0x200074d0   Data           4  stm32f407_sysfunc.o(.data)
    _bufRxHead                               0x200074d4   Data           8  stm32f407_uart.o(.data)
    _bufRxTail                               0x200074dc   Data           8  stm32f407_uart.o(.data)
    _bufTxHead                               0x200074e4   Data           8  stm32f407_uart.o(.data)
    _bufTxTail                               0x200074ec   Data           8  stm32f407_uart.o(.data)
    robot                                    0x20007948   Data        2168  main.o(.bss)
    basicFunc                                0x200081c0   Data          16  main.o(.bss)
    _bufRx                                   0x200081d0   Data         256  stm32f407_uart.o(.bss)
    _bufTx                                   0x200082d0   Data         256  stm32f407_uart.o(.bss)
    __libspace_start                         0x200083d0   Data          96  libspace.o(.bss)
    __temporary_stack_top$libspace           0x20008430   Data           0  libspace.o(.bss)



==============================================================================

Memory Map of the image

  Image Entry point : 0x0800027d

  Load Region LR_1 (Base: 0x08000000, Size: 0x0001133c, Max: 0xffffffff, ABSOLUTE, COMPRESSED[0x0000b0d8])

    Execution Region ER_RO (Exec base: 0x08000000, Load base: 0x08000000, Size: 0x00009a48, Max: 0xffffffff, ABSOLUTE)

    Exec Addr    Load Addr    Size         Type   Attr      Idx    E Section Name        Object

    0x08000000   0x08000000   0x00000188   Data   RO         1606    RESET               startup_stm32f40xx.o
    0x08000188   0x08000188   0x00000008   Code   RO         2436  * !!!main             c_w.l(__main.o)
    0x08000190   0x08000190   0x00000034   Code   RO         3152    !!!scatter          c_w.l(__scatter.o)
    0x080001c4   0x080001c4   0x00000064   Code   RO         3150    !!dclz77c           c_w.l(__dclz77c.o)
    0x08000228   0x08000228   0x0000001c   Code   RO         3154    !!handler_zi        c_w.l(__scatter_zi.o)
    0x08000244   0x08000244   0x00000002   Code   RO         3055    .ARM.Collect$$libinit$$00000000  c_w.l(libinit.o)
    0x08000246   0x08000246   0x00000004   Code   RO         2786    .ARM.Collect$$libinit$$00000001  c_w.l(libinit2.o)
    0x0800024a   0x0800024a   0x00000000   Code   RO         2789    .ARM.Collect$$libinit$$00000004  c_w.l(libinit2.o)
    0x0800024a   0x0800024a   0x00000008   Code   RO         2790    .ARM.Collect$$libinit$$00000005  c_w.l(libinit2.o)
    0x08000252   0x08000252   0x00000000   Code   RO         2792    .ARM.Collect$$libinit$$0000000A  c_w.l(libinit2.o)
    0x08000252   0x08000252   0x00000000   Code   RO         2794    .ARM.Collect$$libinit$$0000000C  c_w.l(libinit2.o)
    0x08000252   0x08000252   0x00000000   Code   RO         2796    .ARM.Collect$$libinit$$0000000E  c_w.l(libinit2.o)
    0x08000252   0x08000252   0x00000000   Code   RO         2799    .ARM.Collect$$libinit$$00000011  c_w.l(libinit2.o)
    0x08000252   0x08000252   0x00000000   Code   RO         2801    .ARM.Collect$$libinit$$00000013  c_w.l(libinit2.o)
    0x08000252   0x08000252   0x00000000   Code   RO         2803    .ARM.Collect$$libinit$$00000015  c_w.l(libinit2.o)
    0x08000252   0x08000252   0x00000000   Code   RO         2805    .ARM.Collect$$libinit$$00000017  c_w.l(libinit2.o)
    0x08000252   0x08000252   0x00000000   Code   RO         2807    .ARM.Collect$$libinit$$00000019  c_w.l(libinit2.o)
    0x08000252   0x08000252   0x00000000   Code   RO         2809    .ARM.Collect$$libinit$$0000001B  c_w.l(libinit2.o)
    0x08000252   0x08000252   0x00000000   Code   RO         2811    .ARM.Collect$$libinit$$0000001D  c_w.l(libinit2.o)
    0x08000252   0x08000252   0x00000000   Code   RO         2813    .ARM.Collect$$libinit$$0000001F  c_w.l(libinit2.o)
    0x08000252   0x08000252   0x00000000   Code   RO         2815    .ARM.Collect$$libinit$$00000021  c_w.l(libinit2.o)
    0x08000252   0x08000252   0x00000000   Code   RO         2817    .ARM.Collect$$libinit$$00000023  c_w.l(libinit2.o)
    0x08000252   0x08000252   0x00000000   Code   RO         2819    .ARM.Collect$$libinit$$00000025  c_w.l(libinit2.o)
    0x08000252   0x08000252   0x00000000   Code   RO         2823    .ARM.Collect$$libinit$$0000002C  c_w.l(libinit2.o)
    0x08000252   0x08000252   0x00000000   Code   RO         2825    .ARM.Collect$$libinit$$0000002E  c_w.l(libinit2.o)
    0x08000252   0x08000252   0x00000000   Code   RO         2827    .ARM.Collect$$libinit$$00000030  c_w.l(libinit2.o)
    0x08000252   0x08000252   0x00000004   Code   RO         2828    .ARM.Collect$$libinit$$00000031  c_w.l(libinit2.o)
    0x08000256   0x08000256   0x00000000   Code   RO         2829    .ARM.Collect$$libinit$$00000032  c_w.l(libinit2.o)
    0x08000256   0x08000256   0x00000002   Code   RO         2830    .ARM.Collect$$libinit$$00000033  c_w.l(libinit2.o)
    0x08000258   0x08000258   0x00000002   Code   RO         3135    .ARM.Collect$$libshutdown$$00000000  c_w.l(libshutdown.o)
    0x0800025a   0x0800025a   0x00000000   Code   RO         3114    .ARM.Collect$$libshutdown$$00000002  c_w.l(libshutdown2.o)
    0x0800025a   0x0800025a   0x00000000   Code   RO         3116    .ARM.Collect$$libshutdown$$00000004  c_w.l(libshutdown2.o)
    0x0800025a   0x0800025a   0x00000000   Code   RO         3119    .ARM.Collect$$libshutdown$$00000007  c_w.l(libshutdown2.o)
    0x0800025a   0x0800025a   0x00000000   Code   RO         3122    .ARM.Collect$$libshutdown$$0000000A  c_w.l(libshutdown2.o)
    0x0800025a   0x0800025a   0x00000000   Code   RO         3124    .ARM.Collect$$libshutdown$$0000000C  c_w.l(libshutdown2.o)
    0x0800025a   0x0800025a   0x00000000   Code   RO         3127    .ARM.Collect$$libshutdown$$0000000F  c_w.l(libshutdown2.o)
    0x0800025a   0x0800025a   0x00000002   Code   RO         3128    .ARM.Collect$$libshutdown$$00000010  c_w.l(libshutdown2.o)
    0x0800025c   0x0800025c   0x00000000   Code   RO         2710    .ARM.Collect$$rtentry$$00000000  c_w.l(__rtentry.o)
    0x0800025c   0x0800025c   0x00000000   Code   RO         2931    .ARM.Collect$$rtentry$$00000002  c_w.l(__rtentry2.o)
    0x0800025c   0x0800025c   0x00000006   Code   RO         2943    .ARM.Collect$$rtentry$$00000004  c_w.l(__rtentry4.o)
    0x08000262   0x08000262   0x00000000   Code   RO         2933    .ARM.Collect$$rtentry$$00000009  c_w.l(__rtentry2.o)
    0x08000262   0x08000262   0x00000004   Code   RO         2934    .ARM.Collect$$rtentry$$0000000A  c_w.l(__rtentry2.o)
    0x08000266   0x08000266   0x00000000   Code   RO         2936    .ARM.Collect$$rtentry$$0000000C  c_w.l(__rtentry2.o)
    0x08000266   0x08000266   0x00000008   Code   RO         2937    .ARM.Collect$$rtentry$$0000000D  c_w.l(__rtentry2.o)
    0x0800026e   0x0800026e   0x00000002   Code   RO         3076    .ARM.Collect$$rtexit$$00000000  c_w.l(rtexit.o)
    0x08000270   0x08000270   0x00000000   Code   RO         3097    .ARM.Collect$$rtexit$$00000002  c_w.l(rtexit2.o)
    0x08000270   0x08000270   0x00000004   Code   RO         3098    .ARM.Collect$$rtexit$$00000003  c_w.l(rtexit2.o)
    0x08000274   0x08000274   0x00000006   Code   RO         3099    .ARM.Collect$$rtexit$$00000004  c_w.l(rtexit2.o)
    0x0800027a   0x0800027a   0x00000002   PAD
    0x0800027c   0x0800027c   0x00000000   Code   RO         3025    .emb_text           c_w.l(maybetermalloc1.o)
    0x0800027c   0x0800027c   0x00000040   Code   RO         1607  * .text               startup_stm32f40xx.o
    0x080002bc   0x080002bc   0x000000ee   Code   RO         2426    .text               c_w.l(lludivv7m.o)
    0x080003aa   0x080003aa   0x00000048   Code   RO         2428    .text               c_w.l(llsdiv.o)
    0x080003f2   0x080003f2   0x00000064   Code   RO         2430    .text               c_w.l(rt_memcpy_w.o)
    0x08000456   0x08000456   0x00000044   Code   RO         2432    .text               c_w.l(rt_memclr.o)
    0x0800049a   0x0800049a   0x00000006   Code   RO         2434    .text               c_w.l(heapauxi.o)
    0x080004a0   0x080004a0   0x00000024   Code   RO         2441    .text               c_w.l(init_aeabi.o)
    0x080004c4   0x080004c4   0x00000008   Code   RO         2718    .text               c_w.l(rt_new_handler_addr_intlibspace.o)
    0x080004cc   0x080004cc   0x0000005e   Code   RO         2724    .text               c_w.l(h1_alloc.o)
    0x0800052a   0x0800052a   0x0000004e   Code   RO         2726    .text               c_w.l(h1_free.o)
    0x08000578   0x08000578   0x00000016   Code   RO         2782    .text               c_w.l(_rserrno.o)
    0x0800058e   0x0800058e   0x0000004e   Code   RO         2784    .text               c_w.l(rt_memclr_w.o)
    0x080005dc   0x080005dc   0x00000004   Code   RO         2834    .text               cpprt_w.l(arm_newhandler_noexceptions.o)
    0x080005e0   0x080005e0   0x00000008   Code   RO         2925    .text               c_w.l(libspace.o)
    0x080005e8   0x080005e8   0x00000008   Code   RO         2950    .text               c_w.l(rt_heap_descriptor_intlibspace.o)
    0x080005f0   0x080005f0   0x00000008   Code   RO         2955    .text               c_w.l(rt_errno_addr_intlibspace.o)
    0x080005f8   0x080005f8   0x00000004   Code   RO         2957    .text               c_w.l(hguard.o)
    0x080005fc   0x080005fc   0x0000008a   Code   RO         2959    .text               c_w.l(init_alloc.o)
    0x08000686   0x08000686   0x0000000e   Code   RO         2963    .text               c_w.l(h1_init.o)
    0x08000694   0x08000694   0x0000001a   Code   RO         2997    .text               cpprt_w.l(arm_exceptions_terminate.o)
    0x080006ae   0x080006ae   0x00000002   PAD
    0x080006b0   0x080006b0   0x00000050   Code   RO         3004    .text               cpprt_w.l(arm_exceptions_globs.o)
    0x08000700   0x08000700   0x0000004a   Code   RO         3016    .text               c_w.l(sys_stackheap_outer.o)
    0x0800074a   0x0800074a   0x00000002   PAD
    0x0800074c   0x0800074c   0x00000008   Code   RO         3021    .text               c_w.l(rt_eh_globals_addr_intlibspace.o)
    0x08000754   0x08000754   0x00000034   Code   RO         3027    .text               c_w.l(h1_extend.o)
    0x08000788   0x08000788   0x00000012   Code   RO         3031    .text               c_w.l(exit.o)
    0x0800079a   0x0800079a   0x00000016   Code   RO         3033    .text               c_w.l(abort.o)
    0x080007b0   0x080007b0   0x0000000e   Code   RO         3039    .text               c_w.l(defsig_rtmem_outer.o)
    0x080007be   0x080007be   0x0000003c   Code   RO         3059    .text               cpprt_w.l(arm_exceptions_mem.o)
    0x080007fa   0x080007fa   0x00000002   PAD
    0x080007fc   0x080007fc   0x0000000c   Code   RO         3071    .text               c_w.l(sys_exit.o)
    0x08000808   0x08000808   0x00000002   Code   RO         3073    .text               c_w.l(use_no_semi.o)
    0x0800080a   0x0800080a   0x00000000   Code   RO         3075    .text               c_w.l(indicate_semi.o)
    0x0800080a   0x0800080a   0x0000000a   Code   RO         3084    .text               c_w.l(defsig_exit.o)
    0x08000814   0x08000814   0x0000000e   Code   RO         3086    .text               c_w.l(defsig_abrt_outer.o)
    0x08000822   0x08000822   0x00000002   PAD
    0x08000824   0x08000824   0x00000050   Code   RO         3092    .text               c_w.l(defsig_rtmem_inner.o)
    0x08000874   0x08000874   0x00000032   Code   RO         3109    .text               c_w.l(defsig_general.o)
    0x080008a6   0x080008a6   0x00000002   PAD
    0x080008a8   0x080008a8   0x00000030   Code   RO         3111    .text               c_w.l(defsig_abrt_inner.o)
    0x080008d8   0x080008d8   0x0000000e   Code   RO         3129    .text               c_w.l(sys_wrch.o)
    0x080008e6   0x080008e6   0x00000006   Code   RO         1768    i.SPI1_IRQHandler   stm32f407_spi.o
    0x080008ec   0x080008ec   0x00000006   Code   RO         1769    i.SPI2_IRQHandler   stm32f407_spi.o
    0x080008f2   0x080008f2   0x00000006   Code   RO         1770    i.SPI3_IRQHandler   stm32f407_spi.o
    0x080008f8   0x080008f8   0x0000005c   Code   RO            5    i.SystemInit        system_stm32f4xx.o
    0x08000954   0x08000954   0x00000024   Code   RO         1862    i.TIM7_IRQHandler   stm32f407_sysfunc.o
    0x08000978   0x08000978   0x00000006   Code   RO         1936    i.UART4_IRQHandler  stm32f407_uart.o
    0x0800097e   0x0800097e   0x00000006   Code   RO         1937    i.UART5_IRQHandler  stm32f407_uart.o
    0x08000984   0x08000984   0x00000006   Code   RO         1938    i.USART1_IRQHandler  stm32f407_uart.o
    0x0800098a   0x0800098a   0x00000006   Code   RO         1939    i.USART2_IRQHandler  stm32f407_uart.o
    0x08000990   0x08000990   0x00000006   Code   RO         1940    i.USART3_IRQHandler  stm32f407_uart.o
    0x08000996   0x08000996   0x00000006   Code   RO         1941    i.USART6_IRQHandler  stm32f407_uart.o
    0x0800099c   0x0800099c   0x00000034   Code   RO           70    i._Z10drawStringR7SSD1306Pcjj  main.o
    0x080009d0   0x080009d0   0x000000b8   Code   RO            6    i._Z11SetSysClockv  system_stm32f4xx.o
    0x08000a88   0x08000a88   0x00000016   Code   RO         1863    i._Z11delayMicrosj  stm32f407_sysfunc.o
    0x08000a9e   0x08000a9e   0x00000002   PAD
    0x08000aa0   0x08000aa0   0x00000094   Code   RO         1942    i._Z11tryTransmitj  stm32f407_uart.o
    0x08000b34   0x08000b34   0x00000010   Code   RO           72    i._Z12clb_imuCalibv  main.o
    0x08000b44   0x08000b44   0x0000000c   Code   RO           73    i._Z12clb_imuSetupv  main.o
    0x08000b50   0x08000b50   0x0000044c   Code   RO           74    i._Z12setupScreensv  main.o
    0x08000f9c   0x08000f9c   0x00000020   Code   RO         1943    i._Z12writeStrUARTjPc  stm32f407_uart.o
    0x08000fbc   0x08000fbc   0x00000018   Code   RO         1944    i._Z13UARTAvailablej  stm32f407_uart.o
    0x08000fd4   0x08000fd4   0x00000010   Code   RO           76    i._Z13clb_doNothingv  main.o
    0x08000fe4   0x08000fe4   0x00000004   Code   RO           77    i._Z13symbolToIndexc  main.o
    0x08000fe8   0x08000fe8   0x00000016   Code   RO         1774    i._Z14NVIC_EnableIRQ4IRQn  stm32f407_spi.o
    0x08000ffe   0x08000ffe   0x00000016   Code   RO         1945    i._Z14NVIC_EnableIRQ4IRQn  stm32f407_uart.o
    0x08001014   0x08001014   0x0000000c   Code   RO           78    i._Z15clb_dribblerOffv  main.o
    0x08001020   0x08001020   0x00000010   Code   RO           80    i._Z16clb_dribblerInOnv  main.o
    0x08001030   0x08001030   0x00000010   Code   RO           81    i._Z16clb_kickStraightv  main.o
    0x08001040   0x08001040   0x0000005c   Code   RO           82    i._Z16clb_screenToGamev  main.o
    0x0800109c   0x0800109c   0x0000002c   Code   RO           83    i._Z16clb_screenToMainv  main.o
    0x080010c8   0x080010c8   0x0000000c   Code   RO           85    i._Z17clb_dribblerOutOnv  main.o
    0x080010d4   0x080010d4   0x00000010   Code   RO           88    i._Z17clb_screenToEmptyv  main.o
    0x080010e4   0x080010e4   0x0000000c   Code   RO           89    i._Z18clb_endLightsCalibv  main.o
    0x080010f0   0x080010f0   0x00000018   Code   RO           90    i._Z18clb_screenToKickerv  main.o
    0x08001108   0x08001108   0x00000040   Code   RO         1775    i._Z19SPIInterruptHandlerj  stm32f407_spi.o
    0x08001148   0x08001148   0x00000014   Code   RO           91    i._Z19clb_toBatteryScreenv  main.o
    0x0800115c   0x0800115c   0x0000000c   Code   RO           92    i._Z19clb_turnOnBackLightv  main.o
    0x08001168   0x08001168   0x00000098   Code   RO         1948    i._Z20UARTInterruptHandlerj  stm32f407_uart.o
    0x08001200   0x08001200   0x0000000c   Code   RO           93    i._Z20clb_beginLightsCalibv  main.o
    0x0800120c   0x0800120c   0x00000018   Code   RO           94    i._Z20clb_screenToDribblerv  main.o
    0x08001224   0x08001224   0x0000000c   Code   RO           95    i._Z20clb_turnOffBackLightv  main.o
    0x08001230   0x08001230   0x00000024   Code   RO           96    i._Z21clb_screenToDebugDatav  main.o
    0x08001254   0x08001254   0x00000018   Code   RO           97    i._Z24clb_screenToCalibrationsv  main.o
    0x0800126c   0x0800126c   0x00000018   Code   RO           98    i._Z35clb_screenToLightSensorsCalibrationv  main.o
    0x08001284   0x08001284   0x00000016   Code   RO         1864    i._Z5delayj         stm32f407_sysfunc.o
    0x0800129a   0x0800129a   0x00000002   PAD
    0x0800129c   0x0800129c   0x00000020   Code   RO         1865    i._Z6microsv        stm32f407_sysfunc.o
    0x080012bc   0x080012bc   0x0000000c   Code   RO         1866    i._Z6millisv        stm32f407_sysfunc.o
    0x080012c8   0x080012c8   0x000000c4   Code   RO          100    i._Z6rotateSt4pairIddEd  main.o
    0x0800138c   0x0800138c   0x00000018   Code   RO         1084    i._Z6setPinP12GPIO_TypeDeftb  main.o
    0x080013a4   0x080013a4   0x00000048   Code   RO          945    i._Z6setPintb       main.o
    0x080013ec   0x080013ec   0x0000018c   Code   RO         1614    i._Z7initPinP12GPIO_TypeDefthhh  stm32f407_pin.o
    0x08001578   0x08001578   0x00000074   Code   RO          938    i._Z7initPinthhh    main.o
    0x080015ec   0x080015ec   0x000000e0   Code   RO         1867    i._Z7initRCCv       stm32f407_sysfunc.o
    0x080016cc   0x080016cc   0x00000238   Code   RO         1776    i._Z7initSPIjbhtiiii  stm32f407_spi.o
    0x08001904   0x08001904   0x00000012   Code   RO         1090    i._Z7readPinP12GPIO_TypeDeft  main.o
    0x08001916   0x08001916   0x00000002   PAD
    0x08001918   0x08001918   0x000000d4   Code   RO          101    i._Z8drawCharR7SSD1306cjj  main.o
    0x080019ec   0x080019ec   0x0000038c   Code   RO         1949    i._Z8initUARTjjhfhj  stm32f407_uart.o
    0x08001d78   0x08001d78   0x00000030   Code   RO         1950    i._Z8readUARTj      stm32f407_uart.o
    0x08001da8   0x08001da8   0x00000070   Code   RO         1868    i._Z8sysStartv      stm32f407_sysfunc.o
    0x08001e18   0x08001e18   0x00000038   Code   RO         1777    i._Z8writeSPIjt     stm32f407_spi.o
    0x08001e50   0x08001e50   0x00000010   Code   RO          102    i._Z9clb_kick1v     main.o
    0x08001e60   0x08001e60   0x00000010   Code   RO          103    i._Z9clb_kick2v     main.o
    0x08001e70   0x08001e70   0x00000024   Code   RO         1958    i._Z9writeUARTjc    stm32f407_uart.o
    0x08001e94   0x08001e94   0x00000004   Code   RO          105    i._ZN10BallSensor14getSensorValueEv  main.o
    0x08001e98   0x08001e98   0x00000048   Code   RO          106    i._ZN10BallSensor4initEP6PL_ADCtt  main.o
    0x08001ee0   0x08001ee0   0x00000012   Code   RO          107    i._ZN10BallSensor6turnOnEv  main.o
    0x08001ef2   0x08001ef2   0x0000003e   Code   RO          108    i._ZN10BallSensor6updateEv  main.o
    0x08001f30   0x08001f30   0x00000004   Code   RO          110    i._ZN10BallSensor8getValueEv  main.o
    0x08001f34   0x08001f34   0x000000f8   Code   RO         1114    i._ZN11FieldObject6updateESt4pairIddES1_jt  main.o
    0x0800202c   0x0800202c   0x00000080   Code   RO         1132    i._ZN11FieldObjectC1Ev  main.o
    0x080020ac   0x080020ac   0x00000006   Code   RO          111    i._ZN11LineSensors13turnOnSensorsEv  main.o
    0x080020b2   0x080020b2   0x00000006   Code   RO          112    i._ZN11LineSensors14turnOffSensorsEv  main.o
    0x080020b8   0x080020b8   0x00000006   Code   RO          113    i._ZN11LineSensors18endLineCalibrationEv  main.o
    0x080020be   0x080020be   0x00000006   Code   RO          114    i._ZN11LineSensors20beginLineCalibrationEv  main.o
    0x080020c4   0x080020c4   0x00000024   Code   RO          115    i._ZN11LineSensors4initEjt  main.o
    0x080020e8   0x080020e8   0x00000034   Code   RO          116    i._ZN11LineSensors6updateEv  main.o
    0x0800211c   0x0800211c   0x00000004   Code   RO          117    i._ZN11LineSensors7getLineEv  main.o
    0x08002120   0x08002120   0x0000002c   Code   RO         1138    i._ZN12CameraObjectC1Ev  main.o
    0x0800214c   0x0800214c   0x0000006e   Code   RO          120    i._ZN12KickerModule4initEtttt  main.o
    0x080021ba   0x080021ba   0x00000082   Code   RO          121    i._ZN12KickerModule4kickEbb  main.o
    0x0800223c   0x0800223c   0x00000008   Code   RO          122    i._ZN12MotorDrivers11setDribblerEi  main.o
    0x08002244   0x08002244   0x0000001c   Code   RO          123    i._ZN12MotorDrivers12enableMotorsEv  main.o
    0x08002260   0x08002260   0x0000001c   Code   RO          124    i._ZN12MotorDrivers13disableMotorsEv  main.o
    0x0800227c   0x0800227c   0x0000001c   Code   RO          125    i._ZN12MotorDrivers14attemptCurrentEv  main.o
    0x08002298   0x08002298   0x00000090   Code   RO          126    i._ZN12MotorDrivers4initEjhjhjhjhjh  main.o
    0x08002328   0x08002328   0x0000014c   Code   RO          127    i._ZN12MotorDrivers6updateEv  main.o
    0x08002474   0x08002474   0x0000002a   Code   RO          128    i._ZN12MotorDrivers8setMotorEii  main.o
    0x0800249e   0x0800249e   0x00000038   Code   RO          129    i._ZN12MotorDrivers9setMotorsEiiii  main.o
    0x080024d6   0x080024d6   0x0000001e   Code   RO          130    i._ZN12MotorDrivers9setMotorsEiiiii  main.o
    0x080024f4   0x080024f4   0x00000014   Code   RO          140    i._ZN3IMU12setZeroAngleEv  main.o
    0x08002508   0x08002508   0x00000006   Code   RO          141    i._ZN3IMU20updateAnglesFromFIFOEv  main.o
    0x0800250e   0x0800250e   0x00000002   PAD
    0x08002510   0x08002510   0x00000054   Code   RO          142    i._ZN3IMU4initEjtt  main.o
    0x08002564   0x08002564   0x00000020   Code   RO          143    i._ZN3IMU6turnOnEv  main.o
    0x08002584   0x08002584   0x000000b4   Code   RO          144    i._ZN3IMU6updateEv  main.o
    0x08002638   0x08002638   0x00000090   Code   RO          146    i._ZN3IMU8getAngleEv  main.o
    0x080026c8   0x080026c8   0x00000006   Code   RO          147    i._ZN3IMU9calibrateEj  main.o
    0x080026ce   0x080026ce   0x00000008   Code   RO          148    i._ZN5Robot10switch5vOnEv  main.o
    0x080026d6   0x080026d6   0x00000002   PAD
    0x080026d8   0x080026d8   0x0000014c   Code   RO          149    i._ZN5Robot10updateMenuEv  main.o
    0x08002824   0x08002824   0x00000008   Code   RO          150    i._ZN5Robot11switch5vOffEv  main.o
    0x0800282c   0x0800282c   0x000000a8   Code   RO          151    i._ZN5Robot12handleErrorsEv  main.o
    0x080028d4   0x080028d4   0x0000003a   Code   RO          152    i._ZN5Robot12setPlayStateEb  main.o
    0x0800290e   0x0800290e   0x00000008   Code   RO          153    i._ZN5Robot12swithPowerOnEv  main.o
    0x08002916   0x08002916   0x00000008   Code   RO          154    i._ZN5Robot13swithPowerOffEv  main.o
    0x0800291e   0x0800291e   0x00000002   PAD
    0x08002920   0x08002920   0x000001fc   Code   RO          155    i._ZN5Robot13updateSelfPosESt4pairIddES1_  main.o
    0x08002b1c   0x08002b1c   0x00000014   Code   RO          156    i._ZN5Robot15changePlayStateEv  main.o
    0x08002b30   0x08002b30   0x00000008   Code   RO          157    i._ZN5Robot4getVEv  main.o
    0x08002b38   0x08002b38   0x00000274   Code   RO          158    i._ZN5Robot4initEv  main.o
    0x08002dac   0x08002dac   0x00000118   Code   RO          160    i._ZN5Robot4waitEj  main.o
    0x08002ec4   0x08002ec4   0x00000008   Code   RO          161    i._ZN5Robot6getPosEv  main.o
    0x08002ecc   0x08002ecc   0x00000042   Code   RO          162    i._ZN5Robot8initLEDsEv  main.o
    0x08002f0e   0x08002f0e   0x00000002   PAD
    0x08002f10   0x08002f10   0x00000020   Code   RO          163    i._ZN5Robot9logErrorsEv  main.o
    0x08002f30   0x08002f30   0x00000006   Code   RO          164    i._ZN5Robot9playStateEv  main.o
    0x08002f36   0x08002f36   0x00000020   Code   RO          165    i._ZN6Camera4initEjt  main.o
    0x08002f56   0x08002f56   0x00000130   Code   RO          166    i._ZN6Camera6updateEv  main.o
    0x08003086   0x08003086   0x0000002c   Code   RO          167    i._ZN6CameraC1Ev    main.o
    0x080030b2   0x080030b2   0x00000002   PAD
    0x080030b4   0x080030b4   0x000000a4   Code   RO          169    i._ZN6Driver11setVelocityEi  main.o
    0x08003158   0x08003158   0x00000064   Code   RO          170    i._ZN6Driver13updateFromRegEv  main.o
    0x080031bc   0x080031bc   0x00000010   Code   RO          171    i._ZN6Driver14attemptCurrentEv  main.o
    0x080031cc   0x080031cc   0x00000024   Code   RO          173    i._ZN6Driver14enableFloatingEv  main.o
    0x080031f0   0x080031f0   0x00000024   Code   RO          175    i._ZN6Driver15disableFloatingEv  main.o
    0x08003214   0x08003214   0x00000006   Code   RO          176    i._ZN6Driver4initEcc  main.o
    0x0800321a   0x0800321a   0x00000002   PAD
    0x0800321c   0x0800321c   0x00000068   Code   RO          177    i._ZN6Driver5writeEPccc  main.o
    0x08003284   0x08003284   0x00000034   Code   RO          179    i._ZN6DriverC1Ev    main.o
    0x080032b8   0x080032b8   0x0000000a   Code   RO         1651    i._ZN6PL_ADC10waitUpdateEv  stm32f407_adc.o
    0x080032c2   0x080032c2   0x00000002   PAD
    0x080032c4   0x080032c4   0x000000c4   Code   RO         1652    i._ZN6PL_ADC3addEa  stm32f407_adc.o
    0x08003388   0x08003388   0x0000007c   Code   RO         1653    i._ZN6PL_ADC4initEv  stm32f407_adc.o
    0x08003404   0x08003404   0x0000004a   Code   RO         1654    i._ZN6PL_ADC4readEab  stm32f407_adc.o
    0x0800344e   0x0800344e   0x00000016   Code   RO         1656    i._ZN6PL_ADC5startEv  stm32f407_adc.o
    0x08003464   0x08003464   0x00000040   Code   RO         1657    i._ZN6PL_ADCC1EP11ADC_TypeDef  stm32f407_adc.o
    0x080034a4   0x080034a4   0x00000024   Code   RO         1162    i._ZN6ScreenC1Ev    main.o
    0x080034c8   0x080034c8   0x00000006   Code   RO          180    i._ZN7Battery10getVoltageEv  main.o
    0x080034ce   0x080034ce   0x00000006   Code   RO          181    i._ZN7Battery13getPercentageEv  main.o
    0x080034d4   0x080034d4   0x0000000a   Code   RO          182    i._ZN7Battery14getCellVoltageEi  main.o
    0x080034de   0x080034de   0x00000002   PAD
    0x080034e0   0x080034e0   0x0000009c   Code   RO          183    i._ZN7Battery4initEP6PL_ADCtttt  main.o
    0x0800357c   0x0800357c   0x0000015c   Code   RO          184    i._ZN7Battery6updateEv  main.o
    0x080036d8   0x080036d8   0x0000002e   Code   RO          185    i._ZN7Battery8readCellEi  main.o
    0x08003706   0x08003706   0x0000000c   Code   RO          186    i._ZN7Buttons10setChangedEib  main.o
    0x08003712   0x08003712   0x0000000a   Code   RO         1168    i._ZN7Buttons12ButtonStructC1Ev  main.o
    0x0800371c   0x0800371c   0x00000034   Code   RO          187    i._ZN7Buttons4initEtttt  main.o
    0x08003750   0x08003750   0x00000016   Code   RO          188    i._ZN7Buttons6enableEv  main.o
    0x08003766   0x08003766   0x00000002   PAD
    0x08003768   0x08003768   0x00000088   Code   RO          189    i._ZN7Buttons6updateEv  main.o
    0x080037f0   0x080037f0   0x00000016   Code   RO          190    i._ZN7Buttons7disableEv  main.o
    0x08003806   0x08003806   0x0000001e   Code   RO          191    i._ZN7Buttons9isChangedEib  main.o
    0x08003824   0x08003824   0x0000000c   Code   RO          192    i._ZN7Buttons9isPressedEi  main.o
    0x08003830   0x08003830   0x00000006   Code   RO         1174    i._ZN7CommandC1Ev   main.o
    0x08003836   0x08003836   0x00000038   Code   RO         1156    i._ZN7Display11addToScreenE7Command  main.o
    0x0800386e   0x0800386e   0x00000004   Code   RO          193    i._ZN7Display5printEPcii  main.o
    0x08003872   0x08003872   0x00000010   Code   RO          194    i._ZN7Display5printEdiii  main.o
    0x08003882   0x08003882   0x00000010   Code   RO          196    i._ZN7Display5printEiiii  main.o
    0x08003892   0x08003892   0x00000010   Code   RO          197    i._ZN7Display5printEjiii  main.o
    0x080038a2   0x080038a2   0x0000002e   Code   RO         1150    i._ZN7Display6addEscE7Command  main.o
    0x080038d0   0x080038d0   0x00000034   Code   RO         2128    i._ZN7SSD130615ssd1306_commandEh  ssd1306.o
    0x08003904   0x08003904   0x00000174   Code   RO         2135    i._ZN7SSD13065beginEhb  ssd1306.o
    0x08003a78   0x08003a78   0x00000010   Code   RO         2136    i._ZN7SSD13065clearEv  ssd1306.o
    0x08003a88   0x08003a88   0x00000010   Code   RO         2137    i._ZN7SSD13066invertEh  ssd1306.o
    0x08003a98   0x08003a98   0x00000074   Code   RO         2138    i._ZN7SSD13067displayEPh  ssd1306.o
    0x08003b0c   0x08003b0c   0x00000078   Code   RO         2139    i._ZN7SSD13067displayEv  ssd1306.o
    0x08003b84   0x08003b84   0x00000008   Code   RO         2140    i._ZN7SSD13068switchOnEv  ssd1306.o
    0x08003b8c   0x08003b8c   0x000000a4   Code   RO         2141    i._ZN7SSD13069drawPixelEsst  ssd1306.o
    0x08003c30   0x08003c30   0x00000044   Code   RO         2143    i._ZN7SSD1306C1Ejtttttt  ssd1306.o
    0x08003c74   0x08003c74   0x0000000c   Code   RO         2144    i._ZN7SSD1306C1Ev   ssd1306.o
    0x08003c80   0x08003c80   0x0000002e   Code   RO         2302    i._ZN7mpu925012readFIFOsizeEv  mpu9250.o
    0x08003cae   0x08003cae   0x00000058   Code   RO         2303    i._ZN7mpu925012setAccOffsetEiii  mpu9250.o
    0x08003d06   0x08003d06   0x00000002   PAD
    0x08003d08   0x08003d08   0x0000027c   Code   RO         2304    i._ZN7mpu925012updateAnglesEdb  mpu9250.o
    0x08003f84   0x08003f84   0x00000052   Code   RO         2305    i._ZN7mpu925013setGyroOffsetEiii  mpu9250.o
    0x08003fd6   0x08003fd6   0x00000002   PAD
    0x08003fd8   0x08003fd8   0x00000048   Code   RO         2306    i._ZN7mpu925020updateAnglesFromFIFOEv  mpu9250.o
    0x08004020   0x08004020   0x00000844   Code   RO         2307    i._ZN7mpu925021MadgwickAHRSupdateIMUEd  mpu9250.o
    0x08004864   0x08004864   0x00000014   Code   RO         2410    i._ZN7mpu92507convertEth  mpu9250.o
    0x08004878   0x08004878   0x00000254   Code   RO         2309    i._ZN7mpu92507initIMUEji  mpu9250.o
    0x08004acc   0x08004acc   0x0000002c   Code   RO         2310    i._ZN7mpu92507invSqrtEf  mpu9250.o
    0x08004af8   0x08004af8   0x000000a0   Code   RO         2311    i._ZN7mpu92507readAccEv  mpu9250.o
    0x08004b98   0x08004b98   0x0000005a   Code   RO         2312    i._ZN7mpu92507readRegEiPii  mpu9250.o
    0x08004bf2   0x08004bf2   0x000001c4   Code   RO         2313    i._ZN7mpu92508readFIFOEv  mpu9250.o
    0x08004db6   0x08004db6   0x000000a0   Code   RO         2314    i._ZN7mpu92508readGyroEv  mpu9250.o
    0x08004e56   0x08004e56   0x00000032   Code   RO         2316    i._ZN7mpu92508writeRegEih  mpu9250.o
    0x08004e88   0x08004e88   0x0000023c   Code   RO         2317    i._ZN7mpu92509calibrateEi  mpu9250.o
    0x080050c4   0x080050c4   0x00000048   Code   RO          200    i._ZN9PairSaver3addESt4pairIddEj  main.o
    0x0800510c   0x0800510c   0x00000050   Code   RO          201    i._ZN9PairSaver3popEj  main.o
    0x0800515c   0x0800515c   0x00000012   Code   RO          202    i._ZN9PairSaver4incPERh  main.o
    0x0800516e   0x0800516e   0x00000002   PAD
    0x08005170   0x08005170   0x00000054   Code   RO         1078    i._ZN9PairSaverC1Ev  main.o
    0x080051c4   0x080051c4   0x00000008   Code   RO         2448    i._ZdlPv            cpprt_w.l(delete.o)
    0x080051cc   0x080051cc   0x00000008   Code   RO         2444    i._Znaj             cpprt_w.l(array_new.o)
    0x080051d4   0x080051d4   0x00000028   Code   RO         2451    i._Znwj             cpprt_w.l(new.o)
    0x080051fc   0x080051fc   0x00000030   Code   RO         2909    i.__ARM_fpclassify  m_wm.l(fpclassify.o)
    0x0800522c   0x0800522c   0x00000024   Code   RO         2567    i.__aeabi_vec_ctor_nocookie_nodtor  cpprt_w.l(aeabi_vec_ctor_nocookie_nodtor.o)
    0x08005250   0x08005250   0x00000010   Code   RO         2455    i.__cxa_guard_acquire  cpprt_w.l(cxa_guard_acquire.o)
    0x08005260   0x08005260   0x00000360   Code   RO         2622    i.__hardfp_asin     m_wm.l(asin.o)
    0x080055c0   0x080055c0   0x000002d8   Code   RO         2878    i.__hardfp_atan     m_wm.l(atan.o)
    0x08005898   0x08005898   0x000001f0   Code   RO         2636    i.__hardfp_atan2    m_wm.l(atan2.o)
    0x08005a88   0x08005a88   0x0000006c   Code   RO         2648    i.__hardfp_ceilf    m_wm.l(ceilf.o)
    0x08005af4   0x08005af4   0x00000004   PAD
    0x08005af8   0x08005af8   0x000000c8   Code   RO         2654    i.__hardfp_cos      m_wm.l(cos.o)
    0x08005bc0   0x08005bc0   0x00000c50   Code   RO         2672    i.__hardfp_pow      m_wm.l(pow.o)
    0x08006810   0x08006810   0x000000c8   Code   RO         2686    i.__hardfp_sin      m_wm.l(sin.o)
    0x080068d8   0x080068d8   0x0000007a   Code   RO         2698    i.__hardfp_sqrt     m_wm.l(sqrt.o)
    0x08006952   0x08006952   0x00000006   PAD
    0x08006958   0x08006958   0x00000438   Code   RO         2914    i.__ieee754_rem_pio2  m_wm.l(rred.o)
    0x08006d90   0x08006d90   0x00000170   Code   RO         2892    i.__kernel_cos      m_wm.l(cos_i.o)
    0x08006f00   0x08006f00   0x000000f8   Code   RO         2911    i.__kernel_poly     m_wm.l(poly.o)
    0x08006ff8   0x08006ff8   0x00000130   Code   RO         2919    i.__kernel_sin      m_wm.l(sin_i.o)
    0x08007128   0x08007128   0x00000030   Code   RO         2895    i.__mathlib_dbl_divzero  m_wm.l(dunder.o)
    0x08007158   0x08007158   0x00000014   Code   RO         2896    i.__mathlib_dbl_infnan  m_wm.l(dunder.o)
    0x0800716c   0x0800716c   0x00000014   Code   RO         2897    i.__mathlib_dbl_infnan2  m_wm.l(dunder.o)
    0x08007180   0x08007180   0x00000020   Code   RO         2898    i.__mathlib_dbl_invalid  m_wm.l(dunder.o)
    0x080071a0   0x080071a0   0x00000020   Code   RO         2899    i.__mathlib_dbl_overflow  m_wm.l(dunder.o)
    0x080071c0   0x080071c0   0x00000020   Code   RO         2901    i.__mathlib_dbl_underflow  m_wm.l(dunder.o)
    0x080071e0   0x080071e0   0x00000090   Code   RO          203    i.__sti___8_main_cpp_48fb3d7c  main.o
    0x08007270   0x08007270   0x00000010   Code   RO         2880    i.atan              m_wm.l(atan.o)
    0x08007280   0x08007280   0x00000018   Code   RO         2668    i.fabs              m_wm.l(fabs.o)
    0x08007298   0x08007298   0x00000738   Code   RO          204    i.main              main.o
    0x080079d0   0x080079d0   0x0000006e   Code   RO         2700    i.sqrt              m_wm.l(sqrt.o)
    0x08007a3e   0x08007a3e   0x00000034   Code   RO          959    t._Z4crc8IcET_PS0_i  main.o
    0x08007a72   0x08007a72   0x00000034   Code   RO          952    t._Z4crc8IhET_PS0_i  main.o
    0x08007aa6   0x08007aa6   0x00000030   Code   RO          966    t._Z4crc8IiET_PS0_i  main.o
    0x08007ad6   0x08007ad6   0x00000008   Code   RO          973    t._Z4min2IiET_S0_S0_  main.o
    0x08007ade   0x08007ade   0x00000002   PAD
    0x08007ae0   0x08007ae0   0x00000224   Code   RO         1036    t._Z7toPrintIdEPcT_s  main.o
    0x08007d04   0x08007d04   0x00000116   Code   RO          980    t._Z7toPrintIiEPcT_s  main.o
    0x08007e1a   0x08007e1a   0x00000108   Code   RO          994    t._Z7toPrintIjEPcT_s  main.o
    0x08007f22   0x08007f22   0x00000028   Code   RO         1043    t._Z8printTmlIdEvR7SSD1306T_iii  main.o
    0x08007f4a   0x08007f4a   0x0000002a   Code   RO          987    t._Z8printTmlIiEvR7SSD1306T_iii  main.o
    0x08007f74   0x08007f74   0x0000002a   Code   RO         1001    t._Z8printTmlIjEvR7SSD1306T_iii  main.o
    0x08007f9e   0x08007f9e   0x0000000c   Code   RO         1126    t._ZNSt4pairIS_IddEjEC1Ev  main.o
    0x08007faa   0x08007faa   0x00000012   Code   RO         1108    t._ZNSt4pairIddEC1ERKS0_  main.o
    0x08007fbc   0x08007fbc   0x00000018   Code   RO         1096    t._ZNSt4pairIddEC1Ev  main.o
    0x08007fd4   0x08007fd4   0x0000001e   Code   RO         1120    t._ZNSt4pairIddEC1IiiEERKS_IT_T0_E  main.o
    0x08007ff2   0x08007ff2   0x00000008   Code   RO         1144    t._ZNSt4pairIiiEC1Ev  main.o
    0x08007ffa   0x08007ffa   0x00000018   Code   RO         2570    x$fpl$basic         fz_wm.l(basic.o)
    0x08008012   0x08008012   0x00000002   PAD
    0x08008014   0x08008014   0x00000062   Code   RO         2572    x$fpl$d2f           fz_wm.l(d2f.o)
    0x08008076   0x08008076   0x00000002   PAD
    0x08008078   0x08008078   0x00000150   Code   RO         2574    x$fpl$dadd          fz_wm.l(daddsub_clz.o)
    0x080081c8   0x080081c8   0x00000010   Code   RO         3010    x$fpl$dcheck1       fz_wm.l(dcheck1.o)
    0x080081d8   0x080081d8   0x00000018   Code   RO         2863    x$fpl$dcmpinf       fz_wm.l(dcmpi.o)
    0x080081f0   0x080081f0   0x000002b0   Code   RO         2581    x$fpl$ddiv          fz_wm.l(ddiv.o)
    0x080084a0   0x080084a0   0x00000078   Code   RO         2584    x$fpl$deqf          fz_wm.l(deqf.o)
    0x08008518   0x08008518   0x0000005e   Code   RO         2586    x$fpl$dfix          fz_wm.l(dfix.o)
    0x08008576   0x08008576   0x00000002   PAD
    0x08008578   0x08008578   0x0000005a   Code   RO         2594    x$fpl$dfixu         fz_wm.l(dfixu.o)
    0x080085d2   0x080085d2   0x0000002e   Code   RO         2599    x$fpl$dflt          fz_wm.l(dflt_clz.o)
    0x08008600   0x08008600   0x000000a2   Code   RO         2604    x$fpl$dfltll        fz_wm.l(dfltll_clz.o)
    0x080086a2   0x080086a2   0x00000026   Code   RO         2598    x$fpl$dfltu         fz_wm.l(dflt_clz.o)
    0x080086c8   0x080086c8   0x00000078   Code   RO         2608    x$fpl$dleqf         fz_wm.l(dleqf.o)
    0x08008740   0x08008740   0x00000154   Code   RO         2610    x$fpl$dmul          fz_wm.l(dmul.o)
    0x08008894   0x08008894   0x0000009c   Code   RO         2865    x$fpl$dnaninf       fz_wm.l(dnaninf.o)
    0x08008930   0x08008930   0x0000000c   Code   RO         2867    x$fpl$dretinf       fz_wm.l(dretinf.o)
    0x0800893c   0x0800893c   0x0000006c   Code   RO         2612    x$fpl$drleqf        fz_wm.l(drleqf.o)
    0x080089a8   0x080089a8   0x00000016   Code   RO         2575    x$fpl$drsb          fz_wm.l(daddsub_clz.o)
    0x080089be   0x080089be   0x00000002   PAD
    0x080089c0   0x080089c0   0x00000198   Code   RO         2869    x$fpl$dsqrt         fz_wm.l(dsqrt_umaal.o)
    0x08008b58   0x08008b58   0x000001d4   Code   RO         2576    x$fpl$dsub          fz_wm.l(daddsub_clz.o)
    0x08008d2c   0x08008d2c   0x00000056   Code   RO         2614    x$fpl$f2d           fz_wm.l(f2d.o)
    0x08008d82   0x08008d82   0x0000008c   Code   RO         2871    x$fpl$fnaninf       fz_wm.l(fnaninf.o)
    0x08008e0e   0x08008e0e   0x0000000a   Code   RO         3012    x$fpl$fpinit        fz_wm.l(fpinit.o)
    0x08008e18   0x08008e18   0x0000000a   Code   RO         2873    x$fpl$fretinf       fz_wm.l(fretinf.o)
    0x08008e22   0x08008e22   0x00000002   PAD
    0x08008e24   0x08008e24   0x000000c2   Code   RO         2590    x$fpl$llsfromd      fz_wm.l(dfixll.o)
    0x08008ee6   0x08008ee6   0x00000064   Code   RO         3069    x$fpl$retnan        fz_wm.l(retnan.o)
    0x08008f4a   0x08008f4a   0x0000005c   Code   RO         2875    x$fpl$scalbn        fz_wm.l(scalbn.o)
    0x08008fa6   0x08008fa6   0x00000030   Code   RO         3094    x$fpl$trapveneer    fz_wm.l(trapv.o)
    0x08008fd6   0x08008fd6   0x00000000   Code   RO         2877    x$fpl$usenofp       fz_wm.l(usenofp.o)
    0x08008fd6   0x08008fd6   0x00000002   PAD
    0x08008fd8   0x08008fd8   0x00000790   Data   RO          341    .constdata          main.o
    0x08009768   0x08009768   0x00000010   Data   RO         1665    .constdata          stm32f407_adc.o
    0x08009778   0x08009778   0x00000050   Data   RO         2625    .constdata          m_wm.l(asin.o)
    0x080097c8   0x080097c8   0x00000088   Data   RO         2675    .constdata          m_wm.l(pow.o)
    0x08009850   0x08009850   0x00000098   Data   RO         2881    .constdata          m_wm.l(atan.o)
    0x080098e8   0x080098e8   0x00000030   Data   RO         2893    .constdata          m_wm.l(cos_i.o)
    0x08009918   0x08009918   0x00000008   Data   RO         2913    .constdata          m_wm.l(qnan.o)
    0x08009920   0x08009920   0x000000c8   Data   RO         2916    .constdata          m_wm.l(rred.o)
    0x080099e8   0x080099e8   0x00000028   Data   RO         2920    .constdata          m_wm.l(sin_i.o)
    0x08009a10   0x08009a10   0x00000010   Data   RO         2260    .constdata__ZTV7SSD1306  ssd1306.o
    0x08009a20   0x08009a20   0x00000002   Data   RO          937    .constdata__ZZN7Display6updateEvEs  main.o
    0x08009a22   0x08009a22   0x00000002   PAD
    0x08009a24   0x08009a24   0x00000020   Data   RO         3148    Region$$Table       anon$$obj.o
    0x08009a44   0x08009a44   0x00000004   Data   RO          348    .init_array         main.o
    0x08009a48   0x08009a44   0x00000000   Data   RO         2439    .init_array         c_w.l(init_aeabi.o)


    Execution Region ER_RW (Exec base: 0x20000000, Load base: 0x08009a48, Size: 0x000078f4, Max: 0xffffffff, ABSOLUTE, COMPRESSED[0x00001690])

    Exec Addr    Load Addr    Size         Type   Attr      Idx    E Section Name        Object

    0x20000000   COMPRESSED   0x000074c8   Data   RW          342    .data               main.o
    0x200074c8   COMPRESSED   0x00000006   Data   RW         1788    .data               stm32f407_spi.o
    0x200074ce   COMPRESSED   0x00000002   PAD
    0x200074d0   COMPRESSED   0x00000004   Data   RW         1876    .data               stm32f407_sysfunc.o
    0x200074d4   COMPRESSED   0x00000020   Data   RW         1983    .data               stm32f407_uart.o
    0x200074f4   COMPRESSED   0x00000400   Data   RW         2165    .data               ssd1306.o


    Execution Region ER_ZI (Exec base: 0x200078f4, Load base: 0x0800b0d8, Size: 0x00003b3c, Max: 0xffffffff, ABSOLUTE)

    Exec Addr    Load Addr    Size         Type   Attr      Idx    E Section Name        Object

    0x200078f4   0x0800b0d8   0x00000004   PAD
    0x200078f8        -       0x000008d8   Zero   RW          340    .bss                main.o
    0x200081d0        -       0x00000200   Zero   RW         1982    .bss                stm32f407_uart.o
    0x200083d0        -       0x00000060   Zero   RW         2926    .bss                c_w.l(libspace.o)
    0x20008430        -       0x00001000   Zero   RW         1605    HEAP                startup_stm32f40xx.o
    0x20009430        -       0x00002000   Zero   RW         1604    STACK               startup_stm32f40xx.o


==============================================================================

Image component sizes


      Code (inc. data)   RO Data    RW Data    ZI Data      Debug   Object Name

     12198       1226       1942      29896       2264     372255   main.o
      5184        208          0          0          0      14040   mpu9250.o
       944         26         16       1024          0      11336   ssd1306.o
        64         26        392          0      12288        824   startup_stm32f40xx.o
       490         48         16          0          0       6254   stm32f407_adc.o
       396         40          0          0          0       1510   stm32f407_pin.o
         0          0          0          0          0        398   stm32f407_pwm.o
       728         52          0          6          0      31757   stm32f407_spi.o
       460         44          0          4          0      30712   stm32f407_sysfunc.o
      1406        172          0         32        512      10728   stm32f407_uart.o
       276         34          0          0          0     242557   system_stm32f4xx.o

    ----------------------------------------------------------------------
     22178       1876       2400      30964      15068     722371   Object Totals
         0          0         32          0          0          0   (incl. Generated)
        32          0          2          2          4          0   (incl. Padding)

    ----------------------------------------------------------------------

      Code (inc. data)   RO Data    RW Data    ZI Data      Debug   Library Member Name

       100          0          0          0          0          0   __dclz77c.o
         8          0          0          0          0         68   __main.o
         0          0          0          0          0          0   __rtentry.o
        12          0          0          0          0          0   __rtentry2.o
         6          0          0          0          0          0   __rtentry4.o
        52          8          0          0          0          0   __scatter.o
        28          0          0          0          0          0   __scatter_zi.o
        22          0          0          0          0        100   _rserrno.o
        22          0          0          0          0         80   abort.o
        48         34          0          0          0         76   defsig_abrt_inner.o
        14          0          0          0          0         80   defsig_abrt_outer.o
        10          0          0          0          0         68   defsig_exit.o
        50          0          0          0          0         88   defsig_general.o
        80         58          0          0          0         76   defsig_rtmem_inner.o
        14          0          0          0          0         80   defsig_rtmem_outer.o
        18          0          0          0          0         80   exit.o
        94          0          0          0          0         80   h1_alloc.o
        52          0          0          0          0         68   h1_extend.o
        78          0          0          0          0         80   h1_free.o
        14          0          0          0          0         84   h1_init.o
         6          0          0          0          0        152   heapauxi.o
         4          0          0          0          0        136   hguard.o
         0          0          0          0          0          0   indicate_semi.o
        36         10          0          0          0         80   init_aeabi.o
       138          0          0          0          0        168   init_alloc.o
         2          0          0          0          0          0   libinit.o
        18          0          0          0          0          0   libinit2.o
         2          0          0          0          0          0   libshutdown.o
         2          0          0          0          0          0   libshutdown2.o
         8          4          0          0         96         68   libspace.o
        72          0          0          0          0         76   llsdiv.o
       238          0          0          0          0        100   lludivv7m.o
         0          0          0          0          0          0   maybetermalloc1.o
         8          4          0          0          0         68   rt_eh_globals_addr_intlibspace.o
         8          4          0          0          0         68   rt_errno_addr_intlibspace.o
         8          4          0          0          0         68   rt_heap_descriptor_intlibspace.o
        68          0          0          0          0         68   rt_memclr.o
        78          0          0          0          0         80   rt_memclr_w.o
       100          0          0          0          0         80   rt_memcpy_w.o
         8          4          0          0          0         68   rt_new_handler_addr_intlibspace.o
         2          0          0          0          0          0   rtexit.o
        10          0          0          0          0          0   rtexit2.o
        12          4          0          0          0         68   sys_exit.o
        74          0          0          0          0         80   sys_stackheap_outer.o
        14          0          0          0          0         76   sys_wrch.o
         2          0          0          0          0         68   use_no_semi.o
        36          0          0          0          0         84   aeabi_vec_ctor_nocookie_nodtor.o
        80         12          0          0          0        104   arm_exceptions_globs.o
        60          0          0          0          0        108   arm_exceptions_mem.o
        26          0          0          0          0         76   arm_exceptions_terminate.o
         4          0          0          0          0         68   arm_newhandler_noexceptions.o
         8          0          0          0          0         76   array_new.o
        16          0          0          0          0         68   cxa_guard_acquire.o
         8          0          0          0          0         76   delete.o
        40          6          0          0          0         76   new.o
        24          0          0          0          0        164   basic.o
        98          4          0          0          0        140   d2f.o
       826         16          0          0          0        492   daddsub_clz.o
        16          4          0          0          0        116   dcheck1.o
        24          0          0          0          0        116   dcmpi.o
       688        140          0          0          0        256   ddiv.o
       120          4          0          0          0        140   deqf.o
        94          4          0          0          0        140   dfix.o
       194          4          0          0          0        164   dfixll.o
        90          4          0          0          0        140   dfixu.o
        84          0          0          0          0        232   dflt_clz.o
       162          0          0          0          0        132   dfltll_clz.o
       120          4          0          0          0        140   dleqf.o
       340         12          0          0          0        152   dmul.o
       156          4          0          0          0        140   dnaninf.o
        12          0          0          0          0        116   dretinf.o
       108          0          0          0          0        128   drleqf.o
       408         56          0          0          0        168   dsqrt_umaal.o
        86          4          0          0          0        132   f2d.o
       140          4          0          0          0        132   fnaninf.o
        10          0          0          0          0        116   fpinit.o
        10          0          0          0          0        116   fretinf.o
       100          0          0          0          0        116   retnan.o
        92          0          0          0          0        116   scalbn.o
        48          0          0          0          0        116   trapv.o
         0          0          0          0          0          0   usenofp.o
       864         94         80          0          0        280   asin.o
       744        106        152          0          0        352   atan.o
       496         64          0          0          0        192   atan2.o
       108         10          0          0          0        116   ceilf.o
       200         20          0          0          0        164   cos.o
       368         46         48          0          0        200   cos_i.o
       184         44          0          0          0        744   dunder.o
        24          0          0          0          0        124   fabs.o
        48          0          0          0          0        124   fpclassify.o
       248          0          0          0          0        152   poly.o
      3152        296        136          0          0        352   pow.o
         0          0          8          0          0          0   qnan.o
      1080        142        200          0          0        188   rred.o
       200         20          0          0          0        164   sin.o
       304         24         40          0          0        208   sin_i.o
       232          0          0          0          0        296   sqrt.o

    ----------------------------------------------------------------------
     14254       1286        664          0         96      10992   Library Totals
        34          4          0          0          0          0   (incl. Padding)

    ----------------------------------------------------------------------

      Code (inc. data)   RO Data    RW Data    ZI Data      Debug   Library Name

      1640        134          0          0         96       2680   c_w.l
       278         18          0          0          0        736   cpprt_w.l
      4050        264          0          0          0       3920   fz_wm.l
      8252        866        664          0          0       3656   m_wm.l

    ----------------------------------------------------------------------
     14254       1286        664          0         96      10992   Library Totals

    ----------------------------------------------------------------------

==============================================================================


      Code (inc. data)   RO Data    RW Data    ZI Data      Debug   

     36432       3162       3064      30964      15164     707687   Grand Totals
     36432       3162       3064       5776      15164     707687   ELF Image Totals (compressed)
     36432       3162       3064       5776          0          0   ROM Totals

==============================================================================

    Total RO  Size (Code + RO Data)                39496 (  38.57kB)
    Total RW  Size (RW Data + ZI Data)             46128 (  45.05kB)
    Total ROM Size (Code + RO Data + RW Data)      45272 (  44.21kB)

==============================================================================

