Component: ARM Compiler 5.06 update 6 (build 750) Tool: armlink [4d35ed]

==============================================================================

Section Cross References

    system_stm32f4xx.o(i.SystemCoreClockUpdate) refers to system_stm32f4xx.o(.data) for .data
    system_stm32f4xx.o(i.SystemInit) refers to system_stm32f4xx.o(i._Z11SetSysClockv) for SetSysClock()
    system_stm32f4xx.o(.ARM.exidx) refers to system_stm32f4xx.o(i._Z11SetSysClockv) for i._Z11SetSysClockv
    system_stm32f4xx.o(.ARM.exidx) refers to system_stm32f4xx.o(i.SystemInit) for i.SystemInit
    system_stm32f4xx.o(.ARM.exidx) refers to system_stm32f4xx.o(i.SystemCoreClockUpdate) for i.SystemCoreClockUpdate
    main.o(i._Z10drawStringR7SSD1306Pcjj) refers to main.o(i._Z8drawCharR7SSD1306cjj) for drawChar(SSD1306&, char, unsigned, unsigned)
    main.o(i._Z11distanceVecSt4pairIddES0_) refers to daddsub_clz.o(x$fpl$dsub) for __aeabi_dsub
    main.o(i._Z11distanceVecSt4pairIddES0_) refers to dmul.o(x$fpl$dmul) for __aeabi_dmul
    main.o(i._Z11distanceVecSt4pairIddES0_) refers to daddsub_clz.o(x$fpl$dadd) for __aeabi_dadd
    main.o(i._Z11distanceVecSt4pairIddES0_) refers to sqrt.o(i.__hardfp_sqrt) for __hardfp_sqrt
    main.o(i._Z12clb_imuCalibv) refers to main.o(i._ZN3IMU9calibrateEj) for IMU::calibrate(unsigned)
    main.o(i._Z12clb_imuCalibv) refers to main.o(.bss) for .bss
    main.o(i._Z12clb_imuSetupv) refers to main.o(i._ZN3IMU12setZeroAngleEv) for IMU::setZeroAngle()
    main.o(i._Z12clb_imuSetupv) refers to main.o(.bss) for .bss
    main.o(i._Z12setupScreensv) refers to new.o(i._Znwj) for operator new(unsigned)
    main.o(i._Z12setupScreensv) refers to main.o(i._ZN7Display6addEscE7Command) for Display::addEsc(Command)
    main.o(i._Z12setupScreensv) refers to main.o(i._ZN7Display11addToScreenE7Command) for Display::addToScreen(Command)
    main.o(i._Z12setupScreensv) refers to main.o(.bss) for .bss
    main.o(i._Z12setupScreensv) refers to main.o(i._Z16clb_screenToMainv) for clb_screenToMain()
    main.o(i._Z12setupScreensv) refers to main.o(i._Z16clb_screenToGamev) for clb_screenToGame()
    main.o(i._Z12setupScreensv) refers to main.o(i._Z24clb_screenToCalibrationsv) for clb_screenToCalibrations()
    main.o(i._Z12setupScreensv) refers to main.o(i._Z21clb_screenToDebugDatav) for clb_screenToDebugData()
    main.o(i._Z12setupScreensv) refers to main.o(i._Z20clb_screenToDribblerv) for clb_screenToDribbler()
    main.o(i._Z12setupScreensv) refers to main.o(i._Z18clb_screenToKickerv) for clb_screenToKicker()
    main.o(i._Z12setupScreensv) refers to main.o(i._Z19clb_toBatteryScreenv) for clb_toBatteryScreen()
    main.o(i._Z12setupScreensv) refers to main.o(i._Z13clb_doNothingv) for clb_doNothing()
    main.o(i._Z12setupScreensv) refers to main.o(i._Z12clb_imuSetupv) for clb_imuSetup()
    main.o(i._Z12setupScreensv) refers to main.o(i._Z12clb_imuCalibv) for clb_imuCalib()
    main.o(i._Z12setupScreensv) refers to main.o(i._Z35clb_screenToLightSensorsCalibrationv) for clb_screenToLightSensorsCalibration()
    main.o(i._Z12setupScreensv) refers to main.o(i._Z19clb_turnOnBackLightv) for clb_turnOnBackLight()
    main.o(i._Z12setupScreensv) refers to main.o(i._Z20clb_turnOffBackLightv) for clb_turnOffBackLight()
    main.o(i._Z12setupScreensv) refers to main.o(i._Z20clb_beginLightsCalibv) for clb_beginLightsCalib()
    main.o(i._Z12setupScreensv) refers to main.o(i._Z18clb_endLightsCalibv) for clb_endLightsCalib()
    main.o(i._Z12setupScreensv) refers to main.o(i._Z16clb_dribblerInOnv) for clb_dribblerInOn()
    main.o(i._Z12setupScreensv) refers to main.o(i._Z17clb_dribblerOutOnv) for clb_dribblerOutOn()
    main.o(i._Z12setupScreensv) refers to main.o(i._Z15clb_dribblerOffv) for clb_dribblerOff()
    main.o(i._Z12setupScreensv) refers to main.o(i._Z16clb_kickStraightv) for clb_kickStraight()
    main.o(i._Z12setupScreensv) refers to main.o(i._Z9clb_kick2v) for clb_kick2()
    main.o(i._Z12setupScreensv) refers to main.o(i._Z9clb_kick1v) for clb_kick1()
    main.o(i._Z12updateKalmanR12CameraObjectdSt4pairIddES2_d) refers to ddiv.o(x$fpl$ddiv) for __aeabi_ddiv
    main.o(i._Z12updateKalmanR12CameraObjectdSt4pairIddES2_d) refers to daddsub_clz.o(x$fpl$dsub) for __aeabi_dsub
    main.o(i._Z12updateKalmanR12CameraObjectdSt4pairIddES2_d) refers to dmul.o(x$fpl$dmul) for __aeabi_dmul
    main.o(i._Z12updateKalmanR12CameraObjectdSt4pairIddES2_d) refers to daddsub_clz.o(x$fpl$dadd) for __aeabi_dadd
    main.o(i._Z13clb_doNothingv) refers to main.o(.data) for .data
    main.o(i._Z15clb_dribblerOffv) refers to main.o(i._ZN12MotorDrivers11setDribblerEi) for MotorDrivers::setDribbler(int)
    main.o(i._Z15clb_dribblerOffv) refers to main.o(.bss) for .bss
    main.o(i._Z16clb_dribblerInOnv) refers to main.o(i._ZN12MotorDrivers11setDribblerEi) for MotorDrivers::setDribbler(int)
    main.o(i._Z16clb_dribblerInOnv) refers to main.o(.bss) for .bss
[...]
    __Heap_Initialize                        0x08000687   Thumb Code    10  h1_init.o(.text)
    __Heap_DescSize                          0x08000691   Thumb Code     4  h1_init.o(.text)
    std::terminate()                         0x08000695   Thumb Code    26  arm_exceptions_terminate.o(.text)
    __cxa_get_globals                        0x080006b7   Thumb Code    62  arm_exceptions_globs.o(.text)
    __user_setup_stackheap                   0x08000701   Thumb Code    74  sys_stackheap_outer.o(.text)
    __rt_eh_globals_addr                     0x0800074d   Thumb Code     8  rt_eh_globals_addr_intlibspace.o(.text)
    __Heap_ProvideMemory                     0x08000755   Thumb Code    52  h1_extend.o(.text)
    exit                                     0x08000789   Thumb Code    18  exit.o(.text)
    abort                                    0x0800079b   Thumb Code    22  abort.o(.text)
    __rt_SIGRTMEM                            0x080007b1   Thumb Code    14  defsig_rtmem_outer.o(.text)
    __ARM_exceptions_buffer_init             0x080007bf   Thumb Code    18  arm_exceptions_mem.o(.text)
    __ARM_exceptions_buffer_allocate         0x080007d1   Thumb Code    22  arm_exceptions_mem.o(.text)
    __ARM_exceptions_buffer_free             0x080007e7   Thumb Code    20  arm_exceptions_mem.o(.text)
    _sys_exit                                0x080007fd   Thumb Code     8  sys_exit.o(.text)
    __I$use$semihosting                      0x08000809   Thumb Code     0  use_no_semi.o(.text)
    __use_no_semihosting_swi                 0x08000809   Thumb Code     2  use_no_semi.o(.text)
    __semihosting_library_function           0x0800080b   Thumb Code     0  indicate_semi.o(.text)
    __sig_exit                               0x0800080b   Thumb Code    10  defsig_exit.o(.text)
    __rt_SIGABRT                             0x08000815   Thumb Code    14  defsig_abrt_outer.o(.text)
    __rt_SIGRTMEM_inner                      0x08000825   Thumb Code    22  defsig_rtmem_inner.o(.text)
    __default_signal_display                 0x08000875   Thumb Code    50  defsig_general.o(.text)
    __rt_SIGABRT_inner                       0x080008a9   Thumb Code    14  defsig_abrt_inner.o(.text)
    _ttywrch                                 0x080008d9   Thumb Code    14  sys_wrch.o(.text)
    SPI1_IRQHandler                          0x080008e7   Thumb Code     6  stm32f407_spi.o(i.SPI1_IRQHandler)
    SPI2_IRQHandler                          0x080008ed   Thumb Code     6  stm32f407_spi.o(i.SPI2_IRQHandler)
    SPI3_IRQHandler                          0x080008f3   Thumb Code     6  stm32f407_spi.o(i.SPI3_IRQHandler)
    SystemInit                               0x080008f9   Thumb Code    74  system_stm32f4xx.o(i.SystemInit)
    TIM7_IRQHandler                          0x08000955   Thumb Code    26  stm32f407_sysfunc.o(i.TIM7_IRQHandler)
    UART4_IRQHandler                         0x08000979   Thumb Code     6  stm32f407_uart.o(i.UART4_IRQHandler)
    UART5_IRQHandler                         0x0800097f   Thumb Code     6  stm32f407_uart.o(i.UART5_IRQHandler)
    USART1_IRQHandler                        0x08000985   Thumb Code     6  stm32f407_uart.o(i.USART1_IRQHandler)
    USART2_IRQHandler                        0x0800098b   Thumb Code     6  stm32f407_uart.o(i.USART2_IRQHandler)
    USART3_IRQHandler                        0x08000991   Thumb Code     6  stm32f407_uart.o(i.USART3_IRQHandler)
    USART6_IRQHandler                        0x08000997   Thumb Code     6  stm32f407_uart.o(i.USART6_IRQHandler)
    drawString(SSD1306&, char*, unsigned, unsigned) 0x0800099d   Thumb Code    52  main.o(i._Z10drawStringR7SSD1306Pcjj)
    delayMicros(unsigned)                    0x08000a89   Thumb Code    22  stm32f407_sysfunc.o(i._Z11delayMicrosj)
    tryTransmit(unsigned)                    0x08000aa1   Thumb Code   114  stm32f407_uart.o(i._Z11tryTransmitj)
    clb_imuCalib()                           0x08000b35   Thumb Code    10  main.o(i._Z12clb_imuCalibv)
    clb_imuSetup()                           0x08000b45   Thumb Code     6  main.o(i._Z12clb_imuSetupv)
    setupScreens()                           0x08000b51   Thumb Code   712  main.o(i._Z12setupScreensv)
    writeStrUART(unsigned, char*)            0x08000f9d   Thumb Code    32  stm32f407_uart.o(i._Z12writeStrUARTjPc)
    UARTAvailable(unsigned)                  0x08000fbd   Thumb Code    18  stm32f407_uart.o(i._Z13UARTAvailablej)
    clb_doNothing()                          0x08000fd5   Thumb Code    10  main.o(i._Z13clb_doNothingv)
    symbolToIndex(char)                      0x08000fe5   Thumb Code     4  main.o(i._Z13symbolToIndexc)
    clb_dribblerOff()                        0x08001015   Thumb Code     8  main.o(i._Z15clb_dribblerOffv)
    clb_dribblerInOn()                       0x08001021   Thumb Code    10  main.o(i._Z16clb_dribblerInOnv)
    clb_kickStraight()                       0x08001031   Thumb Code    10  main.o(i._Z16clb_kickStraightv)
    clb_screenToGame()                       0x08001041   Thumb Code    78  main.o(i._Z16clb_screenToGamev)
    clb_screenToMain()                       0x0800109d   Thumb Code    36  main.o(i._Z16clb_screenToMainv)
    clb_dribblerOutOn()                      0x080010c9   Thumb Code     8  main.o(i._Z17clb_dribblerOutOnv)
    clb_screenToEmpty()                      0x080010d5   Thumb Code    10  main.o(i._Z17clb_screenToEmptyv)
    clb_endLightsCalib()                     0x080010e5   Thumb Code     6  main.o(i._Z18clb_endLightsCalibv)
    clb_screenToKicker()                     0x080010f1   Thumb Code    14  main.o(i._Z18clb_screenToKickerv)
    SPIInterruptHandler(unsigned)            0x08001109   Thumb Code    46  stm32f407_spi.o(i._Z19SPIInterruptHandlerj)
    clb_toBatteryScreen()                    0x08001149   Thumb Code    14  main.o(i._Z19clb_toBatteryScreenv)
    clb_turnOnBackLight()                    0x0800115d   Thumb Code     6  main.o(i._Z19clb_turnOnBackLightv)
    UARTInterruptHandler(unsigned)           0x08001169   Thumb Code   118  stm32f407_uart.o(i._Z20UARTInterruptHandlerj)
    clb_beginLightsCalib()                   0x08001201   Thumb Code     6  main.o(i._Z20clb_beginLightsCalibv)
    clb_screenToDribbler()                   0x0800120d   Thumb Code    14  main.o(i._Z20clb_screenToDribblerv)
    clb_turnOffBackLight()                   0x08001225   Thumb Code     6  main.o(i._Z20clb_turnOffBackLightv)
    clb_screenToDebugData()                  0x08001231   Thumb Code    28  main.o(i._Z21clb_screenToDebugDatav)
    clb_screenToCalibrations()               0x08001255   Thumb Code    14  main.o(i._Z24clb_screenToCalibrationsv)
    clb_screenToLightSensorsCalibration()    0x0800126d   Thumb Code    14  main.o(i._Z35clb_screenToLightSensorsCalibrationv)
    delay(unsigned)                          0x08001285   Thumb Code    22  stm32f407_sysfunc.o(i._Z5delayj)
    micros()                                 0x0800129d   Thumb Code    22  stm32f407_sysfunc.o(i._Z6microsv)
    millis()                                 0x080012bd   Thumb Code     6  stm32f407_sysfunc.o(i._Z6millisv)
    rotate(std::pair<double, double>, double) 0x080012c9   Thumb Code   188  main.o(i._Z6rotateSt4pairIddEd)
    setPin(GPIO_TypeDef*, unsigned short, bool) 0x0800138d   Thumb Code    24  main.o(i._Z6setPinP12GPIO_TypeDeftb)
    setPin(unsigned short, bool)             0x080013a5   Thumb Code    52  main.o(i._Z6setPintb)
    initPin(GPIO_TypeDef*, unsigned short, unsigned char, unsigned char, unsigned char) 0x080013ed   Thumb Code   362  stm32f407_pin.o(i._Z7initPinP12GPIO_TypeDefthhh)
    initPin(unsigned short, unsigned char, unsigned char, unsigned char) 0x08001579   Thumb Code    94  main.o(i._Z7initPinthhh)
    initRCC()                                0x080015ed   Thumb Code   220  stm32f407_sysfunc.o(i._Z7initRCCv)
    initSPI(unsigned, bool, unsigned char, unsigned short, int, int, int, int) 0x080016cd   Thumb Code   548  stm32f407_spi.o(i._Z7initSPIjbhtiiii)
    readPin(GPIO_TypeDef*, unsigned short)   0x08001905   Thumb Code    18  main.o(i._Z7readPinP12GPIO_TypeDeft)
    drawChar(SSD1306&, char, unsigned, unsigned) 0x08001919   Thumb Code   202  main.o(i._Z8drawCharR7SSD1306cjj)
    initUART(unsigned, unsigned, unsigned char, float, unsigned char, unsigned) 0x080019ed   Thumb Code   852  stm32f407_uart.o(i._Z8initUARTjjhfhj)
    readUART(unsigned)                       0x08001d79   Thumb Code    38  stm32f407_uart.o(i._Z8readUARTj)
    sysStart()                               0x08001da9   Thumb Code    98  stm32f407_sysfunc.o(i._Z8sysStartv)
    writeSPI(unsigned, unsigned short)       0x08001e19   Thumb Code    42  stm32f407_spi.o(i._Z8writeSPIjt)
    clb_kick1()                              0x08001e51   Thumb Code    10  main.o(i._Z9clb_kick1v)
    clb_kick2()                              0x08001e61   Thumb Code    10  main.o(i._Z9clb_kick2v)
    printUART(unsigned, double)              0x08001e71   Thumb Code   234  stm32f407_uart.o(i._Z9printUARTjd)
    printUART(unsigned, int)                 0x08001f7d   Thumb Code     4  stm32f407_uart.o(i._Z9printUARTji)
    printUART(unsigned, long)                0x08001f81   Thumb Code    32  stm32f407_uart.o(i._Z9printUARTjl)
    printUART(unsigned, unsigned long)       0x08001fa1   Thumb Code   108  stm32f407_uart.o(i._Z9printUARTjm)
    writeUART(unsigned, char)                0x08002015   Thumb Code    28  stm32f407_uart.o(i._Z9writeUARTjc)
    BallSensor::init(PL_ADC*, unsigned short, unsigned short) 0x08002039   Thumb Code    68  main.o(i._ZN10BallSensor4initEP6PL_ADCtt)
    BallSensor::turnOn()                     0x08002081   Thumb Code    18  main.o(i._ZN10BallSensor6turnOnEv)
    BallSensor::update()                     0x08002093   Thumb Code    62  main.o(i._ZN10BallSensor6updateEv)
    BallSensor::getValue()                   0x080020d1   Thumb Code     4  main.o(i._ZN10BallSensor8getValueEv)
    Functional::posCalc()                    0x080020d5   Thumb Code   560  main.o(i._ZN10Functional7posCalcEv)
    Functional::strategy2()                  0x08002315   Thumb Code  1520  main.o(i._ZN10Functional9strategy2Ev)
    FieldObject::update(std::pair<double, double>, std::pair<double, double>, unsigned, unsigned short) 0x0800291d   Thumb Code   248  main.o(i._ZN11FieldObject6updateESt4pairIddES1_jt)
    FieldObject::FieldObject()               0x08002a15   Thumb Code   120  main.o(i._ZN11FieldObjectC1Ev)
    FieldObject::FieldObject__sub_object()   0x08002a15   Thumb Code     0  main.o(i._ZN11FieldObjectC1Ev)
    LineSensors::turnOnSensors()             0x08002a95   Thumb Code     6  main.o(i._ZN11LineSensors13turnOnSensorsEv)
    LineSensors::turnOffSensors()            0x08002a9b   Thumb Code     6  main.o(i._ZN11LineSensors14turnOffSensorsEv)
    LineSensors::endLineCalibration()        0x08002aa1   Thumb Code     6  main.o(i._ZN11LineSensors18endLineCalibrationEv)
    LineSensors::beginLineCalibration()      0x08002aa7   Thumb Code     6  main.o(i._ZN11LineSensors20beginLineCalibrationEv)
    LineSensors::init(unsigned, unsigned short) 0x08002aad   Thumb Code    36  main.o(i._ZN11LineSensors4initEjt)
    LineSensors::update()                    0x08002ad1   Thumb Code    52  main.o(i._ZN11LineSensors6updateEv)
    LineSensors::getLine()                   0x08002b05   Thumb Code     4  main.o(i._ZN11LineSensors7getLineEv)
    CameraObject::CameraObject()             0x08002b09   Thumb Code    36  main.o(i._ZN12CameraObjectC1Ev)
    CameraObject::CameraObject__sub_object() 0x08002b09   Thumb Code     0  main.o(i._ZN12CameraObjectC1Ev)
    KickerModule::init(unsigned short, unsigned short, unsigned short, unsigned short) 0x08002b35   Thumb Code   110  main.o(i._ZN12KickerModule4initEtttt)
    KickerModule::kick(bool, bool)           0x08002ba3   Thumb Code   130  main.o(i._ZN12KickerModule4kickEbb)
    MotorDrivers::setDribbler(int)           0x08002c25   Thumb Code     8  main.o(i._ZN12MotorDrivers11setDribblerEi)
    MotorDrivers::enableMotors()             0x08002c2d   Thumb Code    28  main.o(i._ZN12MotorDrivers12enableMotorsEv)
    MotorDrivers::disableMotors()            0x08002c49   Thumb Code    28  main.o(i._ZN12MotorDrivers13disableMotorsEv)
    MotorDrivers::attemptCurrent()           0x08002c65   Thumb Code    28  main.o(i._ZN12MotorDrivers14attemptCurrentEv)
    MotorDrivers::init(unsigned, unsigned char, unsigned, unsigned char, unsigned, unsigned char, unsigned, unsigned char, unsigned, unsigned char) 0x08002c81   Thumb Code   144  main.o(i._ZN12MotorDrivers4initEjhjhjhjhjh)
    MotorDrivers::update()                   0x08002d11   Thumb Code   322  main.o(i._ZN12MotorDrivers6updateEv)
    MotorDrivers::setMotor(int, int)         0x08002e5d   Thumb Code    42  main.o(i._ZN12MotorDrivers8setMotorEii)
    MotorDrivers::setMotors(int, int, int, int) 0x08002e87   Thumb Code    56  main.o(i._ZN12MotorDrivers9setMotorsEiiii)
    MotorDrivers::setMotors(int, int, int, int, int) 0x08002ebf   Thumb Code    30  main.o(i._ZN12MotorDrivers9setMotorsEiiiii)
    BaseFunctional::getRobotClass()          0x08002edd   Thumb Code     4  main.o(i._ZN14BaseFunctional13getRobotClassEv)
    BaseFunctional::genATMVecField(short, short) 0x08002ee1   Thumb Code   182  main.o(i._ZN14BaseFunctional14genATMVecFieldEss)
    BaseFunctional::genVTMGlobalPoint(std::pair<short, short>, std::pair<short, short>, double) 0x08002fb9   Thumb Code   206  main.o(i._ZN14BaseFunctional17genVTMGlobalPointESt4pairIssES1_d)
    BaseFunctional::move2(VectorToMove, double) 0x08003099   Thumb Code   126  main.o(i._ZN14BaseFunctional5move2E12VectorToMoved)
    IMU::setZeroAngle()                      0x08003139   Thumb Code    20  main.o(i._ZN3IMU12setZeroAngleEv)
    IMU::updateAnglesFromFIFO()              0x0800314d   Thumb Code     6  main.o(i._ZN3IMU20updateAnglesFromFIFOEv)
    IMU::init(unsigned, unsigned short, unsigned short) 0x08003155   Thumb Code    76  main.o(i._ZN3IMU4initEjtt)
    IMU::turnOn()                            0x080031a9   Thumb Code    34  main.o(i._ZN3IMU6turnOnEv)
    IMU::update()                            0x080031cd   Thumb Code   144  main.o(i._ZN3IMU6updateEv)
    IMU::getAngle()                          0x08003275   Thumb Code   124  main.o(i._ZN3IMU8getAngleEv)
    IMU::calibrate(unsigned)                 0x08003309   Thumb Code     6  main.o(i._ZN3IMU9calibrateEj)
    Robot::switch5vOn()                      0x0800330f   Thumb Code     8  main.o(i._ZN5Robot10switch5vOnEv)
    Robot::updateMenu()                      0x08003319   Thumb Code   328  main.o(i._ZN5Robot10updateMenuEv)
    Robot::switch5vOff()                     0x08003465   Thumb Code     8  main.o(i._ZN5Robot11switch5vOffEv)
    Robot::handleErrors()                    0x0800346d   Thumb Code    58  main.o(i._ZN5Robot12handleErrorsEv)
    Robot::setPlayState(bool)                0x080034ad   Thumb Code    58  main.o(i._ZN5Robot12setPlayStateEb)
    Robot::swithPowerOn()                    0x080034e7   Thumb Code     8  main.o(i._ZN5Robot12swithPowerOnEv)
    Robot::updateSelfPos(std::pair<double, double>, std::pair<double, double>) 0x080034f1   Thumb Code   418  main.o(i._ZN5Robot13updateSelfPosESt4pairIddES1_)
    Robot::changePlayState()                 0x080036c5   Thumb Code    20  main.o(i._ZN5Robot15changePlayStateEv)
    Robot::getV()                            0x080036d9   Thumb Code     8  main.o(i._ZN5Robot4getVEv)
    Robot::init()                            0x080036e1   Thumb Code   602  main.o(i._ZN5Robot4initEv)
    Robot::move(double, double, double, double, double) 0x08003955   Thumb Code  1838  main.o(i._ZN5Robot4moveEddddd)
    Robot::wait(unsigned)                    0x0800409d   Thumb Code   276  main.o(i._ZN5Robot4waitEj)
    Robot::getPos()                          0x080041b5   Thumb Code     8  main.o(i._ZN5Robot6getPosEv)
    Robot::initLEDs()                        0x080041bd   Thumb Code    66  main.o(i._ZN5Robot8initLEDsEv)
    Robot::logErrors()                       0x08004201   Thumb Code    28  main.o(i._ZN5Robot9logErrorsEv)
    Robot::playState()                       0x08004221   Thumb Code     6  main.o(i._ZN5Robot9playStateEv)
    Border::dempher(std::pair<short, short>, VectorToMove&) 0x08004229   Thumb Code   394  main.o(i._ZN6Border7dempherESt4pairIssER12VectorToMove)
    Border::Border(char, char, short, short, short, short) 0x080043bd   Thumb Code    20  main.o(i._ZN6BorderC1Eccssss)
    Border::Border__sub_object(char, char, short, short, short, short) 0x080043bd   Thumb Code     0  main.o(i._ZN6BorderC1Eccssss)
    Camera::init(unsigned, unsigned short)   0x080043d1   Thumb Code    32  main.o(i._ZN6Camera4initEjt)
    Camera::update()                         0x080043f1   Thumb Code   304  main.o(i._ZN6Camera6updateEv)
    Camera::Camera()                         0x08004521   Thumb Code    44  main.o(i._ZN6CameraC1Ev)
    Camera::Camera__sub_object()             0x08004521   Thumb Code     0  main.o(i._ZN6CameraC1Ev)
    Driver::setVelocity(int)                 0x0800454d   Thumb Code   158  main.o(i._ZN6Driver11setVelocityEi)
    Driver::updateFromReg()                  0x080045f1   Thumb Code    96  main.o(i._ZN6Driver13updateFromRegEv)
    Driver::attemptCurrent()                 0x08004655   Thumb Code    10  main.o(i._ZN6Driver14attemptCurrentEv)
    Driver::enableFloating()                 0x08004665   Thumb Code    32  main.o(i._ZN6Driver14enableFloatingEv)
    Driver::disableFloating()                0x08004689   Thumb Code    32  main.o(i._ZN6Driver15disableFloatingEv)
    Driver::init(char, char)                 0x080046ad   Thumb Code     6  main.o(i._ZN6Driver4initEcc)
    Driver::write(char*, char, char)         0x080046b5   Thumb Code   100  main.o(i._ZN6Driver5writeEPccc)
    Driver::Driver()                         0x0800471d   Thumb Code    52  main.o(i._ZN6DriverC1Ev)
    Driver::Driver__sub_object()             0x0800471d   Thumb Code     0  main.o(i._ZN6DriverC1Ev)
    PL_ADC::waitUpdate()                     0x08004751   Thumb Code    10  stm32f407_adc.o(i._ZN6PL_ADC10waitUpdateEv)
    PL_ADC::add(signed char)                 0x0800475d   Thumb Code   172  stm32f407_adc.o(i._ZN6PL_ADC3addEa)
    PL_ADC::init()                           0x08004821   Thumb Code   114  stm32f407_adc.o(i._ZN6PL_ADC4initEv)
    PL_ADC::read(signed char, bool)          0x0800489d   Thumb Code    74  stm32f407_adc.o(i._ZN6PL_ADC4readEab)
    PL_ADC::start()                          0x080048e7   Thumb Code    22  stm32f407_adc.o(i._ZN6PL_ADC5startEv)
    PL_ADC::PL_ADC(ADC_TypeDef*)             0x080048fd   Thumb Code    50  stm32f407_adc.o(i._ZN6PL_ADCC1EP11ADC_TypeDef)
    PL_ADC::PL_ADC__sub_object(ADC_TypeDef*) 0x080048fd   Thumb Code     0  stm32f407_adc.o(i._ZN6PL_ADCC1EP11ADC_TypeDef)
    Screen::Screen()                         0x0800493d   Thumb Code    32  main.o(i._ZN6ScreenC1Ev)
    Screen::Screen__sub_object()             0x0800493d   Thumb Code     0  main.o(i._ZN6ScreenC1Ev)
    Battery::getVoltage()                    0x08004961   Thumb Code     6  main.o(i._ZN7Battery10getVoltageEv)
    Battery::getPercentage()                 0x08004967   Thumb Code     6  main.o(i._ZN7Battery13getPercentageEv)
    Battery::getCellVoltage(int)             0x0800496d   Thumb Code    10  main.o(i._ZN7Battery14getCellVoltageEi)
    Battery::init(PL_ADC*, unsigned short, unsigned short, unsigned short, unsigned short) 0x08004979   Thumb Code   118  main.o(i._ZN7Battery4initEP6PL_ADCtttt)
    Battery::update()                        0x08004a15   Thumb Code   308  main.o(i._ZN7Battery6updateEv)
    Battery::readCell(int)                   0x08004b71   Thumb Code    46  main.o(i._ZN7Battery8readCellEi)
    Buttons::setChanged(int, bool)           0x08004b9f   Thumb Code    12  main.o(i._ZN7Buttons10setChangedEib)
    Buttons::ButtonStruct::ButtonStruct()    0x08004bab   Thumb Code    10  main.o(i._ZN7Buttons12ButtonStructC1Ev)
    Buttons::ButtonStruct::ButtonStruct__sub_object() 0x08004bab   Thumb Code     0  main.o(i._ZN7Buttons12ButtonStructC1Ev)
    Buttons::init(unsigned short, unsigned short, unsigned short, unsigned short) 0x08004bb5   Thumb Code    52  main.o(i._ZN7Buttons4initEtttt)
    Buttons::enable()                        0x08004be9   Thumb Code    22  main.o(i._ZN7Buttons6enableEv)
    Buttons::update()                        0x08004c01   Thumb Code   116  main.o(i._ZN7Buttons6updateEv)
    Buttons::disable()                       0x08004c89   Thumb Code    22  main.o(i._ZN7Buttons7disableEv)
    Buttons::isChanged(int, bool)            0x08004c9f   Thumb Code    30  main.o(i._ZN7Buttons9isChangedEib)
    Buttons::isPressed(int)                  0x08004cbd   Thumb Code    12  main.o(i._ZN7Buttons9isPressedEi)
    Command::Command()                       0x08004cc9   Thumb Code     6  main.o(i._ZN7CommandC1Ev)
    Command::Command__sub_object()           0x08004cc9   Thumb Code     0  main.o(i._ZN7CommandC1Ev)
    Display::addToScreen(Command)            0x08004ccf   Thumb Code    56  main.o(i._ZN7Display11addToScreenE7Command)
    Display::print(char*, int, int)          0x08004d07   Thumb Code     4  main.o(i._ZN7Display5printEPcii)
    Display::print(double, int, int, int)    0x08004d0b   Thumb Code    16  main.o(i._ZN7Display5printEdiii)
    Display::print(int, int, int, int)       0x08004d1b   Thumb Code    16  main.o(i._ZN7Display5printEiiii)
    Display::print(unsigned, int, int, int)  0x08004d2b   Thumb Code    16  main.o(i._ZN7Display5printEjiii)
    Display::addEsc(Command)                 0x08004d3b   Thumb Code    46  main.o(i._ZN7Display6addEscE7Command)
    SSD1306::ssd1306_command(unsigned char)  0x08004d69   Thumb Code    52  ssd1306.o(i._ZN7SSD130615ssd1306_commandEh)
    SSD1306::begin(unsigned char, bool)      0x08004d9d   Thumb Code   372  ssd1306.o(i._ZN7SSD13065beginEhb)
    SSD1306::clear()                         0x08004f11   Thumb Code    10  ssd1306.o(i._ZN7SSD13065clearEv)
    SSD1306::invert(unsigned char)           0x08004f21   Thumb Code    16  ssd1306.o(i._ZN7SSD13066invertEh)
    SSD1306::display(unsigned char*)         0x08004f31   Thumb Code   116  ssd1306.o(i._ZN7SSD13067displayEPh)
    SSD1306::display()                       0x08004fa5   Thumb Code   116  ssd1306.o(i._ZN7SSD13067displayEv)
    SSD1306::switchOn()                      0x0800501d   Thumb Code     8  ssd1306.o(i._ZN7SSD13068switchOnEv)
    SSD1306::drawPixel(short, short, unsigned short) 0x08005025   Thumb Code   158  ssd1306.o(i._ZN7SSD13069drawPixelEsst)
    SSD1306::SSD1306(unsigned, unsigned short, unsigned short, unsigned short, unsigned short, unsigned short, unsigned short) 0x080050c9   Thumb Code    64  ssd1306.o(i._ZN7SSD1306C1Ejtttttt)
    SSD1306::SSD1306__sub_object(unsigned, unsigned short, unsigned short, unsigned short, unsigned short, unsigned short, unsigned short) 0x080050c9   Thumb Code     0  ssd1306.o(i._ZN7SSD1306C1Ejtttttt)
    SSD1306::SSD1306()                       0x0800510d   Thumb Code     6  ssd1306.o(i._ZN7SSD1306C1Ev)
    SSD1306::SSD1306__sub_object()           0x0800510d   Thumb Code     0  ssd1306.o(i._ZN7SSD1306C1Ev)
    mpu9250::readFIFOsize()                  0x08005119   Thumb Code    46  mpu9250.o(i._ZN7mpu925012readFIFOsizeEv)
    mpu9250::setAccOffset(int, int, int)     0x08005147   Thumb Code    88  mpu9250.o(i._ZN7mpu925012setAccOffsetEiii)
    mpu9250::updateAngles(double, bool)      0x080051a1   Thumb Code   588  mpu9250.o(i._ZN7mpu925012updateAnglesEdb)
    mpu9250::setGyroOffset(int, int, int)    0x0800541d   Thumb Code    82  mpu9250.o(i._ZN7mpu925013setGyroOffsetEiii)
    mpu9250::updateAnglesFromFIFO()          0x08005471   Thumb Code    56  mpu9250.o(i._ZN7mpu925020updateAnglesFromFIFOEv)
    mpu9250::MadgwickAHRSupdateIMU(double)   0x080054b1   Thumb Code  2130  mpu9250.o(i._ZN7mpu925021MadgwickAHRSupdateIMUEd)
    mpu9250::convert(unsigned short, unsigned char) 0x08005d05   Thumb Code    16  mpu9250.o(i._ZN7mpu92507convertEth)
    mpu9250::initIMU(unsigned, int)          0x08005d19   Thumb Code   572  mpu9250.o(i._ZN7mpu92507initIMUEji)
    mpu9250::invSqrt(float)                  0x08005fb5   Thumb Code    40  mpu9250.o(i._ZN7mpu92507invSqrtEf)
    mpu9250::readAcc()                       0x08005fe1   Thumb Code   172  mpu9250.o(i._ZN7mpu92507readAccEv)
    mpu9250::readReg(int, int*, int)         0x0800608d   Thumb Code    90  mpu9250.o(i._ZN7mpu92507readRegEiPii)
    mpu9250::readGyro()                      0x080060e7   Thumb Code   172  mpu9250.o(i._ZN7mpu92508readGyroEv)
    mpu9250::writeReg(int, unsigned char)    0x08006193   Thumb Code    50  mpu9250.o(i._ZN7mpu92508writeRegEih)
    mpu9250::calibrate(int)                  0x080061c5   Thumb Code   210  mpu9250.o(i._ZN7mpu92509calibrateEi)
    PairSaver::add(std::pair<double, double>, unsigned) 0x080062a1   Thumb Code    72  main.o(i._ZN9PairSaver3addESt4pairIddEj)
    PairSaver::pop(unsigned)                 0x080062e9   Thumb Code    80  main.o(i._ZN9PairSaver3popEj)
    PairSaver::incP(unsigned char&)          0x08006339   Thumb Code    18  main.o(i._ZN9PairSaver4incPERh)
    PairSaver::PairSaver()                   0x0800634d   Thumb Code    80  main.o(i._ZN9PairSaverC1Ev)
    PairSaver::PairSaver__sub_object()       0x0800634d   Thumb Code     0  main.o(i._ZN9PairSaverC1Ev)
    std::abs(double)                         0x080063a1   Thumb Code     4  main.o(i._ZSt3absd)
    operator delete (void*)                  0x080063a5   Thumb Code     8  delete.o(i._ZdlPv)
    operator new[] (unsigned)                0x080063ad   Thumb Code     8  array_new.o(i._Znaj)
    operator new(unsigned)                   0x080063b5   Thumb Code    34  new.o(i._Znwj)
    __ARM_fpclassify                         0x080063dd   Thumb Code    48  fpclassify.o(i.__ARM_fpclassify)
    __aeabi_vec_ctor_nocookie_nodtor         0x0800640d   Thumb Code    36  aeabi_vec_ctor_nocookie_nodtor.o(i.__aeabi_vec_ctor_nocookie_nodtor)
    __cxa_guard_acquire                      0x08006431   Thumb Code    16  cxa_guard_acquire.o(i.__cxa_guard_acquire)
    __hardfp_asin                            0x08006441   Thumb Code   770  asin.o(i.__hardfp_asin)
    __hardfp_atan                            0x080067a1   Thumb Code   622  atan.o(i.__hardfp_atan)
    __hardfp_atan2                           0x08006a79   Thumb Code   432  atan2.o(i.__hardfp_atan2)
    __hardfp_ceilf                           0x08006c69   Thumb Code    98  ceilf.o(i.__hardfp_ceilf)
    __mathlib_ceilf                          0x08006c69   Thumb Code     0  ceilf.o(i.__hardfp_ceilf)
    __hardfp_cos                             0x08006cd9   Thumb Code   180  cos.o(i.__hardfp_cos)
    __hardfp_fabs                            0x08006da1   Thumb Code    20  fabs.o(i.__hardfp_fabs)
    __hardfp_pow                             0x08006db9   Thumb Code  3072  pow.o(i.__hardfp_pow)
    __hardfp_sin                             0x08007a09   Thumb Code   180  sin.o(i.__hardfp_sin)
    __hardfp_sqrt                            0x08007ad1   Thumb Code   122  sqrt.o(i.__hardfp_sqrt)
    __ieee754_rem_pio2                       0x08007b51   Thumb Code   938  rred.o(i.__ieee754_rem_pio2)
    __kernel_cos                             0x08007f89   Thumb Code   322  cos_i.o(i.__kernel_cos)
    __kernel_poly                            0x080080f9   Thumb Code   248  poly.o(i.__kernel_poly)
    __kernel_sin                             0x080081f1   Thumb Code   280  sin_i.o(i.__kernel_sin)
    __mathlib_dbl_divzero                    0x08008321   Thumb Code    28  dunder.o(i.__mathlib_dbl_divzero)
    __mathlib_dbl_infnan                     0x08008351   Thumb Code    20  dunder.o(i.__mathlib_dbl_infnan)
    __mathlib_dbl_infnan2                    0x08008365   Thumb Code    20  dunder.o(i.__mathlib_dbl_infnan2)
    __mathlib_dbl_invalid                    0x08008379   Thumb Code    24  dunder.o(i.__mathlib_dbl_invalid)
    __mathlib_dbl_overflow                   0x08008399   Thumb Code    24  dunder.o(i.__mathlib_dbl_overflow)
    __mathlib_dbl_underflow                  0x080083b9   Thumb Code    24  dunder.o(i.__mathlib_dbl_underflow)
    atan                                     0x0800862d   Thumb Code    16  atan.o(i.atan)
    fabs                                     0x0800863d   Thumb Code    24  fabs.o(i.fabs)
    main                                     0x08008655   Thumb Code   974  main.o(i.main)
    sqrt                                     0x08008ad9   Thumb Code   110  sqrt.o(i.sqrt)
    T1 sgn<double>(T1)                       0x08008b49   Thumb Code    72  main.o(t._Z3sgnIdET_S0_)
    T1 crc8<char>(T1*, int)                  0x08008ba9   Thumb Code    52  main.o(t._Z4crc8IcET_PS0_i)
    T1 crc8<unsigned char>(T1*, int)         0x08008bdd   Thumb Code    52  main.o(t._Z4crc8IhET_PS0_i)
    T1 crc8<int>(T1*, int)                   0x08008c11   Thumb Code    48  main.o(t._Z4crc8IiET_PS0_i)
    T1 min2<double>(T1, T1)                  0x08008c41   Thumb Code    60  main.o(t._Z4min2IdET_S0_S0_)
    T1 min2<int>(T1, T1)                     0x08008c7d   Thumb Code     8  main.o(t._Z4min2IiET_S0_S0_)
    char* toPrint<double>(T1, short)         0x08008c85   Thumb Code   532  main.o(t._Z7toPrintIdEPcT_s)
    char* toPrint<int>(T1, short)            0x08008ea9   Thumb Code   278  main.o(t._Z7toPrintIiEPcT_s)
    char* toPrint<unsigned>(T1, short)       0x08008fbf   Thumb Code   264  main.o(t._Z7toPrintIjEPcT_s)
    void printTml<double>(SSD1306&, T1, int, int, int) 0x080090c7   Thumb Code    40  main.o(t._Z8printTmlIdEvR7SSD1306T_iii)
    void printTml<int>(SSD1306&, T1, int, int, int) 0x080090ef   Thumb Code    42  main.o(t._Z8printTmlIiEvR7SSD1306T_iii)
    void printTml<unsigned>(SSD1306&, T1, int, int, int) 0x08009119   Thumb Code    42  main.o(t._Z8printTmlIjEvR7SSD1306T_iii)
    std::pair<std::pair<double, double>, unsigned>::pair() 0x08009143   Thumb Code    12  main.o(t._ZNSt4pairIS_IddEjEC1Ev)
    std::pair<std::pair<double, double>, unsigned>::pair__sub_object() 0x08009143   Thumb Code     0  main.o(t._ZNSt4pairIS_IddEjEC1Ev)
    std::pair<double, double>::pair(const std::pair<double, double>&) 0x0800914f   Thumb Code    18  main.o(t._ZNSt4pairIddEC1ERKS0_)
    std::pair<double, double>::pair__sub_object(const std::pair<double, double>&) 0x0800914f   Thumb Code     0  main.o(t._ZNSt4pairIddEC1ERKS0_)
    std::pair<double, double>::pair()        0x08009161   Thumb Code    14  main.o(t._ZNSt4pairIddEC1Ev)
    std::pair<double, double>::pair__sub_object() 0x08009161   Thumb Code     0  main.o(t._ZNSt4pairIddEC1Ev)
    std::pair<double, double>::pair<int, int>(const std::pair<T1, T2>&) 0x08009179   Thumb Code    30  main.o(t._ZNSt4pairIddEC1IiiEERKS_IT_T0_E)
    std::pair<double, double>::pair__sub_object<int, int>(const std::pair<T1, T2>&) 0x08009179   Thumb Code     0  main.o(t._ZNSt4pairIddEC1IiiEERKS_IT_T0_E)
    std::pair<int, int>::pair()              0x08009197   Thumb Code     8  main.o(t._ZNSt4pairIiiEC1Ev)
    std::pair<int, int>::pair__sub_object()  0x08009197   Thumb Code     0  main.o(t._ZNSt4pairIiiEC1Ev)
    std::pair<short, short>::pair<double, double>(const std::pair<T1, T2>&) 0x0800919f   Thumb Code    38  main.o(t._ZNSt4pairIssEC1IddEERKS_IT_T0_E)
    std::pair<short, short>::pair__sub_object<double, double>(const std::pair<T1, T2>&) 0x0800919f   Thumb Code     0  main.o(t._ZNSt4pairIssEC1IddEERKS_IT_T0_E)
    __aeabi_dneg                             0x080091c5   Thumb Code     0  basic.o(x$fpl$basic)
    _dneg                                    0x080091c5   Thumb Code     6  basic.o(x$fpl$basic)
    __aeabi_fneg                             0x080091cb   Thumb Code     0  basic.o(x$fpl$basic)
    _fneg                                    0x080091cb   Thumb Code     6  basic.o(x$fpl$basic)
    _dabs                                    0x080091d1   Thumb Code     6  basic.o(x$fpl$basic)
    _fabs                                    0x080091d7   Thumb Code     6  basic.o(x$fpl$basic)
    __aeabi_d2f                              0x080091dd   Thumb Code     0  d2f.o(x$fpl$d2f)
    _d2f                                     0x080091dd   Thumb Code    98  d2f.o(x$fpl$d2f)
    __aeabi_dadd                             0x08009241   Thumb Code     0  daddsub_clz.o(x$fpl$dadd)
    _dadd                                    0x08009241   Thumb Code   332  daddsub_clz.o(x$fpl$dadd)
    __fpl_dcheck_NaN1                        0x08009391   Thumb Code    10  dcheck1.o(x$fpl$dcheck1)
    __fpl_dcmp_Inf                           0x080093a1   Thumb Code    24  dcmpi.o(x$fpl$dcmpinf)
    __aeabi_ddiv                             0x080093b9   Thumb Code     0  ddiv.o(x$fpl$ddiv)
    _ddiv                                    0x080093b9   Thumb Code   552  ddiv.o(x$fpl$ddiv)
    __aeabi_cdcmpeq                          0x08009669   Thumb Code     0  deqf.o(x$fpl$deqf)
    _dcmpeq                                  0x08009669   Thumb Code   120  deqf.o(x$fpl$deqf)
    __aeabi_d2iz                             0x080096e1   Thumb Code     0  dfix.o(x$fpl$dfix)
    _dfix                                    0x080096e1   Thumb Code    94  dfix.o(x$fpl$dfix)
    __aeabi_d2uiz                            0x08009741   Thumb Code     0  dfixu.o(x$fpl$dfixu)
    _dfixu                                   0x08009741   Thumb Code    90  dfixu.o(x$fpl$dfixu)
    __aeabi_i2d                              0x0800979b   Thumb Code     0  dflt_clz.o(x$fpl$dflt)
    _dflt                                    0x0800979b   Thumb Code    46  dflt_clz.o(x$fpl$dflt)
    __aeabi_l2d                              0x080097c9   Thumb Code     0  dfltll_clz.o(x$fpl$dfltll)
    _ll_sto_d                                0x080097c9   Thumb Code   162  dfltll_clz.o(x$fpl$dfltll)
    __aeabi_ui2d                             0x0800986b   Thumb Code     0  dflt_clz.o(x$fpl$dfltu)
    _dfltu                                   0x0800986b   Thumb Code    38  dflt_clz.o(x$fpl$dfltu)
    __aeabi_cdcmple                          0x08009891   Thumb Code     0  dleqf.o(x$fpl$dleqf)
    _dcmple                                  0x08009891   Thumb Code   120  dleqf.o(x$fpl$dleqf)
    __fpl_dcmple_InfNaN                      0x080098f3   Thumb Code     0  dleqf.o(x$fpl$dleqf)
    __aeabi_dmul                             0x08009909   Thumb Code     0  dmul.o(x$fpl$dmul)
    _dmul                                    0x08009909   Thumb Code   332  dmul.o(x$fpl$dmul)
    __fpl_dnaninf                            0x08009a5d   Thumb Code   156  dnaninf.o(x$fpl$dnaninf)
    __fpl_dretinf                            0x08009af9   Thumb Code    12  dretinf.o(x$fpl$dretinf)
    __aeabi_cdrcmple                         0x08009b05   Thumb Code     0  drleqf.o(x$fpl$drleqf)
    _drcmple                                 0x08009b05   Thumb Code   108  drleqf.o(x$fpl$drleqf)
    __aeabi_drsub                            0x08009b71   Thumb Code     0  daddsub_clz.o(x$fpl$drsb)
    _drsb                                    0x08009b71   Thumb Code    22  daddsub_clz.o(x$fpl$drsb)
    _dsqrt                                   0x08009b89   Thumb Code   404  dsqrt_umaal.o(x$fpl$dsqrt)
    __aeabi_dsub                             0x08009d21   Thumb Code     0  daddsub_clz.o(x$fpl$dsub)
    _dsub                                    0x08009d21   Thumb Code   464  daddsub_clz.o(x$fpl$dsub)
    __aeabi_f2d                              0x08009ef5   Thumb Code     0  f2d.o(x$fpl$f2d)
    _f2d                                     0x08009ef5   Thumb Code    86  f2d.o(x$fpl$f2d)
    __fpl_fnaninf                            0x08009f4b   Thumb Code   140  fnaninf.o(x$fpl$fnaninf)
    _fp_init                                 0x08009fd7   Thumb Code    10  fpinit.o(x$fpl$fpinit)
    __fplib_config_fpu_vfp                   0x08009fdf   Thumb Code     0  fpinit.o(x$fpl$fpinit)
    __fplib_config_pureend_doubles           0x08009fdf   Thumb Code     0  fpinit.o(x$fpl$fpinit)
    __fpl_fretinf                            0x08009fe1   Thumb Code    10  fretinf.o(x$fpl$fretinf)
    __aeabi_d2lz                             0x08009fed   Thumb Code     0  dfixll.o(x$fpl$llsfromd)
    _ll_sfrom_d                              0x08009fed   Thumb Code   194  dfixll.o(x$fpl$llsfromd)
    __fpl_return_NaN                         0x0800a0af   Thumb Code   100  retnan.o(x$fpl$retnan)
    __ARM_scalbn                             0x0800a113   Thumb Code    92  scalbn.o(x$fpl$scalbn)
    __fpl_cmpreturn                          0x0800a16f   Thumb Code    48  trapv.o(x$fpl$trapveneer)
    __I$use$fp                               0x0800a19e   Number         0  usenofp.o(x$fpl$usenofp)
    PL_ADC::channels                         0x0800a930   Data          16  stm32f407_adc.o(.constdata)
    __mathlib_zero                           0x0800aae0   Data           8  qnan.o(.constdata)
    vtable for SSD1306                       0x0800abd8   Data          16  ssd1306.o(.constdata__ZTV7SSD1306)
    Display::update()::string                0x0800abe8   Data           2  main.o(.constdata__ZZN7Display6updateEvEs)
    Region$$Table$$Base                      0x0800abec   Number         0  anon$$obj.o(Region$$Table)
    Region$$Table$$Limit                     0x0800ac0c   Number         0  anon$$obj.o(Region$$Table)
    SHT$$INIT_ARRAY$$Base                    0x0800ac0c   Number         0  main.o(.init_array)
    SHT$$INIT_ARRAY$$Limit                   0x0800ac10   Number         0  init_aeabi.o(.init_array)
    GLOBAL_ERROR                             0x2000000c   Data           4  main.o(.data)
    g_state                                  0x20000010   Data           4  main.o(.data)
    clb_var                                  0x20000014   Data           4  main.o(.data)
    initImageBuffer                          0x20000068   Data        8192  main.o(.data)
    firstField                               0x20002068   Data       21600  main.o(.data)
    trajectory1                              0x200074c8   Data       44202  main.o(.data)
    _available                               0x20012172   Data           2  stm32f407_spi.o(.data)
    _RxData                                  0x20012174   Data           4  stm32f407_spi.o(.data)
    _millis                                  0x20012178   Data           4  stm32f407_sysfunc.o(.data)
    _bufRxHead                               0x2001217c   Data           8  stm32f407_uart.o(.data)
    _bufRxTail                               0x20012184   Data           8  stm32f407_uart.o(.data)
    _bufTxHead                               0x2001218c   Data           8  stm32f407_uart.o(.data)
    _bufTxTail                               0x20012194   Data           8  stm32f407_uart.o(.data)
    b1                                       0x200125f0   Data          10  main.o(.bss)
    b2                                       0x200125fa   Data          10  main.o(.bss)
    b3                                       0x20012604   Data          10  main.o(.bss)
    b4                                       0x2001260e   Data          10  main.o(.bss)
    b5                                       0x20012618   Data          10  main.o(.bss)
    b6                                       0x20012622   Data          10  main.o(.bss)
    b7                                       0x2001262c   Data          10  main.o(.bss)
    b8                                       0x20012636   Data          10  main.o(.bss)
    b9                                       0x20012640   Data          10  main.o(.bss)
    b10                                      0x2001264a   Data          10  main.o(.bss)
    b11                                      0x20012654   Data          10  main.o(.bss)
    b12                                      0x2001265e   Data          10  main.o(.bss)
    robot                                    0x20012668   Data        2200  main.o(.bss)
    basicFunc                                0x20012f00   Data          16  main.o(.bss)
    func                                     0x20012f10   Data        2680  main.o(.bss)
    _bufRx                                   0x20013988   Data         256  stm32f407_uart.o(.bss)
    _bufTx                                   0x20013a88   Data         256  stm32f407_uart.o(.bss)
    __libspace_start                         0x20013b88   Data          96  libspace.o(.bss)
    __temporary_stack_top$libspace           0x20013be8   Data           0  libspace.o(.bss)



==============================================================================

Memory Map of the image

  Image Entry point : 0x0800027d

  Load Region LR_1 (Base: 0x08000000, Size: 0x0001d1ac, Max: 0xffffffff, ABSOLUTE, COMPRESSED[0x0000c61c])

    Execution Region ER_RO (Exec base: 0x08000000, Load base: 0x08000000, Size: 0x0000ac10, Max: 0xffffffff, ABSOLUTE)

    Exec Addr    Load Addr    Size         Type   Attr      Idx    E Section Name        Object

    0x08000000   0x08000000   0x00000188   Data   RO         1699    RESET               startup_stm32f40xx.o
    0x08000188   0x08000188   0x00000008   Code   RO         2565  * !!!main             c_w.l(__main.o)
    0x08000190   0x08000190   0x00000034   Code   RO         3281    !!!scatter          c_w.l(__scatter.o)
    0x080001c4   0x080001c4   0x00000064   Code   RO         3279    !!dclz77c           c_w.l(__dclz77c.o)
    0x08000228   0x08000228   0x0000001c   Code   RO         3283    !!handler_zi        c_w.l(__scatter_zi.o)
    0x08000244   0x08000244   0x00000002   Code   RO         3184    .ARM.Collect$$libinit$$00000000  c_w.l(libinit.o)
    0x08000246   0x08000246   0x00000004   Code   RO         2915    .ARM.Collect$$libinit$$00000001  c_w.l(libinit2.o)
    0x0800024a   0x0800024a   0x00000000   Code   RO         2918    .ARM.Collect$$libinit$$00000004  c_w.l(libinit2.o)
    0x0800024a   0x0800024a   0x00000008   Code   RO         2919    .ARM.Collect$$libinit$$00000005  c_w.l(libinit2.o)
    0x08000252   0x08000252   0x00000000   Code   RO         2921    .ARM.Collect$$libinit$$0000000A  c_w.l(libinit2.o)
    0x08000252   0x08000252   0x00000000   Code   RO         2923    .ARM.Collect$$libinit$$0000000C  c_w.l(libinit2.o)
    0x08000252   0x08000252   0x00000000   Code   RO         2925    .ARM.Collect$$libinit$$0000000E  c_w.l(libinit2.o)
    0x08000252   0x08000252   0x00000000   Code   RO         2928    .ARM.Collect$$libinit$$00000011  c_w.l(libinit2.o)
    0x08000252   0x08000252   0x00000000   Code   RO         2930    .ARM.Collect$$libinit$$00000013  c_w.l(libinit2.o)
    0x08000252   0x08000252   0x00000000   Code   RO         2932    .ARM.Collect$$libinit$$00000015  c_w.l(libinit2.o)
    0x08000252   0x08000252   0x00000000   Code   RO         2934    .ARM.Collect$$libinit$$00000017  c_w.l(libinit2.o)
    0x08000252   0x08000252   0x00000000   Code   RO         2936    .ARM.Collect$$libinit$$00000019  c_w.l(libinit2.o)
    0x08000252   0x08000252   0x00000000   Code   RO         2938    .ARM.Collect$$libinit$$0000001B  c_w.l(libinit2.o)
    0x08000252   0x08000252   0x00000000   Code   RO         2940    .ARM.Collect$$libinit$$0000001D  c_w.l(libinit2.o)
    0x08000252   0x08000252   0x00000000   Code   RO         2942    .ARM.Collect$$libinit$$0000001F  c_w.l(libinit2.o)
    0x08000252   0x08000252   0x00000000   Code   RO         2944    .ARM.Collect$$libinit$$00000021  c_w.l(libinit2.o)
    0x08000252   0x08000252   0x00000000   Code   RO         2946    .ARM.Collect$$libinit$$00000023  c_w.l(libinit2.o)
    0x08000252   0x08000252   0x00000000   Code   RO         2948    .ARM.Collect$$libinit$$00000025  c_w.l(libinit2.o)
    0x08000252   0x08000252   0x00000000   Code   RO         2952    .ARM.Collect$$libinit$$0000002C  c_w.l(libinit2.o)
    0x08000252   0x08000252   0x00000000   Code   RO         2954    .ARM.Collect$$libinit$$0000002E  c_w.l(libinit2.o)
    0x08000252   0x08000252   0x00000000   Code   RO         2956    .ARM.Collect$$libinit$$00000030  c_w.l(libinit2.o)
    0x08000252   0x08000252   0x00000004   Code   RO         2957    .ARM.Collect$$libinit$$00000031  c_w.l(libinit2.o)
    0x08000256   0x08000256   0x00000000   Code   RO         2958    .ARM.Collect$$libinit$$00000032  c_w.l(libinit2.o)
    0x08000256   0x08000256   0x00000002   Code   RO         2959    .ARM.Collect$$libinit$$00000033  c_w.l(libinit2.o)
    0x08000258   0x08000258   0x00000002   Code   RO         3264    .ARM.Collect$$libshutdown$$00000000  c_w.l(libshutdown.o)
    0x0800025a   0x0800025a   0x00000000   Code   RO         3243    .ARM.Collect$$libshutdown$$00000002  c_w.l(libshutdown2.o)
    0x0800025a   0x0800025a   0x00000000   Code   RO         3245    .ARM.Collect$$libshutdown$$00000004  c_w.l(libshutdown2.o)
    0x0800025a   0x0800025a   0x00000000   Code   RO         3248    .ARM.Collect$$libshutdown$$00000007  c_w.l(libshutdown2.o)
    0x0800025a   0x0800025a   0x00000000   Code   RO         3251    .ARM.Collect$$libshutdown$$0000000A  c_w.l(libshutdown2.o)
    0x0800025a   0x0800025a   0x00000000   Code   RO         3253    .ARM.Collect$$libshutdown$$0000000C  c_w.l(libshutdown2.o)
    0x0800025a   0x0800025a   0x00000000   Code   RO         3256    .ARM.Collect$$libshutdown$$0000000F  c_w.l(libshutdown2.o)
    0x0800025a   0x0800025a   0x00000002   Code   RO         3257    .ARM.Collect$$libshutdown$$00000010  c_w.l(libshutdown2.o)
    0x0800025c   0x0800025c   0x00000000   Code   RO         2839    .ARM.Collect$$rtentry$$00000000  c_w.l(__rtentry.o)
    0x0800025c   0x0800025c   0x00000000   Code   RO         3060    .ARM.Collect$$rtentry$$00000002  c_w.l(__rtentry2.o)
    0x0800025c   0x0800025c   0x00000006   Code   RO         3072    .ARM.Collect$$rtentry$$00000004  c_w.l(__rtentry4.o)
    0x08000262   0x08000262   0x00000000   Code   RO         3062    .ARM.Collect$$rtentry$$00000009  c_w.l(__rtentry2.o)
    0x08000262   0x08000262   0x00000004   Code   RO         3063    .ARM.Collect$$rtentry$$0000000A  c_w.l(__rtentry2.o)
    0x08000266   0x08000266   0x00000000   Code   RO         3065    .ARM.Collect$$rtentry$$0000000C  c_w.l(__rtentry2.o)
    0x08000266   0x08000266   0x00000008   Code   RO         3066    .ARM.Collect$$rtentry$$0000000D  c_w.l(__rtentry2.o)
    0x0800026e   0x0800026e   0x00000002   Code   RO         3205    .ARM.Collect$$rtexit$$00000000  c_w.l(rtexit.o)
    0x08000270   0x08000270   0x00000000   Code   RO         3226    .ARM.Collect$$rtexit$$00000002  c_w.l(rtexit2.o)
    0x08000270   0x08000270   0x00000004   Code   RO         3227    .ARM.Collect$$rtexit$$00000003  c_w.l(rtexit2.o)
    0x08000274   0x08000274   0x00000006   Code   RO         3228    .ARM.Collect$$rtexit$$00000004  c_w.l(rtexit2.o)
    0x0800027a   0x0800027a   0x00000002   PAD
    0x0800027c   0x0800027c   0x00000000   Code   RO         3154    .emb_text           c_w.l(maybetermalloc1.o)
    0x0800027c   0x0800027c   0x00000040   Code   RO         1700  * .text               startup_stm32f40xx.o
    0x080002bc   0x080002bc   0x000000ee   Code   RO         2555    .text               c_w.l(lludivv7m.o)
    0x080003aa   0x080003aa   0x00000048   Code   RO         2557    .text               c_w.l(llsdiv.o)
    0x080003f2   0x080003f2   0x00000064   Code   RO         2559    .text               c_w.l(rt_memcpy_w.o)
    0x08000456   0x08000456   0x00000044   Code   RO         2561    .text               c_w.l(rt_memclr.o)
    0x0800049a   0x0800049a   0x00000006   Code   RO         2563    .text               c_w.l(heapauxi.o)
    0x080004a0   0x080004a0   0x00000024   Code   RO         2570    .text               c_w.l(init_aeabi.o)
    0x080004c4   0x080004c4   0x00000008   Code   RO         2847    .text               c_w.l(rt_new_handler_addr_intlibspace.o)
    0x080004cc   0x080004cc   0x0000005e   Code   RO         2853    .text               c_w.l(h1_alloc.o)
    0x0800052a   0x0800052a   0x0000004e   Code   RO         2855    .text               c_w.l(h1_free.o)
    0x08000578   0x08000578   0x00000016   Code   RO         2911    .text               c_w.l(_rserrno.o)
    0x0800058e   0x0800058e   0x0000004e   Code   RO         2913    .text               c_w.l(rt_memclr_w.o)
    0x080005dc   0x080005dc   0x00000004   Code   RO         2963    .text               cpprt_w.l(arm_newhandler_noexceptions.o)
    0x080005e0   0x080005e0   0x00000008   Code   RO         3054    .text               c_w.l(libspace.o)
    0x080005e8   0x080005e8   0x00000008   Code   RO         3079    .text               c_w.l(rt_heap_descriptor_intlibspace.o)
    0x080005f0   0x080005f0   0x00000008   Code   RO         3084    .text               c_w.l(rt_errno_addr_intlibspace.o)
    0x080005f8   0x080005f8   0x00000004   Code   RO         3086    .text               c_w.l(hguard.o)
    0x080005fc   0x080005fc   0x0000008a   Code   RO         3088    .text               c_w.l(init_alloc.o)
    0x08000686   0x08000686   0x0000000e   Code   RO         3092    .text               c_w.l(h1_init.o)
    0x08000694   0x08000694   0x0000001a   Code   RO         3126    .text               cpprt_w.l(arm_exceptions_terminate.o)
    0x080006ae   0x080006ae   0x00000002   PAD
    0x080006b0   0x080006b0   0x00000050   Code   RO         3133    .text               cpprt_w.l(arm_exceptions_globs.o)
    0x08000700   0x08000700   0x0000004a   Code   RO         3145    .text               c_w.l(sys_stackheap_outer.o)
    0x0800074a   0x0800074a   0x00000002   PAD
    0x0800074c   0x0800074c   0x00000008   Code   RO         3150    .text               c_w.l(rt_eh_globals_addr_intlibspace.o)
    0x08000754   0x08000754   0x00000034   Code   RO         3156    .text               c_w.l(h1_extend.o)
    0x08000788   0x08000788   0x00000012   Code   RO         3160    .text               c_w.l(exit.o)
    0x0800079a   0x0800079a   0x00000016   Code   RO         3162    .text               c_w.l(abort.o)
    0x080007b0   0x080007b0   0x0000000e   Code   RO         3168    .text               c_w.l(defsig_rtmem_outer.o)
    0x080007be   0x080007be   0x0000003c   Code   RO         3188    .text               cpprt_w.l(arm_exceptions_mem.o)
    0x080007fa   0x080007fa   0x00000002   PAD
    0x080007fc   0x080007fc   0x0000000c   Code   RO         3200    .text               c_w.l(sys_exit.o)
    0x08000808   0x08000808   0x00000002   Code   RO         3202    .text               c_w.l(use_no_semi.o)
    0x0800080a   0x0800080a   0x00000000   Code   RO         3204    .text               c_w.l(indicate_semi.o)
    0x0800080a   0x0800080a   0x0000000a   Code   RO         3213    .text               c_w.l(defsig_exit.o)
    0x08000814   0x08000814   0x0000000e   Code   RO         3215    .text               c_w.l(defsig_abrt_outer.o)
    0x08000822   0x08000822   0x00000002   PAD
    0x08000824   0x08000824   0x00000050   Code   RO         3221    .text               c_w.l(defsig_rtmem_inner.o)
    0x08000874   0x08000874   0x00000032   Code   RO         3238    .text               c_w.l(defsig_general.o)
    0x080008a6   0x080008a6   0x00000002   PAD
    0x080008a8   0x080008a8   0x00000030   Code   RO         3240    .text               c_w.l(defsig_abrt_inner.o)
    0x080008d8   0x080008d8   0x0000000e   Code   RO         3258    .text               c_w.l(sys_wrch.o)
    0x080008e6   0x080008e6   0x00000006   Code   RO         1861    i.SPI1_IRQHandler   stm32f407_spi.o
    0x080008ec   0x080008ec   0x00000006   Code   RO         1862    i.SPI2_IRQHandler   stm32f407_spi.o
    0x080008f2   0x080008f2   0x00000006   Code   RO         1863    i.SPI3_IRQHandler   stm32f407_spi.o
    0x080008f8   0x080008f8   0x0000005c   Code   RO            5    i.SystemInit        system_stm32f4xx.o
    0x08000954   0x08000954   0x00000024   Code   RO         1955    i.TIM7_IRQHandler   stm32f407_sysfunc.o
    0x08000978   0x08000978   0x00000006   Code   RO         2029    i.UART4_IRQHandler  stm32f407_uart.o
    0x0800097e   0x0800097e   0x00000006   Code   RO         2030    i.UART5_IRQHandler  stm32f407_uart.o
    0x08000984   0x08000984   0x00000006   Code   RO         2031    i.USART1_IRQHandler  stm32f407_uart.o
    0x0800098a   0x0800098a   0x00000006   Code   RO         2032    i.USART2_IRQHandler  stm32f407_uart.o
    0x08000990   0x08000990   0x00000006   Code   RO         2033    i.USART3_IRQHandler  stm32f407_uart.o
    0x08000996   0x08000996   0x00000006   Code   RO         2034    i.USART6_IRQHandler  stm32f407_uart.o
    0x0800099c   0x0800099c   0x00000034   Code   RO           70    i._Z10drawStringR7SSD1306Pcjj  main.o
    0x080009d0   0x080009d0   0x000000b8   Code   RO            6    i._Z11SetSysClockv  system_stm32f4xx.o
    0x08000a88   0x08000a88   0x00000016   Code   RO         1956    i._Z11delayMicrosj  stm32f407_sysfunc.o
    0x08000a9e   0x08000a9e   0x00000002   PAD
    0x08000aa0   0x08000aa0   0x00000094   Code   RO         2035    i._Z11tryTransmitj  stm32f407_uart.o
    0x08000b34   0x08000b34   0x00000010   Code   RO           72    i._Z12clb_imuCalibv  main.o
    0x08000b44   0x08000b44   0x0000000c   Code   RO           73    i._Z12clb_imuSetupv  main.o
    0x08000b50   0x08000b50   0x0000044c   Code   RO           74    i._Z12setupScreensv  main.o
    0x08000f9c   0x08000f9c   0x00000020   Code   RO         2036    i._Z12writeStrUARTjPc  stm32f407_uart.o
    0x08000fbc   0x08000fbc   0x00000018   Code   RO         2037    i._Z13UARTAvailablej  stm32f407_uart.o
    0x08000fd4   0x08000fd4   0x00000010   Code   RO           76    i._Z13clb_doNothingv  main.o
    0x08000fe4   0x08000fe4   0x00000004   Code   RO           77    i._Z13symbolToIndexc  main.o
    0x08000fe8   0x08000fe8   0x00000016   Code   RO         1867    i._Z14NVIC_EnableIRQ4IRQn  stm32f407_spi.o
    0x08000ffe   0x08000ffe   0x00000016   Code   RO         2038    i._Z14NVIC_EnableIRQ4IRQn  stm32f407_uart.o
    0x08001014   0x08001014   0x0000000c   Code   RO           78    i._Z15clb_dribblerOffv  main.o
    0x08001020   0x08001020   0x00000010   Code   RO           80    i._Z16clb_dribblerInOnv  main.o
    0x08001030   0x08001030   0x00000010   Code   RO           81    i._Z16clb_kickStraightv  main.o
    0x08001040   0x08001040   0x0000005c   Code   RO           82    i._Z16clb_screenToGamev  main.o
    0x0800109c   0x0800109c   0x0000002c   Code   RO           83    i._Z16clb_screenToMainv  main.o
    0x080010c8   0x080010c8   0x0000000c   Code   RO           85    i._Z17clb_dribblerOutOnv  main.o
    0x080010d4   0x080010d4   0x00000010   Code   RO           88    i._Z17clb_screenToEmptyv  main.o
    0x080010e4   0x080010e4   0x0000000c   Code   RO           89    i._Z18clb_endLightsCalibv  main.o
    0x080010f0   0x080010f0   0x00000018   Code   RO           90    i._Z18clb_screenToKickerv  main.o
    0x08001108   0x08001108   0x00000040   Code   RO         1868    i._Z19SPIInterruptHandlerj  stm32f407_spi.o
    0x08001148   0x08001148   0x00000014   Code   RO           91    i._Z19clb_toBatteryScreenv  main.o
    0x0800115c   0x0800115c   0x0000000c   Code   RO           92    i._Z19clb_turnOnBackLightv  main.o
    0x08001168   0x08001168   0x00000098   Code   RO         2041    i._Z20UARTInterruptHandlerj  stm32f407_uart.o
    0x08001200   0x08001200   0x0000000c   Code   RO           93    i._Z20clb_beginLightsCalibv  main.o
    0x0800120c   0x0800120c   0x00000018   Code   RO           94    i._Z20clb_screenToDribblerv  main.o
    0x08001224   0x08001224   0x0000000c   Code   RO           95    i._Z20clb_turnOffBackLightv  main.o
    0x08001230   0x08001230   0x00000024   Code   RO           96    i._Z21clb_screenToDebugDatav  main.o
    0x08001254   0x08001254   0x00000018   Code   RO           97    i._Z24clb_screenToCalibrationsv  main.o
    0x0800126c   0x0800126c   0x00000018   Code   RO           98    i._Z35clb_screenToLightSensorsCalibrationv  main.o
    0x08001284   0x08001284   0x00000016   Code   RO         1957    i._Z5delayj         stm32f407_sysfunc.o
    0x0800129a   0x0800129a   0x00000002   PAD
    0x0800129c   0x0800129c   0x00000020   Code   RO         1958    i._Z6microsv        stm32f407_sysfunc.o
    0x080012bc   0x080012bc   0x0000000c   Code   RO         1959    i._Z6millisv        stm32f407_sysfunc.o
    0x080012c8   0x080012c8   0x000000c4   Code   RO          100    i._Z6rotateSt4pairIddEd  main.o
    0x0800138c   0x0800138c   0x00000018   Code   RO         1144    i._Z6setPinP12GPIO_TypeDeftb  main.o
    0x080013a4   0x080013a4   0x00000048   Code   RO          993    i._Z6setPintb       main.o
    0x080013ec   0x080013ec   0x0000018c   Code   RO         1707    i._Z7initPinP12GPIO_TypeDefthhh  stm32f407_pin.o
    0x08001578   0x08001578   0x00000074   Code   RO          986    i._Z7initPinthhh    main.o
    0x080015ec   0x080015ec   0x000000e0   Code   RO         1960    i._Z7initRCCv       stm32f407_sysfunc.o
    0x080016cc   0x080016cc   0x00000238   Code   RO         1869    i._Z7initSPIjbhtiiii  stm32f407_spi.o
    0x08001904   0x08001904   0x00000012   Code   RO         1150    i._Z7readPinP12GPIO_TypeDeft  main.o
    0x08001916   0x08001916   0x00000002   PAD
    0x08001918   0x08001918   0x000000d4   Code   RO          101    i._Z8drawCharR7SSD1306cjj  main.o
    0x080019ec   0x080019ec   0x0000038c   Code   RO         2042    i._Z8initUARTjjhfhj  stm32f407_uart.o
    0x08001d78   0x08001d78   0x00000030   Code   RO         2043    i._Z8readUARTj      stm32f407_uart.o
    0x08001da8   0x08001da8   0x00000070   Code   RO         1961    i._Z8sysStartv      stm32f407_sysfunc.o
    0x08001e18   0x08001e18   0x00000038   Code   RO         1870    i._Z8writeSPIjt     stm32f407_spi.o
    0x08001e50   0x08001e50   0x00000010   Code   RO          102    i._Z9clb_kick1v     main.o
    0x08001e60   0x08001e60   0x00000010   Code   RO          103    i._Z9clb_kick2v     main.o
    0x08001e70   0x08001e70   0x0000010c   Code   RO         2045    i._Z9printUARTjd    stm32f407_uart.o
    0x08001f7c   0x08001f7c   0x00000004   Code   RO         2047    i._Z9printUARTji    stm32f407_uart.o
    0x08001f80   0x08001f80   0x00000020   Code   RO         2049    i._Z9printUARTjl    stm32f407_uart.o
    0x08001fa0   0x08001fa0   0x00000074   Code   RO         2050    i._Z9printUARTjm    stm32f407_uart.o
    0x08002014   0x08002014   0x00000024   Code   RO         2051    i._Z9writeUARTjc    stm32f407_uart.o
    0x08002038   0x08002038   0x00000048   Code   RO          106    i._ZN10BallSensor4initEP6PL_ADCtt  main.o
    0x08002080   0x08002080   0x00000012   Code   RO          107    i._ZN10BallSensor6turnOnEv  main.o
    0x08002092   0x08002092   0x0000003e   Code   RO          108    i._ZN10BallSensor6updateEv  main.o
    0x080020d0   0x080020d0   0x00000004   Code   RO          110    i._ZN10BallSensor8getValueEv  main.o
    0x080020d4   0x080020d4   0x00000240   Code   RO         1132    i._ZN10Functional7posCalcEv  main.o
    0x08002314   0x08002314   0x00000608   Code   RO         1126    i._ZN10Functional9strategy2Ev  main.o
    0x0800291c   0x0800291c   0x000000f8   Code   RO         1180    i._ZN11FieldObject6updateESt4pairIddES1_jt  main.o
    0x08002a14   0x08002a14   0x00000080   Code   RO         1228    i._ZN11FieldObjectC1Ev  main.o
    0x08002a94   0x08002a94   0x00000006   Code   RO          111    i._ZN11LineSensors13turnOnSensorsEv  main.o
    0x08002a9a   0x08002a9a   0x00000006   Code   RO          112    i._ZN11LineSensors14turnOffSensorsEv  main.o
    0x08002aa0   0x08002aa0   0x00000006   Code   RO          113    i._ZN11LineSensors18endLineCalibrationEv  main.o
    0x08002aa6   0x08002aa6   0x00000006   Code   RO          114    i._ZN11LineSensors20beginLineCalibrationEv  main.o
    0x08002aac   0x08002aac   0x00000024   Code   RO          115    i._ZN11LineSensors4initEjt  main.o
    0x08002ad0   0x08002ad0   0x00000034   Code   RO          116    i._ZN11LineSensors6updateEv  main.o
    0x08002b04   0x08002b04   0x00000004   Code   RO          117    i._ZN11LineSensors7getLineEv  main.o
    0x08002b08   0x08002b08   0x0000002c   Code   RO         1234    i._ZN12CameraObjectC1Ev  main.o
    0x08002b34   0x08002b34   0x0000006e   Code   RO          120    i._ZN12KickerModule4initEtttt  main.o
    0x08002ba2   0x08002ba2   0x00000082   Code   RO          121    i._ZN12KickerModule4kickEbb  main.o
    0x08002c24   0x08002c24   0x00000008   Code   RO          122    i._ZN12MotorDrivers11setDribblerEi  main.o
    0x08002c2c   0x08002c2c   0x0000001c   Code   RO          123    i._ZN12MotorDrivers12enableMotorsEv  main.o
    0x08002c48   0x08002c48   0x0000001c   Code   RO          124    i._ZN12MotorDrivers13disableMotorsEv  main.o
    0x08002c64   0x08002c64   0x0000001c   Code   RO          125    i._ZN12MotorDrivers14attemptCurrentEv  main.o
    0x08002c80   0x08002c80   0x00000090   Code   RO          126    i._ZN12MotorDrivers4initEjhjhjhjhjh  main.o
    0x08002d10   0x08002d10   0x0000014c   Code   RO          127    i._ZN12MotorDrivers6updateEv  main.o
    0x08002e5c   0x08002e5c   0x0000002a   Code   RO          128    i._ZN12MotorDrivers8setMotorEii  main.o
    0x08002e86   0x08002e86   0x00000038   Code   RO          129    i._ZN12MotorDrivers9setMotorsEiiii  main.o
    0x08002ebe   0x08002ebe   0x0000001e   Code   RO          130    i._ZN12MotorDrivers9setMotorsEiiiii  main.o
    0x08002edc   0x08002edc   0x00000004   Code   RO          134    i._ZN14BaseFunctional13getRobotClassEv  main.o
    0x08002ee0   0x08002ee0   0x000000d8   Code   RO          135    i._ZN14BaseFunctional14genATMVecFieldEss  main.o
    0x08002fb8   0x08002fb8   0x000000e0   Code   RO          136    i._ZN14BaseFunctional17genVTMGlobalPointESt4pairIssES1_d  main.o
    0x08003098   0x08003098   0x000000a0   Code   RO          138    i._ZN14BaseFunctional5move2E12VectorToMoved  main.o
    0x08003138   0x08003138   0x00000014   Code   RO          141    i._ZN3IMU12setZeroAngleEv  main.o
    0x0800314c   0x0800314c   0x00000006   Code   RO          142    i._ZN3IMU20updateAnglesFromFIFOEv  main.o
    0x08003152   0x08003152   0x00000002   PAD
    0x08003154   0x08003154   0x00000054   Code   RO          143    i._ZN3IMU4initEjtt  main.o
    0x080031a8   0x080031a8   0x00000022   Code   RO          150    i._ZN3IMU6turnOnEv  main.o
    0x080031ca   0x080031ca   0x00000002   PAD
    0x080031cc   0x080031cc   0x000000a8   Code   RO          151    i._ZN3IMU6updateEv  main.o
    0x08003274   0x08003274   0x00000094   Code   RO          153    i._ZN3IMU8getAngleEv  main.o
    0x08003308   0x08003308   0x00000006   Code   RO          154    i._ZN3IMU9calibrateEj  main.o
    0x0800330e   0x0800330e   0x00000008   Code   RO          155    i._ZN5Robot10switch5vOnEv  main.o
    0x08003316   0x08003316   0x00000002   PAD
    0x08003318   0x08003318   0x0000014c   Code   RO          156    i._ZN5Robot10updateMenuEv  main.o
    0x08003464   0x08003464   0x00000008   Code   RO          157    i._ZN5Robot11switch5vOffEv  main.o
    0x0800346c   0x0800346c   0x00000040   Code   RO          158    i._ZN5Robot12handleErrorsEv  main.o
    0x080034ac   0x080034ac   0x0000003a   Code   RO          159    i._ZN5Robot12setPlayStateEb  main.o
    0x080034e6   0x080034e6   0x00000008   Code   RO          160    i._ZN5Robot12swithPowerOnEv  main.o
    0x080034ee   0x080034ee   0x00000002   PAD
    0x080034f0   0x080034f0   0x000001d4   Code   RO          162    i._ZN5Robot13updateSelfPosESt4pairIddES1_  main.o
    0x080036c4   0x080036c4   0x00000014   Code   RO          163    i._ZN5Robot15changePlayStateEv  main.o
    0x080036d8   0x080036d8   0x00000008   Code   RO          164    i._ZN5Robot4getVEv  main.o
    0x080036e0   0x080036e0   0x00000274   Code   RO          165    i._ZN5Robot4initEv  main.o
    0x08003954   0x08003954   0x00000748   Code   RO          166    i._ZN5Robot4moveEddddd  main.o
    0x0800409c   0x0800409c   0x00000118   Code   RO          167    i._ZN5Robot4waitEj  main.o
    0x080041b4   0x080041b4   0x00000008   Code   RO          168    i._ZN5Robot6getPosEv  main.o
    0x080041bc   0x080041bc   0x00000042   Code   RO          169    i._ZN5Robot8initLEDsEv  main.o
    0x080041fe   0x080041fe   0x00000002   PAD
    0x08004200   0x08004200   0x00000020   Code   RO          170    i._ZN5Robot9logErrorsEv  main.o
    0x08004220   0x08004220   0x00000006   Code   RO          171    i._ZN5Robot9playStateEv  main.o
    0x08004226   0x08004226   0x00000002   PAD
    0x08004228   0x08004228   0x00000194   Code   RO          172    i._ZN6Border7dempherESt4pairIssER12VectorToMove  main.o
    0x080043bc   0x080043bc   0x00000014   Code   RO         1240    i._ZN6BorderC1Eccssss  main.o
    0x080043d0   0x080043d0   0x00000020   Code   RO          173    i._ZN6Camera4initEjt  main.o
    0x080043f0   0x080043f0   0x00000130   Code   RO          174    i._ZN6Camera6updateEv  main.o
    0x08004520   0x08004520   0x0000002c   Code   RO          175    i._ZN6CameraC1Ev    main.o
    0x0800454c   0x0800454c   0x000000a4   Code   RO          177    i._ZN6Driver11setVelocityEi  main.o
    0x080045f0   0x080045f0   0x00000064   Code   RO          178    i._ZN6Driver13updateFromRegEv  main.o
    0x08004654   0x08004654   0x00000010   Code   RO          179    i._ZN6Driver14attemptCurrentEv  main.o
    0x08004664   0x08004664   0x00000024   Code   RO          181    i._ZN6Driver14enableFloatingEv  main.o
    0x08004688   0x08004688   0x00000024   Code   RO          183    i._ZN6Driver15disableFloatingEv  main.o
    0x080046ac   0x080046ac   0x00000006   Code   RO          184    i._ZN6Driver4initEcc  main.o
    0x080046b2   0x080046b2   0x00000002   PAD
    0x080046b4   0x080046b4   0x00000068   Code   RO          185    i._ZN6Driver5writeEPccc  main.o
    0x0800471c   0x0800471c   0x00000034   Code   RO          187    i._ZN6DriverC1Ev    main.o
    0x08004750   0x08004750   0x0000000a   Code   RO         1744    i._ZN6PL_ADC10waitUpdateEv  stm32f407_adc.o
    0x0800475a   0x0800475a   0x00000002   PAD
    0x0800475c   0x0800475c   0x000000c4   Code   RO         1745    i._ZN6PL_ADC3addEa  stm32f407_adc.o
    0x08004820   0x08004820   0x0000007c   Code   RO         1746    i._ZN6PL_ADC4initEv  stm32f407_adc.o
    0x0800489c   0x0800489c   0x0000004a   Code   RO         1747    i._ZN6PL_ADC4readEab  stm32f407_adc.o
    0x080048e6   0x080048e6   0x00000016   Code   RO         1749    i._ZN6PL_ADC5startEv  stm32f407_adc.o
    0x080048fc   0x080048fc   0x00000040   Code   RO         1750    i._ZN6PL_ADCC1EP11ADC_TypeDef  stm32f407_adc.o
    0x0800493c   0x0800493c   0x00000024   Code   RO         1216    i._ZN6ScreenC1Ev    main.o
    0x08004960   0x08004960   0x00000006   Code   RO          188    i._ZN7Battery10getVoltageEv  main.o
    0x08004966   0x08004966   0x00000006   Code   RO          189    i._ZN7Battery13getPercentageEv  main.o
    0x0800496c   0x0800496c   0x0000000a   Code   RO          190    i._ZN7Battery14getCellVoltageEi  main.o
    0x08004976   0x08004976   0x00000002   PAD
    0x08004978   0x08004978   0x0000009c   Code   RO          191    i._ZN7Battery4initEP6PL_ADCtttt  main.o
    0x08004a14   0x08004a14   0x0000015c   Code   RO          192    i._ZN7Battery6updateEv  main.o
    0x08004b70   0x08004b70   0x0000002e   Code   RO          193    i._ZN7Battery8readCellEi  main.o
    0x08004b9e   0x08004b9e   0x0000000c   Code   RO          194    i._ZN7Buttons10setChangedEib  main.o
    0x08004baa   0x08004baa   0x0000000a   Code   RO         1222    i._ZN7Buttons12ButtonStructC1Ev  main.o
    0x08004bb4   0x08004bb4   0x00000034   Code   RO          195    i._ZN7Buttons4initEtttt  main.o
    0x08004be8   0x08004be8   0x00000016   Code   RO          196    i._ZN7Buttons6enableEv  main.o
    0x08004bfe   0x08004bfe   0x00000002   PAD
    0x08004c00   0x08004c00   0x00000088   Code   RO          197    i._ZN7Buttons6updateEv  main.o
    0x08004c88   0x08004c88   0x00000016   Code   RO          198    i._ZN7Buttons7disableEv  main.o
    0x08004c9e   0x08004c9e   0x0000001e   Code   RO          199    i._ZN7Buttons9isChangedEib  main.o
    0x08004cbc   0x08004cbc   0x0000000c   Code   RO          200    i._ZN7Buttons9isPressedEi  main.o
    0x08004cc8   0x08004cc8   0x00000006   Code   RO         1246    i._ZN7CommandC1Ev   main.o
    0x08004cce   0x08004cce   0x00000038   Code   RO         1210    i._ZN7Display11addToScreenE7Command  main.o
    0x08004d06   0x08004d06   0x00000004   Code   RO          201    i._ZN7Display5printEPcii  main.o
    0x08004d0a   0x08004d0a   0x00000010   Code   RO          202    i._ZN7Display5printEdiii  main.o
    0x08004d1a   0x08004d1a   0x00000010   Code   RO          204    i._ZN7Display5printEiiii  main.o
    0x08004d2a   0x08004d2a   0x00000010   Code   RO          205    i._ZN7Display5printEjiii  main.o
    0x08004d3a   0x08004d3a   0x0000002e   Code   RO         1204    i._ZN7Display6addEscE7Command  main.o
    0x08004d68   0x08004d68   0x00000034   Code   RO         2221    i._ZN7SSD130615ssd1306_commandEh  ssd1306.o
    0x08004d9c   0x08004d9c   0x00000174   Code   RO         2228    i._ZN7SSD13065beginEhb  ssd1306.o
    0x08004f10   0x08004f10   0x00000010   Code   RO         2229    i._ZN7SSD13065clearEv  ssd1306.o
    0x08004f20   0x08004f20   0x00000010   Code   RO         2230    i._ZN7SSD13066invertEh  ssd1306.o
    0x08004f30   0x08004f30   0x00000074   Code   RO         2231    i._ZN7SSD13067displayEPh  ssd1306.o
    0x08004fa4   0x08004fa4   0x00000078   Code   RO         2232    i._ZN7SSD13067displayEv  ssd1306.o
    0x0800501c   0x0800501c   0x00000008   Code   RO         2233    i._ZN7SSD13068switchOnEv  ssd1306.o
    0x08005024   0x08005024   0x000000a4   Code   RO         2234    i._ZN7SSD13069drawPixelEsst  ssd1306.o
    0x080050c8   0x080050c8   0x00000044   Code   RO         2236    i._ZN7SSD1306C1Ejtttttt  ssd1306.o
    0x0800510c   0x0800510c   0x0000000c   Code   RO         2237    i._ZN7SSD1306C1Ev   ssd1306.o
    0x08005118   0x08005118   0x0000002e   Code   RO         2395    i._ZN7mpu925012readFIFOsizeEv  mpu9250.o
    0x08005146   0x08005146   0x00000058   Code   RO         2396    i._ZN7mpu925012setAccOffsetEiii  mpu9250.o
    0x0800519e   0x0800519e   0x00000002   PAD
    0x080051a0   0x080051a0   0x0000027c   Code   RO         2397    i._ZN7mpu925012updateAnglesEdb  mpu9250.o
    0x0800541c   0x0800541c   0x00000052   Code   RO         2398    i._ZN7mpu925013setGyroOffsetEiii  mpu9250.o
    0x0800546e   0x0800546e   0x00000002   PAD
    0x08005470   0x08005470   0x00000040   Code   RO         2399    i._ZN7mpu925020updateAnglesFromFIFOEv  mpu9250.o
    0x080054b0   0x080054b0   0x00000852   Code   RO         2400    i._ZN7mpu925021MadgwickAHRSupdateIMUEd  mpu9250.o
    0x08005d02   0x08005d02   0x00000002   PAD
    0x08005d04   0x08005d04   0x00000014   Code   RO         2539    i._ZN7mpu92507convertEth  mpu9250.o
    0x08005d18   0x08005d18   0x0000029c   Code   RO         2408    i._ZN7mpu92507initIMUEji  mpu9250.o
    0x08005fb4   0x08005fb4   0x0000002c   Code   RO         2409    i._ZN7mpu92507invSqrtEf  mpu9250.o
    0x08005fe0   0x08005fe0   0x000000ac   Code   RO         2410    i._ZN7mpu92507readAccEv  mpu9250.o
    0x0800608c   0x0800608c   0x0000005a   Code   RO         2411    i._ZN7mpu92507readRegEiPii  mpu9250.o
    0x080060e6   0x080060e6   0x000000ac   Code   RO         2413    i._ZN7mpu92508readGyroEv  mpu9250.o
    0x08006192   0x08006192   0x00000032   Code   RO         2415    i._ZN7mpu92508writeRegEih  mpu9250.o
    0x080061c4   0x080061c4   0x000000dc   Code   RO         2416    i._ZN7mpu92509calibrateEi  mpu9250.o
    0x080062a0   0x080062a0   0x00000048   Code   RO          208    i._ZN9PairSaver3addESt4pairIddEj  main.o
    0x080062e8   0x080062e8   0x00000050   Code   RO          209    i._ZN9PairSaver3popEj  main.o
    0x08006338   0x08006338   0x00000012   Code   RO          210    i._ZN9PairSaver4incPERh  main.o
    0x0800634a   0x0800634a   0x00000002   PAD
    0x0800634c   0x0800634c   0x00000054   Code   RO         1138    i._ZN9PairSaverC1Ev  main.o
    0x080063a0   0x080063a0   0x00000004   Code   RO         1162    i._ZSt3absd         main.o
    0x080063a4   0x080063a4   0x00000008   Code   RO         2577    i._ZdlPv            cpprt_w.l(delete.o)
    0x080063ac   0x080063ac   0x00000008   Code   RO         2573    i._Znaj             cpprt_w.l(array_new.o)
    0x080063b4   0x080063b4   0x00000028   Code   RO         2580    i._Znwj             cpprt_w.l(new.o)
    0x080063dc   0x080063dc   0x00000030   Code   RO         3038    i.__ARM_fpclassify  m_wm.l(fpclassify.o)
    0x0800640c   0x0800640c   0x00000024   Code   RO         2696    i.__aeabi_vec_ctor_nocookie_nodtor  cpprt_w.l(aeabi_vec_ctor_nocookie_nodtor.o)
    0x08006430   0x08006430   0x00000010   Code   RO         2584    i.__cxa_guard_acquire  cpprt_w.l(cxa_guard_acquire.o)
    0x08006440   0x08006440   0x00000360   Code   RO         2751    i.__hardfp_asin     m_wm.l(asin.o)
    0x080067a0   0x080067a0   0x000002d8   Code   RO         3007    i.__hardfp_atan     m_wm.l(atan.o)
    0x08006a78   0x08006a78   0x000001f0   Code   RO         2765    i.__hardfp_atan2    m_wm.l(atan2.o)
    0x08006c68   0x08006c68   0x0000006c   Code   RO         2777    i.__hardfp_ceilf    m_wm.l(ceilf.o)
    0x08006cd4   0x08006cd4   0x00000004   PAD
    0x08006cd8   0x08006cd8   0x000000c8   Code   RO         2783    i.__hardfp_cos      m_wm.l(cos.o)
    0x08006da0   0x08006da0   0x00000014   Code   RO         2795    i.__hardfp_fabs     m_wm.l(fabs.o)
    0x08006db4   0x08006db4   0x00000004   PAD
    0x08006db8   0x08006db8   0x00000c50   Code   RO         2801    i.__hardfp_pow      m_wm.l(pow.o)
    0x08007a08   0x08007a08   0x000000c8   Code   RO         2815    i.__hardfp_sin      m_wm.l(sin.o)
    0x08007ad0   0x08007ad0   0x0000007a   Code   RO         2827    i.__hardfp_sqrt     m_wm.l(sqrt.o)
    0x08007b4a   0x08007b4a   0x00000006   PAD
    0x08007b50   0x08007b50   0x00000438   Code   RO         3043    i.__ieee754_rem_pio2  m_wm.l(rred.o)
    0x08007f88   0x08007f88   0x00000170   Code   RO         3021    i.__kernel_cos      m_wm.l(cos_i.o)
    0x080080f8   0x080080f8   0x000000f8   Code   RO         3040    i.__kernel_poly     m_wm.l(poly.o)
    0x080081f0   0x080081f0   0x00000130   Code   RO         3048    i.__kernel_sin      m_wm.l(sin_i.o)
    0x08008320   0x08008320   0x00000030   Code   RO         3024    i.__mathlib_dbl_divzero  m_wm.l(dunder.o)
    0x08008350   0x08008350   0x00000014   Code   RO         3025    i.__mathlib_dbl_infnan  m_wm.l(dunder.o)
    0x08008364   0x08008364   0x00000014   Code   RO         3026    i.__mathlib_dbl_infnan2  m_wm.l(dunder.o)
    0x08008378   0x08008378   0x00000020   Code   RO         3027    i.__mathlib_dbl_invalid  m_wm.l(dunder.o)
    0x08008398   0x08008398   0x00000020   Code   RO         3028    i.__mathlib_dbl_overflow  m_wm.l(dunder.o)
    0x080083b8   0x080083b8   0x00000020   Code   RO         3030    i.__mathlib_dbl_underflow  m_wm.l(dunder.o)
    0x080083d8   0x080083d8   0x00000254   Code   RO          211    i.__sti___8_main_cpp_48fb3d7c  main.o
    0x0800862c   0x0800862c   0x00000010   Code   RO         3009    i.atan              m_wm.l(atan.o)
    0x0800863c   0x0800863c   0x00000018   Code   RO         2797    i.fabs              m_wm.l(fabs.o)
    0x08008654   0x08008654   0x00000484   Code   RO          212    i.main              main.o
    0x08008ad8   0x08008ad8   0x0000006e   Code   RO         2829    i.sqrt              m_wm.l(sqrt.o)
    0x08008b46   0x08008b46   0x00000002   PAD
    0x08008b48   0x08008b48   0x00000060   Code   RO         1119    t._Z3sgnIdET_S0_    main.o
    0x08008ba8   0x08008ba8   0x00000034   Code   RO         1007    t._Z4crc8IcET_PS0_i  main.o
    0x08008bdc   0x08008bdc   0x00000034   Code   RO         1000    t._Z4crc8IhET_PS0_i  main.o
    0x08008c10   0x08008c10   0x00000030   Code   RO         1014    t._Z4crc8IiET_PS0_i  main.o
    0x08008c40   0x08008c40   0x0000003c   Code   RO         1112    t._Z4min2IdET_S0_S0_  main.o
    0x08008c7c   0x08008c7c   0x00000008   Code   RO         1021    t._Z4min2IiET_S0_S0_  main.o
    0x08008c84   0x08008c84   0x00000224   Code   RO         1084    t._Z7toPrintIdEPcT_s  main.o
    0x08008ea8   0x08008ea8   0x00000116   Code   RO         1028    t._Z7toPrintIiEPcT_s  main.o
    0x08008fbe   0x08008fbe   0x00000108   Code   RO         1042    t._Z7toPrintIjEPcT_s  main.o
    0x080090c6   0x080090c6   0x00000028   Code   RO         1091    t._Z8printTmlIdEvR7SSD1306T_iii  main.o
    0x080090ee   0x080090ee   0x0000002a   Code   RO         1035    t._Z8printTmlIiEvR7SSD1306T_iii  main.o
    0x08009118   0x08009118   0x0000002a   Code   RO         1049    t._Z8printTmlIjEvR7SSD1306T_iii  main.o
    0x08009142   0x08009142   0x0000000c   Code   RO         1192    t._ZNSt4pairIS_IddEjEC1Ev  main.o
    0x0800914e   0x0800914e   0x00000012   Code   RO         1168    t._ZNSt4pairIddEC1ERKS0_  main.o
    0x08009160   0x08009160   0x00000018   Code   RO         1156    t._ZNSt4pairIddEC1Ev  main.o
    0x08009178   0x08009178   0x0000001e   Code   RO         1186    t._ZNSt4pairIddEC1IiiEERKS_IT_T0_E  main.o
    0x08009196   0x08009196   0x00000008   Code   RO         1198    t._ZNSt4pairIiiEC1Ev  main.o
    0x0800919e   0x0800919e   0x00000026   Code   RO         1174    t._ZNSt4pairIssEC1IddEERKS_IT_T0_E  main.o
    0x080091c4   0x080091c4   0x00000018   Code   RO         2699    x$fpl$basic         fz_wm.l(basic.o)
    0x080091dc   0x080091dc   0x00000062   Code   RO         2701    x$fpl$d2f           fz_wm.l(d2f.o)
    0x0800923e   0x0800923e   0x00000002   PAD
    0x08009240   0x08009240   0x00000150   Code   RO         2703    x$fpl$dadd          fz_wm.l(daddsub_clz.o)
    0x08009390   0x08009390   0x00000010   Code   RO         3139    x$fpl$dcheck1       fz_wm.l(dcheck1.o)
    0x080093a0   0x080093a0   0x00000018   Code   RO         2992    x$fpl$dcmpinf       fz_wm.l(dcmpi.o)
    0x080093b8   0x080093b8   0x000002b0   Code   RO         2710    x$fpl$ddiv          fz_wm.l(ddiv.o)
    0x08009668   0x08009668   0x00000078   Code   RO         2713    x$fpl$deqf          fz_wm.l(deqf.o)
    0x080096e0   0x080096e0   0x0000005e   Code   RO         2715    x$fpl$dfix          fz_wm.l(dfix.o)
    0x0800973e   0x0800973e   0x00000002   PAD
    0x08009740   0x08009740   0x0000005a   Code   RO         2723    x$fpl$dfixu         fz_wm.l(dfixu.o)
    0x0800979a   0x0800979a   0x0000002e   Code   RO         2728    x$fpl$dflt          fz_wm.l(dflt_clz.o)
    0x080097c8   0x080097c8   0x000000a2   Code   RO         2733    x$fpl$dfltll        fz_wm.l(dfltll_clz.o)
    0x0800986a   0x0800986a   0x00000026   Code   RO         2727    x$fpl$dfltu         fz_wm.l(dflt_clz.o)
    0x08009890   0x08009890   0x00000078   Code   RO         2737    x$fpl$dleqf         fz_wm.l(dleqf.o)
    0x08009908   0x08009908   0x00000154   Code   RO         2739    x$fpl$dmul          fz_wm.l(dmul.o)
    0x08009a5c   0x08009a5c   0x0000009c   Code   RO         2994    x$fpl$dnaninf       fz_wm.l(dnaninf.o)
    0x08009af8   0x08009af8   0x0000000c   Code   RO         2996    x$fpl$dretinf       fz_wm.l(dretinf.o)
    0x08009b04   0x08009b04   0x0000006c   Code   RO         2741    x$fpl$drleqf        fz_wm.l(drleqf.o)
    0x08009b70   0x08009b70   0x00000016   Code   RO         2704    x$fpl$drsb          fz_wm.l(daddsub_clz.o)
    0x08009b86   0x08009b86   0x00000002   PAD
    0x08009b88   0x08009b88   0x00000198   Code   RO         2998    x$fpl$dsqrt         fz_wm.l(dsqrt_umaal.o)
    0x08009d20   0x08009d20   0x000001d4   Code   RO         2705    x$fpl$dsub          fz_wm.l(daddsub_clz.o)
    0x08009ef4   0x08009ef4   0x00000056   Code   RO         2743    x$fpl$f2d           fz_wm.l(f2d.o)
    0x08009f4a   0x08009f4a   0x0000008c   Code   RO         3000    x$fpl$fnaninf       fz_wm.l(fnaninf.o)
    0x08009fd6   0x08009fd6   0x0000000a   Code   RO         3141    x$fpl$fpinit        fz_wm.l(fpinit.o)
    0x08009fe0   0x08009fe0   0x0000000a   Code   RO         3002    x$fpl$fretinf       fz_wm.l(fretinf.o)
    0x08009fea   0x08009fea   0x00000002   PAD
    0x08009fec   0x08009fec   0x000000c2   Code   RO         2719    x$fpl$llsfromd      fz_wm.l(dfixll.o)
    0x0800a0ae   0x0800a0ae   0x00000064   Code   RO         3198    x$fpl$retnan        fz_wm.l(retnan.o)
    0x0800a112   0x0800a112   0x0000005c   Code   RO         3004    x$fpl$scalbn        fz_wm.l(scalbn.o)
    0x0800a16e   0x0800a16e   0x00000030   Code   RO         3223    x$fpl$trapveneer    fz_wm.l(trapv.o)
    0x0800a19e   0x0800a19e   0x00000000   Code   RO         3006    x$fpl$usenofp       fz_wm.l(usenofp.o)
    0x0800a19e   0x0800a19e   0x00000002   PAD
    0x0800a1a0   0x0800a1a0   0x00000790   Data   RO          357    .constdata          main.o
    0x0800a930   0x0800a930   0x00000010   Data   RO         1758    .constdata          stm32f407_adc.o
    0x0800a940   0x0800a940   0x00000050   Data   RO         2754    .constdata          m_wm.l(asin.o)
    0x0800a990   0x0800a990   0x00000088   Data   RO         2804    .constdata          m_wm.l(pow.o)
    0x0800aa18   0x0800aa18   0x00000098   Data   RO         3010    .constdata          m_wm.l(atan.o)
    0x0800aab0   0x0800aab0   0x00000030   Data   RO         3022    .constdata          m_wm.l(cos_i.o)
    0x0800aae0   0x0800aae0   0x00000008   Data   RO         3042    .constdata          m_wm.l(qnan.o)
    0x0800aae8   0x0800aae8   0x000000c8   Data   RO         3045    .constdata          m_wm.l(rred.o)
    0x0800abb0   0x0800abb0   0x00000028   Data   RO         3049    .constdata          m_wm.l(sin_i.o)
    0x0800abd8   0x0800abd8   0x00000010   Data   RO         2353    .constdata__ZTV7SSD1306  ssd1306.o
    0x0800abe8   0x0800abe8   0x00000002   Data   RO          985    .constdata__ZZN7Display6updateEvEs  main.o
    0x0800abea   0x0800abea   0x00000002   PAD
    0x0800abec   0x0800abec   0x00000020   Data   RO         3277    Region$$Table       anon$$obj.o
    0x0800ac0c   0x0800ac0c   0x00000004   Data   RO          364    .init_array         main.o
    0x0800ac10   0x0800ac0c   0x00000000   Data   RO         2568    .init_array         c_w.l(init_aeabi.o)


    Execution Region ER_RW (Exec base: 0x20000000, Load base: 0x0800ac10, Size: 0x0001259c, Max: 0xffffffff, ABSOLUTE, COMPRESSED[0x00001a0c])

    Exec Addr    Load Addr    Size         Type   Attr      Idx    E Section Name        Object

    0x20000000   COMPRESSED   0x00012172   Data   RW          358    .data               main.o
    0x20012172   COMPRESSED   0x00000006   Data   RW         1881    .data               stm32f407_spi.o
    0x20012178   COMPRESSED   0x00000004   Data   RW         1969    .data               stm32f407_sysfunc.o
    0x2001217c   COMPRESSED   0x00000020   Data   RW         2076    .data               stm32f407_uart.o
    0x2001219c   COMPRESSED   0x00000400   Data   RW         2258    .data               ssd1306.o


    Execution Region ER_ZI (Exec base: 0x2001259c, Load base: 0x0800c61c, Size: 0x0000464c, Max: 0xffffffff, ABSOLUTE)

    Exec Addr    Load Addr    Size         Type   Attr      Idx    E Section Name        Object

    0x2001259c   0x0800c61c   0x00000004   PAD
    0x200125a0        -       0x000013e8   Zero   RW          356    .bss                main.o
    0x20013988        -       0x00000200   Zero   RW         2075    .bss                stm32f407_uart.o
    0x20013b88        -       0x00000060   Zero   RW         3055    .bss                c_w.l(libspace.o)
    0x20013be8        -       0x00001000   Zero   RW         1698    HEAP                startup_stm32f40xx.o
    0x20014be8        -       0x00002000   Zero   RW         1697    STACK               startup_stm32f40xx.o


==============================================================================

Image component sizes


      Code (inc. data)   RO Data    RW Data    ZI Data      Debug   Object Name

     17006       1592       1942      74098       5096     385526   main.o
      4482        210          0          0          0      13416   mpu9250.o
       944         26         16       1024          0      11336   ssd1306.o
        64         26        392          0      12288        824   startup_stm32f40xx.o
       490         48         16          0          0       6254   stm32f407_adc.o
       396         40          0          0          0       1510   stm32f407_pin.o
         0          0          0          0          0        398   stm32f407_pwm.o
       728         52          0          6          0      31757   stm32f407_spi.o
       460         44          0          4          0      30712   stm32f407_sysfunc.o
      1826        214          0         32        512      14390   stm32f407_uart.o
       276         34          0          0          0     242557   system_stm32f4xx.o

    ----------------------------------------------------------------------
     26706       2286       2400      75164      17900     738680   Object Totals
         0          0         32          0          0          0   (incl. Generated)
        34          0          2          0          4          0   (incl. Padding)

    ----------------------------------------------------------------------

      Code (inc. data)   RO Data    RW Data    ZI Data      Debug   Library Member Name

       100          0          0          0          0          0   __dclz77c.o
         8          0          0          0          0         68   __main.o
         0          0          0          0          0          0   __rtentry.o
        12          0          0          0          0          0   __rtentry2.o
         6          0          0          0          0          0   __rtentry4.o
        52          8          0          0          0          0   __scatter.o
        28          0          0          0          0          0   __scatter_zi.o
        22          0          0          0          0        100   _rserrno.o
        22          0          0          0          0         80   abort.o
        48         34          0          0          0         76   defsig_abrt_inner.o
        14          0          0          0          0         80   defsig_abrt_outer.o
        10          0          0          0          0         68   defsig_exit.o
        50          0          0          0          0         88   defsig_general.o
        80         58          0          0          0         76   defsig_rtmem_inner.o
        14          0          0          0          0         80   defsig_rtmem_outer.o
        18          0          0          0          0         80   exit.o
        94          0          0          0          0         80   h1_alloc.o
        52          0          0          0          0         68   h1_extend.o
        78          0          0          0          0         80   h1_free.o
        14          0          0          0          0         84   h1_init.o
         6          0          0          0          0        152   heapauxi.o
         4          0          0          0          0        136   hguard.o
         0          0          0          0          0          0   indicate_semi.o
        36         10          0          0          0         80   init_aeabi.o
       138          0          0          0          0        168   init_alloc.o
         2          0          0          0          0          0   libinit.o
        18          0          0          0          0          0   libinit2.o
         2          0          0          0          0          0   libshutdown.o
         2          0          0          0          0          0   libshutdown2.o
         8          4          0          0         96         68   libspace.o
        72          0          0          0          0         76   llsdiv.o
       238          0          0          0          0        100   lludivv7m.o
         0          0          0          0          0          0   maybetermalloc1.o
         8          4          0          0          0         68   rt_eh_globals_addr_intlibspace.o
         8          4          0          0          0         68   rt_errno_addr_intlibspace.o
         8          4          0          0          0         68   rt_heap_descriptor_intlibspace.o
        68          0          0          0          0         68   rt_memclr.o
        78          0          0          0          0         80   rt_memclr_w.o
       100          0          0          0          0         80   rt_memcpy_w.o
         8          4          0          0          0         68   rt_new_handler_addr_intlibspace.o
         2          0          0          0          0          0   rtexit.o
        10          0          0          0          0          0   rtexit2.o
        12          4          0          0          0         68   sys_exit.o
        74          0          0          0          0         80   sys_stackheap_outer.o
        14          0          0          0          0         76   sys_wrch.o
         2          0          0          0          0         68   use_no_semi.o
        36          0          0          0          0         84   aeabi_vec_ctor_nocookie_nodtor.o
        80         12          0          0          0        104   arm_exceptions_globs.o
        60          0          0          0          0        108   arm_exceptions_mem.o
        26          0          0          0          0         76   arm_exceptions_terminate.o
         4          0          0          0          0         68   arm_newhandler_noexceptions.o
         8          0          0          0          0         76   array_new.o
        16          0          0          0          0         68   cxa_guard_acquire.o
         8          0          0          0          0         76   delete.o
        40          6          0          0          0         76   new.o
        24          0          0          0          0        164   basic.o
        98          4          0          0          0        140   d2f.o
       826         16          0          0          0        492   daddsub_clz.o
        16          4          0          0          0        116   dcheck1.o
        24          0          0          0          0        116   dcmpi.o
       688        140          0          0          0        256   ddiv.o
       120          4          0          0          0        140   deqf.o
        94          4          0          0          0        140   dfix.o
       194          4          0          0          0        164   dfixll.o
        90          4          0          0          0        140   dfixu.o
        84          0          0          0          0        232   dflt_clz.o
       162          0          0          0          0        132   dfltll_clz.o
       120          4          0          0          0        140   dleqf.o
       340         12          0          0          0        152   dmul.o
       156          4          0          0          0        140   dnaninf.o
        12          0          0          0          0        116   dretinf.o
       108          0          0          0          0        128   drleqf.o
       408         56          0          0          0        168   dsqrt_umaal.o
        86          4          0          0          0        132   f2d.o
       140          4          0          0          0        132   fnaninf.o
        10          0          0          0          0        116   fpinit.o
        10          0          0          0          0        116   fretinf.o
       100          0          0          0          0        116   retnan.o
        92          0          0          0          0        116   scalbn.o
        48          0          0          0          0        116   trapv.o
         0          0          0          0          0          0   usenofp.o
       864         94         80          0          0        280   asin.o
       744        106        152          0          0        352   atan.o
       496         64          0          0          0        192   atan2.o
       108         10          0          0          0        116   ceilf.o
       200         20          0          0          0        164   cos.o
       368         46         48          0          0        200   cos_i.o
       184         44          0          0          0        744   dunder.o
        44          0          0          0          0        248   fabs.o
        48          0          0          0          0        124   fpclassify.o
       248          0          0          0          0        152   poly.o
      3152        296        136          0          0        352   pow.o
         0          0          8          0          0          0   qnan.o
      1080        142        200          0          0        188   rred.o
       200         20          0          0          0        164   sin.o
       304         24         40          0          0        208   sin_i.o
       232          0          0          0          0        296   sqrt.o

    ----------------------------------------------------------------------
     14278       1286        664          0         96      11116   Library Totals
        38          4          0          0          0          0   (incl. Padding)

    ----------------------------------------------------------------------

      Code (inc. data)   RO Data    RW Data    ZI Data      Debug   Library Name

      1640        134          0          0         96       2680   c_w.l
       278         18          0          0          0        736   cpprt_w.l
      4050        264          0          0          0       3920   fz_wm.l
      8272        866        664          0          0       3780   m_wm.l

    ----------------------------------------------------------------------
     14278       1286        664          0         96      11116   Library Totals

    ----------------------------------------------------------------------

==============================================================================


      Code (inc. data)   RO Data    RW Data    ZI Data      Debug   

     40984       3572       3064      75164      17996     722620   Grand Totals
     40984       3572       3064       6668      17996     722620   ELF Image Totals (compressed)
     40984       3572       3064       6668          0          0   ROM Totals

==============================================================================

    Total RO  Size (Code + RO Data)                44048 (  43.02kB)
    Total RW  Size (RW Data + ZI Data)             93160 (  90.98kB)
    Total ROM Size (Code + RO Data + RW Data)      50716 (  49.53kB)

==============================================================================

