Component: ARM Compiler 5.06 update 6 (build 750) Tool: armlink [4d35ed]

==============================================================================

Section Cross References

    system_stm32f4xx.o(i.SystemCoreClockUpdate) refers to system_stm32f4xx.o(.data) for .data
    system_stm32f4xx.o(i.SystemInit) refers to system_stm32f4xx.o(i._Z11SetSysClockv) for SetSysClock()
    system_stm32f4xx.o(.ARM.exidx) refers to system_stm32f4xx.o(i._Z11SetSysClockv) for i._Z11SetSysClockv
    system_stm32f4xx.o(.ARM.exidx) refers to system_stm32f4xx.o(i.SystemInit) for i.SystemInit
    system_stm32f4xx.o(.ARM.exidx) refers to system_stm32f4xx.o(i.SystemCoreClockUpdate) for i.SystemCoreClockUpdate
    main.o(i._Z10drawStringR7SSD1306Pcjj) refers to main.o(i._Z8drawCharR7SSD1306cjj) for drawChar(SSD1306&, char, unsigned, unsigned)
    main.o(i._Z12clb_imuCalibv) refers to main.o(i._ZN3IMU9calibrateEj) for IMU::calibrate(unsigned)
    main.o(i._Z12clb_imuCalibv) refers to main.o(.bss) for .bss
    main.o(i._Z12clb_imuSetupv) refers to main.o(i._ZN3IMU12setZeroAngleEv) for IMU::setZeroAngle()
    main.o(i._Z12clb_imuSetupv) refers to main.o(.bss) for .bss
    main.o(i._Z12setupScreensv) refers to new.o(i._Znwj) for operator new(unsigned)
    main.o(i._Z12setupScreensv) refers to main.o(i._ZN7Display6addEscE7Command) for Display::addEsc(Command)
    main.o(i._Z12setupScreensv) refers to main.o(i._ZN7Display11addToScreenE7Command) for Display::addToScreen(Command)
    main.o(i._Z12setupScreensv) refers to main.o(.bss) for .bss
    main.o(i._Z12setupScreensv) refers to main.o(i._Z16clb_screenToMainv) for clb_screenToMain()
    main.o(i._Z12setupScreensv) refers to main.o(i._Z16clb_screenToGamev) for clb_screenToGame()
    main.o(i._Z12setupScreensv) refers to main.o(i._Z24clb_screenToCalibrationsv) for clb_screenToCalibrations()
    main.o(i._Z12setupScreensv) refers to main.o(i._Z21clb_screenToDebugDatav) for clb_screenToDebugData()
    main.o(i._Z12setupScreensv) refers to main.o(i._Z20clb_screenToDribblerv) for clb_screenToDribbler()
    main.o(i._Z12setupScreensv) refers to main.o(i._Z18clb_screenToKickerv) for clb_screenToKicker()
    main.o(i._Z12setupScreensv) refers to main.o(i._Z19clb_toBatteryScreenv) for clb_toBatteryScreen()
    main.o(i._Z12setupScreensv) refers to main.o(i._Z13clb_doNothingv) for clb_doNothing()
    main.o(i._Z12setupScreensv) refers to main.o(i._Z12clb_imuSetupv) for clb_imuSetup()
    main.o(i._Z12setupScreensv) refers to main.o(i._Z12clb_imuCalibv) for clb_imuCalib()
    main.o(i._Z12setupScreensv) refers to main.o(i._Z35clb_screenToLightSensorsCalibrationv) for clb_screenToLightSensorsCalibration()
    main.o(i._Z12setupScreensv) refers to main.o(i._Z19clb_turnOnBackLightv) for clb_turnOnBackLight()
    main.o(i._Z12setupScreensv) refers to main.o(i._Z20clb_turnOffBackLightv) for clb_turnOffBackLight()
    main.o(i._Z12setupScreensv) refers to main.o(i._Z20clb_beginLightsCalibv) for clb_beginLightsCalib()
    main.o(i._Z12setupScreensv) refers to main.o(i._Z18clb_endLightsCalibv) for clb_endLightsCalib()
    main.o(i._Z12setupScreensv) refers to main.o(i._Z16clb_dribblerInOnv) for clb_dribblerInOn()
    main.o(i._Z12setupScreensv) refers to main.o(i._Z17clb_dribblerOutOnv) for clb_dribblerOutOn()
    main.o(i._Z12setupScreensv) refers to main.o(i._Z15clb_dribblerOffv) for clb_dribblerOff()
    main.o(i._Z12setupScreensv) refers to main.o(i._Z16clb_kickStraightv) for clb_kickStraight()
    main.o(i._Z12setupScreensv) refers to main.o(i._Z9clb_kick2v) for clb_kick2()
    main.o(i._Z12setupScreensv) refers to main.o(i._Z9clb_kick1v) for clb_kick1()
    main.o(i._Z12updateKalmanR12CameraObjectdSt4pairIddES2_d) refers to ddiv.o(x$fpl$ddiv) for __aeabi_ddiv
    main.o(i._Z12updateKalmanR12CameraObjectdSt4pairIddES2_d) refers to daddsub_clz.o(x$fpl$dsub) for __aeabi_dsub
    main.o(i._Z12updateKalmanR12CameraObjectdSt4pairIddES2_d) refers to dmul.o(x$fpl$dmul) for __aeabi_dmul
    main.o(i._Z12updateKalmanR12CameraObjectdSt4pairIddES2_d) refers to daddsub_clz.o(x$fpl$dadd) for __aeabi_dadd
    main.o(i._Z13clb_doNothingv) refers to main.o(.data) for .data
    main.o(i._Z15clb_dribblerOffv) refers to main.o(i._ZN12MotorDrivers11setDribblerEi) for MotorDrivers::setDribbler(int)
    main.o(i._Z15clb_dribblerOffv) refers to main.o(.bss) for .bss
    main.o(i._Z16clb_dribblerInOnv) refers to main.o(i._ZN12MotorDrivers11setDribblerEi) for MotorDrivers::setDribbler(int)
    main.o(i._Z16clb_dribblerInOnv) refers to main.o(.bss) for .bss
    main.o(i._Z16clb_kickStraightv) refers to main.o(i._ZN12KickerModule4kickEbb) for KickerModule::kick(bool, bool)
    main.o(i._Z16clb_kickStraightv) refers to main.o(.bss) for .bss
    main.o(i._Z16clb_screenToGamev) refers to main.o(i._ZN12MotorDrivers12enableMotorsEv) for MotorDrivers::enableMotors()
    main.o(i._Z16clb_screenToGamev) refers to main.o(i._ZN5Robot10switch5vOnEv) for Robot::switch5vOn()
[...]
    _bufRxHead                               0x200074d4   Data           8  stm32f407_uart.o(.data)
    _bufRxTail                               0x200074dc   Data           8  stm32f407_uart.o(.data)
    _bufTxHead                               0x200074e4   Data           8  stm32f407_uart.o(.data)
    _bufTxTail                               0x200074ec   Data           8  stm32f407_uart.o(.data)
    __aeabi_stdin                            0x2000790c   Data           4  stdio_streams.o(.data)
    __aeabi_stdout                           0x20007910   Data           4  stdio_streams.o(.data)
    __aeabi_stderr                           0x20007914   Data           4  stdio_streams.o(.data)
    std::ctype<char>::id                     0x20007918   Data           4  char.o(.data)
    std::ctype<wchar_t>::id                  0x2000791c   Data           4  char.o(.data)
    std::locale::_C_classic                  0x20007928   Data           4  locale.o(.data)
    std::locale::_C_native                   0x2000792c   Data           4  locale.o(.data)
    std::locale::_C_global                   0x20007930   Data           4  locale.o(.data)
    std::codecvt<char, char, std::__mbstate_t>::id 0x20007934   Data           4  locale.o(.data)
    std::codecvt<wchar_t, char, std::__mbstate_t>::id 0x20007938   Data           4  locale.o(.data)
    __rw_throw_proc                          0x2000793c   Data           4  rwthrowproc_noex.o(.data)
    std::locale::id::_C_init() const::_C_id_gen 0x20007948   Data           4  locale.o(.data__ZZNKSt6locale2id7_C_initEvE9_C_id_gen)
    guard variable for std::__rw_get_cats()::__open_cats 0x2000794c   Data           4  messages.o(.data__ZZSt13__rw_get_catsvE11__open_cats)
    std::__rw_get_cats()::__open_cats        0x20007950   Data           8  messages.o(.data__ZZSt13__rw_get_catsvE11__open_cats)
    robot                                    0x200079a8   Data        2168  main.o(.bss)
    _bufRx                                   0x20008220   Data         256  stm32f407_uart.o(.bss)
    _bufTx                                   0x20008320   Data         256  stm32f407_uart.o(.bss)
    __libspace_start                         0x20008438   Data          96  libspace.o(.bss)
    __stdin                                  0x20008498   Data          84  stdio_streams.o(.bss)
    __temporary_stack_top$libspace           0x20008498   Data           0  libspace.o(.bss)
    __stdout                                 0x200084ec   Data          84  stdio_streams.o(.bss)
    __stderr                                 0x20008540   Data          84  stdio_streams.o(.bss)
    std::basic_string<char, std::char_traits<char>, std::allocator<char>>::__nullref 0x200085c0   Data          16  vendor.o(.bss__ZNSs9__nullrefE)



==============================================================================

Memory Map of the image

  Image Entry point : 0x08000335

  Load Region LR_1 (Base: 0x08000000, Size: 0x0001598c, Max: 0xffffffff, ABSOLUTE, COMPRESSED[0x0000f6dc])

    Execution Region ER_RO (Exec base: 0x08000000, Load base: 0x08000000, Size: 0x0000e034, Max: 0xffffffff, ABSOLUTE)

    Exec Addr    Load Addr    Size         Type   Attr      Idx    E Section Name        Object

    0x08000000   0x08000000   0x00000188   Data   RO         1728    RESET               startup_stm32f40xx.o
    0x08000188   0x08000188   0x00000008   Code   RO         2558  * !!!main             c_w.l(__main.o)
    0x08000190   0x08000190   0x00000034   Code   RO         4569    !!!scatter          c_w.l(__scatter.o)
    0x080001c4   0x080001c4   0x00000064   Code   RO         4567    !!dclz77c           c_w.l(__dclz77c.o)
    0x08000228   0x08000228   0x0000001c   Code   RO         4571    !!handler_zi        c_w.l(__scatter_zi.o)
    0x08000244   0x08000244   0x00000000   Code   RO         4062    .ARM.Collect$$_printf_percent$$00000000  c_w.l(_printf_percent.o)
    0x08000244   0x08000244   0x00000006   Code   RO         4051    .ARM.Collect$$_printf_percent$$00000001  c_w.l(_printf_n.o)
    0x0800024a   0x0800024a   0x00000006   Code   RO         4053    .ARM.Collect$$_printf_percent$$00000002  c_w.l(_printf_p.o)
    0x08000250   0x08000250   0x00000006   Code   RO         4058    .ARM.Collect$$_printf_percent$$00000003  c_w.l(_printf_f.o)
    0x08000256   0x08000256   0x00000006   Code   RO         4059    .ARM.Collect$$_printf_percent$$00000004  c_w.l(_printf_e.o)
    0x0800025c   0x0800025c   0x00000006   Code   RO         4060    .ARM.Collect$$_printf_percent$$00000005  c_w.l(_printf_g.o)
    0x08000262   0x08000262   0x00000006   Code   RO         4061    .ARM.Collect$$_printf_percent$$00000006  c_w.l(_printf_a.o)
    0x08000268   0x08000268   0x0000000a   Code   RO         4066    .ARM.Collect$$_printf_percent$$00000007  c_w.l(_printf_ll.o)
    0x08000272   0x08000272   0x00000006   Code   RO         4055    .ARM.Collect$$_printf_percent$$00000008  c_w.l(_printf_i.o)
    0x08000278   0x08000278   0x00000006   Code   RO         4056    .ARM.Collect$$_printf_percent$$00000009  c_w.l(_printf_d.o)
    0x0800027e   0x0800027e   0x00000006   Code   RO         4057    .ARM.Collect$$_printf_percent$$0000000A  c_w.l(_printf_u.o)
    0x08000284   0x08000284   0x00000006   Code   RO         4054    .ARM.Collect$$_printf_percent$$0000000B  c_w.l(_printf_o.o)
    0x0800028a   0x0800028a   0x00000006   Code   RO         4052    .ARM.Collect$$_printf_percent$$0000000C  c_w.l(_printf_x.o)
    0x08000290   0x08000290   0x00000006   Code   RO         4063    .ARM.Collect$$_printf_percent$$0000000D  c_w.l(_printf_lli.o)
    0x08000296   0x08000296   0x00000006   Code   RO         4064    .ARM.Collect$$_printf_percent$$0000000E  c_w.l(_printf_lld.o)
    0x0800029c   0x0800029c   0x00000006   Code   RO         4065    .ARM.Collect$$_printf_percent$$0000000F  c_w.l(_printf_llu.o)
    0x080002a2   0x080002a2   0x00000006   Code   RO         4070    .ARM.Collect$$_printf_percent$$00000010  c_w.l(_printf_llo.o)
    0x080002a8   0x080002a8   0x00000006   Code   RO         4071    .ARM.Collect$$_printf_percent$$00000011  c_w.l(_printf_llx.o)
    0x080002ae   0x080002ae   0x0000000a   Code   RO         4067    .ARM.Collect$$_printf_percent$$00000012  c_w.l(_printf_l.o)
    0x080002b8   0x080002b8   0x00000006   Code   RO         4049    .ARM.Collect$$_printf_percent$$00000013  c_w.l(_printf_c.o)
    0x080002be   0x080002be   0x00000006   Code   RO         4050    .ARM.Collect$$_printf_percent$$00000014  c_w.l(_printf_s.o)
    0x080002c4   0x080002c4   0x00000006   Code   RO         4068    .ARM.Collect$$_printf_percent$$00000015  c_w.l(_printf_lc.o)
    0x080002ca   0x080002ca   0x00000006   Code   RO         4069    .ARM.Collect$$_printf_percent$$00000016  c_w.l(_printf_ls.o)
    0x080002d0   0x080002d0   0x00000004   Code   RO         4321    .ARM.Collect$$_printf_percent$$00000017  c_w.l(_printf_percent_end.o)
    0x080002d4   0x080002d4   0x00000002   Code   RO         4144    .ARM.Collect$$libinit$$00000000  c_w.l(libinit.o)
    0x080002d6   0x080002d6   0x00000004   Code   RO         3063    .ARM.Collect$$libinit$$00000001  c_w.l(libinit2.o)
    0x080002da   0x080002da   0x00000000   Code   RO         3066    .ARM.Collect$$libinit$$00000004  c_w.l(libinit2.o)
    0x080002da   0x080002da   0x00000008   Code   RO         3067    .ARM.Collect$$libinit$$00000005  c_w.l(libinit2.o)
    0x080002e2   0x080002e2   0x00000000   Code   RO         3069    .ARM.Collect$$libinit$$0000000A  c_w.l(libinit2.o)
    0x080002e2   0x080002e2   0x00000000   Code   RO         3071    .ARM.Collect$$libinit$$0000000C  c_w.l(libinit2.o)
    0x080002e2   0x080002e2   0x00000000   Code   RO         3073    .ARM.Collect$$libinit$$0000000E  c_w.l(libinit2.o)
    0x080002e2   0x080002e2   0x00000006   Code   RO         3074    .ARM.Collect$$libinit$$0000000F  c_w.l(libinit2.o)
    0x080002e8   0x080002e8   0x00000000   Code   RO         3076    .ARM.Collect$$libinit$$00000011  c_w.l(libinit2.o)
    0x080002e8   0x080002e8   0x0000000c   Code   RO         3077    .ARM.Collect$$libinit$$00000012  c_w.l(libinit2.o)
    0x080002f4   0x080002f4   0x00000000   Code   RO         3078    .ARM.Collect$$libinit$$00000013  c_w.l(libinit2.o)
    0x080002f4   0x080002f4   0x00000000   Code   RO         3080    .ARM.Collect$$libinit$$00000015  c_w.l(libinit2.o)
    0x080002f4   0x080002f4   0x0000000a   Code   RO         3081    .ARM.Collect$$libinit$$00000016  c_w.l(libinit2.o)
    0x080002fe   0x080002fe   0x00000000   Code   RO         3082    .ARM.Collect$$libinit$$00000017  c_w.l(libinit2.o)
    0x080002fe   0x080002fe   0x00000000   Code   RO         3084    .ARM.Collect$$libinit$$00000019  c_w.l(libinit2.o)
    0x080002fe   0x080002fe   0x00000000   Code   RO         3086    .ARM.Collect$$libinit$$0000001B  c_w.l(libinit2.o)
    0x080002fe   0x080002fe   0x00000000   Code   RO         3088    .ARM.Collect$$libinit$$0000001D  c_w.l(libinit2.o)
    0x080002fe   0x080002fe   0x00000000   Code   RO         3090    .ARM.Collect$$libinit$$0000001F  c_w.l(libinit2.o)
    0x080002fe   0x080002fe   0x00000000   Code   RO         3092    .ARM.Collect$$libinit$$00000021  c_w.l(libinit2.o)
    0x080002fe   0x080002fe   0x00000000   Code   RO         3094    .ARM.Collect$$libinit$$00000023  c_w.l(libinit2.o)
    0x080002fe   0x080002fe   0x00000004   Code   RO         3095    .ARM.Collect$$libinit$$00000024  c_w.l(libinit2.o)
    0x08000302   0x08000302   0x00000000   Code   RO         3096    .ARM.Collect$$libinit$$00000025  c_w.l(libinit2.o)
    0x08000302   0x08000302   0x00000000   Code   RO         3100    .ARM.Collect$$libinit$$0000002C  c_w.l(libinit2.o)
    0x08000302   0x08000302   0x00000000   Code   RO         3102    .ARM.Collect$$libinit$$0000002E  c_w.l(libinit2.o)
    0x08000302   0x08000302   0x00000000   Code   RO         3104    .ARM.Collect$$libinit$$00000030  c_w.l(libinit2.o)
    0x08000302   0x08000302   0x00000004   Code   RO         3105    .ARM.Collect$$libinit$$00000031  c_w.l(libinit2.o)
    0x08000306   0x08000306   0x00000000   Code   RO         3106    .ARM.Collect$$libinit$$00000032  c_w.l(libinit2.o)
    0x08000306   0x08000306   0x00000002   Code   RO         3107    .ARM.Collect$$libinit$$00000033  c_w.l(libinit2.o)
    0x08000308   0x08000308   0x00000002   Code   RO         4520    .ARM.Collect$$libshutdown$$00000000  c_w.l(libshutdown.o)
    0x0800030a   0x0800030a   0x00000006   Code   RO         4384    .ARM.Collect$$libshutdown$$00000001  c_w.l(libshutdown2.o)
    0x08000310   0x08000310   0x00000000   Code   RO         4385    .ARM.Collect$$libshutdown$$00000002  c_w.l(libshutdown2.o)
    0x08000310   0x08000310   0x00000004   Code   RO         4386    .ARM.Collect$$libshutdown$$00000003  c_w.l(libshutdown2.o)
    0x08000314   0x08000314   0x00000000   Code   RO         4387    .ARM.Collect$$libshutdown$$00000004  c_w.l(libshutdown2.o)
    0x08000314   0x08000314   0x00000000   Code   RO         4390    .ARM.Collect$$libshutdown$$00000007  c_w.l(libshutdown2.o)
    0x08000314   0x08000314   0x00000000   Code   RO         4393    .ARM.Collect$$libshutdown$$0000000A  c_w.l(libshutdown2.o)
    0x08000314   0x08000314   0x00000000   Code   RO         4395    .ARM.Collect$$libshutdown$$0000000C  c_w.l(libshutdown2.o)
    0x08000314   0x08000314   0x00000000   Code   RO         4398    .ARM.Collect$$libshutdown$$0000000F  c_w.l(libshutdown2.o)
    0x08000314   0x08000314   0x00000002   Code   RO         4399    .ARM.Collect$$libshutdown$$00000010  c_w.l(libshutdown2.o)
    0x08000316   0x08000316   0x00000000   Code   RO         2983    .ARM.Collect$$rtentry$$00000000  c_w.l(__rtentry.o)
    0x08000316   0x08000316   0x00000000   Code   RO         3351    .ARM.Collect$$rtentry$$00000002  c_w.l(__rtentry2.o)
    0x08000316   0x08000316   0x00000006   Code   RO         3363    .ARM.Collect$$rtentry$$00000004  c_w.l(__rtentry4.o)
    0x0800031c   0x0800031c   0x00000000   Code   RO         3353    .ARM.Collect$$rtentry$$00000009  c_w.l(__rtentry2.o)
    0x0800031c   0x0800031c   0x00000004   Code   RO         3354    .ARM.Collect$$rtentry$$0000000A  c_w.l(__rtentry2.o)
    0x08000320   0x08000320   0x00000000   Code   RO         3356    .ARM.Collect$$rtentry$$0000000C  c_w.l(__rtentry2.o)
    0x08000320   0x08000320   0x00000008   Code   RO         3357    .ARM.Collect$$rtentry$$0000000D  c_w.l(__rtentry2.o)
    0x08000328   0x08000328   0x00000002   Code   RO         4282    .ARM.Collect$$rtexit$$00000000  c_w.l(rtexit.o)
    0x0800032a   0x0800032a   0x00000000   Code   RO         4412    .ARM.Collect$$rtexit$$00000002  c_w.l(rtexit2.o)
    0x0800032a   0x0800032a   0x00000004   Code   RO         4413    .ARM.Collect$$rtexit$$00000003  c_w.l(rtexit2.o)
    0x0800032e   0x0800032e   0x00000006   Code   RO         4414    .ARM.Collect$$rtexit$$00000004  c_w.l(rtexit2.o)
    0x08000334   0x08000334   0x00000000   Code   RO         3971    .emb_text           c_w.l(maybetermalloc1.o)
    0x08000334   0x08000334   0x00000040   Code   RO         1729  * .text               startup_stm32f40xx.o
    0x08000374   0x08000374   0x000000ee   Code   RO         2548    .text               c_w.l(lludivv7m.o)
    0x08000462   0x08000462   0x00000048   Code   RO         2550    .text               c_w.l(llsdiv.o)
    0x080004aa   0x080004aa   0x00000064   Code   RO         2552    .text               c_w.l(rt_memcpy_w.o)
    0x0800050e   0x0800050e   0x00000044   Code   RO         2554    .text               c_w.l(rt_memclr.o)
    0x08000552   0x08000552   0x00000006   Code   RO         2556    .text               c_w.l(heapauxi.o)
    0x08000558   0x08000558   0x00000024   Code   RO         2563    .text               c_w.l(init_aeabi.o)
    0x0800057c   0x0800057c   0x00000008   Code   RO         2991    .text               c_w.l(rt_new_handler_addr_intlibspace.o)
    0x08000584   0x08000584   0x0000005e   Code   RO         2997    .text               c_w.l(h1_alloc.o)
    0x080005e2   0x080005e2   0x0000004e   Code   RO         2999    .text               c_w.l(h1_free.o)
    0x08000630   0x08000630   0x00000016   Code   RO         3055    .text               c_w.l(_rserrno.o)
    0x08000646   0x08000646   0x0000008a   Code   RO         3057    .text               c_w.l(rt_memcpy_v6.o)
    0x080006d0   0x080006d0   0x00000084   Code   RO         3059    .text               c_w.l(rt_memmove_v6.o)
    0x08000754   0x08000754   0x0000004e   Code   RO         3061    .text               c_w.l(rt_memclr_w.o)
    0x080007a2   0x080007a2   0x00000004   Code   RO         3243    .text               cpprt_w.l(arm_newhandler_noexceptions.o)
    0x080007a6   0x080007a6   0x00000002   PAD
    0x080007a8   0x080007a8   0x00000008   Code   RO         3345    .text               c_w.l(libspace.o)
    0x080007b0   0x080007b0   0x00000008   Code   RO         3370    .text               c_w.l(rt_heap_descriptor_intlibspace.o)
    0x080007b8   0x080007b8   0x00000008   Code   RO         3375    .text               c_w.l(rt_errno_addr_intlibspace.o)
    0x080007c0   0x080007c0   0x00000004   Code   RO         3377    .text               c_w.l(hguard.o)
    0x080007c4   0x080007c4   0x0000008a   Code   RO         3379    .text               c_w.l(init_alloc.o)
    0x0800084e   0x0800084e   0x0000000e   Code   RO         3383    .text               c_w.l(h1_init.o)
    0x0800085c   0x0800085c   0x00000014   Code   RO         3397    .text               c_w.l(fprintf.o)
    0x08000870   0x08000870   0x00000034   Code   RO         3399    .text               c_w.l(vsnprintf.o)
    0x080008a4   0x080008a4   0x0000003c   Code   RO         3401    .text               c_w.l(sscanf.o)
    0x080008e0   0x080008e0   0x00000016   Code   RO         3409    .text               c_w.l(abort.o)
    0x080008f6   0x080008f6   0x00000048   Code   RO         3411    .text               c_w.l(strcpy.o)
    0x0800093e   0x0800093e   0x00000016   Code   RO         3413    .text               c_w.l(strrchr.o)
    0x08000954   0x08000954   0x0000003e   Code   RO         3415    .text               c_w.l(strlen.o)
    0x08000992   0x08000992   0x00000018   Code   RO         3417    .text               c_w.l(strcat.o)
    0x080009aa   0x080009aa   0x0000007a   Code   RO         3419    .text               c_w.l(rt_memmove_w.o)
    0x08000a24   0x08000a24   0x0000000e   Code   RO         3930    .text               cpprt_w.l(aeabi_vec_delete_noexceptions.o)
    0x08000a32   0x08000a32   0x0000001a   Code   RO         3936    .text               cpprt_w.l(arm_exceptions_terminate.o)
    0x08000a4c   0x08000a4c   0x00000050   Code   RO         3946    .text               cpprt_w.l(arm_exceptions_globs.o)
    0x08000a9c   0x08000a9c   0x0000000c   Code   RO         3958    .text               c_w.l(sys_exit.o)
    0x08000aa8   0x08000aa8   0x0000004a   Code   RO         3960    .text               c_w.l(sys_stackheap_outer.o)
    0x08000af2   0x08000af2   0x00000002   PAD
    0x08000af4   0x08000af4   0x00000010   Code   RO         3962    .text               c_w.l(rt_ctype_table.o)
    0x08000b04   0x08000b04   0x00000008   Code   RO         3967    .text               c_w.l(rt_eh_globals_addr_intlibspace.o)
    0x08000b0c   0x08000b0c   0x00000034   Code   RO         3973    .text               c_w.l(h1_extend.o)
    0x08000b40   0x08000b40   0x0000004e   Code   RO         3979    .text               c_w.l(_printf_pad.o)
    0x08000b8e   0x08000b8e   0x00000024   Code   RO         3981    .text               c_w.l(_printf_truncate.o)
    0x08000bb2   0x08000bb2   0x00000052   Code   RO         3983    .text               c_w.l(_printf_str.o)
    0x08000c04   0x08000c04   0x00000078   Code   RO         3985    .text               c_w.l(_printf_dec.o)
    0x08000c7c   0x08000c7c   0x00000028   Code   RO         3987    .text               c_w.l(_printf_charcount.o)
    0x08000ca4   0x08000ca4   0x00000030   Code   RO         3989    .text               c_w.l(_printf_char_common.o)
    0x08000cd4   0x08000cd4   0x0000000a   Code   RO         3991    .text               c_w.l(_sputc.o)
    0x08000cde   0x08000cde   0x00000010   Code   RO         3993    .text               c_w.l(_snputc.o)
    0x08000cee   0x08000cee   0x00000002   PAD
    0x08000cf0   0x08000cf0   0x00000024   Code   RO         3995    .text               c_w.l(_printf_char_file.o)
    0x08000d14   0x08000d14   0x000000bc   Code   RO         3997    .text               c_w.l(_printf_wctomb.o)
    0x08000dd0   0x08000dd0   0x0000007c   Code   RO         4000    .text               c_w.l(_printf_longlong_dec.o)
    0x08000e4c   0x08000e4c   0x00000070   Code   RO         4006    .text               c_w.l(_printf_oct_int_ll.o)
    0x08000ebc   0x08000ebc   0x00000094   Code   RO         4026    .text               c_w.l(_printf_hex_int_ll_ptr.o)
    0x08000f50   0x08000f50   0x00000188   Code   RO         4046    .text               c_w.l(__printf_flags_ss_wp.o)
    0x080010d8   0x080010d8   0x00000156   Code   RO         4072    .text               c_w.l(_scanf_longlong.o)
    0x0800122e   0x0800122e   0x0000014c   Code   RO         4074    .text               c_w.l(_scanf_int.o)
    0x0800137a   0x0800137a   0x000000e0   Code   RO         4076    .text               c_w.l(_scanf_str.o)
    0x0800145a   0x0800145a   0x00000002   PAD
    0x0800145c   0x0800145c   0x0000002c   Code   RO         4078    .text               c_w.l(scanf_char.o)
    0x08001488   0x08001488   0x00000040   Code   RO         4080    .text               c_w.l(_sgetc.o)
    0x080014c8   0x080014c8   0x00000114   Code   RO         4082    .text               c_w.l(_scanf_mbtowc.o)
    0x080015dc   0x080015dc   0x000000e8   Code   RO         4084    .text               c_w.l(_scanf_wctomb.o)
    0x080016c4   0x080016c4   0x000000d0   Code   RO         4086    .text               c_w.l(_scanf_wstr.o)
    0x08001794   0x08001794   0x00000138   Code   RO         4088    .text               c_w.l(initio.o)
    0x080018cc   0x080018cc   0x00000010   Code   RO         4092    .text               c_w.l(locale.o)
    0x080018dc   0x080018dc   0x00000012   Code   RO         4104    .text               c_w.l(exit.o)
    0x080018ee   0x080018ee   0x0000002e   Code   RO         4109    .text               c_w.l(aeabi_atexit.o)
    0x0800191c   0x0800191c   0x0000000e   Code   RO         4112    .text               c_w.l(defsig_abrt_outer.o)
    0x0800192a   0x0800192a   0x0000000e   Code   RO         4120    .text               c_w.l(defsig_rtmem_outer.o)
    0x08001938   0x08001938   0x00000008   Code   RO         4128    .text               c_w.l(memcpy.o)
    0x08001940   0x08001940   0x00000080   Code   RO         4130    .text               c_w.l(strcmpv7m.o)
    0x080019c0   0x080019c0   0x0000003c   Code   RO         4252    .text               cpprt_w.l(arm_exceptions_mem.o)
    0x080019fc   0x080019fc   0x00000066   Code   RO         4274    .text               c_w.l(sys_io.o)
    0x08001a62   0x08001a62   0x00000002   Code   RO         4279    .text               c_w.l(use_no_semi.o)
    0x08001a64   0x08001a64   0x00000000   Code   RO         4281    .text               c_w.l(indicate_semi.o)
    0x08001a64   0x08001a64   0x00000008   Code   RO         4289    .text               c_w.l(rt_locale_intlibspace.o)
    0x08001a6c   0x08001a6c   0x00000008   Code   RO         4294    .text               c_w.l(rt_ddtor_pointer_addr_intlibspace.o)
    0x08001a74   0x08001a74   0x0000008a   Code   RO         4298    .text               c_w.l(lludiv10.o)
    0x08001afe   0x08001afe   0x00000012   Code   RO         4300    .text               c_w.l(isspace.o)
    0x08001b10   0x08001b10   0x000000b2   Code   RO         4308    .text               c_w.l(_printf_intcommon.o)
    0x08001bc2   0x08001bc2   0x0000041e   Code   RO         4310    .text               c_w.l(_printf_fp_dec.o)
    0x08001fe0   0x08001fe0   0x000002fc   Code   RO         4312    .text               c_w.l(_printf_fp_hex.o)
    0x080022dc   0x080022dc   0x0000002c   Code   RO         4317    .text               c_w.l(_printf_char.o)
    0x08002308   0x08002308   0x0000002c   Code   RO         4319    .text               c_w.l(_printf_wchar.o)
    0x08002334   0x08002334   0x0000001c   Code   RO         4322    .text               c_w.l(_chval.o)
    0x08002350   0x08002350   0x00000374   Code   RO         4324    .text               c_w.l(_scanf.o)
    0x080026c4   0x080026c4   0x000004f8   Code   RO         4326    .text               c_w.l(scanf_fp.o)
    0x08002bbc   0x08002bbc   0x0000001e   Code   RO         4330    .text               c_w.l(_scanf_wcharmap.o)
    0x08002bda   0x08002bda   0x00000008   Code   RO         4332    .text               c_w.l(ferror.o)
    0x08002be2   0x08002be2   0x00000046   Code   RO         4338    .text               c_w.l(setvbuf.o)
    0x08002c28   0x08002c28   0x000000ec   Code   RO         4341    .text               c_w.l(fopen.o)
    0x08002d14   0x08002d14   0x0000004c   Code   RO         4343    .text               c_w.l(fclose.o)
    0x08002d60   0x08002d60   0x000001b8   Code   RO         4355    .text               c_w.l(locale_r.o)
    0x08002f18   0x08002f18   0x0000003c   Code   RO         4357    .text               c_w.l(_mbrtowc.o)
    0x08002f54   0x08002f54   0x00000040   Code   RO         4359    .text               c_w.l(_wcrtomb.o)
    0x08002f94   0x08002f94   0x00000042   Code   RO         4369    .text               c_w.l(cxa_finalize.o)
    0x08002fd6   0x08002fd6   0x0000000a   Code   RO         4372    .text               c_w.l(defsig_exit.o)
    0x08002fe0   0x08002fe0   0x00000030   Code   RO         4374    .text               c_w.l(defsig_abrt_inner.o)
    0x08003010   0x08003010   0x0000000e   Code   RO         4378    .text               c_w.l(defsig_rtred_outer.o)
    0x0800301e   0x0800301e   0x00000002   PAD
    0x08003020   0x08003020   0x00000050   Code   RO         4382    .text               c_w.l(defsig_rtmem_inner.o)
    0x08003070   0x08003070   0x00000002   Code   RO         4400    .text               cpprt_w.l(arm_rethrow_noexceptions.o)
    0x08003072   0x08003072   0x00000022   Code   RO         4406    .text               cpprt_w.l(aeabi_vec_dtor_noexceptions.o)
    0x08003094   0x08003094   0x00000080   Code   RO         4422    .text               c_w.l(_printf_fp_infnan.o)
    0x08003114   0x08003114   0x000000e4   Code   RO         4426    .text               c_w.l(bigflt0.o)
    0x080031f8   0x080031f8   0x000001d6   Code   RO         4451    .text               c_w.l(flsbuf.o)
    0x080033ce   0x080033ce   0x00000002   PAD
    0x080033d0   0x080033d0   0x000000f8   Code   RO         4453    .text               c_w.l(fseek.o)
    0x080034c8   0x080034c8   0x000000f0   Code   RO         4455    .text               c_w.l(stdio.o)
    0x080035b8   0x080035b8   0x00000032   Code   RO         4466    .text               c_w.l(defsig_general.o)
    0x080035ea   0x080035ea   0x00000002   PAD
    0x080035ec   0x080035ec   0x00000034   Code   RO         4468    .text               c_w.l(defsig_rtred_inner.o)
    0x08003620   0x08003620   0x0000000e   Code   RO         4498    .text               c_w.l(sys_wrch.o)
    0x0800362e   0x0800362e   0x00000002   PAD
    0x08003630   0x08003630   0x00000320   Code   RO         4502    .text               c_w.l(scanf_hexfp.o)
    0x08003950   0x08003950   0x00000134   Code   RO         4504    .text               c_w.l(scanf_infnan.o)
    0x08003a84   0x08003a84   0x00000042   Code   RO         4508    .text               c_w.l(ftell.o)
    0x08003ac6   0x08003ac6   0x0000001c   Code   RO         4521    .text               cpprt_w.l(ARM_vec_cleanup_noexceptions.o)
    0x08003ae2   0x08003ae2   0x00000026   Code   RO         4530    .text               c_w.l(llshl.o)
    0x08003b08   0x08003b08   0x0000003e   Code   RO         4429    CL$$btod_d2e        c_w.l(btod.o)
    0x08003b46   0x08003b46   0x00000046   Code   RO         4431    CL$$btod_d2e_denorm_low  c_w.l(btod.o)
    0x08003b8c   0x08003b8c   0x00000060   Code   RO         4430    CL$$btod_d2e_norm_op1  c_w.l(btod.o)
    0x08003bec   0x08003bec   0x00000338   Code   RO         4439    CL$$btod_div_common  c_w.l(btod.o)
    0x08003f24   0x08003f24   0x00000084   Code   RO         4437    CL$$btod_e2d        c_w.l(btod.o)
    0x08003fa8   0x08003fa8   0x000000dc   Code   RO         4436    CL$$btod_e2e        c_w.l(btod.o)
    0x08004084   0x08004084   0x0000002a   Code   RO         4433    CL$$btod_ediv       c_w.l(btod.o)
    0x080040ae   0x080040ae   0x0000002a   Code   RO         4435    CL$$btod_edivd      c_w.l(btod.o)
    0x080040d8   0x080040d8   0x0000002a   Code   RO         4432    CL$$btod_emul       c_w.l(btod.o)
    0x08004102   0x08004102   0x0000002a   Code   RO         4434    CL$$btod_emuld      c_w.l(btod.o)
    0x0800412c   0x0800412c   0x00000244   Code   RO         4438    CL$$btod_mult_common  c_w.l(btod.o)
    0x08004370   0x08004370   0x00000014   Code   RO         3681    i.<Func5>           cpp_ws.l(locale.o)
    0x08004384   0x08004384   0x00000006   Code   RO         1890    i.SPI1_IRQHandler   stm32f407_spi.o
    0x0800438a   0x0800438a   0x00000006   Code   RO         1891    i.SPI2_IRQHandler   stm32f407_spi.o
    0x08004390   0x08004390   0x00000006   Code   RO         1892    i.SPI3_IRQHandler   stm32f407_spi.o
    0x08004396   0x08004396   0x00000002   PAD
    0x08004398   0x08004398   0x0000005c   Code   RO            5    i.SystemInit        system_stm32f4xx.o
    0x080043f4   0x080043f4   0x00000024   Code   RO         1984    i.TIM7_IRQHandler   stm32f407_sysfunc.o
    0x08004418   0x08004418   0x00000006   Code   RO         2058    i.UART4_IRQHandler  stm32f407_uart.o
    0x0800441e   0x0800441e   0x00000006   Code   RO         2059    i.UART5_IRQHandler  stm32f407_uart.o
    0x08004424   0x08004424   0x00000006   Code   RO         2060    i.USART1_IRQHandler  stm32f407_uart.o
    0x0800442a   0x0800442a   0x00000006   Code   RO         2061    i.USART2_IRQHandler  stm32f407_uart.o
    0x08004430   0x08004430   0x00000006   Code   RO         2062    i.USART3_IRQHandler  stm32f407_uart.o
    0x08004436   0x08004436   0x00000006   Code   RO         2063    i.USART6_IRQHandler  stm32f407_uart.o
    0x0800443c   0x0800443c   0x00000034   Code   RO           70    i._Z10drawStringR7SSD1306Pcjj  main.o
    0x08004470   0x08004470   0x000000b8   Code   RO            6    i._Z11SetSysClockv  system_stm32f4xx.o
    0x08004528   0x08004528   0x00000016   Code   RO         1985    i._Z11delayMicrosj  stm32f407_sysfunc.o
    0x0800453e   0x0800453e   0x00000002   PAD
    0x08004540   0x08004540   0x00000094   Code   RO         2064    i._Z11tryTransmitj  stm32f407_uart.o
    0x080045d4   0x080045d4   0x00000010   Code   RO           71    i._Z12clb_imuCalibv  main.o
    0x080045e4   0x080045e4   0x0000000c   Code   RO           72    i._Z12clb_imuSetupv  main.o
    0x080045f0   0x080045f0   0x0000044c   Code   RO           73    i._Z12setupScreensv  main.o
    0x08004a3c   0x08004a3c   0x00000020   Code   RO         2065    i._Z12writeStrUARTjPc  stm32f407_uart.o
    0x08004a5c   0x08004a5c   0x00000010   Code   RO           75    i._Z13clb_doNothingv  main.o
    0x08004a6c   0x08004a6c   0x00000004   Code   RO           76    i._Z13symbolToIndexc  main.o
    0x08004a70   0x08004a70   0x00000016   Code   RO         1896    i._Z14NVIC_EnableIRQ4IRQn  stm32f407_spi.o
    0x08004a86   0x08004a86   0x00000016   Code   RO         2067    i._Z14NVIC_EnableIRQ4IRQn  stm32f407_uart.o
    0x08004a9c   0x08004a9c   0x0000000c   Code   RO           77    i._Z15clb_dribblerOffv  main.o
    0x08004aa8   0x08004aa8   0x00000010   Code   RO           79    i._Z16clb_dribblerInOnv  main.o
    0x08004ab8   0x08004ab8   0x00000010   Code   RO           80    i._Z16clb_kickStraightv  main.o
    0x08004ac8   0x08004ac8   0x0000005c   Code   RO           81    i._Z16clb_screenToGamev  main.o
    0x08004b24   0x08004b24   0x0000002c   Code   RO           82    i._Z16clb_screenToMainv  main.o
    0x08004b50   0x08004b50   0x0000000c   Code   RO           84    i._Z17clb_dribblerOutOnv  main.o
    0x08004b5c   0x08004b5c   0x00000010   Code   RO           87    i._Z17clb_screenToEmptyv  main.o
    0x08004b6c   0x08004b6c   0x0000000c   Code   RO           88    i._Z18clb_endLightsCalibv  main.o
    0x08004b78   0x08004b78   0x00000018   Code   RO           89    i._Z18clb_screenToKickerv  main.o
    0x08004b90   0x08004b90   0x00000040   Code   RO         1897    i._Z19SPIInterruptHandlerj  stm32f407_spi.o
    0x08004bd0   0x08004bd0   0x00000014   Code   RO           90    i._Z19clb_toBatteryScreenv  main.o
    0x08004be4   0x08004be4   0x0000000c   Code   RO           91    i._Z19clb_turnOnBackLightv  main.o
    0x08004bf0   0x08004bf0   0x00000098   Code   RO         2070    i._Z20UARTInterruptHandlerj  stm32f407_uart.o
    0x08004c88   0x08004c88   0x0000000c   Code   RO           92    i._Z20clb_beginLightsCalibv  main.o
    0x08004c94   0x08004c94   0x00000018   Code   RO           93    i._Z20clb_screenToDribblerv  main.o
    0x08004cac   0x08004cac   0x0000000c   Code   RO           94    i._Z20clb_turnOffBackLightv  main.o
    0x08004cb8   0x08004cb8   0x00000024   Code   RO           95    i._Z21clb_screenToDebugDatav  main.o
    0x08004cdc   0x08004cdc   0x00000018   Code   RO           96    i._Z24clb_screenToCalibrationsv  main.o
    0x08004cf4   0x08004cf4   0x00000018   Code   RO           97    i._Z35clb_screenToLightSensorsCalibrationv  main.o
    0x08004d0c   0x08004d0c   0x00000016   Code   RO         1986    i._Z5delayj         stm32f407_sysfunc.o
    0x08004d22   0x08004d22   0x00000002   PAD
    0x08004d24   0x08004d24   0x00000020   Code   RO         1987    i._Z6microsv        stm32f407_sysfunc.o
    0x08004d44   0x08004d44   0x0000000c   Code   RO         1988    i._Z6millisv        stm32f407_sysfunc.o
    0x08004d50   0x08004d50   0x00000018   Code   RO         1079    i._Z6setPinP12GPIO_TypeDeftb  main.o
    0x08004d68   0x08004d68   0x00000048   Code   RO          904    i._Z6setPintb       main.o
    0x08004db0   0x08004db0   0x00000020   Code   RO         4145    i._Z7catgetsPN4__rw8__rw_catEiiPKc  cpp_ws.l(rwcats.o)
    0x08004dd0   0x08004dd0   0x00000022   Code   RO         4146    i._Z7catopenPKci    cpp_ws.l(rwcats.o)
    0x08004df2   0x08004df2   0x00000002   PAD
    0x08004df4   0x08004df4   0x0000018c   Code   RO         1736    i._Z7initPinP12GPIO_TypeDefthhh  stm32f407_pin.o
    0x08004f80   0x08004f80   0x00000074   Code   RO          897    i._Z7initPinthhh    main.o
    0x08004ff4   0x08004ff4   0x000000e0   Code   RO         1989    i._Z7initRCCv       stm32f407_sysfunc.o
    0x080050d4   0x080050d4   0x00000238   Code   RO         1898    i._Z7initSPIjbhtiiii  stm32f407_spi.o
    0x0800530c   0x0800530c   0x00000012   Code   RO         1085    i._Z7readPinP12GPIO_TypeDeft  main.o
    0x0800531e   0x0800531e   0x00000002   PAD
    0x08005320   0x08005320   0x000000d4   Code   RO           99    i._Z8drawCharR7SSD1306cjj  main.o
    0x080053f4   0x080053f4   0x0000038c   Code   RO         2071    i._Z8initUARTjjhfhj  stm32f407_uart.o
    0x08005780   0x08005780   0x00000070   Code   RO         1990    i._Z8sysStartv      stm32f407_sysfunc.o
    0x080057f0   0x080057f0   0x00000038   Code   RO         1899    i._Z8writeSPIjt     stm32f407_spi.o
    0x08005828   0x08005828   0x00000010   Code   RO          100    i._Z9clb_kick1v     main.o
    0x08005838   0x08005838   0x00000010   Code   RO          101    i._Z9clb_kick2v     main.o
    0x08005848   0x08005848   0x00000024   Code   RO         2080    i._Z9writeUARTjc    stm32f407_uart.o
    0x0800586c   0x0800586c   0x00000048   Code   RO          102    i._ZN10BallSensor4initEP6PL_ADCtt  main.o
    0x080058b4   0x080058b4   0x00000012   Code   RO          103    i._ZN10BallSensor6turnOnEv  main.o
    0x080058c6   0x080058c6   0x00000030   Code   RO          104    i._ZN10BallSensor6updateEv  main.o
    0x080058f6   0x080058f6   0x00000004   Code   RO          106    i._ZN10BallSensor8getValueEv  main.o
    0x080058fa   0x080058fa   0x00000006   Code   RO          107    i._ZN11LineSensors13turnOnSensorsEv  main.o
    0x08005900   0x08005900   0x00000006   Code   RO          108    i._ZN11LineSensors14turnOffSensorsEv  main.o
    0x08005906   0x08005906   0x00000006   Code   RO          109    i._ZN11LineSensors18endLineCalibrationEv  main.o
    0x0800590c   0x0800590c   0x00000006   Code   RO          110    i._ZN11LineSensors20beginLineCalibrationEv  main.o
    0x08005912   0x08005912   0x00000024   Code   RO          111    i._ZN11LineSensors4initEjt  main.o
    0x08005936   0x08005936   0x00000004   Code   RO          113    i._ZN11LineSensors7getLineEv  main.o
    0x0800593a   0x0800593a   0x00000002   PAD
    0x0800593c   0x0800593c   0x0000002c   Code   RO         1151    i._ZN12CameraObjectC1Ev  main.o
    0x08005968   0x08005968   0x0000006e   Code   RO          116    i._ZN12KickerModule4initEtttt  main.o
    0x080059d6   0x080059d6   0x00000082   Code   RO          117    i._ZN12KickerModule4kickEbb  main.o
    0x08005a58   0x08005a58   0x00000008   Code   RO          118    i._ZN12MotorDrivers11setDribblerEi  main.o
    0x08005a60   0x08005a60   0x0000001c   Code   RO          119    i._ZN12MotorDrivers12enableMotorsEv  main.o
    0x08005a7c   0x08005a7c   0x0000001c   Code   RO          120    i._ZN12MotorDrivers13disableMotorsEv  main.o
    0x08005a98   0x08005a98   0x00000090   Code   RO          122    i._ZN12MotorDrivers4initEjhjhjhjhjh  main.o
    0x08005b28   0x08005b28   0x0000002a   Code   RO          124    i._ZN12MotorDrivers8setMotorEii  main.o
    0x08005b52   0x08005b52   0x00000058   Code   RO         3108    i._ZN37_INTERNAL_15_rwstdexcept_cpp_8697b68a4__rw13__rw_vfmatstrEPcjPKcSt9__va_list  cpp_ws.l(rwstdexcept.o)
    0x08005baa   0x08005baa   0x00000002   PAD
    0x08005bac   0x08005bac   0x0000014c   Code   RO         3109    i._ZN37_INTERNAL_15_rwstdexcept_cpp_8697b68a4__rw13__rw_vfmatstrEPcjiSt9__va_list  cpp_ws.l(rwstdexcept.o)
    0x08005cf8   0x08005cf8   0x00000014   Code   RO          135    i._ZN3IMU12setZeroAngleEv  main.o
    0x08005d0c   0x08005d0c   0x00000006   Code   RO          136    i._ZN3IMU20updateAnglesFromFIFOEv  main.o
    0x08005d12   0x08005d12   0x00000002   PAD
    0x08005d14   0x08005d14   0x00000054   Code   RO          137    i._ZN3IMU4initEjtt  main.o
    0x08005d68   0x08005d68   0x00000020   Code   RO          138    i._ZN3IMU6turnOnEv  main.o
    0x08005d88   0x08005d88   0x000000a8   Code   RO          139    i._ZN3IMU6updateEv  main.o
    0x08005e30   0x08005e30   0x00000090   Code   RO          141    i._ZN3IMU8getAngleEv  main.o
    0x08005ec0   0x08005ec0   0x00000006   Code   RO          142    i._ZN3IMU9calibrateEj  main.o
    0x08005ec6   0x08005ec6   0x00000002   PAD
    0x08005ec8   0x08005ec8   0x0000005c   Code   RO         3111    i._ZN4__rw10__rw_throwEiz  cpp_ws.l(rwstdexcept.o)
    0x08005f24   0x08005f24   0x00000020   Code   RO         2566    i._ZN4__rw13__rw_allocateEji  cpp_ws.l(rwalloc.o)
    0x08005f44   0x08005f44   0x00000004   Code   RO         2567    i._ZN4__rw15__rw_deallocateEPvji  cpp_ws.l(rwalloc.o)
    0x08005f48   0x08005f48   0x00000002   Code   RO         3628    i._ZN4__rw15__rw_facet_base12_C_initfacetERKSt6locale  cpp_ws.l(char.o)
    0x08005f4a   0x08005f4a   0x00000002   PAD
    0x08005f4c   0x08005f4c   0x000000ec   Code   RO         3784    i._ZN4__rw15__rw_locale_impC1EPKcjj  cpp_ws.l(locale.o)
    0x08006038   0x08006038   0x0000001a   Code   RO         3822    i._ZN4__rw15__rw_locale_impD1Ev  cpp_ws.l(locale.o)
    0x08006052   0x08006052   0x0000003a   Code   RO         3682    i._ZN4__rw21__rw_use_c_lib_localeC1EPKci  cpp_ws.l(locale.o)
    0x0800608c   0x0800608c   0x00000018   Code   RO         3598    i._ZN4__rw21__rw_use_c_lib_localeD1Ev  cpp_ws.l(char.o)
    0x080060a4   0x080060a4   0x00000098   Code   RO         4169    i._ZN4__rw25__rw_throw_exception_noexEiPc  cpp_ws.l(rwthrowproc_impl_noex.o)
    0x0800613c   0x0800613c   0x00000030   Code   RO         4149    i._ZN4__rw9__catfindEPNS_8__rw_catE  cpp_ws.l(rwcats.o)
    0x0800616c   0x0800616c   0x00000008   Code   RO          143    i._ZN5Robot10switch5vOnEv  main.o
    0x08006174   0x08006174   0x00000008   Code   RO          145    i._ZN5Robot11switch5vOffEv  main.o
    0x0800617c   0x0800617c   0x0000003a   Code   RO          147    i._ZN5Robot12setPlayStateEb  main.o
    0x080061b6   0x080061b6   0x00000008   Code   RO          148    i._ZN5Robot12swithPowerOnEv  main.o
    0x080061be   0x080061be   0x00000014   Code   RO          151    i._ZN5Robot15changePlayStateEv  main.o
    0x080061d2   0x080061d2   0x00000002   PAD
    0x080061d4   0x080061d4   0x00000274   Code   RO          153    i._ZN5Robot4initEv  main.o
    0x08006448   0x08006448   0x00000042   Code   RO          157    i._ZN5Robot8initLEDsEv  main.o
    0x0800648a   0x0800648a   0x00000006   Code   RO          159    i._ZN5Robot9playStateEv  main.o
    0x08006490   0x08006490   0x00000020   Code   RO          160    i._ZN6Camera4initEjt  main.o
    0x080064b0   0x080064b0   0x0000002c   Code   RO          162    i._ZN6CameraC1Ev    main.o
    0x080064dc   0x080064dc   0x000000a4   Code   RO          164    i._ZN6Driver11setVelocityEi  main.o
    0x08006580   0x08006580   0x00000024   Code   RO          168    i._ZN6Driver14enableFloatingEv  main.o
    0x080065a4   0x080065a4   0x00000024   Code   RO          170    i._ZN6Driver15disableFloatingEv  main.o
    0x080065c8   0x080065c8   0x00000006   Code   RO          171    i._ZN6Driver4initEcc  main.o
    0x080065ce   0x080065ce   0x00000002   PAD
    0x080065d0   0x080065d0   0x00000068   Code   RO          172    i._ZN6Driver5writeEPccc  main.o
    0x08006638   0x08006638   0x00000034   Code   RO          174    i._ZN6DriverC1Ev    main.o
    0x0800666c   0x0800666c   0x0000000a   Code   RO         1773    i._ZN6PL_ADC10waitUpdateEv  stm32f407_adc.o
    0x08006676   0x08006676   0x00000002   PAD
    0x08006678   0x08006678   0x000000c4   Code   RO         1774    i._ZN6PL_ADC3addEa  stm32f407_adc.o
    0x0800673c   0x0800673c   0x0000007c   Code   RO         1775    i._ZN6PL_ADC4initEv  stm32f407_adc.o
    0x080067b8   0x080067b8   0x0000004a   Code   RO         1776    i._ZN6PL_ADC4readEab  stm32f407_adc.o
    0x08006802   0x08006802   0x00000016   Code   RO         1778    i._ZN6PL_ADC5startEv  stm32f407_adc.o
    0x08006818   0x08006818   0x00000040   Code   RO         1779    i._ZN6PL_ADCC1EP11ADC_TypeDef  stm32f407_adc.o
    0x08006858   0x08006858   0x00000024   Code   RO         1175    i._ZN6ScreenC1Ev    main.o
    0x0800687c   0x0800687c   0x00000006   Code   RO          175    i._ZN7Battery10getVoltageEv  main.o
    0x08006882   0x08006882   0x00000006   Code   RO          176    i._ZN7Battery13getPercentageEv  main.o
    0x08006888   0x08006888   0x0000000a   Code   RO          177    i._ZN7Battery14getCellVoltageEi  main.o
    0x08006892   0x08006892   0x00000002   PAD
    0x08006894   0x08006894   0x0000009c   Code   RO          178    i._ZN7Battery4initEP6PL_ADCtttt  main.o
    0x08006930   0x08006930   0x0000015c   Code   RO          179    i._ZN7Battery6updateEv  main.o
    0x08006a8c   0x08006a8c   0x0000002e   Code   RO          180    i._ZN7Battery8readCellEi  main.o
    0x08006aba   0x08006aba   0x0000000c   Code   RO          181    i._ZN7Buttons10setChangedEib  main.o
    0x08006ac6   0x08006ac6   0x0000000a   Code   RO         1181    i._ZN7Buttons12ButtonStructC1Ev  main.o
    0x08006ad0   0x08006ad0   0x00000034   Code   RO          182    i._ZN7Buttons4initEtttt  main.o
    0x08006b04   0x08006b04   0x00000016   Code   RO          183    i._ZN7Buttons6enableEv  main.o
    0x08006b1a   0x08006b1a   0x00000002   PAD
    0x08006b1c   0x08006b1c   0x00000088   Code   RO          184    i._ZN7Buttons6updateEv  main.o
    0x08006ba4   0x08006ba4   0x00000016   Code   RO          185    i._ZN7Buttons7disableEv  main.o
    0x08006bba   0x08006bba   0x0000001e   Code   RO          186    i._ZN7Buttons9isChangedEib  main.o
    0x08006bd8   0x08006bd8   0x00000006   Code   RO         1199    i._ZN7CommandC1Ev   main.o
    0x08006bde   0x08006bde   0x00000038   Code   RO         1169    i._ZN7Display11addToScreenE7Command  main.o
    0x08006c16   0x08006c16   0x00000004   Code   RO          188    i._ZN7Display5printEPcii  main.o
    0x08006c1a   0x08006c1a   0x00000010   Code   RO          189    i._ZN7Display5printEdiii  main.o
    0x08006c2a   0x08006c2a   0x00000010   Code   RO          191    i._ZN7Display5printEiiii  main.o
    0x08006c3a   0x08006c3a   0x00000010   Code   RO          192    i._ZN7Display5printEjiii  main.o
    0x08006c4a   0x08006c4a   0x0000002e   Code   RO         1163    i._ZN7Display6addEscE7Command  main.o
    0x08006c78   0x08006c78   0x00000034   Code   RO         2250    i._ZN7SSD130615ssd1306_commandEh  ssd1306.o
    0x08006cac   0x08006cac   0x00000174   Code   RO         2257    i._ZN7SSD13065beginEhb  ssd1306.o
    0x08006e20   0x08006e20   0x00000010   Code   RO         2258    i._ZN7SSD13065clearEv  ssd1306.o
    0x08006e30   0x08006e30   0x00000010   Code   RO         2259    i._ZN7SSD13066invertEh  ssd1306.o
    0x08006e40   0x08006e40   0x00000074   Code   RO         2260    i._ZN7SSD13067displayEPh  ssd1306.o
    0x08006eb4   0x08006eb4   0x00000078   Code   RO         2261    i._ZN7SSD13067displayEv  ssd1306.o
    0x08006f2c   0x08006f2c   0x00000008   Code   RO         2262    i._ZN7SSD13068switchOnEv  ssd1306.o
    0x08006f34   0x08006f34   0x000000a4   Code   RO         2263    i._ZN7SSD13069drawPixelEsst  ssd1306.o
    0x08006fd8   0x08006fd8   0x00000044   Code   RO         2265    i._ZN7SSD1306C1Ejtttttt  ssd1306.o
    0x0800701c   0x0800701c   0x0000000c   Code   RO         2266    i._ZN7SSD1306C1Ev   ssd1306.o
    0x08007028   0x08007028   0x0000002e   Code   RO         2424    i._ZN7mpu925012readFIFOsizeEv  mpu9250.o
    0x08007056   0x08007056   0x00000058   Code   RO         2425    i._ZN7mpu925012setAccOffsetEiii  mpu9250.o
    0x080070ae   0x080070ae   0x00000002   PAD
    0x080070b0   0x080070b0   0x00000394   Code   RO         2426    i._ZN7mpu925012updateAnglesEdb  mpu9250.o
    0x08007444   0x08007444   0x00000052   Code   RO         2427    i._ZN7mpu925013setGyroOffsetEiii  mpu9250.o
    0x08007496   0x08007496   0x00000002   PAD
    0x08007498   0x08007498   0x00000048   Code   RO         2428    i._ZN7mpu925020updateAnglesFromFIFOEv  mpu9250.o
    0x080074e0   0x080074e0   0x00000844   Code   RO         2429    i._ZN7mpu925021MadgwickAHRSupdateIMUEd  mpu9250.o
    0x08007d24   0x08007d24   0x00000014   Code   RO         2532    i._ZN7mpu92507convertEth  mpu9250.o
    0x08007d38   0x08007d38   0x00000254   Code   RO         2431    i._ZN7mpu92507initIMUEji  mpu9250.o
    0x08007f8c   0x08007f8c   0x0000002c   Code   RO         2432    i._ZN7mpu92507invSqrtEf  mpu9250.o
    0x08007fb8   0x08007fb8   0x000000a0   Code   RO         2433    i._ZN7mpu92507readAccEv  mpu9250.o
    0x08008058   0x08008058   0x0000005a   Code   RO         2434    i._ZN7mpu92507readRegEiPii  mpu9250.o
    0x080080b2   0x080080b2   0x000001c4   Code   RO         2435    i._ZN7mpu92508readFIFOEv  mpu9250.o
    0x08008276   0x08008276   0x000000a0   Code   RO         2436    i._ZN7mpu92508readGyroEv  mpu9250.o
    0x08008316   0x08008316   0x00000032   Code   RO         2438    i._ZN7mpu92508writeRegEih  mpu9250.o
    0x08008348   0x08008348   0x0000023c   Code   RO         2439    i._ZN7mpu92509calibrateEi  mpu9250.o
    0x08008584   0x08008584   0x00000078   Code   RO         1073    i._ZN9PairSaverC1Ev  main.o
    0x080085fc   0x080085fc   0x00000004   Code   RO         3231    i._ZNKSt14__rw_exception4whatEv  cpp_ws.l(rwstdexcept.o)
    0x08008600   0x08008600   0x00000072   Code   RO         3859    i._ZNKSt18__rw_messages_base11_C_cat_openERKSsRKSt6locale  cpp_ws.l(messages.o)
    0x08008672   0x08008672   0x00000020   Code   RO         3862    i._ZNKSt18__rw_messages_base13_C_get_localeEi  cpp_ws.l(messages.o)
    0x08008692   0x08008692   0x00000034   Code   RO         3863    i._ZNKSt18__rw_messages_base14_C_get_messageEiii  cpp_ws.l(messages.o)
    0x080086c6   0x080086c6   0x0000000e   Code   RO         3568    i._ZNKSt5ctypeIcE2isENSt10ctype_base4maskEc  cpp_ws.l(char.o)
    0x080086d4   0x080086d4   0x00000108   Code   RO         3687    i._ZNKSt6locale13_C_make_facetERKNS_2idEbiPFPN4__rw15__rw_facet_baseEiPKcjE  cpp_ws.l(locale.o)
    0x080087dc   0x080087dc   0x00000074   Code   RO         3689    i._ZNKSt6locale16_C_install_facetEPN4__rw15__rw_facet_baseERKNS_2idE  cpp_ws.l(locale.o)
    0x08008850   0x08008850   0x00000030   Code   RO         3690    i._ZNKSt6locale4nameEv  cpp_ws.l(locale.o)
    0x08008880   0x08008880   0x0000000c   Code   RO         3543    i._ZNSt11char_traitsIcE4copyEPcPKcj  cpp_ws.l(char.o)
    0x0800888c   0x0800888c   0x000000cc   Code   RO         3429    i._ZNSt12ctype_bynameIcE17_C_get_mask_tableEPKc  cpp_ws.l(char.o)
    0x08008958   0x08008958   0x00000120   Code   RO         3431    i._ZNSt12ctype_bynameIcEC1EPKcj  cpp_ws.l(char.o)
    0x08008a78   0x08008a78   0x0000000e   Code   RO         3675    i._ZNSt12ctype_bynameIcED0Ev  cpp_ws.l(char.o)
    0x08008a86   0x08008a86   0x00000008   Code   RO         3672    i._ZNSt12ctype_bynameIcED1Ev  cpp_ws.l(char.o)
    0x08008a8e   0x08008a8e   0x00000002   PAD
    0x08008a90   0x08008a90   0x00000084   Code   RO         3114    i._ZNSt14__rw_exception10_C_vformatEiSt9__va_list  cpp_ws.l(rwstdexcept.o)
    0x08008b14   0x08008b14   0x00000014   Code   RO         3181    i._ZNSt14__rw_exceptionC1Ev  cpp_ws.l(rwstdexcept.o)
    0x08008b28   0x08008b28   0x0000001c   Code   RO         3225    i._ZNSt14__rw_exceptionD1Ev  cpp_ws.l(rwstdexcept.o)
    0x08008b44   0x08008b44   0x00000008   Code   RO         3178    i._ZNSt18__rw_messages_baseD1Ev  cpp_ws.l(rwstdexcept.o)
    0x08008b4c   0x08008b4c   0x0000001a   Code   RO         3899    i._ZNSt18__rw_open_cat_dataC1Ev  cpp_ws.l(messages.o)
    0x08008b66   0x08008b66   0x0000000c   Code   RO         3896    i._ZNSt18__rw_open_cat_dataD1Ev  cpp_ws.l(messages.o)
    0x08008b72   0x08008b72   0x00000012   Code   RO         3902    i._ZNSt18__rw_open_cat_dataaSERKS_  cpp_ws.l(messages.o)
    0x08008b84   0x08008b84   0x000000fa   Code   RO         3433    i._ZNSt5ctypeIcE12_C_initfacetERKSt6locale  cpp_ws.l(char.o)
    0x08008c7e   0x08008c7e   0x00000002   PAD
    0x08008c80   0x08008c80   0x00000118   Code   RO         3435    i._ZNSt5ctypeIcEC1EPKNSt10ctype_base4maskEbj  cpp_ws.l(char.o)
    0x08008d98   0x08008d98   0x0000000e   Code   RO         3571    i._ZNSt5ctypeIcED0Ev  cpp_ws.l(char.o)
    0x08008da6   0x08008da6   0x00000002   PAD
    0x08008da8   0x08008da8   0x0000002c   Code   RO         3500    i._ZNSt5ctypeIcED1Ev  cpp_ws.l(char.o)
    0x08008dd4   0x08008dd4   0x0000000e   Code   RO         3222    i._ZNSt6locale5facetD0Ev  cpp_ws.l(rwstdexcept.o)
    0x08008de2   0x08008de2   0x00000002   PAD
    0x08008de4   0x08008de4   0x00000084   Code   RO         3693    i._ZNSt6locale7_C_initEv  cpp_ws.l(locale.o)
    0x08008e68   0x08008e68   0x00000044   Code   RO         3695    i._ZNSt6locale7classicEv  cpp_ws.l(locale.o)
    0x08008eac   0x08008eac   0x00000020   Code   RO         3825    i._ZNSt6localeC1EPN4__rw15__rw_locale_impE  cpp_ws.l(locale.o)
    0x08008ecc   0x08008ecc   0x0000000c   Code   RO         3905    i._ZNSt6localeC1ERKS_  cpp_ws.l(messages.o)
    0x08008ed8   0x08008ed8   0x00000020   Code   RO         3174    i._ZNSt6localeC1Ev  cpp_ws.l(rwstdexcept.o)
    0x08008ef8   0x08008ef8   0x00000020   Code   RO         3800    i._ZNSt6localeD1Ev  cpp_ws.l(locale.o)
    0x08008f18   0x08008f18   0x00000032   Code   RO         3703    i._ZNSt6localeaSERKS_  cpp_ws.l(locale.o)
    0x08008f4a   0x08008f4a   0x0000000e   Code   RO         3196    i._ZNSt8messagesIcED0Ev  cpp_ws.l(rwstdexcept.o)
    0x08008f58   0x08008f58   0x00000010   Code   RO         3165    i._ZNSt8messagesIcED1Ev  cpp_ws.l(rwstdexcept.o)
    0x08008f68   0x08008f68   0x0000000c   Code   RO         3917    i._ZNSt9exceptionC1Ev  cpprt_w.l(exception_ctor.o)
    0x08008f74   0x08008f74   0x0000003c   Code   RO         3880    i._ZSt13__rw_get_catsv  cpp_ws.l(messages.o)
    0x08008fb0   0x08008fb0   0x00000008   Code   RO         3911    i._ZdaPv            cpprt_w.l(array_del.o)
    0x08008fb8   0x08008fb8   0x00000008   Code   RO         2724    i._ZdlPv            cpprt_w.l(delete.o)
    0x08008fc0   0x08008fc0   0x00000008   Code   RO         2720    i._Znaj             cpprt_w.l(array_new.o)
    0x08008fc8   0x08008fc8   0x00000028   Code   RO         2727    i._Znwj             cpprt_w.l(new.o)
    0x08008ff0   0x08008ff0   0x00000092   Code   RO         4472    i.__ARM_array_new_general  cpprt_w.l(array_new_general.o)
    0x08009082   0x08009082   0x00000030   Code   RO         3327    i.__ARM_fpclassify  m_wm.l(fpclassify.o)
    0x080090b2   0x080090b2   0x00000024   Code   RO         2840    i.__aeabi_vec_ctor_nocookie_nodtor  cpprt_w.l(aeabi_vec_ctor_nocookie_nodtor.o)
    0x080090d6   0x080090d6   0x00000010   Code   RO         4246    i.__aeabi_vec_dtor_cookie  cpprt_w.l(aeabi_vec_dtor_cookie.o)
    0x080090e6   0x080090e6   0x00000014   Code   RO         4243    i.__aeabi_vec_new_cookie  cpprt_w.l(aeabi_vec_new_cookie.o)
    0x080090fa   0x080090fa   0x00000010   Code   RO         2731    i.__cxa_guard_acquire  cpprt_w.l(cxa_guard_acquire.o)
    0x0800910a   0x0800910a   0x00000002   PAD
    0x0800910c   0x0800910c   0x00000018   Code   RO         4403    i.__cxa_vec_new     cpprt_w.l(cxa_vec_new.o)
    0x08009124   0x08009124   0x00000004   PAD
    0x08009128   0x08009128   0x000000f8   Code   RO         4490    i.__hardfp___mathlib_tofloat  m_wm.l(narrow.o)
    0x08009220   0x08009220   0x00000360   Code   RO         2895    i.__hardfp_asin     m_wm.l(asin.o)
    0x08009580   0x08009580   0x000002d8   Code   RO         3296    i.__hardfp_atan     m_wm.l(atan.o)
    0x08009858   0x08009858   0x000001f0   Code   RO         2909    i.__hardfp_atan2    m_wm.l(atan2.o)
    0x08009a48   0x08009a48   0x0000006c   Code   RO         2921    i.__hardfp_ceilf    m_wm.l(ceilf.o)
    0x08009ab4   0x08009ab4   0x00000004   PAD
    0x08009ab8   0x08009ab8   0x000000d0   Code   RO         4550    i.__hardfp_ldexp    m_wm.l(ldexp.o)
    0x08009b88   0x08009b88   0x00000c50   Code   RO         2945    i.__hardfp_pow      m_wm.l(pow.o)
    0x0800a7d8   0x0800a7d8   0x000000f8   Code   RO         3329    i.__kernel_poly     m_wm.l(poly.o)
    0x0800a8d0   0x0800a8d0   0x00000030   Code   RO         3313    i.__mathlib_dbl_divzero  m_wm.l(dunder.o)
    0x0800a900   0x0800a900   0x00000014   Code   RO         3314    i.__mathlib_dbl_infnan  m_wm.l(dunder.o)
    0x0800a914   0x0800a914   0x00000014   Code   RO         3315    i.__mathlib_dbl_infnan2  m_wm.l(dunder.o)
    0x0800a928   0x0800a928   0x00000020   Code   RO         3316    i.__mathlib_dbl_invalid  m_wm.l(dunder.o)
    0x0800a948   0x0800a948   0x00000020   Code   RO         3317    i.__mathlib_dbl_overflow  m_wm.l(dunder.o)
    0x0800a968   0x0800a968   0x00000020   Code   RO         3319    i.__mathlib_dbl_underflow  m_wm.l(dunder.o)
    0x0800a988   0x0800a988   0x00000012   Code   RO         4491    i.__mathlib_narrow  m_wm.l(narrow.o)
    0x0800a99a   0x0800a99a   0x00000002   PAD
    0x0800a99c   0x0800a99c   0x00000010   Code   RO         3704    i.__sti___10_locale_cpp_ff99fc7b  cpp_ws.l(locale.o)
    0x0800a9ac   0x0800a9ac   0x00000038   Code   RO         4150    i.__sti___10_rwcats_cpp_64e8068e  cpp_ws.l(rwcats.o)
    0x0800a9e4   0x0800a9e4   0x00000010   Code   RO         3437    i.__sti___8_char_cpp_a3dc957a  cpp_ws.l(char.o)
    0x0800a9f4   0x0800a9f4   0x00000080   Code   RO          197    i.__sti___8_main_cpp_48fb3d7c  main.o
    0x0800aa74   0x0800aa74   0x00000014   Code   RO         4552    i.__support_ldexp   m_wm.l(ldexp.o)
    0x0800aa88   0x0800aa88   0x0000000e   Code   RO         4039    i._is_digit         c_w.l(__printf_wp.o)
    0x0800aa96   0x0800aa96   0x00000010   Code   RO         3298    i.atan              m_wm.l(atan.o)
    0x0800aaa6   0x0800aaa6   0x00000018   Code   RO         2941    i.fabs              m_wm.l(fabs.o)
    0x0800aabe   0x0800aabe   0x0000001a   Code   RO         4335    i.fputc             c_w.l(fputc.o)
    0x0800aad8   0x0800aad8   0x0000008c   Code   RO         4526    i.frexp             m_wm.l(frexp.o)
    0x0800ab64   0x0800ab64   0x0000044c   Code   RO          198    i.main              main.o
    0x0800afb0   0x0800afb0   0x0000006e   Code   RO         2973    i.sqrt              m_wm.l(sqrt.o)
    0x0800b01e   0x0800b01e   0x00000002   PAD
    0x0800b020   0x0800b020   0x0000002c   Code   RO         4362    locale$$code        c_w.l(lc_ctype_c.o)
    0x0800b04c   0x0800b04c   0x0000002c   Code   RO         4462    locale$$code        c_w.l(lc_numeric_c.o)
    0x0800b078   0x0800b078   0x00000034   Code   RO          918    t._Z4crc8IcET_PS0_i  main.o
    0x0800b0ac   0x0800b0ac   0x00000008   Code   RO          932    t._Z4min2IiET_S0_S0_  main.o
    0x0800b0b4   0x0800b0b4   0x00000224   Code   RO          995    t._Z7toPrintIdEPcT_s  main.o
    0x0800b2d8   0x0800b2d8   0x00000116   Code   RO          939    t._Z7toPrintIiEPcT_s  main.o
    0x0800b3ee   0x0800b3ee   0x00000108   Code   RO          953    t._Z7toPrintIjEPcT_s  main.o
    0x0800b4f6   0x0800b4f6   0x00000028   Code   RO         1002    t._Z8printTmlIdEvR7SSD1306T_iii  main.o
    0x0800b51e   0x0800b51e   0x0000002a   Code   RO          946    t._Z8printTmlIiEvR7SSD1306T_iii  main.o
    0x0800b548   0x0800b548   0x0000002a   Code   RO          960    t._Z8printTmlIjEvR7SSD1306T_iii  main.o
    0x0800b572   0x0800b572   0x00000002   PAD
    0x0800b574   0x0800b574   0x00000014   Code   RO         3552    t._ZN4__rw12__string_refIcSt11char_traitsIcESaIcEE10_C_inc_refEv  cpp_ws.l(char.o)
    0x0800b588   0x0800b588   0x00000046   Code   RO         3187    t._ZN4__rw16__rw_facet_makerISt5ctypeIcEE13_C_maker_funcEiPKcj  cpp_ws.l(rwstdexcept.o)
    0x0800b5ce   0x0800b5ce   0x00000014   Code   RO         1097    t._ZN4__rw17__rw_new_capacityISt5dequeISt4pairIS2_IddEjESaIS4_EEEEjjPKT_  main.o
    0x0800b5e2   0x0800b5e2   0x00000056   Code   RO         3803    t._ZN4__rw18__rw_locale_vectorIPNS_15__rw_facet_baseEE6resizeEjRKS2_  cpp_ws.l(locale.o)
    0x0800b638   0x0800b638   0x0000000e   Code   RO         3815    t._ZN4__rw18__rw_locale_vectorIPNS_15__rw_facet_baseEED1Ev  cpp_ws.l(locale.o)
    0x0800b646   0x0800b646   0x0000000e   Code   RO         4166    t._ZN4__rw18__rw_locale_vectorIPNS_8__rw_catEED1Ev  cpp_ws.l(rwcats.o)
    0x0800b654   0x0800b654   0x00000014   Code   RO         3818    t._ZN4__rw18__rw_locale_vectorISsED1Ev  cpp_ws.l(locale.o)
    0x0800b668   0x0800b668   0x00000088   Code   RO         3886    t._ZN4__rw18__rw_locale_vectorISt18__rw_open_cat_dataE6resizeEj  cpp_ws.l(messages.o)
    0x0800b6f0   0x0800b6f0   0x00000014   Code   RO         3892    t._ZN4__rw18__rw_locale_vectorISt18__rw_open_cat_dataED1Ev  cpp_ws.l(messages.o)
    0x0800b704   0x0800b704   0x00000010   Code   RO         1127    t._ZNKSt5dequeISt4pairIS0_IddEjESaIS2_EE12_C_make_iterERKSt15__rw_deque_iterIS2_iPKS2_RS6_S3_E  main.o
    0x0800b714   0x0800b714   0x0000000e   Code   RO         1103    t._ZNKSt5dequeISt4pairIS0_IddEjESaIS2_EE5emptyEv  main.o
    0x0800b722   0x0800b722   0x00000002   PAD
    0x0800b724   0x0800b724   0x00000090   Code   RO         3159    t._ZNKSt8messagesIcE6do_getEiiiRKSs  cpp_ws.l(rwstdexcept.o)
    0x0800b7b4   0x0800b7b4   0x00000006   Code   RO         3184    t._ZNKSt8messagesIcE7do_openERKSsRKSt6locale  cpp_ws.l(rwstdexcept.o)
    0x0800b7ba   0x0800b7ba   0x00000008   Code   RO         1139    t._ZNSaIPSt4pairIS_IddEjEE8allocateEjPKv  main.o
    0x0800b7c2   0x0800b7c2   0x00000032   Code   RO         3772    t._ZNSs11_C_allocateEjjj  cpp_ws.l(locale.o)
    0x0800b7f4   0x0800b7f4   0x00000018   Code   RO         3812    t._ZNSs7replaceEjjPKcj  cpp_ws.l(locale.o)
    0x0800b80c   0x0800b80c   0x00000168   Code   RO         3490    t._ZNSs7replaceEjjPKcjjj  cpp_ws.l(char.o)
    0x0800b974   0x0800b974   0x00000074   Code   RO         3478    t._ZNSs9_C_getRepEjj  cpp_ws.l(char.o)
    0x0800b9e8   0x0800b9e8   0x00000048   Code   RO         3487    t._ZNSs9_C_unlinkEv  cpp_ws.l(char.o)
    0x0800ba30   0x0800ba30   0x00000038   Code   RO         3775    t._ZNSsC1EPKcRKSaIcE  cpp_ws.l(locale.o)
    0x0800ba68   0x0800ba68   0x00000010   Code   RO         3809    t._ZNSsC1ERKSaIcE   cpp_ws.l(locale.o)
    0x0800ba78   0x0800ba78   0x0000003e   Code   RO         3481    t._ZNSsC1ERKSs      cpp_ws.l(char.o)
    0x0800bab6   0x0800bab6   0x0000000c   Code   RO         3561    t._ZNSsD1Ev         cpp_ws.l(char.o)
    0x0800bac2   0x0800bac2   0x00000002   PAD
    0x0800bac4   0x0800bac4   0x0000004c   Code   RO         3781    t._ZNSsaSEPKc       cpp_ws.l(locale.o)
    0x0800bb10   0x0800bb10   0x0000003e   Code   RO         3778    t._ZNSsaSERKSs      cpp_ws.l(locale.o)
    0x0800bb4e   0x0800bb4e   0x00000012   Code   RO         1121    t._ZNSt15__rw_deque_iterISt4pairIS0_IddEjEiPKS2_RS3_SaIS2_EEC1ERKS_IS2_iPS2_RS2_S6_E  main.o
    0x0800bb60   0x0800bb60   0x00000012   Code   RO         1115    t._ZNSt15__rw_deque_iterISt4pairIS0_IddEjEiPS2_RS2_SaIS2_EEC1ERKS6_  main.o
    0x0800bb72   0x0800bb72   0x00000038   Code   RO         1037    t._ZNSt15__rw_deque_iterISt4pairIS0_IddEjEiPS2_RS2_SaIS2_EEC1ES3_PS3_  main.o
    0x0800bbaa   0x0800bbaa   0x00000012   Code   RO         1133    t._ZNSt4pairIddEC1ERKS0_  main.o
    0x0800bbbc   0x0800bbbc   0x00000018   Code   RO         1091    t._ZNSt4pairIddEC1Ev  main.o
    0x0800bbd4   0x0800bbd4   0x00000008   Code   RO         1157    t._ZNSt4pairIiiEC1Ev  main.o
    0x0800bbdc   0x0800bbdc   0x00000008   Code   RO         1109    t._ZNSt5dequeISt4pairIS0_IddEjESaIS2_EE10_C_bufsizeEv  main.o
    0x0800bbe4   0x0800bbe4   0x0000014c   Code   RO         1061    t._ZNSt5dequeISt4pairIS0_IddEjESaIS2_EE15_C_alloc_at_endEv  main.o
    0x0800bd30   0x0800bd30   0x0000006c   Code   RO         1043    t._ZNSt5dequeISt4pairIS0_IddEjESaIS2_EE16_C_free_at_beginEv  main.o
    0x0800bd9c   0x0800bd9c   0x00000030   Code   RO         1055    t._ZNSt5dequeISt4pairIS0_IddEjESaIS2_EE7_C_initEv  main.o
    0x0800bdcc   0x0800bdcc   0x00000030   Code   RO         1049    t._ZNSt5dequeISt4pairIS0_IddEjESaIS2_EE9pop_frontEv  main.o
    0x0800bdfc   0x0800bdfc   0x00000038   Code   RO         1067    t._ZNSt5dequeISt4pairIS0_IddEjESaIS2_EE9push_backERKS2_  main.o
    0x0800be34   0x0800be34   0x0000000c   Code   RO         3555    t._ZSt3maxIjERKT_S2_S2_  cpp_ws.l(char.o)
    0x0800be40   0x0800be40   0x000000b2   Code   RO         1145    t._ZSt4copyISt15__rw_deque_iterISt4pairIS1_IddEjEiPKS3_RS4_SaIS3_EESt20back_insert_iteratorISt5dequeIS3_S7_EEET0_T_SE_SD_  main.o
    0x0800bef2   0x0800bef2   0x00000018   Code   RO         2843    x$fpl$basic         fz_wm.l(basic.o)
    0x0800bf0a   0x0800bf0a   0x00000002   PAD
    0x0800bf0c   0x0800bf0c   0x00000062   Code   RO         2845    x$fpl$d2f           fz_wm.l(d2f.o)
    0x0800bf6e   0x0800bf6e   0x00000002   PAD
    0x0800bf70   0x0800bf70   0x00000150   Code   RO         2847    x$fpl$dadd          fz_wm.l(daddsub_clz.o)
    0x0800c0c0   0x0800c0c0   0x00000010   Code   RO         3952    x$fpl$dcheck1       fz_wm.l(dcheck1.o)
    0x0800c0d0   0x0800c0d0   0x00000018   Code   RO         3281    x$fpl$dcmpinf       fz_wm.l(dcmpi.o)
    0x0800c0e8   0x0800c0e8   0x000002b0   Code   RO         2854    x$fpl$ddiv          fz_wm.l(ddiv.o)
    0x0800c398   0x0800c398   0x00000078   Code   RO         2857    x$fpl$deqf          fz_wm.l(deqf.o)
    0x0800c410   0x0800c410   0x0000005e   Code   RO         2859    x$fpl$dfix          fz_wm.l(dfix.o)
    0x0800c46e   0x0800c46e   0x00000002   PAD
    0x0800c470   0x0800c470   0x0000005a   Code   RO         2867    x$fpl$dfixu         fz_wm.l(dfixu.o)
    0x0800c4ca   0x0800c4ca   0x0000002e   Code   RO         2872    x$fpl$dflt          fz_wm.l(dflt_clz.o)
    0x0800c4f8   0x0800c4f8   0x000000a2   Code   RO         2877    x$fpl$dfltll        fz_wm.l(dfltll_clz.o)
    0x0800c59a   0x0800c59a   0x00000026   Code   RO         2871    x$fpl$dfltu         fz_wm.l(dflt_clz.o)
    0x0800c5c0   0x0800c5c0   0x00000078   Code   RO         2881    x$fpl$dleqf         fz_wm.l(dleqf.o)
    0x0800c638   0x0800c638   0x00000154   Code   RO         2883    x$fpl$dmul          fz_wm.l(dmul.o)
    0x0800c78c   0x0800c78c   0x0000009c   Code   RO         3283    x$fpl$dnaninf       fz_wm.l(dnaninf.o)
    0x0800c828   0x0800c828   0x0000000c   Code   RO         3285    x$fpl$dretinf       fz_wm.l(dretinf.o)
    0x0800c834   0x0800c834   0x0000006c   Code   RO         2885    x$fpl$drleqf        fz_wm.l(drleqf.o)
    0x0800c8a0   0x0800c8a0   0x00000016   Code   RO         2848    x$fpl$drsb          fz_wm.l(daddsub_clz.o)
    0x0800c8b6   0x0800c8b6   0x00000002   PAD
    0x0800c8b8   0x0800c8b8   0x00000198   Code   RO         3287    x$fpl$dsqrt         fz_wm.l(dsqrt_umaal.o)
    0x0800ca50   0x0800ca50   0x000001d4   Code   RO         2849    x$fpl$dsub          fz_wm.l(daddsub_clz.o)
    0x0800cc24   0x0800cc24   0x00000056   Code   RO         2887    x$fpl$f2d           fz_wm.l(f2d.o)
    0x0800cc7a   0x0800cc7a   0x0000008c   Code   RO         3289    x$fpl$fnaninf       fz_wm.l(fnaninf.o)
    0x0800cd06   0x0800cd06   0x0000000a   Code   RO         3954    x$fpl$fpinit        fz_wm.l(fpinit.o)
    0x0800cd10   0x0800cd10   0x0000000a   Code   RO         3291    x$fpl$fretinf       fz_wm.l(fretinf.o)
    0x0800cd1a   0x0800cd1a   0x00000006   Code   RO         4482    x$fpl$ieeestatus    fz_wm.l(istatus.o)
    0x0800cd20   0x0800cd20   0x000000c2   Code   RO         2863    x$fpl$llsfromd      fz_wm.l(dfixll.o)
    0x0800cde2   0x0800cde2   0x00000004   Code   RO         4262    x$fpl$printf1       fz_wm.l(printf1.o)
    0x0800cde6   0x0800cde6   0x00000004   Code   RO         4264    x$fpl$printf2       fz_wm.l(printf2.o)
    0x0800cdea   0x0800cdea   0x00000064   Code   RO         4270    x$fpl$retnan        fz_wm.l(retnan.o)
    0x0800ce4e   0x0800ce4e   0x0000005c   Code   RO         3293    x$fpl$scalbn        fz_wm.l(scalbn.o)
    0x0800ceaa   0x0800ceaa   0x00000004   Code   RO         4272    x$fpl$scanf1        fz_wm.l(scanf1.o)
    0x0800ceae   0x0800ceae   0x00000008   Code   RO         4484    x$fpl$scanf2        fz_wm.l(scanf2.o)
    0x0800ceb6   0x0800ceb6   0x00000030   Code   RO         4409    x$fpl$trapveneer    fz_wm.l(trapv.o)
    0x0800cee6   0x0800cee6   0x00000000   Code   RO         3295    x$fpl$usenofp       fz_wm.l(usenofp.o)
    0x0800cee6   0x0800cee6   0x00000002   PAD
    0x0800cee8   0x0800cee8   0x00000790   Data   RO          329    .constdata          main.o
    0x0800d678   0x0800d678   0x00000010   Data   RO         1787    .constdata          stm32f407_adc.o
    0x0800d688   0x0800d688   0x00000050   Data   RO         2898    .constdata          m_wm.l(asin.o)
    0x0800d6d8   0x0800d6d8   0x00000088   Data   RO         2948    .constdata          m_wm.l(pow.o)
    0x0800d760   0x0800d760   0x0000005c   Data   RO         3134    .constdata          cpp_ws.l(rwstdexcept.o)
    0x0800d7bc   0x0800d7bc   0x00000004   PAD
    0x0800d7c0   0x0800d7c0   0x00000098   Data   RO         3299    .constdata          m_wm.l(atan.o)
    0x0800d858   0x0800d858   0x00000008   Data   RO         3331    .constdata          m_wm.l(qnan.o)
    0x0800d860   0x0800d860   0x00000200   Data   RO         3457    .constdata          cpp_ws.l(char.o)
    0x0800da60   0x0800da60   0x00000008   Data   RO         3998    .constdata          c_w.l(_printf_wctomb.o)
    0x0800da68   0x0800da68   0x00000028   Data   RO         4027    .constdata          c_w.l(_printf_hex_int_ll_ptr.o)
    0x0800da90   0x0800da90   0x00000011   Data   RO         4047    .constdata          c_w.l(__printf_flags_ss_wp.o)
    0x0800daa1   0x0800daa1   0x00000004   Data   RO         4275    .constdata          c_w.l(sys_io.o)
    0x0800daa5   0x0800daa5   0x00000004   Data   RO         4276    .constdata          c_w.l(sys_io.o)
    0x0800daa9   0x0800daa9   0x00000004   Data   RO         4277    .constdata          c_w.l(sys_io.o)
    0x0800daad   0x0800daad   0x00000026   Data   RO         4313    .constdata          c_w.l(_printf_fp_hex.o)
    0x0800dad3   0x0800dad3   0x00000001   PAD
    0x0800dad4   0x0800dad4   0x00000094   Data   RO         4427    .constdata          c_w.l(bigflt0.o)
    0x0800db68   0x0800db68   0x00000010   Data   RO         2382    .constdata__ZTV7SSD1306  ssd1306.o
    0x0800db78   0x0800db78   0x00000014   Data   RO         3210    .constdata__ZTVNSt6locale5facetE  cpp_ws.l(rwstdexcept.o)
    0x0800db8c   0x0800db8c   0x00000034   Data   RO         3639    .constdata__ZTVSt12ctype_bynameIcE  cpp_ws.l(char.o)
    0x0800dbc0   0x0800dbc0   0x00000014   Data   RO         3212    .constdata__ZTVSt14__rw_exception  cpp_ws.l(rwstdexcept.o)
    0x0800dbd4   0x0800dbd4   0x00000034   Data   RO         3468    .constdata__ZTVSt5ctypeIcE  cpp_ws.l(char.o)
    0x0800dc08   0x0800dc08   0x00000020   Data   RO         3147    .constdata__ZTVSt8messagesIcE  cpp_ws.l(rwstdexcept.o)
    0x0800dc28   0x0800dc28   0x00000014   Data   RO         3927    .constdata__ZTVSt9exception  cpprt_w.l(exception_dtor.o)
    0x0800dc3c   0x0800dc3c   0x00000002   Data   RO          896    .constdata__ZZN7Display6updateEvEs  main.o
    0x0800dc3e   0x0800dc3e   0x00000001   Data   RO         3769    .constdata__ZZNK4__rw15__rw_locale_imp16_C_category_nameEiEs  cpp_ws.l(locale.o)
    0x0800dc3f   0x0800dc3f   0x00000001   Data   RO         3476    .constdata__ZZNSs7replaceEjjPKcjjjEs  cpp_ws.l(char.o)
    0x0800dc40   0x0800dc40   0x00000001   Data   RO         3477    .constdata__ZZNSs9_C_getRepEjjEs  cpp_ws.l(char.o)
    0x0800dc41   0x0800dc41   0x00000002   Data   RO         3148    .constdata__ZZNSt8messagesIcEC1EjEs  cpp_ws.l(rwstdexcept.o)
    0x0800dc43   0x0800dc43   0x00000001   PAD
    0x0800dc44   0x0800dc44   0x00000272   Data   RO         3135    .conststring        cpp_ws.l(rwstdexcept.o)
    0x0800deb6   0x0800deb6   0x00000002   PAD
    0x0800deb8   0x0800deb8   0x00000020   Data   RO         4566    Region$$Table       anon$$obj.o
    0x0800ded8   0x0800ded8   0x00000008   Data   RO         4478    c$$dinf             fz_wm.l(fpconst.o)
    0x0800dee0   0x0800dee0   0x00000008   Data   RO         4481    c$$dmax             fz_wm.l(fpconst.o)
    0x0800dee8   0x0800dee8   0x00000110   Data   RO         4361    locale$$data        c_w.l(lc_ctype_c.o)
    0x0800dff8   0x0800dff8   0x00000010   Data   RO         4457    locale$$data        c_w.l(null_locale.o)
    0x0800e008   0x0800e008   0x0000001c   Data   RO         4461    locale$$data        c_w.l(lc_numeric_c.o)
    0x0800e024   0x0800e024   0x00000004   Data   RO          334    .init_array         main.o
    0x0800e028   0x0800e024   0x00000000   Data   RO         2561    .init_array         c_w.l(init_aeabi.o)
    0x0800e028   0x0800e024   0x00000004   Data   RO         3459    .init_array         cpp_ws.l(char.o)
    0x0800e02c   0x0800e024   0x00000004   Data   RO         3752    .init_array         cpp_ws.l(locale.o)
    0x0800e030   0x0800e024   0x00000004   Data   RO         4160    .init_array         cpp_ws.l(rwcats.o)


    Execution Region ER_RW (Exec base: 0x20000000, Load base: 0x0800e034, Size: 0x00007958, Max: 0xffffffff, ABSOLUTE, COMPRESSED[0x000016a8])

    Exec Addr    Load Addr    Size         Type   Attr      Idx    E Section Name        Object

    0x20000000   COMPRESSED   0x000074c8   Data   RW          330    .data               main.o
    0x200074c8   COMPRESSED   0x00000006   Data   RW         1910    .data               stm32f407_spi.o
    0x200074ce   COMPRESSED   0x00000002   PAD
    0x200074d0   COMPRESSED   0x00000004   Data   RW         1998    .data               stm32f407_sysfunc.o
    0x200074d4   COMPRESSED   0x00000020   Data   RW         2105    .data               stm32f407_uart.o
    0x200074f4   COMPRESSED   0x00000400   Data   RW         2287    .data               ssd1306.o
    0x200078f4   COMPRESSED   0x00000017   Data   RW         3136    .data               cpp_ws.l(rwstdexcept.o)
    0x2000790b   COMPRESSED   0x00000001   PAD
    0x2000790c   COMPRESSED   0x00000004   Data   RW         3406    .data               c_w.l(stdio_streams.o)
    0x20007910   COMPRESSED   0x00000004   Data   RW         3407    .data               c_w.l(stdio_streams.o)
    0x20007914   COMPRESSED   0x00000004   Data   RW         3408    .data               c_w.l(stdio_streams.o)
    0x20007918   COMPRESSED   0x00000008   Data   RW         3458    .data               cpp_ws.l(char.o)
    0x20007920   COMPRESSED   0x0000001c   Data   RW         3751    .data               cpp_ws.l(locale.o)
    0x2000793c   COMPRESSED   0x00000004   Data   RW         3910    .data               cpp_ws.l(rwthrowproc_noex.o)
    0x20007940   COMPRESSED   0x00000008   Data   RW         4159    .data               cpp_ws.l(rwcats.o)
    0x20007948   COMPRESSED   0x00000004   Data   RW         3852    .data__ZZNKSt6locale2id7_C_initEvE9_C_id_gen  cpp_ws.l(locale.o)
    0x2000794c   COMPRESSED   0x0000000c   Data   RW         3908    .data__ZZSt13__rw_get_catsvE11__open_cats  cpp_ws.l(messages.o)


    Execution Region ER_ZI (Exec base: 0x20007958, Load base: 0x0800f6dc, Size: 0x00003c78, Max: 0xffffffff, ABSOLUTE)

    Exec Addr    Load Addr    Size         Type   Attr      Idx    E Section Name        Object

    0x20007958        -       0x000008c8   Zero   RW          328    .bss                main.o
    0x20008220        -       0x00000200   Zero   RW         2104    .bss                stm32f407_uart.o
    0x20008420        -       0x00000018   Zero   RW         3133    .bss                cpp_ws.l(rwstdexcept.o)
    0x20008438        -       0x00000060   Zero   RW         3346    .bss                c_w.l(libspace.o)
    0x20008498        -       0x00000054   Zero   RW         3403    .bss                c_w.l(stdio_streams.o)
    0x200084ec        -       0x00000054   Zero   RW         3404    .bss                c_w.l(stdio_streams.o)
    0x20008540        -       0x00000054   Zero   RW         3405    .bss                c_w.l(stdio_streams.o)
    0x20008594        -       0x0000002a   Zero   RW         4093    .bss                c_w.l(locale.o)
    0x200085be   0x0800f6dc   0x00000002   PAD
    0x200085c0        -       0x00000010   Zero   RW         4233    .bss__ZNSs9__nullrefE  cpp_ws.l(vendor.o)
    0x200085d0        -       0x00001000   Zero   RW         1727    HEAP                startup_stm32f40xx.o
    0x200095d0        -       0x00002000   Zero   RW         1726    STACK               startup_stm32f40xx.o


==============================================================================

Image component sizes


      Code (inc. data)   RO Data    RW Data    ZI Data      Debug   Object Name

      9210       1046       1942      29896       2248     377380   main.o
      5464        232          0          0          0      14120   mpu9250.o
       944         26         16       1024          0      11336   ssd1306.o
        64         26        392          0      12288        824   startup_stm32f40xx.o
       490         48         16          0          0       6254   stm32f407_adc.o
       396         40          0          0          0       1510   stm32f407_pin.o
         0          0          0          0          0        398   stm32f407_pwm.o
       728         52          0          6          0      31757   stm32f407_spi.o
       460         44          0          4          0      30712   stm32f407_sysfunc.o
      1334        156          0         32        512       9425   stm32f407_uart.o
       276         34          0          0          0     242557   system_stm32f4xx.o

    ----------------------------------------------------------------------
     19398       1704       2398      30964      15048     726273   Object Totals
         0          0         32          0          0          0   (incl. Generated)
        32          0          0          2          0          0   (incl. Padding)

    ----------------------------------------------------------------------

      Code (inc. data)   RO Data    RW Data    ZI Data      Debug   Library Member Name

       100          0          0          0          0          0   __dclz77c.o
         8          0          0          0          0         68   __main.o
       392          4         17          0          0         92   __printf_flags_ss_wp.o
        14          0          0          0          0         68   __printf_wp.o
         0          0          0          0          0          0   __rtentry.o
        12          0          0          0          0          0   __rtentry2.o
         6          0          0          0          0          0   __rtentry4.o
        52          8          0          0          0          0   __scatter.o
        28          0          0          0          0          0   __scatter_zi.o
        28          0          0          0          0         68   _chval.o
        60          0          0          0          0         92   _mbrtowc.o
         6          0          0          0          0          0   _printf_a.o
         6          0          0          0          0          0   _printf_c.o
        44          0          0          0          0        108   _printf_char.o
        48          6          0          0          0         96   _printf_char_common.o
        36          4          0          0          0         80   _printf_char_file.o
        40          0          0          0          0         68   _printf_charcount.o
         6          0          0          0          0          0   _printf_d.o
       120         16          0          0          0         92   _printf_dec.o
         6          0          0          0          0          0   _printf_e.o
         6          0          0          0          0          0   _printf_f.o
      1054          0          0          0          0        216   _printf_fp_dec.o
       764          8         38          0          0        100   _printf_fp_hex.o
       128         16          0          0          0         84   _printf_fp_infnan.o
         6          0          0          0          0          0   _printf_g.o
       148          4         40          0          0        160   _printf_hex_int_ll_ptr.o
         6          0          0          0          0          0   _printf_i.o
       178          0          0          0          0         88   _printf_intcommon.o
        10          0          0          0          0          0   _printf_l.o
         6          0          0          0          0          0   _printf_lc.o
        10          0          0          0          0          0   _printf_ll.o
         6          0          0          0          0          0   _printf_lld.o
         6          0          0          0          0          0   _printf_lli.o
         6          0          0          0          0          0   _printf_llo.o
         6          0          0          0          0          0   _printf_llu.o
         6          0          0          0          0          0   _printf_llx.o
       124         16          0          0          0         92   _printf_longlong_dec.o
         6          0          0          0          0          0   _printf_ls.o
         6          0          0          0          0          0   _printf_n.o
         6          0          0          0          0          0   _printf_o.o
       112         10          0          0          0        124   _printf_oct_int_ll.o
         6          0          0          0          0          0   _printf_p.o
        78          0          0          0          0        108   _printf_pad.o
         0          0          0          0          0          0   _printf_percent.o
         4          0          0          0          0          0   _printf_percent_end.o
         6          0          0          0          0          0   _printf_s.o
        82          0          0          0          0         80   _printf_str.o
        36          0          0          0          0         84   _printf_truncate.o
         6          0          0          0          0          0   _printf_u.o
        44          0          0          0          0        108   _printf_wchar.o
       188          6          8          0          0         92   _printf_wctomb.o
         6          0          0          0          0          0   _printf_x.o
        22          0          0          0          0        100   _rserrno.o
       884          6          0          0          0        100   _scanf.o
       332          0          0          0          0         96   _scanf_int.o
       342          0          0          0          0        100   _scanf_longlong.o
       276          0          0          0          0        100   _scanf_mbtowc.o
       224          0          0          0          0         96   _scanf_str.o
        30          0          0          0          0         76   _scanf_wcharmap.o
       232          0          0          0          0        100   _scanf_wctomb.o
       208          0          0          0          0         96   _scanf_wstr.o
        64          0          0          0          0         84   _sgetc.o
        16          0          0          0          0         68   _snputc.o
        10          0          0          0          0         68   _sputc.o
        64          0          0          0          0         92   _wcrtomb.o
        22          0          0          0          0         80   abort.o
        46          0          0          0          0         84   aeabi_atexit.o
       228          4        148          0          0         96   bigflt0.o
      2152        136          0          0          0        960   btod.o
        66          0          0          0          0         84   cxa_finalize.o
        48         34          0          0          0         76   defsig_abrt_inner.o
        14          0          0          0          0         80   defsig_abrt_outer.o
        10          0          0          0          0         68   defsig_exit.o
        50          0          0          0          0         88   defsig_general.o
        80         58          0          0          0         76   defsig_rtmem_inner.o
        14          0          0          0          0         80   defsig_rtmem_outer.o
        52         38          0          0          0         76   defsig_rtred_inner.o
        14          0          0          0          0         80   defsig_rtred_outer.o
        18          0          0          0          0         80   exit.o
        76          0          0          0          0         88   fclose.o
         8          0          0          0          0         68   ferror.o
       470          0          0          0          0         88   flsbuf.o
       236          4          0          0          0        128   fopen.o
        20          0          0          0          0         84   fprintf.o
        26          0          0          0          0         68   fputc.o
       248          6          0          0          0         84   fseek.o
        66          0          0          0          0         76   ftell.o
        94          0          0          0          0         80   h1_alloc.o
        52          0          0          0          0         68   h1_extend.o
        78          0          0          0          0         80   h1_free.o
        14          0          0          0          0         84   h1_init.o
         6          0          0          0          0        152   heapauxi.o
         4          0          0          0          0        136   hguard.o
         0          0          0          0          0          0   indicate_semi.o
        36         10          0          0          0         80   init_aeabi.o
       138          0          0          0          0        168   init_alloc.o
       312         46          0          0          0        112   initio.o
        18          0          0          0          0         76   isspace.o
        44         10        272          0          0         76   lc_ctype_c.o
        44         10         28          0          0         76   lc_numeric_c.o
         2          0          0          0          0          0   libinit.o
        50          0          0          0          0          0   libinit2.o
         2          0          0          0          0          0   libshutdown.o
        12          0          0          0          0          0   libshutdown2.o
         8          4          0          0         96         68   libspace.o
        72          0          0          0          0         76   llsdiv.o
        38          0          0          0          0         68   llshl.o
       138          0          0          0          0         80   lludiv10.o
       238          0          0          0          0        100   lludivv7m.o
        16          6          0          0         42         68   locale.o
       440          8          0          0          0        180   locale_r.o
         0          0          0          0          0          0   maybetermalloc1.o
         8          0          0          0          0         76   memcpy.o
         0          0         16          0          0          0   null_locale.o
        16          4          0          0          0         76   rt_ctype_table.o
         8          4          0          0          0         68   rt_ddtor_pointer_addr_intlibspace.o
         8          4          0          0          0         68   rt_eh_globals_addr_intlibspace.o
         8          4          0          0          0         68   rt_errno_addr_intlibspace.o
         8          4          0          0          0         68   rt_heap_descriptor_intlibspace.o
         8          4          0          0          0         68   rt_locale_intlibspace.o
        68          0          0          0          0         68   rt_memclr.o
        78          0          0          0          0         80   rt_memclr_w.o
       138          0          0          0          0         68   rt_memcpy_v6.o
       100          0          0          0          0         80   rt_memcpy_w.o
       132          0          0          0          0         68   rt_memmove_v6.o
       122          0          0          0          0         80   rt_memmove_w.o
         8          4          0          0          0         68   rt_new_handler_addr_intlibspace.o
         2          0          0          0          0          0   rtexit.o
        10          0          0          0          0          0   rtexit2.o
        44          8          0          0          0         84   scanf_char.o
      1272         16          0          0          0        168   scanf_fp.o
       800         14          0          0          0        100   scanf_hexfp.o
       308         16          0          0          0        100   scanf_infnan.o
        70          0          0          0          0         80   setvbuf.o
        60          8          0          0          0         84   sscanf.o
       240          6          0          0          0        156   stdio.o
         0          0          0         12        252          0   stdio_streams.o
        24          0          0          0          0         68   strcat.o
       128          0          0          0          0         68   strcmpv7m.o
        72          0          0          0          0         80   strcpy.o
        62          0          0          0          0         76   strlen.o
        22          0          0          0          0         68   strrchr.o
        12          4          0          0          0         68   sys_exit.o
       102          0         12          0          0        240   sys_io.o
        74          0          0          0          0         80   sys_stackheap_outer.o
        14          0          0          0          0         76   sys_wrch.o
         2          0          0          0          0         68   use_no_semi.o
        52          4          0          0          0         80   vsnprintf.o
      1824         74        622          8          0       1552   char.o
      1502         80          5         32          0       1760   locale.o
       482         34          0         12          0        784   messages.o
        36          0          0          0          0        144   rwalloc.o
       184         24          4          8          0        400   rwcats.o
      1000         68        792         23         24       1220   rwstdexcept.o
       152         94          0          0          0         72   rwthrowproc_impl_noex.o
         0          0          0          4          0          0   rwthrowproc_noex.o
         0          0          0          0         16          0   vendor.o
        28          0          0          0          0         84   ARM_vec_cleanup_noexceptions.o
        36          0          0          0          0         84   aeabi_vec_ctor_nocookie_nodtor.o
        14          0          0          0          0         80   aeabi_vec_delete_noexceptions.o
        16          0          0          0          0         68   aeabi_vec_dtor_cookie.o
        34          0          0          0          0         84   aeabi_vec_dtor_noexceptions.o
        20          0          0          0          0         80   aeabi_vec_new_cookie.o
        80         12          0          0          0        104   arm_exceptions_globs.o
        60          0          0          0          0        108   arm_exceptions_mem.o
        26          0          0          0          0         76   arm_exceptions_terminate.o
         4          0          0          0          0         68   arm_newhandler_noexceptions.o
         2          0          0          0          0         68   arm_rethrow_noexceptions.o
         8          0          0          0          0         76   array_del.o
         8          0          0          0          0         76   array_new.o
       146          0          0          0          0         96   array_new_general.o
        16          0          0          0          0         68   cxa_guard_acquire.o
        24          6          0          0          0         84   cxa_vec_new.o
         8          0          0          0          0         76   delete.o
        12          6          0          0          0         68   exception_ctor.o
         0          0         20          0          0          0   exception_dtor.o
        40          6          0          0          0         76   new.o
        24          0          0          0          0        164   basic.o
        98          4          0          0          0        140   d2f.o
       826         16          0          0          0        492   daddsub_clz.o
        16          4          0          0          0        116   dcheck1.o
        24          0          0          0          0        116   dcmpi.o
       688        140          0          0          0        256   ddiv.o
       120          4          0          0          0        140   deqf.o
        94          4          0          0          0        140   dfix.o
       194          4          0          0          0        164   dfixll.o
        90          4          0          0          0        140   dfixu.o
        84          0          0          0          0        232   dflt_clz.o
       162          0          0          0          0        132   dfltll_clz.o
       120          4          0          0          0        140   dleqf.o
       340         12          0          0          0        152   dmul.o
       156          4          0          0          0        140   dnaninf.o
        12          0          0          0          0        116   dretinf.o
       108          0          0          0          0        128   drleqf.o
       408         56          0          0          0        168   dsqrt_umaal.o
        86          4          0          0          0        132   f2d.o
       140          4          0          0          0        132   fnaninf.o
         0          0         16          0          0          0   fpconst.o
        10          0          0          0          0        116   fpinit.o
        10          0          0          0          0        116   fretinf.o
         6          0          0          0          0        116   istatus.o
         4          0          0          0          0        116   printf1.o
         4          0          0          0          0        116   printf2.o
       100          0          0          0          0        116   retnan.o
        92          0          0          0          0        116   scalbn.o
         4          0          0          0          0        116   scanf1.o
         8          0          0          0          0        132   scanf2.o
        48          0          0          0          0        116   trapv.o
         0          0          0          0          0          0   usenofp.o
       864         94         80          0          0        280   asin.o
       744        106        152          0          0        352   atan.o
       496         64          0          0          0        192   atan2.o
       108         10          0          0          0        116   ceilf.o
       184         44          0          0          0        744   dunder.o
        24          0          0          0          0        124   fabs.o
        48          0          0          0          0        124   fpclassify.o
       140         22          0          0          0        132   frexp.o
       228          8          0          0          0        308   ldexp.o
       266         16          0          0          0        308   narrow.o
       248          0          0          0          0        152   poly.o
      3152        296        136          0          0        352   pow.o
         0          0          8          0          0          0   qnan.o
       110          0          0          0          0        148   sqrt.o

    ----------------------------------------------------------------------
     33178       1918       2422        100        432      25916   Library Totals
        56          8          8          1          2          0   (incl. Padding)

    ----------------------------------------------------------------------

      Code (inc. data)   RO Data    RW Data    ZI Data      Debug   Library Name

     16672        582        579         12        390      10612   c_w.l
      5180        374       1423         87         40       5932   cpp_ws.l
       582         30         20          0          0       1524   cpprt_w.l
      4076        264         16          0          0       4516   fz_wm.l
      6612        660        376          0          0       3332   m_wm.l

    ----------------------------------------------------------------------
     33178       1918       2422        100        432      25916   Library Totals

    ----------------------------------------------------------------------

==============================================================================


      Code (inc. data)   RO Data    RW Data    ZI Data      Debug   

     52576       3622       4820      31064      15480     718769   Grand Totals
     52576       3622       4820       5800      15480     718769   ELF Image Totals (compressed)
     52576       3622       4820       5800          0          0   ROM Totals

==============================================================================

    Total RO  Size (Code + RO Data)                57396 (  56.05kB)
    Total RW  Size (RW Data + ZI Data)             46544 (  45.45kB)
    Total ROM Size (Code + RO Data + RW Data)      63196 (  61.71kB)

==============================================================================

