Component: ARM Compiler 5.06 update 7 (build 960) Tool: armlink [4d3601]

==============================================================================

Section Cross References

    system_stm32f4xx.o(i.SystemCoreClockUpdate) refers to system_stm32f4xx.o(.data) for SystemCoreClock
    system_stm32f4xx.o(i.SystemInit) refers to system_stm32f4xx.o(i._Z11SetSysClockv) for SetSysClock()
    system_stm32f4xx.o(.ARM.exidx) refers to system_stm32f4xx.o(i._Z11SetSysClockv) for i._Z11SetSysClockv
    system_stm32f4xx.o(.ARM.exidx) refers to system_stm32f4xx.o(i.SystemInit) for i.SystemInit
    system_stm32f4xx.o(.ARM.exidx) refers to system_stm32f4xx.o(i.SystemCoreClockUpdate) for i.SystemCoreClockUpdate
    main.o(i._Z10drawStringR7SSD1306Pcjj) refers to main.o(i._Z8drawCharR7SSD1306cjj) for drawChar(SSD1306&, char, unsigned, unsigned)
    main.o(i._Z12clb_imuCalibv) refers to main.o(i._ZN3IMU9calibrateEj) for IMU::calibrate(unsigned)
    main.o(i._Z12clb_imuCalibv) refers to main.o(.bss) for robot
    main.o(i._Z12clb_imuSetupv) refers to stm32f407_sysfunc.o(i._Z6millisv) for millis()
    main.o(i._Z12clb_imuSetupv) refers to main.o(i._ZN3IMU12setZeroAngleEv) for IMU::setZeroAngle()
    main.o(i._Z12clb_imuSetupv) refers to main.o(.bss) for robot
    main.o(i._Z12setupScreensv) refers to main.o(i._ZN7Display9setScreenEi) for Display::setScreen(int)
    main.o(i._Z12setupScreensv) refers to new.o(i._Znwj) for operator new(unsigned)
    main.o(i._Z12setupScreensv) refers to main.o(i._ZN7CommandC1EPcPFvvE) for Command::Command(char*, void(*)())
    main.o(i._Z12setupScreensv) refers to main.o(i._ZN7Display6addEscE7Command) for Display::addEsc(Command)
    main.o(i._Z12setupScreensv) refers to main.o(i._ZN7Display11addToScreenE7Command) for Display::addToScreen(Command)
    main.o(i._Z12setupScreensv) refers to main.o(.bss) for robot
    main.o(i._Z12setupScreensv) refers to main.o(i._Z16clb_screenToMainv) for clb_screenToMain()
    main.o(i._Z12setupScreensv) refers to main.o(i._Z16clb_screenToGamev) for clb_screenToGame()
    main.o(i._Z12setupScreensv) refers to main.o(i._Z24clb_screenToCalibrationsv) for clb_screenToCalibrations()
    main.o(i._Z12setupScreensv) refers to main.o(i._Z21clb_screenToDebugDatav) for clb_screenToDebugData()
    main.o(i._Z12setupScreensv) refers to main.o(i._Z20clb_screenToDribblerv) for clb_screenToDribbler()
    main.o(i._Z12setupScreensv) refers to main.o(i._Z18clb_screenToKickerv) for clb_screenToKicker()
    main.o(i._Z12setupScreensv) refers to main.o(i._Z19clb_toBatteryScreenv) for clb_toBatteryScreen()
    main.o(i._Z12setupScreensv) refers to main.o(i._Z18clb_toKokokoScreenv) for clb_toKokokoScreen()
    main.o(i._Z12setupScreensv) refers to main.o(i._Z13clb_doNothingv) for clb_doNothing()
    main.o(i._Z12setupScreensv) refers to main.o(i._Z12clb_imuSetupv) for clb_imuSetup()
    main.o(i._Z12setupScreensv) refers to main.o(i._Z12clb_imuCalibv) for clb_imuCalib()
    main.o(i._Z12setupScreensv) refers to main.o(i._Z17clb_imu_pnc_clearv) for clb_imu_pnc_clear()
    main.o(i._Z12setupScreensv) refers to main.o(i._Z17clb_imu_pnc_startv) for clb_imu_pnc_start()
    main.o(i._Z12setupScreensv) refers to main.o(i._Z35clb_screenToLightSensorsCalibrationv) for clb_screenToLightSensorsCalibration()
    main.o(i._Z12setupScreensv) refers to main.o(i._Z20clb_beginLightsCalibv) for clb_beginLightsCalib()
    main.o(i._Z12setupScreensv) refers to main.o(i._Z18clb_endLightsCalibv) for clb_endLightsCalib()
    main.o(i._Z12setupScreensv) refers to main.o(i._Z16clb_dribblerInOnv) for clb_dribblerInOn()
    main.o(i._Z12setupScreensv) refers to main.o(i._Z15clb_dribblerOffv) for clb_dribblerOff()
    main.o(i._Z12setupScreensv) refers to main.o(i._Z16clb_kickStraightv) for clb_kickStraight()
    main.o(i._Z12setupScreensv) refers to main.o(i._Z9clb_kick2v) for clb_kick2()
    main.o(i._Z12setupScreensv) refers to main.o(i._Z9clb_kick1v) for clb_kick1()
    main.o(i._Z13clb_doNothingv) refers to main.o(.data) for clb_var
    main.o(i._Z15clb_dribblerOffv) refers to main.o(i._ZN12MotorDrivers11setDribblerEi) for MotorDrivers::setDribbler(int)
    main.o(i._Z15clb_dribblerOffv) refers to main.o(.bss) for robot
    main.o(i._Z16clb_dribblerInOnv) refers to main.o(i._ZN12MotorDrivers11setDribblerEi) for MotorDrivers::setDribbler(int)
    main.o(i._Z16clb_dribblerInOnv) refers to main.o(.bss) for robot
    main.o(i._Z16clb_kickStraightv) refers to main.o(i._ZN12KickerModule4kickEbb) for KickerModule::kick(bool, bool)
    main.o(i._Z16clb_kickStraightv) refers to main.o(.bss) for robot
    main.o(i._Z16clb_screenToGamev) refers to main.o(i._ZN7Display9setScreenEi) for Display::setScreen(int)
    main.o(i._Z16clb_screenToGamev) refers to main.o(i._ZN7Buttons10setChangedEib) for Buttons::setChanged(int, bool)
    main.o(i._Z16clb_screenToGamev) refers to main.o(i._ZN3IMU12setZeroAngleEv) for IMU::setZeroAngle()
    main.o(i._Z16clb_screenToGamev) refers to main.o(.data) for g_state
[...]
    CAN1_TX_IRQHandler                       0x08000297   Thumb Code     0  startup_stm32f40xx.o(.text)
    CAN2_RX0_IRQHandler                      0x08000297   Thumb Code     0  startup_stm32f40xx.o(.text)
    CAN2_RX1_IRQHandler                      0x08000297   Thumb Code     0  startup_stm32f40xx.o(.text)
    CAN2_SCE_IRQHandler                      0x08000297   Thumb Code     0  startup_stm32f40xx.o(.text)
    CAN2_TX_IRQHandler                       0x08000297   Thumb Code     0  startup_stm32f40xx.o(.text)
    CRYP_IRQHandler                          0x08000297   Thumb Code     0  startup_stm32f40xx.o(.text)
    DCMI_IRQHandler                          0x08000297   Thumb Code     0  startup_stm32f40xx.o(.text)
    DMA1_Stream0_IRQHandler                  0x08000297   Thumb Code     0  startup_stm32f40xx.o(.text)
    DMA1_Stream1_IRQHandler                  0x08000297   Thumb Code     0  startup_stm32f40xx.o(.text)
    DMA1_Stream2_IRQHandler                  0x08000297   Thumb Code     0  startup_stm32f40xx.o(.text)
    DMA1_Stream3_IRQHandler                  0x08000297   Thumb Code     0  startup_stm32f40xx.o(.text)
    DMA1_Stream4_IRQHandler                  0x08000297   Thumb Code     0  startup_stm32f40xx.o(.text)
    DMA1_Stream5_IRQHandler                  0x08000297   Thumb Code     0  startup_stm32f40xx.o(.text)
    DMA1_Stream6_IRQHandler                  0x08000297   Thumb Code     0  startup_stm32f40xx.o(.text)
    DMA1_Stream7_IRQHandler                  0x08000297   Thumb Code     0  startup_stm32f40xx.o(.text)
    DMA2_Stream0_IRQHandler                  0x08000297   Thumb Code     0  startup_stm32f40xx.o(.text)
    DMA2_Stream1_IRQHandler                  0x08000297   Thumb Code     0  startup_stm32f40xx.o(.text)
    DMA2_Stream2_IRQHandler                  0x08000297   Thumb Code     0  startup_stm32f40xx.o(.text)
    DMA2_Stream3_IRQHandler                  0x08000297   Thumb Code     0  startup_stm32f40xx.o(.text)
    DMA2_Stream4_IRQHandler                  0x08000297   Thumb Code     0  startup_stm32f40xx.o(.text)
    DMA2_Stream5_IRQHandler                  0x08000297   Thumb Code     0  startup_stm32f40xx.o(.text)
    DMA2_Stream6_IRQHandler                  0x08000297   Thumb Code     0  startup_stm32f40xx.o(.text)
    DMA2_Stream7_IRQHandler                  0x08000297   Thumb Code     0  startup_stm32f40xx.o(.text)
    ETH_IRQHandler                           0x08000297   Thumb Code     0  startup_stm32f40xx.o(.text)
    ETH_WKUP_IRQHandler                      0x08000297   Thumb Code     0  startup_stm32f40xx.o(.text)
    EXTI0_IRQHandler                         0x08000297   Thumb Code     0  startup_stm32f40xx.o(.text)
    EXTI15_10_IRQHandler                     0x08000297   Thumb Code     0  startup_stm32f40xx.o(.text)
    EXTI1_IRQHandler                         0x08000297   Thumb Code     0  startup_stm32f40xx.o(.text)
    EXTI2_IRQHandler                         0x08000297   Thumb Code     0  startup_stm32f40xx.o(.text)
    EXTI3_IRQHandler                         0x08000297   Thumb Code     0  startup_stm32f40xx.o(.text)
    EXTI4_IRQHandler                         0x08000297   Thumb Code     0  startup_stm32f40xx.o(.text)
    EXTI9_5_IRQHandler                       0x08000297   Thumb Code     0  startup_stm32f40xx.o(.text)
    FLASH_IRQHandler                         0x08000297   Thumb Code     0  startup_stm32f40xx.o(.text)
    FPU_IRQHandler                           0x08000297   Thumb Code     0  startup_stm32f40xx.o(.text)
    FSMC_IRQHandler                          0x08000297   Thumb Code     0  startup_stm32f40xx.o(.text)
    HASH_RNG_IRQHandler                      0x08000297   Thumb Code     0  startup_stm32f40xx.o(.text)
    I2C1_ER_IRQHandler                       0x08000297   Thumb Code     0  startup_stm32f40xx.o(.text)
    I2C1_EV_IRQHandler                       0x08000297   Thumb Code     0  startup_stm32f40xx.o(.text)
    I2C2_ER_IRQHandler                       0x08000297   Thumb Code     0  startup_stm32f40xx.o(.text)
    I2C2_EV_IRQHandler                       0x08000297   Thumb Code     0  startup_stm32f40xx.o(.text)
    I2C3_ER_IRQHandler                       0x08000297   Thumb Code     0  startup_stm32f40xx.o(.text)
    I2C3_EV_IRQHandler                       0x08000297   Thumb Code     0  startup_stm32f40xx.o(.text)
    OTG_FS_IRQHandler                        0x08000297   Thumb Code     0  startup_stm32f40xx.o(.text)
    OTG_FS_WKUP_IRQHandler                   0x08000297   Thumb Code     0  startup_stm32f40xx.o(.text)
    OTG_HS_EP1_IN_IRQHandler                 0x08000297   Thumb Code     0  startup_stm32f40xx.o(.text)
    OTG_HS_EP1_OUT_IRQHandler                0x08000297   Thumb Code     0  startup_stm32f40xx.o(.text)
    OTG_HS_IRQHandler                        0x08000297   Thumb Code     0  startup_stm32f40xx.o(.text)
    OTG_HS_WKUP_IRQHandler                   0x08000297   Thumb Code     0  startup_stm32f40xx.o(.text)
    PVD_IRQHandler                           0x08000297   Thumb Code     0  startup_stm32f40xx.o(.text)
    RCC_IRQHandler                           0x08000297   Thumb Code     0  startup_stm32f40xx.o(.text)
    RTC_Alarm_IRQHandler                     0x08000297   Thumb Code     0  startup_stm32f40xx.o(.text)
    RTC_WKUP_IRQHandler                      0x08000297   Thumb Code     0  startup_stm32f40xx.o(.text)
    SDIO_IRQHandler                          0x08000297   Thumb Code     0  startup_stm32f40xx.o(.text)
    TAMP_STAMP_IRQHandler                    0x08000297   Thumb Code     0  startup_stm32f40xx.o(.text)
    TIM1_BRK_TIM9_IRQHandler                 0x08000297   Thumb Code     0  startup_stm32f40xx.o(.text)
    TIM1_CC_IRQHandler                       0x08000297   Thumb Code     0  startup_stm32f40xx.o(.text)
    TIM1_TRG_COM_TIM11_IRQHandler            0x08000297   Thumb Code     0  startup_stm32f40xx.o(.text)
    TIM1_UP_TIM10_IRQHandler                 0x08000297   Thumb Code     0  startup_stm32f40xx.o(.text)
    TIM2_IRQHandler                          0x08000297   Thumb Code     0  startup_stm32f40xx.o(.text)
    TIM3_IRQHandler                          0x08000297   Thumb Code     0  startup_stm32f40xx.o(.text)
    TIM4_IRQHandler                          0x08000297   Thumb Code     0  startup_stm32f40xx.o(.text)
    TIM5_IRQHandler                          0x08000297   Thumb Code     0  startup_stm32f40xx.o(.text)
    TIM6_DAC_IRQHandler                      0x08000297   Thumb Code     0  startup_stm32f40xx.o(.text)
    TIM8_BRK_TIM12_IRQHandler                0x08000297   Thumb Code     0  startup_stm32f40xx.o(.text)
    TIM8_CC_IRQHandler                       0x08000297   Thumb Code     0  startup_stm32f40xx.o(.text)
    TIM8_TRG_COM_TIM14_IRQHandler            0x08000297   Thumb Code     0  startup_stm32f40xx.o(.text)
    TIM8_UP_TIM13_IRQHandler                 0x08000297   Thumb Code     0  startup_stm32f40xx.o(.text)
    WWDG_IRQHandler                          0x08000297   Thumb Code     0  startup_stm32f40xx.o(.text)
    __user_initial_stackheap                 0x08000299   Thumb Code     0  startup_stm32f40xx.o(.text)
    __aeabi_uldivmod                         0x080002bd   Thumb Code     0  lludivv7m.o(.text)
    _ll_udiv                                 0x080002bd   Thumb Code   238  lludivv7m.o(.text)
    __aeabi_ldivmod                          0x080003ab   Thumb Code     0  llsdiv.o(.text)
    _ll_sdiv                                 0x080003ab   Thumb Code    72  llsdiv.o(.text)
    __aeabi_memcpy4                          0x080003f3   Thumb Code     0  rt_memcpy_w.o(.text)
    __aeabi_memcpy8                          0x080003f3   Thumb Code     0  rt_memcpy_w.o(.text)
    __rt_memcpy_w                            0x080003f3   Thumb Code   100  rt_memcpy_w.o(.text)
    _memcpy_lastbytes_aligned                0x0800043b   Thumb Code     0  rt_memcpy_w.o(.text)
    __aeabi_memclr                           0x08000457   Thumb Code     0  rt_memclr.o(.text)
    __rt_memclr                              0x08000457   Thumb Code    68  rt_memclr.o(.text)
    _memset                                  0x0800045b   Thumb Code     0  rt_memclr.o(.text)
    __use_two_region_memory                  0x0800049b   Thumb Code     2  heapauxi.o(.text)
    __rt_heap_escrow                         0x0800049d   Thumb Code     2  heapauxi.o(.text)
    __rt_heap_expand                         0x0800049f   Thumb Code     2  heapauxi.o(.text)
    __cpp_initialize__aeabi_                 0x080004a1   Thumb Code    26  init_aeabi.o(.text)
    __rt_new_handler_addr                    0x080004c5   Thumb Code     8  rt_new_handler_addr_intlibspace.o(.text)
    malloc                                   0x080004cd   Thumb Code    94  h1_alloc.o(.text)
    free                                     0x0800052b   Thumb Code    78  h1_free.o(.text)
    __read_errno                             0x08000579   Thumb Code    10  _rserrno.o(.text)
    __set_errno                              0x08000583   Thumb Code    12  _rserrno.o(.text)
    __aeabi_memclr4                          0x0800058f   Thumb Code     0  rt_memclr_w.o(.text)
    __aeabi_memclr8                          0x0800058f   Thumb Code     0  rt_memclr_w.o(.text)
    __rt_memclr_w                            0x0800058f   Thumb Code    78  rt_memclr_w.o(.text)
    _memset_w                                0x08000593   Thumb Code     0  rt_memclr_w.o(.text)
    __default_new_handler()                  0x080005dd   Thumb Code     4  arm_newhandler_noexceptions.o(.text)
    __user_libspace                          0x080005e1   Thumb Code     8  libspace.o(.text)
    __user_perproc_libspace                  0x080005e1   Thumb Code     0  libspace.o(.text)
    __user_perthread_libspace                0x080005e1   Thumb Code     0  libspace.o(.text)
    __rt_heap_descriptor                     0x080005e9   Thumb Code     8  rt_heap_descriptor_intlibspace.o(.text)
    __aeabi_errno_addr                       0x080005f1   Thumb Code     8  rt_errno_addr_intlibspace.o(.text)
    __errno$intlibspace                      0x080005f1   Thumb Code     0  rt_errno_addr_intlibspace.o(.text)
    __rt_errno_addr$intlibspace              0x080005f1   Thumb Code     0  rt_errno_addr_intlibspace.o(.text)
    __use_no_heap                            0x080005f9   Thumb Code     2  hguard.o(.text)
    __heap$guard                             0x080005fb   Thumb Code     2  hguard.o(.text)
    _terminate_user_alloc                    0x080005fd   Thumb Code     2  init_alloc.o(.text)
    _init_user_alloc                         0x080005ff   Thumb Code     2  init_alloc.o(.text)
    __Heap_Full                              0x08000601   Thumb Code    34  init_alloc.o(.text)
    __Heap_Broken                            0x08000623   Thumb Code     6  init_alloc.o(.text)
    _init_alloc                              0x08000629   Thumb Code    94  init_alloc.o(.text)
    __Heap_Initialize                        0x08000687   Thumb Code    10  h1_init.o(.text)
    __Heap_DescSize                          0x08000691   Thumb Code     4  h1_init.o(.text)
    std::terminate()                         0x08000695   Thumb Code    26  arm_exceptions_terminate.o(.text)
    __cxa_get_globals                        0x080006b7   Thumb Code    62  arm_exceptions_globs.o(.text)
    __user_setup_stackheap                   0x08000701   Thumb Code    74  sys_stackheap_outer.o(.text)
    __rt_eh_globals_addr                     0x0800074d   Thumb Code     8  rt_eh_globals_addr_intlibspace.o(.text)
    __Heap_ProvideMemory                     0x08000755   Thumb Code    52  h1_extend.o(.text)
    exit                                     0x08000789   Thumb Code    18  exit.o(.text)
    abort                                    0x0800079b   Thumb Code    22  abort.o(.text)
    __rt_SIGRTMEM                            0x080007b1   Thumb Code    14  defsig_rtmem_outer.o(.text)
    __ARM_exceptions_buffer_init             0x080007bf   Thumb Code    18  arm_exceptions_mem.o(.text)
    __ARM_exceptions_buffer_allocate         0x080007d1   Thumb Code    22  arm_exceptions_mem.o(.text)
    __ARM_exceptions_buffer_free             0x080007e7   Thumb Code    20  arm_exceptions_mem.o(.text)
    _sys_exit                                0x080007fd   Thumb Code     8  sys_exit.o(.text)
    __I$use$semihosting                      0x08000809   Thumb Code     0  use_no_semi.o(.text)
    __use_no_semihosting_swi                 0x08000809   Thumb Code     2  use_no_semi.o(.text)
    __semihosting_library_function           0x0800080b   Thumb Code     0  indicate_semi.o(.text)
    __sig_exit                               0x0800080b   Thumb Code    10  defsig_exit.o(.text)
    __rt_SIGABRT                             0x08000815   Thumb Code    14  defsig_abrt_outer.o(.text)
    __rt_SIGRTMEM_inner                      0x08000825   Thumb Code    22  defsig_rtmem_inner.o(.text)
    __default_signal_display                 0x08000875   Thumb Code    50  defsig_general.o(.text)
    __rt_SIGABRT_inner                       0x080008a9   Thumb Code    14  defsig_abrt_inner.o(.text)
    _ttywrch                                 0x080008d9   Thumb Code    14  sys_wrch.o(.text)
    SPI1_IRQHandler                          0x080008e7   Thumb Code    10  stm32f407_spi.o(i.SPI1_IRQHandler)
    SPI2_IRQHandler                          0x080008f1   Thumb Code    10  stm32f407_spi.o(i.SPI2_IRQHandler)
    SPI3_IRQHandler                          0x080008fb   Thumb Code    10  stm32f407_spi.o(i.SPI3_IRQHandler)
    SystemInit                               0x08000905   Thumb Code    88  system_stm32f4xx.o(i.SystemInit)
    TIM7_IRQHandler                          0x0800096d   Thumb Code    34  stm32f407_sysfunc.o(i.TIM7_IRQHandler)
    UART4_IRQHandler                         0x08000999   Thumb Code    10  stm32f407_uart.o(i.UART4_IRQHandler)
    UART5_IRQHandler                         0x080009a3   Thumb Code    10  stm32f407_uart.o(i.UART5_IRQHandler)
    USART1_IRQHandler                        0x080009ad   Thumb Code    10  stm32f407_uart.o(i.USART1_IRQHandler)
    USART2_IRQHandler                        0x080009b7   Thumb Code    10  stm32f407_uart.o(i.USART2_IRQHandler)
    USART3_IRQHandler                        0x080009c1   Thumb Code    10  stm32f407_uart.o(i.USART3_IRQHandler)
    USART6_IRQHandler                        0x080009cb   Thumb Code    10  stm32f407_uart.o(i.USART6_IRQHandler)
    drawString(SSD1306&, char*, unsigned, unsigned) 0x080009d5   Thumb Code    64  main.o(i._Z10drawStringR7SSD1306Pcjj)
    delayMicros(unsigned)                    0x08000b01   Thumb Code    24  stm32f407_sysfunc.o(i._Z11delayMicrosj)
    tryTransmit(unsigned)                    0x08000b19   Thumb Code   154  stm32f407_uart.o(i._Z11tryTransmitj)
    clb_imuCalib()                           0x08000bd9   Thumb Code    14  main.o(i._Z12clb_imuCalibv)
    clb_imuSetup()                           0x08000bed   Thumb Code    22  main.o(i._Z12clb_imuSetupv)
    setupScreens()                           0x08000c09   Thumb Code  1364  main.o(i._Z12setupScreensv)
    writeStrUART(unsigned, char*)            0x0800115d   Thumb Code    32  stm32f407_uart.o(i._Z12writeStrUARTjPc)
    UARTAvailable(unsigned)                  0x0800117d   Thumb Code    32  stm32f407_uart.o(i._Z13UARTAvailablej)
    clb_doNothing()                          0x080011a5   Thumb Code    12  main.o(i._Z13clb_doNothingv)
    symbolToIndex(char)                      0x080011b5   Thumb Code     8  main.o(i._Z13symbolToIndexc)
    clb_dribblerOff()                        0x080011e9   Thumb Code    12  main.o(i._Z15clb_dribblerOffv)
    clb_dribblerInOn()                       0x080011f9   Thumb Code    14  main.o(i._Z16clb_dribblerInOnv)
    clb_kickStraight()                       0x0800120d   Thumb Code    14  main.o(i._Z16clb_kickStraightv)
    clb_screenToGame()                       0x08001221   Thumb Code    64  main.o(i._Z16clb_screenToGamev)
    clb_screenToMain()                       0x08001271   Thumb Code    18  main.o(i._Z16clb_screenToMainv)
    clb_imu_pnc_clear()                      0x0800128d   Thumb Code    20  main.o(i._Z17clb_imu_pnc_clearv)
    clb_imu_pnc_start()                      0x080012a9   Thumb Code   130  main.o(i._Z17clb_imu_pnc_startv)
    clb_screenToEmpty()                      0x0800133d   Thumb Code    12  main.o(i._Z17clb_screenToEmptyv)
    clb_endLightsCalib()                     0x0800134d   Thumb Code    10  main.o(i._Z18clb_endLightsCalibv)
    clb_screenToKicker()                     0x0800135d   Thumb Code    18  main.o(i._Z18clb_screenToKickerv)
    clb_toKokokoScreen()                     0x08001379   Thumb Code    14  main.o(i._Z18clb_toKokokoScreenv)
    SPIInterruptHandler(unsigned)            0x0800138d   Thumb Code    52  stm32f407_spi.o(i._Z19SPIInterruptHandlerj)
    clb_toBatteryScreen()                    0x080013d5   Thumb Code    14  main.o(i._Z19clb_toBatteryScreenv)
    UARTInterruptHandler(unsigned)           0x080013e9   Thumb Code   152  stm32f407_uart.o(i._Z20UARTInterruptHandlerj)
    clb_beginLightsCalib()                   0x080014a1   Thumb Code    10  main.o(i._Z20clb_beginLightsCalibv)
    clb_screenToDribbler()                   0x080014b1   Thumb Code    18  main.o(i._Z20clb_screenToDribblerv)
    clb_screenToDebugData()                  0x080014cd   Thumb Code    14  main.o(i._Z21clb_screenToDebugDatav)
    clb_screenToCalibrations()               0x080014e1   Thumb Code    18  main.o(i._Z24clb_screenToCalibrationsv)
    clb_screenToLightSensorsCalibration()    0x080014fd   Thumb Code    18  main.o(i._Z35clb_screenToLightSensorsCalibrationv)
    delay(unsigned)                          0x08001519   Thumb Code    24  stm32f407_sysfunc.o(i._Z5delayj)
    micros()                                 0x08001531   Thumb Code    22  stm32f407_sysfunc.o(i._Z6microsv)
    millis()                                 0x08001551   Thumb Code     6  stm32f407_sysfunc.o(i._Z6millisv)
    setPin(GPIO_TypeDef*, unsigned short, bool) 0x0800155d   Thumb Code    28  main.o(i._Z6setPinP12GPIO_TypeDeftb)
    setPin(unsigned short, bool)             0x08001579   Thumb Code   152  main.o(i._Z6setPintb)
    initPin(GPIO_TypeDef*, unsigned short, unsigned char, unsigned char, unsigned char) 0x08001625   Thumb Code   456  stm32f407_pin.o(i._Z7initPinP12GPIO_TypeDefthhh)
    initPin(unsigned short, unsigned char, unsigned char, unsigned char) 0x0800180d   Thumb Code   180  main.o(i._Z7initPinthhh)
    initRCC()                                0x080018d5   Thumb Code   328  stm32f407_sysfunc.o(i._Z7initRCCv)
    initSPI(unsigned, bool, unsigned char, unsigned short, int, int, int, int) 0x08001a21   Thumb Code   578  stm32f407_spi.o(i._Z7initSPIjbhtiiii)
    pinMode(unsigned short, unsigned char, unsigned char, unsigned char) 0x08001c7d   Thumb Code   180  stm32f407_adc.o(i._Z7pinModethhh)
    readPin(GPIO_TypeDef*, unsigned short)   0x08001d45   Thumb Code    20  main.o(i._Z7readPinP12GPIO_TypeDeft)
    readPin(unsigned short)                  0x08001d59   Thumb Code   144  main.o(i._Z7readPint)
    drawChar(SSD1306&, char, unsigned, unsigned) 0x08001dfd   Thumb Code   212  main.o(i._Z8drawCharR7SSD1306cjj)
    initLEDs()                               0x08001ed9   Thumb Code    64  main.o(i._Z8initLEDsv)
    initUART(unsigned, unsigned, unsigned char, float, unsigned char, unsigned) 0x08001f19   Thumb Code   936  stm32f407_uart.o(i._Z8initUARTjjhfhj)
    readUART(unsigned)                       0x08002305   Thumb Code    58  stm32f407_uart.o(i._Z8readUARTj)
    sysStart()                               0x0800234d   Thumb Code   158  stm32f407_sysfunc.o(i._Z8sysStartv)
    writeSPI(unsigned, unsigned short)       0x080023fd   Thumb Code    60  stm32f407_spi.o(i._Z8writeSPIjt)
    clb_kick1()                              0x08002445   Thumb Code    14  main.o(i._Z9clb_kick1v)
    clb_kick2()                              0x08002459   Thumb Code    14  main.o(i._Z9clb_kick2v)
    writeUART(unsigned, char)                0x0800246d   Thumb Code    48  stm32f407_uart.o(i._Z9writeUARTjc)
    BallSensor::init(PL_ADC*, unsigned short, unsigned short) 0x080024a5   Thumb Code    74  main.o(i._ZN10BallSensor4initEP6PL_ADCtt)
    BallSensor::turnOn()                     0x080024f5   Thumb Code    18  main.o(i._ZN10BallSensor6turnOnEv)
    BallSensor::update()                     0x08002507   Thumb Code    46  main.o(i._ZN10BallSensor6updateEv)
    BallSensor::getValue()                   0x08002535   Thumb Code     6  main.o(i._ZN10BallSensor8getValueEv)
    LineSensors::endLineCalibration()        0x0800253b   Thumb Code     6  main.o(i._ZN11LineSensors18endLineCalibrationEv)
    LineSensors::beginLineCalibration()      0x08002541   Thumb Code     6  main.o(i._ZN11LineSensors20beginLineCalibrationEv)
    LineSensors::init(unsigned, unsigned short) 0x08002547   Thumb Code    38  main.o(i._ZN11LineSensors4initEjt)
    LineSensors::update()                    0x0800256d   Thumb Code    52  main.o(i._ZN11LineSensors6updateEv)
    LineSensors::getLine()                   0x080025a1   Thumb Code     6  main.o(i._ZN11LineSensors7getLineEv)
    KickerModule::init(unsigned short, unsigned short, unsigned short, unsigned short) 0x080025a7   Thumb Code   112  main.o(i._ZN12KickerModule4initEtttt)
    KickerModule::kick(bool, bool)           0x08002617   Thumb Code   128  main.o(i._ZN12KickerModule4kickEbb)
    MotorDrivers::setDribbler(int)           0x08002697   Thumb Code    18  main.o(i._ZN12MotorDrivers11setDribblerEi)
    MotorDrivers::enableMotors()             0x080026a9   Thumb Code    32  main.o(i._ZN12MotorDrivers12enableMotorsEv)
    MotorDrivers::attemptCurrent()           0x080026c9   Thumb Code    32  main.o(i._ZN12MotorDrivers14attemptCurrentEv)
    MotorDrivers::init(unsigned, unsigned char, unsigned, unsigned char, unsigned, unsigned char, unsigned, unsigned char, unsigned, unsigned char) 0x080026e9   Thumb Code   178  main.o(i._ZN12MotorDrivers4initEjhjhjhjhjh)
    MotorDrivers::update()                   0x0800279d   Thumb Code   398  main.o(i._ZN12MotorDrivers6updateEv)
    MotorDrivers::setMotor(int, int)         0x0800293d   Thumb Code    48  main.o(i._ZN12MotorDrivers8setMotorEii)
    MotorDrivers::setMotors(int, int, int, int) 0x0800296d   Thumb Code    60  main.o(i._ZN12MotorDrivers9setMotorsEiiii)
    MotorDrivers::setMotors(int, int, int, int, int) 0x080029a9   Thumb Code    46  main.o(i._ZN12MotorDrivers9setMotorsEiiiii)
    IMU::setZeroAngle()                      0x080029d7   Thumb Code    20  main.o(i._ZN3IMU12setZeroAngleEv)
    IMU::init(unsigned, unsigned short, unsigned short) 0x080029ed   Thumb Code    80  main.o(i._ZN3IMU4initEjtt)
    IMU::turnOn()                            0x08002a45   Thumb Code    34  main.o(i._ZN3IMU6turnOnEv)
    IMU::update()                            0x08002a69   Thumb Code   168  main.o(i._ZN3IMU6updateEv)
    IMU::getAngle()                          0x08002b29   Thumb Code    46  main.o(i._ZN3IMU8getAngleEv)
    IMU::calibrate(unsigned)                 0x08002b57   Thumb Code    24  main.o(i._ZN3IMU9calibrateEj)
    Robot::updateMenu()                      0x08002b71   Thumb Code   316  main.o(i._ZN5Robot10updateMenuEv)
    Robot::handleErrors()                    0x08002cb9   Thumb Code   148  main.o(i._ZN5Robot12handleErrorsEv)
    Robot::setPlayState(bool)                0x08002d71   Thumb Code    60  main.o(i._ZN5Robot12setPlayStateEb)
    Robot::changePlayState()                 0x08002dad   Thumb Code    30  main.o(i._ZN5Robot15changePlayStateEv)
    Robot::init()                            0x08002dcd   Thumb Code   608  main.o(i._ZN5Robot4initEv)
    Robot::wait(unsigned)                    0x08003045   Thumb Code   308  main.o(i._ZN5Robot4waitEj)
    Robot::logErrors()                       0x08003181   Thumb Code    32  main.o(i._ZN5Robot9logErrorsEv)
    Robot::playState()                       0x080031a5   Thumb Code     8  main.o(i._ZN5Robot9playStateEv)
    Robot::Robot()                           0x080031ad   Thumb Code   118  main.o(i._ZN5RobotC1Ev)
    Robot::Robot__sub_object()               0x080031ad   Thumb Code     0  main.o(i._ZN5RobotC1Ev)
    Camera::init(unsigned, unsigned short)   0x08003235   Thumb Code    34  main.o(i._ZN6Camera4initEjt)
    Camera::update()                         0x08003257   Thumb Code     6  main.o(i._ZN6Camera6updateEv)
    Driver::setVelocity(int)                 0x0800325d   Thumb Code   154  main.o(i._ZN6Driver11setVelocityEi)
    Driver::updateFromReg()                  0x080032fd   Thumb Code   104  main.o(i._ZN6Driver13updateFromRegEv)
    Driver::attemptCurrent()                 0x08003369   Thumb Code    18  main.o(i._ZN6Driver14attemptCurrentEv)
    Driver::disableFloating()                0x08003381   Thumb Code    30  main.o(i._ZN6Driver15disableFloatingEv)
    Driver::init(char, char)                 0x080033a5   Thumb Code     6  main.o(i._ZN6Driver4initEcc)
    Driver::write(char*, char, char)         0x080033ad   Thumb Code   108  main.o(i._ZN6Driver5writeEPccc)
    Driver::Driver()                         0x0800341d   Thumb Code    64  main.o(i._ZN6DriverC1Ev)
    Driver::Driver__sub_object()             0x0800341d   Thumb Code     0  main.o(i._ZN6DriverC1Ev)
    PL_ADC::waitUpdate()                     0x0800345d   Thumb Code    14  stm32f407_adc.o(i._ZN6PL_ADC10waitUpdateEv)
    PL_ADC::add(signed char)                 0x0800346d   Thumb Code   118  stm32f407_adc.o(i._ZN6PL_ADC3addEa)
    PL_ADC::init()                           0x080034e9   Thumb Code   144  stm32f407_adc.o(i._ZN6PL_ADC4initEv)
    PL_ADC::read(signed char, bool)          0x08003585   Thumb Code    76  stm32f407_adc.o(i._ZN6PL_ADC4readEab)
    PL_ADC::start()                          0x080035d1   Thumb Code    26  stm32f407_adc.o(i._ZN6PL_ADC5startEv)
    PL_ADC::PL_ADC(ADC_TypeDef*)             0x080035ed   Thumb Code    58  stm32f407_adc.o(i._ZN6PL_ADCC1EP11ADC_TypeDef)
    PL_ADC::PL_ADC__sub_object(ADC_TypeDef*) 0x080035ed   Thumb Code     0  stm32f407_adc.o(i._ZN6PL_ADCC1EP11ADC_TypeDef)
    Screen::Screen()                         0x08003635   Thumb Code    46  main.o(i._ZN6ScreenC1Ev)
    Screen::Screen__sub_object()             0x08003635   Thumb Code     0  main.o(i._ZN6ScreenC1Ev)
    Battery::getVoltage()                    0x08003669   Thumb Code     6  main.o(i._ZN7Battery10getVoltageEv)
    Battery::updateCell(int)                 0x0800366f   Thumb Code    82  main.o(i._ZN7Battery10updateCellEi)
    Battery::getPercentage()                 0x080036c1   Thumb Code     6  main.o(i._ZN7Battery13getPercentageEv)
    Battery::getCellVoltage(int)             0x080036c7   Thumb Code    14  main.o(i._ZN7Battery14getCellVoltageEi)
    Battery::init(PL_ADC*, unsigned short, unsigned short, unsigned short, unsigned short) 0x080036d5   Thumb Code   134  main.o(i._ZN7Battery4initEP6PL_ADCtttt)
    Battery::update()                        0x08003781   Thumb Code   362  main.o(i._ZN7Battery6updateEv)
    Buttons::setChanged(int, bool)           0x08003915   Thumb Code    18  main.o(i._ZN7Buttons10setChangedEib)
    Buttons::ButtonStruct::ButtonStruct()    0x08003927   Thumb Code    10  main.o(i._ZN7Buttons12ButtonStructC1Ev)
    Buttons::ButtonStruct::ButtonStruct__sub_object() 0x08003927   Thumb Code     0  main.o(i._ZN7Buttons12ButtonStructC1Ev)
    Buttons::init(unsigned short, unsigned short, unsigned short, unsigned short) 0x08003931   Thumb Code    68  main.o(i._ZN7Buttons4initEtttt)
    Buttons::enable()                        0x08003975   Thumb Code    30  main.o(i._ZN7Buttons6enableEv)
    Buttons::update()                        0x08003993   Thumb Code    58  main.o(i._ZN7Buttons6updateEv)
    Buttons::disable()                       0x080039cd   Thumb Code    30  main.o(i._ZN7Buttons7disableEv)
    Buttons::isChanged(int, bool)            0x080039eb   Thumb Code    40  main.o(i._ZN7Buttons9isChangedEib)
    Buttons::isPressed(int)                  0x08003a13   Thumb Code    18  main.o(i._ZN7Buttons9isPressedEi)
    Command::Command(char*, void(*)())       0x08003a25   Thumb Code     6  main.o(i._ZN7CommandC1EPcPFvvE)
    Command::Command__sub_object(char*, void(*)()) 0x08003a25   Thumb Code     0  main.o(i._ZN7CommandC1EPcPFvvE)
    Command::Command()                       0x08003a2d   Thumb Code     8  main.o(i._ZN7CommandC1Ev)
    Command::Command__sub_object()           0x08003a2d   Thumb Code     0  main.o(i._ZN7CommandC1Ev)
    Display::addToScreen(Command)            0x08003a39   Thumb Code    66  main.o(i._ZN7Display11addToScreenE7Command)
    Display::show()                          0x08003a7b   Thumb Code    12  main.o(i._ZN7Display4showEv)
    Display::clear()                         0x08003a87   Thumb Code    12  main.o(i._ZN7Display5clearEv)
    Display::print(char*, int, int)          0x08003a93   Thumb Code    28  main.o(i._ZN7Display5printEPcii)
    Display::print(double, int, int, int)    0x08003aaf   Thumb Code    52  main.o(i._ZN7Display5printEdiii)
    Display::print(int, int, int, int)       0x08003ae3   Thumb Code    34  main.o(i._ZN7Display5printEiiii)
    Display::print(unsigned, int, int, int)  0x08003b05   Thumb Code    34  main.o(i._ZN7Display5printEjiii)
    Display::addEsc(Command)                 0x08003b27   Thumb Code    68  main.o(i._ZN7Display6addEscE7Command)
    Display::update()                        0x08003b6d   Thumb Code   142  main.o(i._ZN7Display6updateEv)
    Display::scrollUp()                      0x08003c01   Thumb Code    76  main.o(i._ZN7Display8scrollUpEv)
    Display::setScreen(int)                  0x08003c4d   Thumb Code     6  main.o(i._ZN7Display9setScreenEi)
    SSD1306::fastSPIwrite(unsigned char)     0x08003c53   Thumb Code    18  ssd1306.o(i._ZN7SSD130612fastSPIwriteEh)
    SSD1306::ssd1306_command(unsigned char)  0x08003c65   Thumb Code    48  ssd1306.o(i._ZN7SSD130615ssd1306_commandEh)
    SSD1306::begin(unsigned char, bool)      0x08003c95   Thumb Code   372  ssd1306.o(i._ZN7SSD13065beginEhb)
    SSD1306::clear()                         0x08003e09   Thumb Code    16  ssd1306.o(i._ZN7SSD13065clearEv)
    SSD1306::invert(unsigned char)           0x08003e1d   Thumb Code    28  ssd1306.o(i._ZN7SSD13066invertEh)
    SSD1306::display(unsigned char*)         0x08003e39   Thumb Code   110  ssd1306.o(i._ZN7SSD13067displayEPh)
    SSD1306::display()                       0x08003ea9   Thumb Code   110  ssd1306.o(i._ZN7SSD13067displayEv)
    SSD1306::switchOn()                      0x08003f1d   Thumb Code    14  ssd1306.o(i._ZN7SSD13068switchOnEv)
    SSD1306::drawPixel(short, short, unsigned short) 0x08003f2d   Thumb Code   244  ssd1306.o(i._ZN7SSD13069drawPixelEsst)
    SSD1306::SSD1306(unsigned, unsigned short, unsigned short, unsigned short, unsigned short, unsigned short, unsigned short) 0x08004025   Thumb Code    78  ssd1306.o(i._ZN7SSD1306C1Ejtttttt)
    SSD1306::SSD1306__sub_object(unsigned, unsigned short, unsigned short, unsigned short, unsigned short, unsigned short, unsigned short) 0x08004025   Thumb Code     0  ssd1306.o(i._ZN7SSD1306C1Ejtttttt)
    SSD1306::SSD1306()                       0x08004079   Thumb Code     6  ssd1306.o(i._ZN7SSD1306C1Ev)
    SSD1306::SSD1306__sub_object()           0x08004079   Thumb Code     0  ssd1306.o(i._ZN7SSD1306C1Ev)
    mpu9250::readFIFOsize()                  0x08004085   Thumb Code    46  mpu9250.o(i._ZN7mpu925012readFIFOsizeEv)
    mpu9250::setAccOffset(int, int, int)     0x080040b3   Thumb Code    88  mpu9250.o(i._ZN7mpu925012setAccOffsetEiii)
    mpu9250::updateAngles(double, bool)      0x0800410d   Thumb Code  1426  mpu9250.o(i._ZN7mpu925012updateAnglesEdb)
    mpu9250::setGyroOffset(int, int, int)    0x080046a9   Thumb Code    82  mpu9250.o(i._ZN7mpu925013setGyroOffsetEiii)
    mpu9250::updateAnglesFromFIFO()          0x080046fd   Thumb Code    46  mpu9250.o(i._ZN7mpu925020updateAnglesFromFIFOEv)
    mpu9250::MadgwickAHRSupdateIMU(double)   0x08004735   Thumb Code  4434  mpu9250.o(i._ZN7mpu925021MadgwickAHRSupdateIMUEd)
    mpu9250::convert(unsigned short, unsigned char) 0x0800588d   Thumb Code    32  mpu9250.o(i._ZN7mpu92507convertEth)
    mpu9250::initIMU(unsigned, int)          0x080058ad   Thumb Code   550  mpu9250.o(i._ZN7mpu92507initIMUEji)
    mpu9250::invSqrt(float)                  0x08005b01   Thumb Code    58  mpu9250.o(i._ZN7mpu92507invSqrtEf)
    mpu9250::readAcc()                       0x08005b41   Thumb Code   246  mpu9250.o(i._ZN7mpu92507readAccEv)
    mpu9250::readReg(int, int*, int)         0x08005c37   Thumb Code    92  mpu9250.o(i._ZN7mpu92507readRegEiPii)
    mpu9250::readFIFO()                      0x08005c93   Thumb Code   616  mpu9250.o(i._ZN7mpu92508readFIFOEv)
    mpu9250::readGyro()                      0x08005efb   Thumb Code   246  mpu9250.o(i._ZN7mpu92508readGyroEv)
    mpu9250::writeReg(int, unsigned char)    0x08005ff1   Thumb Code    50  mpu9250.o(i._ZN7mpu92508writeRegEih)
    mpu9250::calibrate(int)                  0x08006025   Thumb Code   606  mpu9250.o(i._ZN7mpu92509calibrateEi)
    operator delete (void*)                  0x080062a5   Thumb Code     8  delete.o(i._ZdlPv)
    operator new[] (unsigned)                0x080062ad   Thumb Code     8  array_new.o(i._Znaj)
    operator new(unsigned)                   0x080062b5   Thumb Code    34  new.o(i._Znwj)
    __ARM_fpclassify                         0x080062dd   Thumb Code    48  fpclassify.o(i.__ARM_fpclassify)
    __aeabi_vec_ctor_nocookie_nodtor         0x0800630d   Thumb Code    36  aeabi_vec_ctor_nocookie_nodtor.o(i.__aeabi_vec_ctor_nocookie_nodtor)
    __cxa_guard_acquire                      0x08006331   Thumb Code    16  cxa_guard_acquire.o(i.__cxa_guard_acquire)
    __hardfp_asin                            0x08006341   Thumb Code   770  asin.o(i.__hardfp_asin)
    __hardfp_atan                            0x080066a1   Thumb Code   622  atan.o(i.__hardfp_atan)
    __hardfp_atan2                           0x08006979   Thumb Code   448  atan2.o(i.__hardfp_atan2)
    __hardfp_ceilf                           0x08006b79   Thumb Code    98  ceilf.o(i.__hardfp_ceilf)
    __mathlib_ceilf                          0x08006b79   Thumb Code     0  ceilf.o(i.__hardfp_ceilf)
    __hardfp_pow                             0x08006be9   Thumb Code  3072  pow.o(i.__hardfp_pow)
    __kernel_poly                            0x08007839   Thumb Code   248  poly.o(i.__kernel_poly)
    __mathlib_dbl_divzero                    0x08007931   Thumb Code    28  dunder.o(i.__mathlib_dbl_divzero)
    __mathlib_dbl_infnan                     0x08007961   Thumb Code    20  dunder.o(i.__mathlib_dbl_infnan)
    __mathlib_dbl_infnan2                    0x08007975   Thumb Code    20  dunder.o(i.__mathlib_dbl_infnan2)
    __mathlib_dbl_invalid                    0x08007989   Thumb Code    24  dunder.o(i.__mathlib_dbl_invalid)
    __mathlib_dbl_overflow                   0x080079a9   Thumb Code    24  dunder.o(i.__mathlib_dbl_overflow)
    __mathlib_dbl_underflow                  0x080079c9   Thumb Code    24  dunder.o(i.__mathlib_dbl_underflow)
    atan                                     0x08007a05   Thumb Code    16  atan.o(i.atan)
    fabs                                     0x08007a15   Thumb Code    24  fabs.o(i.fabs)
    main                                     0x08007a2d   Thumb Code   980  main.o(i.main)
    sqrt                                     0x08007ea1   Thumb Code   110  sqrt.o(i.sqrt)
    T1 crc8<char>(T1*, int)                  0x08007f0f   Thumb Code    58  main.o(t._Z4crc8IcET_PS0_i)
    T1 crc8<int>(T1*, int)                   0x08007f49   Thumb Code    54  main.o(t._Z4crc8IiET_PS0_i)
    T1 max2<unsigned char>(T1, T1)           0x08007f7f   Thumb Code    14  main.o(t._Z4max2IhET_S0_S0_)
    T1 min2<int>(T1, T1)                     0x08007f8d   Thumb Code    14  main.o(t._Z4min2IiET_S0_S0_)
    char* toPrint<double>(T1, short)         0x08007f9d   Thumb Code   608  main.o(t._Z7toPrintIdEPcT_s)
    char* toPrint<int>(T1, short)            0x0800820d   Thumb Code   508  main.o(t._Z7toPrintIiEPcT_s)
    char* toPrint<unsigned>(T1, short)       0x08008409   Thumb Code   488  main.o(t._Z7toPrintIjEPcT_s)
    void printTml<double>(SSD1306&, T1, int, int, int) 0x080085f1   Thumb Code    66  main.o(t._Z8printTmlIdEvR7SSD1306T_iii)
    void printTml<int>(SSD1306&, T1, int, int, int) 0x08008633   Thumb Code    48  main.o(t._Z8printTmlIiEvR7SSD1306T_iii)
    void printTml<unsigned>(SSD1306&, T1, int, int, int) 0x08008663   Thumb Code    48  main.o(t._Z8printTmlIjEvR7SSD1306T_iii)
    __aeabi_dneg                             0x08008693   Thumb Code     0  basic.o(x$fpl$basic)
    _dneg                                    0x08008693   Thumb Code     6  basic.o(x$fpl$basic)
    __aeabi_fneg                             0x08008699   Thumb Code     0  basic.o(x$fpl$basic)
    _fneg                                    0x08008699   Thumb Code     6  basic.o(x$fpl$basic)
    _dabs                                    0x0800869f   Thumb Code     6  basic.o(x$fpl$basic)
    _fabs                                    0x080086a5   Thumb Code     6  basic.o(x$fpl$basic)
    __aeabi_d2f                              0x080086ad   Thumb Code     0  d2f.o(x$fpl$d2f)
    _d2f                                     0x080086ad   Thumb Code    98  d2f.o(x$fpl$d2f)
    __aeabi_dadd                             0x08008711   Thumb Code     0  daddsub_clz.o(x$fpl$dadd)
    _dadd                                    0x08008711   Thumb Code   332  daddsub_clz.o(x$fpl$dadd)
    __fpl_dcheck_NaN1                        0x08008861   Thumb Code    10  dcheck1.o(x$fpl$dcheck1)
    __fpl_dcmp_Inf                           0x08008871   Thumb Code    24  dcmpi.o(x$fpl$dcmpinf)
    __aeabi_ddiv                             0x08008889   Thumb Code     0  ddiv.o(x$fpl$ddiv)
    _ddiv                                    0x08008889   Thumb Code   552  ddiv.o(x$fpl$ddiv)
    __aeabi_cdcmpeq                          0x08008b39   Thumb Code     0  deqf.o(x$fpl$deqf)
    _dcmpeq                                  0x08008b39   Thumb Code   120  deqf.o(x$fpl$deqf)
    __aeabi_d2iz                             0x08008bb1   Thumb Code     0  dfix.o(x$fpl$dfix)
    _dfix                                    0x08008bb1   Thumb Code    94  dfix.o(x$fpl$dfix)
    __aeabi_d2uiz                            0x08008c11   Thumb Code     0  dfixu.o(x$fpl$dfixu)
    _dfixu                                   0x08008c11   Thumb Code    90  dfixu.o(x$fpl$dfixu)
    __aeabi_i2d                              0x08008c6b   Thumb Code     0  dflt_clz.o(x$fpl$dflt)
    _dflt                                    0x08008c6b   Thumb Code    46  dflt_clz.o(x$fpl$dflt)
    __aeabi_l2d                              0x08008c99   Thumb Code     0  dfltll_clz.o(x$fpl$dfltll)
    _ll_sto_d                                0x08008c99   Thumb Code   162  dfltll_clz.o(x$fpl$dfltll)
    __aeabi_ui2d                             0x08008d3b   Thumb Code     0  dflt_clz.o(x$fpl$dfltu)
    _dfltu                                   0x08008d3b   Thumb Code    38  dflt_clz.o(x$fpl$dfltu)
    __aeabi_ul2d                             0x08008d61   Thumb Code     0  dfltll_clz.o(x$fpl$dfltull)
    _ll_uto_d                                0x08008d61   Thumb Code   138  dfltll_clz.o(x$fpl$dfltull)
    __aeabi_cdcmple                          0x08008ded   Thumb Code     0  dleqf.o(x$fpl$dleqf)
    _dcmple                                  0x08008ded   Thumb Code   120  dleqf.o(x$fpl$dleqf)
    __fpl_dcmple_InfNaN                      0x08008e4f   Thumb Code     0  dleqf.o(x$fpl$dleqf)
    __aeabi_dmul                             0x08008e65   Thumb Code     0  dmul.o(x$fpl$dmul)
    _dmul                                    0x08008e65   Thumb Code   332  dmul.o(x$fpl$dmul)
    __fpl_dnaninf                            0x08008fb9   Thumb Code   156  dnaninf.o(x$fpl$dnaninf)
    __fpl_dretinf                            0x08009055   Thumb Code    12  dretinf.o(x$fpl$dretinf)
    __aeabi_cdrcmple                         0x08009061   Thumb Code     0  drleqf.o(x$fpl$drleqf)
    _drcmple                                 0x08009061   Thumb Code   108  drleqf.o(x$fpl$drleqf)
    __aeabi_drsub                            0x080090cd   Thumb Code     0  daddsub_clz.o(x$fpl$drsb)
    _drsb                                    0x080090cd   Thumb Code    22  daddsub_clz.o(x$fpl$drsb)
    _dsqrt                                   0x080090e5   Thumb Code   404  dsqrt_umaal.o(x$fpl$dsqrt)
    __aeabi_dsub                             0x0800927d   Thumb Code     0  daddsub_clz.o(x$fpl$dsub)
    _dsub                                    0x0800927d   Thumb Code   464  daddsub_clz.o(x$fpl$dsub)
    __aeabi_f2d                              0x08009451   Thumb Code     0  f2d.o(x$fpl$f2d)
    _f2d                                     0x08009451   Thumb Code    86  f2d.o(x$fpl$f2d)
    __fpl_fnaninf                            0x080094a7   Thumb Code   140  fnaninf.o(x$fpl$fnaninf)
    _fp_init                                 0x08009533   Thumb Code    10  fpinit.o(x$fpl$fpinit)
    __fplib_config_fpu_vfp                   0x0800953b   Thumb Code     0  fpinit.o(x$fpl$fpinit)
    __fplib_config_pureend_doubles           0x0800953b   Thumb Code     0  fpinit.o(x$fpl$fpinit)
    __fpl_fretinf                            0x0800953d   Thumb Code    10  fretinf.o(x$fpl$fretinf)
    __aeabi_d2lz                             0x08009549   Thumb Code     0  dfixll.o(x$fpl$llsfromd)
    _ll_sfrom_d                              0x08009549   Thumb Code   194  dfixll.o(x$fpl$llsfromd)
    __fpl_return_NaN                         0x0800960b   Thumb Code   100  retnan.o(x$fpl$retnan)
    __ARM_scalbn                             0x0800966f   Thumb Code    92  scalbn.o(x$fpl$scalbn)
    __fpl_cmpreturn                          0x080096cb   Thumb Code    48  trapv.o(x$fpl$trapveneer)
    __I$use$fp                               0x080096fa   Number         0  usenofp.o(x$fpl$usenofp)
    PL_ADC::channels                         0x08009e8c   Data          16  stm32f407_adc.o(.constdata)
    __mathlib_zero                           0x0800a010   Data           8  qnan.o(.constdata)
    vtable for SSD1306                       0x0800a018   Data          16  ssd1306.o(.constdata__ZTV7SSD1306)
    Command::Command()::string               0x0800a028   Data           1  main.o(.constdata__ZZN7CommandC1EvEs)
    Display::update()::string                0x0800a029   Data           2  main.o(.constdata__ZZN7Display6updateEvEs)
    Region$$Table$$Base                      0x0800a02c   Number         0  anon$$obj.o(Region$$Table)
    Region$$Table$$Limit                     0x0800a04c   Number         0  anon$$obj.o(Region$$Table)
    SHT$$INIT_ARRAY$$Base                    0x0800a04c   Number         0  main.o(.init_array)
    SHT$$INIT_ARRAY$$Limit                   0x0800a050   Number         0  init_aeabi.o(.init_array)
    initImageBuffer                          0x20000000   Data        8192  main.o(.data)
    GLOBAL_ERROR                             0x20002000   Data           4  main.o(.data)
    firstField                               0x20002004   Data       21600  main.o(.data)
    vecNum                                   0x20007464   Data           2  main.o(.data)
    infNum                                   0x20007466   Data           1  main.o(.data)
    g_state                                  0x20007468   Data           4  main.o(.data)
    basicFunc                                0x2000746c   Data           4  main.o(.data)
    clb_var                                  0x20007470   Data           4  main.o(.data)
    pncBeginTime                             0x20007478   Data           8  main.o(.data)
    _RxData                                  0x200074e4   Data           4  stm32f407_spi.o(.data)
    _available                               0x200074e8   Data           2  stm32f407_spi.o(.data)
    _millis                                  0x200074ec   Data           4  stm32f407_sysfunc.o(.data)
    _bufRxHead                               0x200074f0   Data           8  stm32f407_uart.o(.data)
    _bufRxTail                               0x200074f8   Data           8  stm32f407_uart.o(.data)
    _bufTxHead                               0x20007500   Data           8  stm32f407_uart.o(.data)
    _bufTxTail                               0x20007508   Data           8  stm32f407_uart.o(.data)
    robot                                    0x20007910   Data        2064  main.o(.bss)
    _bufRx                                   0x20008170   Data         256  stm32f407_uart.o(.bss)
    _bufTx                                   0x20008270   Data         256  stm32f407_uart.o(.bss)
    __libspace_start                         0x20008370   Data          96  libspace.o(.bss)
    __temporary_stack_top$libspace           0x200083d0   Data           0  libspace.o(.bss)



==============================================================================

Memory Map of the image

  Image Entry point : 0x0800027d

  Load Region LR_1 (Base: 0x08000000, Size: 0x00011960, Max: 0xffffffff, ABSOLUTE, COMPRESSED[0x0000b694])

    Execution Region ER_RO (Exec base: 0x08000000, Load base: 0x08000000, Size: 0x0000a050, Max: 0xffffffff, ABSOLUTE)

    Exec Addr    Load Addr    Size         Type   Attr      Idx    E Section Name        Object

    0x08000000   0x08000000   0x00000188   Data   RO         1365    RESET               startup_stm32f40xx.o
    0x08000188   0x08000188   0x00000008   Code   RO         2197  * !!!main             c_w.l(__main.o)
    0x08000190   0x08000190   0x00000034   Code   RO         2915    !!!scatter          c_w.l(__scatter.o)
    0x080001c4   0x080001c4   0x00000064   Code   RO         2913    !!dclz77c           c_w.l(__dclz77c.o)
    0x08000228   0x08000228   0x0000001c   Code   RO         2917    !!handler_zi        c_w.l(__scatter_zi.o)
    0x08000244   0x08000244   0x00000002   Code   RO         2816    .ARM.Collect$$libinit$$00000000  c_w.l(libinit.o)
    0x08000246   0x08000246   0x00000004   Code   RO         2547    .ARM.Collect$$libinit$$00000001  c_w.l(libinit2.o)
    0x0800024a   0x0800024a   0x00000000   Code   RO         2550    .ARM.Collect$$libinit$$00000004  c_w.l(libinit2.o)
    0x0800024a   0x0800024a   0x00000008   Code   RO         2551    .ARM.Collect$$libinit$$00000005  c_w.l(libinit2.o)
    0x08000252   0x08000252   0x00000000   Code   RO         2553    .ARM.Collect$$libinit$$0000000A  c_w.l(libinit2.o)
    0x08000252   0x08000252   0x00000000   Code   RO         2555    .ARM.Collect$$libinit$$0000000C  c_w.l(libinit2.o)
    0x08000252   0x08000252   0x00000000   Code   RO         2557    .ARM.Collect$$libinit$$0000000E  c_w.l(libinit2.o)
    0x08000252   0x08000252   0x00000000   Code   RO         2560    .ARM.Collect$$libinit$$00000011  c_w.l(libinit2.o)
    0x08000252   0x08000252   0x00000000   Code   RO         2562    .ARM.Collect$$libinit$$00000013  c_w.l(libinit2.o)
    0x08000252   0x08000252   0x00000000   Code   RO         2564    .ARM.Collect$$libinit$$00000015  c_w.l(libinit2.o)
    0x08000252   0x08000252   0x00000000   Code   RO         2566    .ARM.Collect$$libinit$$00000017  c_w.l(libinit2.o)
    0x08000252   0x08000252   0x00000000   Code   RO         2568    .ARM.Collect$$libinit$$00000019  c_w.l(libinit2.o)
    0x08000252   0x08000252   0x00000000   Code   RO         2570    .ARM.Collect$$libinit$$0000001B  c_w.l(libinit2.o)
    0x08000252   0x08000252   0x00000000   Code   RO         2572    .ARM.Collect$$libinit$$0000001D  c_w.l(libinit2.o)
    0x08000252   0x08000252   0x00000000   Code   RO         2574    .ARM.Collect$$libinit$$0000001F  c_w.l(libinit2.o)
    0x08000252   0x08000252   0x00000000   Code   RO         2576    .ARM.Collect$$libinit$$00000021  c_w.l(libinit2.o)
    0x08000252   0x08000252   0x00000000   Code   RO         2578    .ARM.Collect$$libinit$$00000023  c_w.l(libinit2.o)
    0x08000252   0x08000252   0x00000000   Code   RO         2580    .ARM.Collect$$libinit$$00000025  c_w.l(libinit2.o)
    0x08000252   0x08000252   0x00000000   Code   RO         2584    .ARM.Collect$$libinit$$0000002C  c_w.l(libinit2.o)
    0x08000252   0x08000252   0x00000000   Code   RO         2586    .ARM.Collect$$libinit$$0000002E  c_w.l(libinit2.o)
    0x08000252   0x08000252   0x00000000   Code   RO         2588    .ARM.Collect$$libinit$$00000030  c_w.l(libinit2.o)
    0x08000252   0x08000252   0x00000004   Code   RO         2589    .ARM.Collect$$libinit$$00000031  c_w.l(libinit2.o)
    0x08000256   0x08000256   0x00000000   Code   RO         2590    .ARM.Collect$$libinit$$00000032  c_w.l(libinit2.o)
    0x08000256   0x08000256   0x00000002   Code   RO         2591    .ARM.Collect$$libinit$$00000033  c_w.l(libinit2.o)
    0x08000258   0x08000258   0x00000002   Code   RO         2898    .ARM.Collect$$libshutdown$$00000000  c_w.l(libshutdown.o)
    0x0800025a   0x0800025a   0x00000000   Code   RO         2875    .ARM.Collect$$libshutdown$$00000002  c_w.l(libshutdown2.o)
    0x0800025a   0x0800025a   0x00000000   Code   RO         2877    .ARM.Collect$$libshutdown$$00000004  c_w.l(libshutdown2.o)
    0x0800025a   0x0800025a   0x00000000   Code   RO         2879    .ARM.Collect$$libshutdown$$00000006  c_w.l(libshutdown2.o)
    0x0800025a   0x0800025a   0x00000000   Code   RO         2882    .ARM.Collect$$libshutdown$$00000009  c_w.l(libshutdown2.o)
    0x0800025a   0x0800025a   0x00000000   Code   RO         2885    .ARM.Collect$$libshutdown$$0000000C  c_w.l(libshutdown2.o)
    0x0800025a   0x0800025a   0x00000000   Code   RO         2887    .ARM.Collect$$libshutdown$$0000000E  c_w.l(libshutdown2.o)
    0x0800025a   0x0800025a   0x00000000   Code   RO         2890    .ARM.Collect$$libshutdown$$00000011  c_w.l(libshutdown2.o)
    0x0800025a   0x0800025a   0x00000002   Code   RO         2891    .ARM.Collect$$libshutdown$$00000012  c_w.l(libshutdown2.o)
    0x0800025c   0x0800025c   0x00000000   Code   RO         2471    .ARM.Collect$$rtentry$$00000000  c_w.l(__rtentry.o)
    0x0800025c   0x0800025c   0x00000000   Code   RO         2692    .ARM.Collect$$rtentry$$00000002  c_w.l(__rtentry2.o)
    0x0800025c   0x0800025c   0x00000006   Code   RO         2704    .ARM.Collect$$rtentry$$00000004  c_w.l(__rtentry4.o)
    0x08000262   0x08000262   0x00000000   Code   RO         2694    .ARM.Collect$$rtentry$$00000009  c_w.l(__rtentry2.o)
    0x08000262   0x08000262   0x00000004   Code   RO         2695    .ARM.Collect$$rtentry$$0000000A  c_w.l(__rtentry2.o)
    0x08000266   0x08000266   0x00000000   Code   RO         2697    .ARM.Collect$$rtentry$$0000000C  c_w.l(__rtentry2.o)
    0x08000266   0x08000266   0x00000008   Code   RO         2698    .ARM.Collect$$rtentry$$0000000D  c_w.l(__rtentry2.o)
    0x0800026e   0x0800026e   0x00000002   Code   RO         2837    .ARM.Collect$$rtexit$$00000000  c_w.l(rtexit.o)
    0x08000270   0x08000270   0x00000000   Code   RO         2858    .ARM.Collect$$rtexit$$00000002  c_w.l(rtexit2.o)
    0x08000270   0x08000270   0x00000004   Code   RO         2859    .ARM.Collect$$rtexit$$00000003  c_w.l(rtexit2.o)
    0x08000274   0x08000274   0x00000006   Code   RO         2860    .ARM.Collect$$rtexit$$00000004  c_w.l(rtexit2.o)
    0x0800027a   0x0800027a   0x00000002   PAD
    0x0800027c   0x0800027c   0x00000000   Code   RO         2786    .emb_text           c_w.l(maybetermalloc1.o)
    0x0800027c   0x0800027c   0x00000040   Code   RO         1366  * .text               startup_stm32f40xx.o
    0x080002bc   0x080002bc   0x000000ee   Code   RO         2187    .text               c_w.l(lludivv7m.o)
    0x080003aa   0x080003aa   0x00000048   Code   RO         2189    .text               c_w.l(llsdiv.o)
    0x080003f2   0x080003f2   0x00000064   Code   RO         2191    .text               c_w.l(rt_memcpy_w.o)
    0x08000456   0x08000456   0x00000044   Code   RO         2193    .text               c_w.l(rt_memclr.o)
    0x0800049a   0x0800049a   0x00000006   Code   RO         2195    .text               c_w.l(heapauxi.o)
    0x080004a0   0x080004a0   0x00000024   Code   RO         2202    .text               c_w.l(init_aeabi.o)
    0x080004c4   0x080004c4   0x00000008   Code   RO         2479    .text               c_w.l(rt_new_handler_addr_intlibspace.o)
    0x080004cc   0x080004cc   0x0000005e   Code   RO         2485    .text               c_w.l(h1_alloc.o)
    0x0800052a   0x0800052a   0x0000004e   Code   RO         2487    .text               c_w.l(h1_free.o)
    0x08000578   0x08000578   0x00000016   Code   RO         2543    .text               c_w.l(_rserrno.o)
    0x0800058e   0x0800058e   0x0000004e   Code   RO         2545    .text               c_w.l(rt_memclr_w.o)
    0x080005dc   0x080005dc   0x00000004   Code   RO         2595    .text               cpprt_w.l(arm_newhandler_noexceptions.o)
    0x080005e0   0x080005e0   0x00000008   Code   RO         2686    .text               c_w.l(libspace.o)
    0x080005e8   0x080005e8   0x00000008   Code   RO         2711    .text               c_w.l(rt_heap_descriptor_intlibspace.o)
    0x080005f0   0x080005f0   0x00000008   Code   RO         2716    .text               c_w.l(rt_errno_addr_intlibspace.o)
    0x080005f8   0x080005f8   0x00000004   Code   RO         2718    .text               c_w.l(hguard.o)
    0x080005fc   0x080005fc   0x0000008a   Code   RO         2720    .text               c_w.l(init_alloc.o)
    0x08000686   0x08000686   0x0000000e   Code   RO         2724    .text               c_w.l(h1_init.o)
    0x08000694   0x08000694   0x0000001a   Code   RO         2762    .text               cpprt_w.l(arm_exceptions_terminate.o)
    0x080006ae   0x080006ae   0x00000002   PAD
    0x080006b0   0x080006b0   0x00000050   Code   RO         2765    .text               cpprt_w.l(arm_exceptions_globs.o)
    0x08000700   0x08000700   0x0000004a   Code   RO         2777    .text               c_w.l(sys_stackheap_outer.o)
    0x0800074a   0x0800074a   0x00000002   PAD
    0x0800074c   0x0800074c   0x00000008   Code   RO         2782    .text               c_w.l(rt_eh_globals_addr_intlibspace.o)
    0x08000754   0x08000754   0x00000034   Code   RO         2788    .text               c_w.l(h1_extend.o)
    0x08000788   0x08000788   0x00000012   Code   RO         2792    .text               c_w.l(exit.o)
    0x0800079a   0x0800079a   0x00000016   Code   RO         2794    .text               c_w.l(abort.o)
    0x080007b0   0x080007b0   0x0000000e   Code   RO         2800    .text               c_w.l(defsig_rtmem_outer.o)
    0x080007be   0x080007be   0x0000003c   Code   RO         2820    .text               cpprt_w.l(arm_exceptions_mem.o)
    0x080007fa   0x080007fa   0x00000002   PAD
    0x080007fc   0x080007fc   0x0000000c   Code   RO         2832    .text               c_w.l(sys_exit.o)
    0x08000808   0x08000808   0x00000002   Code   RO         2834    .text               c_w.l(use_no_semi.o)
    0x0800080a   0x0800080a   0x00000000   Code   RO         2836    .text               c_w.l(indicate_semi.o)
    0x0800080a   0x0800080a   0x0000000a   Code   RO         2845    .text               c_w.l(defsig_exit.o)
    0x08000814   0x08000814   0x0000000e   Code   RO         2847    .text               c_w.l(defsig_abrt_outer.o)
    0x08000822   0x08000822   0x00000002   PAD
    0x08000824   0x08000824   0x00000050   Code   RO         2853    .text               c_w.l(defsig_rtmem_inner.o)
    0x08000874   0x08000874   0x00000032   Code   RO         2870    .text               c_w.l(defsig_general.o)
    0x080008a6   0x080008a6   0x00000002   PAD
    0x080008a8   0x080008a8   0x00000030   Code   RO         2872    .text               c_w.l(defsig_abrt_inner.o)
    0x080008d8   0x080008d8   0x0000000e   Code   RO         2892    .text               c_w.l(sys_wrch.o)
    0x080008e6   0x080008e6   0x0000000a   Code   RO         1528    i.SPI1_IRQHandler   stm32f407_spi.o
    0x080008f0   0x080008f0   0x0000000a   Code   RO         1529    i.SPI2_IRQHandler   stm32f407_spi.o
    0x080008fa   0x080008fa   0x0000000a   Code   RO         1530    i.SPI3_IRQHandler   stm32f407_spi.o
    0x08000904   0x08000904   0x00000068   Code   RO            5    i.SystemInit        system_stm32f4xx.o
    0x0800096c   0x0800096c   0x0000002c   Code   RO         1622    i.TIM7_IRQHandler   stm32f407_sysfunc.o
    0x08000998   0x08000998   0x0000000a   Code   RO         1696    i.UART4_IRQHandler  stm32f407_uart.o
    0x080009a2   0x080009a2   0x0000000a   Code   RO         1697    i.UART5_IRQHandler  stm32f407_uart.o
    0x080009ac   0x080009ac   0x0000000a   Code   RO         1698    i.USART1_IRQHandler  stm32f407_uart.o
    0x080009b6   0x080009b6   0x0000000a   Code   RO         1699    i.USART2_IRQHandler  stm32f407_uart.o
    0x080009c0   0x080009c0   0x0000000a   Code   RO         1700    i.USART3_IRQHandler  stm32f407_uart.o
    0x080009ca   0x080009ca   0x0000000a   Code   RO         1701    i.USART6_IRQHandler  stm32f407_uart.o
    0x080009d4   0x080009d4   0x00000040   Code   RO           70    i._Z10drawStringR7SSD1306Pcjj  main.o
    0x08000a14   0x08000a14   0x000000ec   Code   RO            6    i._Z11SetSysClockv  system_stm32f4xx.o
    0x08000b00   0x08000b00   0x00000018   Code   RO         1623    i._Z11delayMicrosj  stm32f407_sysfunc.o
    0x08000b18   0x08000b18   0x000000c0   Code   RO         1702    i._Z11tryTransmitj  stm32f407_uart.o
    0x08000bd8   0x08000bd8   0x00000014   Code   RO           71    i._Z12clb_imuCalibv  main.o
    0x08000bec   0x08000bec   0x0000001c   Code   RO           72    i._Z12clb_imuSetupv  main.o
    0x08000c08   0x08000c08   0x00000554   Code   RO           73    i._Z12setupScreensv  main.o
    0x0800115c   0x0800115c   0x00000020   Code   RO         1703    i._Z12writeStrUARTjPc  stm32f407_uart.o
    0x0800117c   0x0800117c   0x00000028   Code   RO         1704    i._Z13UARTAvailablej  stm32f407_uart.o
    0x080011a4   0x080011a4   0x00000010   Code   RO           74    i._Z13clb_doNothingv  main.o
    0x080011b4   0x080011b4   0x00000008   Code   RO           75    i._Z13symbolToIndexc  main.o
    0x080011bc   0x080011bc   0x00000016   Code   RO         1534    i._Z14NVIC_EnableIRQ4IRQn  stm32f407_spi.o
    0x080011d2   0x080011d2   0x00000016   Code   RO         1705    i._Z14NVIC_EnableIRQ4IRQn  stm32f407_uart.o
    0x080011e8   0x080011e8   0x00000010   Code   RO           76    i._Z15clb_dribblerOffv  main.o
    0x080011f8   0x080011f8   0x00000014   Code   RO           78    i._Z16clb_dribblerInOnv  main.o
    0x0800120c   0x0800120c   0x00000014   Code   RO           79    i._Z16clb_kickStraightv  main.o
    0x08001220   0x08001220   0x00000050   Code   RO           80    i._Z16clb_screenToGamev  main.o
    0x08001270   0x08001270   0x0000001c   Code   RO           81    i._Z16clb_screenToMainv  main.o
    0x0800128c   0x0800128c   0x0000001c   Code   RO           83    i._Z17clb_imu_pnc_clearv  main.o
    0x080012a8   0x080012a8   0x00000094   Code   RO           84    i._Z17clb_imu_pnc_startv  main.o
    0x0800133c   0x0800133c   0x00000010   Code   RO           85    i._Z17clb_screenToEmptyv  main.o
    0x0800134c   0x0800134c   0x00000010   Code   RO           86    i._Z18clb_endLightsCalibv  main.o
    0x0800135c   0x0800135c   0x0000001c   Code   RO           87    i._Z18clb_screenToKickerv  main.o
    0x08001378   0x08001378   0x00000014   Code   RO           88    i._Z18clb_toKokokoScreenv  main.o
    0x0800138c   0x0800138c   0x00000048   Code   RO         1535    i._Z19SPIInterruptHandlerj  stm32f407_spi.o
    0x080013d4   0x080013d4   0x00000014   Code   RO           89    i._Z19clb_toBatteryScreenv  main.o
    0x080013e8   0x080013e8   0x000000b8   Code   RO         1708    i._Z20UARTInterruptHandlerj  stm32f407_uart.o
    0x080014a0   0x080014a0   0x00000010   Code   RO           90    i._Z20clb_beginLightsCalibv  main.o
    0x080014b0   0x080014b0   0x0000001c   Code   RO           91    i._Z20clb_screenToDribblerv  main.o
    0x080014cc   0x080014cc   0x00000014   Code   RO           92    i._Z21clb_screenToDebugDatav  main.o
    0x080014e0   0x080014e0   0x0000001c   Code   RO           93    i._Z24clb_screenToCalibrationsv  main.o
    0x080014fc   0x080014fc   0x0000001c   Code   RO           94    i._Z35clb_screenToLightSensorsCalibrationv  main.o
    0x08001518   0x08001518   0x00000018   Code   RO         1624    i._Z5delayj         stm32f407_sysfunc.o
    0x08001530   0x08001530   0x00000020   Code   RO         1625    i._Z6microsv        stm32f407_sysfunc.o
    0x08001550   0x08001550   0x0000000c   Code   RO         1626    i._Z6millisv        stm32f407_sysfunc.o
    0x0800155c   0x0800155c   0x0000001c   Code   RO          789    i._Z6setPinP12GPIO_TypeDeftb  main.o
    0x08001578   0x08001578   0x000000ac   Code   RO          803    i._Z6setPintb       main.o
    0x08001624   0x08001624   0x000001e8   Code   RO         1373    i._Z7initPinP12GPIO_TypeDefthhh  stm32f407_pin.o
    0x0800180c   0x0800180c   0x000000c8   Code   RO          796    i._Z7initPinthhh    main.o
    0x080018d4   0x080018d4   0x0000014c   Code   RO         1627    i._Z7initRCCv       stm32f407_sysfunc.o
    0x08001a20   0x08001a20   0x0000025c   Code   RO         1536    i._Z7initSPIjbhtiiii  stm32f407_spi.o
    0x08001c7c   0x08001c7c   0x000000c8   Code   RO         1466    i._Z7pinModethhh    stm32f407_adc.o
    0x08001d44   0x08001d44   0x00000014   Code   RO         1005    i._Z7readPinP12GPIO_TypeDeft  main.o
    0x08001d58   0x08001d58   0x000000a4   Code   RO          948    i._Z7readPint       main.o
    0x08001dfc   0x08001dfc   0x000000dc   Code   RO           95    i._Z8drawCharR7SSD1306cjj  main.o
    0x08001ed8   0x08001ed8   0x00000040   Code   RO           96    i._Z8initLEDsv      main.o
    0x08001f18   0x08001f18   0x000003ec   Code   RO         1709    i._Z8initUARTjjhfhj  stm32f407_uart.o
    0x08002304   0x08002304   0x00000048   Code   RO         1710    i._Z8readUARTj      stm32f407_uart.o
    0x0800234c   0x0800234c   0x000000b0   Code   RO         1628    i._Z8sysStartv      stm32f407_sysfunc.o
    0x080023fc   0x080023fc   0x00000048   Code   RO         1537    i._Z8writeSPIjt     stm32f407_spi.o
    0x08002444   0x08002444   0x00000014   Code   RO           97    i._Z9clb_kick1v     main.o
    0x08002458   0x08002458   0x00000014   Code   RO           98    i._Z9clb_kick2v     main.o
    0x0800246c   0x0800246c   0x00000038   Code   RO         1718    i._Z9writeUARTjc    stm32f407_uart.o
    0x080024a4   0x080024a4   0x00000050   Code   RO           99    i._ZN10BallSensor4initEP6PL_ADCtt  main.o
    0x080024f4   0x080024f4   0x00000012   Code   RO          100    i._ZN10BallSensor6turnOnEv  main.o
    0x08002506   0x08002506   0x0000002e   Code   RO          101    i._ZN10BallSensor6updateEv  main.o
    0x08002534   0x08002534   0x00000006   Code   RO          103    i._ZN10BallSensor8getValueEv  main.o
    0x0800253a   0x0800253a   0x00000006   Code   RO          104    i._ZN11LineSensors18endLineCalibrationEv  main.o
    0x08002540   0x08002540   0x00000006   Code   RO          105    i._ZN11LineSensors20beginLineCalibrationEv  main.o
    0x08002546   0x08002546   0x00000026   Code   RO          106    i._ZN11LineSensors4initEjt  main.o
    0x0800256c   0x0800256c   0x00000034   Code   RO          107    i._ZN11LineSensors6updateEv  main.o
    0x080025a0   0x080025a0   0x00000006   Code   RO          108    i._ZN11LineSensors7getLineEv  main.o
    0x080025a6   0x080025a6   0x00000070   Code   RO          111    i._ZN12KickerModule4initEtttt  main.o
    0x08002616   0x08002616   0x00000080   Code   RO          112    i._ZN12KickerModule4kickEbb  main.o
    0x08002696   0x08002696   0x00000012   Code   RO          113    i._ZN12MotorDrivers11setDribblerEi  main.o
    0x080026a8   0x080026a8   0x00000020   Code   RO          114    i._ZN12MotorDrivers12enableMotorsEv  main.o
    0x080026c8   0x080026c8   0x00000020   Code   RO          116    i._ZN12MotorDrivers14attemptCurrentEv  main.o
    0x080026e8   0x080026e8   0x000000b2   Code   RO          117    i._ZN12MotorDrivers4initEjhjhjhjhjh  main.o
    0x0800279a   0x0800279a   0x00000002   PAD
    0x0800279c   0x0800279c   0x000001a0   Code   RO          118    i._ZN12MotorDrivers6updateEv  main.o
    0x0800293c   0x0800293c   0x00000030   Code   RO          119    i._ZN12MotorDrivers8setMotorEii  main.o
    0x0800296c   0x0800296c   0x0000003c   Code   RO          120    i._ZN12MotorDrivers9setMotorsEiiii  main.o
    0x080029a8   0x080029a8   0x0000002e   Code   RO          121    i._ZN12MotorDrivers9setMotorsEiiiii  main.o
    0x080029d6   0x080029d6   0x00000014   Code   RO          130    i._ZN3IMU12setZeroAngleEv  main.o
    0x080029ea   0x080029ea   0x00000002   PAD
    0x080029ec   0x080029ec   0x00000058   Code   RO          131    i._ZN3IMU4initEjtt  main.o
    0x08002a44   0x08002a44   0x00000022   Code   RO          132    i._ZN3IMU6turnOnEv  main.o
    0x08002a66   0x08002a66   0x00000002   PAD
    0x08002a68   0x08002a68   0x000000c0   Code   RO          133    i._ZN3IMU6updateEv  main.o
    0x08002b28   0x08002b28   0x0000002e   Code   RO          135    i._ZN3IMU8getAngleEv  main.o
    0x08002b56   0x08002b56   0x00000018   Code   RO          136    i._ZN3IMU9calibrateEj  main.o
    0x08002b6e   0x08002b6e   0x00000002   PAD
    0x08002b70   0x08002b70   0x00000148   Code   RO          137    i._ZN5Robot10updateMenuEv  main.o
    0x08002cb8   0x08002cb8   0x000000b8   Code   RO          138    i._ZN5Robot12handleErrorsEv  main.o
    0x08002d70   0x08002d70   0x0000003c   Code   RO          139    i._ZN5Robot12setPlayStateEb  main.o
    0x08002dac   0x08002dac   0x0000001e   Code   RO          140    i._ZN5Robot15changePlayStateEv  main.o
    0x08002dca   0x08002dca   0x00000002   PAD
    0x08002dcc   0x08002dcc   0x00000278   Code   RO          141    i._ZN5Robot4initEv  main.o
    0x08003044   0x08003044   0x0000013c   Code   RO          143    i._ZN5Robot4waitEj  main.o
    0x08003180   0x08003180   0x00000024   Code   RO          144    i._ZN5Robot9logErrorsEv  main.o
    0x080031a4   0x080031a4   0x00000008   Code   RO          145    i._ZN5Robot9playStateEv  main.o
    0x080031ac   0x080031ac   0x00000088   Code   RO          996    i._ZN5RobotC1Ev     main.o
    0x08003234   0x08003234   0x00000022   Code   RO          146    i._ZN6Camera4initEjt  main.o
    0x08003256   0x08003256   0x00000006   Code   RO          147    i._ZN6Camera6updateEv  main.o
    0x0800325c   0x0800325c   0x000000a0   Code   RO          149    i._ZN6Driver11setVelocityEi  main.o
    0x080032fc   0x080032fc   0x0000006c   Code   RO          150    i._ZN6Driver13updateFromRegEv  main.o
    0x08003368   0x08003368   0x00000018   Code   RO          151    i._ZN6Driver14attemptCurrentEv  main.o
    0x08003380   0x08003380   0x00000024   Code   RO          155    i._ZN6Driver15disableFloatingEv  main.o
    0x080033a4   0x080033a4   0x00000006   Code   RO          156    i._ZN6Driver4initEcc  main.o
    0x080033aa   0x080033aa   0x00000002   PAD
    0x080033ac   0x080033ac   0x00000070   Code   RO          157    i._ZN6Driver5writeEPccc  main.o
    0x0800341c   0x0800341c   0x00000040   Code   RO          159    i._ZN6DriverC1Ev    main.o
    0x0800345c   0x0800345c   0x0000000e   Code   RO         1410    i._ZN6PL_ADC10waitUpdateEv  stm32f407_adc.o
    0x0800346a   0x0800346a   0x00000002   PAD
    0x0800346c   0x0800346c   0x0000007c   Code   RO         1411    i._ZN6PL_ADC3addEa  stm32f407_adc.o
    0x080034e8   0x080034e8   0x0000009c   Code   RO         1412    i._ZN6PL_ADC4initEv  stm32f407_adc.o
    0x08003584   0x08003584   0x0000004c   Code   RO         1413    i._ZN6PL_ADC4readEab  stm32f407_adc.o
    0x080035d0   0x080035d0   0x0000001a   Code   RO         1415    i._ZN6PL_ADC5startEv  stm32f407_adc.o
    0x080035ea   0x080035ea   0x00000002   PAD
    0x080035ec   0x080035ec   0x00000048   Code   RO         1416    i._ZN6PL_ADCC1EP11ADC_TypeDef  stm32f407_adc.o
    0x08003634   0x08003634   0x00000034   Code   RO         1011    i._ZN6ScreenC1Ev    main.o
    0x08003668   0x08003668   0x00000006   Code   RO          160    i._ZN7Battery10getVoltageEv  main.o
    0x0800366e   0x0800366e   0x00000052   Code   RO          161    i._ZN7Battery10updateCellEi  main.o
    0x080036c0   0x080036c0   0x00000006   Code   RO          162    i._ZN7Battery13getPercentageEv  main.o
    0x080036c6   0x080036c6   0x0000000e   Code   RO          163    i._ZN7Battery14getCellVoltageEi  main.o
    0x080036d4   0x080036d4   0x000000ac   Code   RO          164    i._ZN7Battery4initEP6PL_ADCtttt  main.o
    0x08003780   0x08003780   0x00000194   Code   RO          165    i._ZN7Battery6updateEv  main.o
    0x08003914   0x08003914   0x00000012   Code   RO          166    i._ZN7Buttons10setChangedEib  main.o
    0x08003926   0x08003926   0x0000000a   Code   RO         1017    i._ZN7Buttons12ButtonStructC1Ev  main.o
    0x08003930   0x08003930   0x00000044   Code   RO          167    i._ZN7Buttons4initEtttt  main.o
    0x08003974   0x08003974   0x0000001e   Code   RO          168    i._ZN7Buttons6enableEv  main.o
    0x08003992   0x08003992   0x0000003a   Code   RO          169    i._ZN7Buttons6updateEv  main.o
    0x080039cc   0x080039cc   0x0000001e   Code   RO          170    i._ZN7Buttons7disableEv  main.o
    0x080039ea   0x080039ea   0x00000028   Code   RO          171    i._ZN7Buttons9isChangedEib  main.o
    0x08003a12   0x08003a12   0x00000012   Code   RO          172    i._ZN7Buttons9isPressedEi  main.o
    0x08003a24   0x08003a24   0x00000006   Code   RO          984    i._ZN7CommandC1EPcPFvvE  main.o
    0x08003a2a   0x08003a2a   0x00000002   PAD
    0x08003a2c   0x08003a2c   0x0000000c   Code   RO         1023    i._ZN7CommandC1Ev   main.o
    0x08003a38   0x08003a38   0x00000042   Code   RO          936    i._ZN7Display11addToScreenE7Command  main.o
    0x08003a7a   0x08003a7a   0x0000000c   Code   RO          960    i._ZN7Display4showEv  main.o
    0x08003a86   0x08003a86   0x0000000c   Code   RO          966    i._ZN7Display5clearEv  main.o
    0x08003a92   0x08003a92   0x0000001c   Code   RO          173    i._ZN7Display5printEPcii  main.o
    0x08003aae   0x08003aae   0x00000034   Code   RO          174    i._ZN7Display5printEdiii  main.o
    0x08003ae2   0x08003ae2   0x00000022   Code   RO          176    i._ZN7Display5printEiiii  main.o
    0x08003b04   0x08003b04   0x00000022   Code   RO          177    i._ZN7Display5printEjiii  main.o
    0x08003b26   0x08003b26   0x00000044   Code   RO          942    i._ZN7Display6addEscE7Command  main.o
    0x08003b6a   0x08003b6a   0x00000002   PAD
    0x08003b6c   0x08003b6c   0x00000094   Code   RO          978    i._ZN7Display6updateEv  main.o
    0x08003c00   0x08003c00   0x0000004c   Code   RO          972    i._ZN7Display8scrollUpEv  main.o
    0x08003c4c   0x08003c4c   0x00000006   Code   RO          954    i._ZN7Display9setScreenEi  main.o
    0x08003c52   0x08003c52   0x00000012   Code   RO         2021    i._ZN7SSD130612fastSPIwriteEh  ssd1306.o
    0x08003c64   0x08003c64   0x00000030   Code   RO         1888    i._ZN7SSD130615ssd1306_commandEh  ssd1306.o
    0x08003c94   0x08003c94   0x00000174   Code   RO         1895    i._ZN7SSD13065beginEhb  ssd1306.o
    0x08003e08   0x08003e08   0x00000014   Code   RO         1896    i._ZN7SSD13065clearEv  ssd1306.o
    0x08003e1c   0x08003e1c   0x0000001c   Code   RO         1897    i._ZN7SSD13066invertEh  ssd1306.o
    0x08003e38   0x08003e38   0x0000006e   Code   RO         1898    i._ZN7SSD13067displayEPh  ssd1306.o
    0x08003ea6   0x08003ea6   0x00000002   PAD
    0x08003ea8   0x08003ea8   0x00000074   Code   RO         1899    i._ZN7SSD13067displayEv  ssd1306.o
    0x08003f1c   0x08003f1c   0x0000000e   Code   RO         1900    i._ZN7SSD13068switchOnEv  ssd1306.o
    0x08003f2a   0x08003f2a   0x00000002   PAD
    0x08003f2c   0x08003f2c   0x000000f8   Code   RO         1901    i._ZN7SSD13069drawPixelEsst  ssd1306.o
    0x08004024   0x08004024   0x00000054   Code   RO         1903    i._ZN7SSD1306C1Ejtttttt  ssd1306.o
    0x08004078   0x08004078   0x0000000c   Code   RO         1904    i._ZN7SSD1306C1Ev   ssd1306.o
    0x08004084   0x08004084   0x0000002e   Code   RO         2065    i._ZN7mpu925012readFIFOsizeEv  mpu9250.o
    0x080040b2   0x080040b2   0x00000058   Code   RO         2066    i._ZN7mpu925012setAccOffsetEiii  mpu9250.o
    0x0800410a   0x0800410a   0x00000002   PAD
    0x0800410c   0x0800410c   0x0000059c   Code   RO         2067    i._ZN7mpu925012updateAnglesEdb  mpu9250.o
    0x080046a8   0x080046a8   0x00000052   Code   RO         2068    i._ZN7mpu925013setGyroOffsetEiii  mpu9250.o
    0x080046fa   0x080046fa   0x00000002   PAD
    0x080046fc   0x080046fc   0x00000038   Code   RO         2069    i._ZN7mpu925020updateAnglesFromFIFOEv  mpu9250.o
    0x08004734   0x08004734   0x00001158   Code   RO         2070    i._ZN7mpu925021MadgwickAHRSupdateIMUEd  mpu9250.o
    0x0800588c   0x0800588c   0x00000020   Code   RO         2173    i._ZN7mpu92507convertEth  mpu9250.o
    0x080058ac   0x080058ac   0x00000254   Code   RO         2072    i._ZN7mpu92507initIMUEji  mpu9250.o
    0x08005b00   0x08005b00   0x00000040   Code   RO         2073    i._ZN7mpu92507invSqrtEf  mpu9250.o
    0x08005b40   0x08005b40   0x000000f6   Code   RO         2074    i._ZN7mpu92507readAccEv  mpu9250.o
    0x08005c36   0x08005c36   0x0000005c   Code   RO         2075    i._ZN7mpu92507readRegEiPii  mpu9250.o
    0x08005c92   0x08005c92   0x00000268   Code   RO         2076    i._ZN7mpu92508readFIFOEv  mpu9250.o
    0x08005efa   0x08005efa   0x000000f6   Code   RO         2077    i._ZN7mpu92508readGyroEv  mpu9250.o
    0x08005ff0   0x08005ff0   0x00000032   Code   RO         2079    i._ZN7mpu92508writeRegEih  mpu9250.o
    0x08006022   0x08006022   0x00000002   PAD
    0x08006024   0x08006024   0x00000280   Code   RO         2080    i._ZN7mpu92509calibrateEi  mpu9250.o
    0x080062a4   0x080062a4   0x00000008   Code   RO         2209    i._ZdlPv            cpprt_w.l(delete.o)
    0x080062ac   0x080062ac   0x00000008   Code   RO         2205    i._Znaj             cpprt_w.l(array_new.o)
    0x080062b4   0x080062b4   0x00000028   Code   RO         2212    i._Znwj             cpprt_w.l(new.o)
    0x080062dc   0x080062dc   0x00000030   Code   RO         2670    i.__ARM_fpclassify  m_wm.l(fpclassify.o)
    0x0800630c   0x0800630c   0x00000024   Code   RO         2328    i.__aeabi_vec_ctor_nocookie_nodtor  cpprt_w.l(aeabi_vec_ctor_nocookie_nodtor.o)
    0x08006330   0x08006330   0x00000010   Code   RO         2216    i.__cxa_guard_acquire  cpprt_w.l(cxa_guard_acquire.o)
    0x08006340   0x08006340   0x00000360   Code   RO         2383    i.__hardfp_asin     m_wm.l(asin.o)
    0x080066a0   0x080066a0   0x000002d8   Code   RO         2639    i.__hardfp_atan     m_wm.l(atan.o)
    0x08006978   0x08006978   0x00000200   Code   RO         2397    i.__hardfp_atan2    m_wm.l(atan2.o)
    0x08006b78   0x08006b78   0x0000006c   Code   RO         2409    i.__hardfp_ceilf    m_wm.l(ceilf.o)
    0x08006be4   0x08006be4   0x00000004   PAD
    0x08006be8   0x08006be8   0x00000c50   Code   RO         2433    i.__hardfp_pow      m_wm.l(pow.o)
    0x08007838   0x08007838   0x000000f8   Code   RO         2672    i.__kernel_poly     m_wm.l(poly.o)
    0x08007930   0x08007930   0x00000030   Code   RO         2656    i.__mathlib_dbl_divzero  m_wm.l(dunder.o)
    0x08007960   0x08007960   0x00000014   Code   RO         2657    i.__mathlib_dbl_infnan  m_wm.l(dunder.o)
    0x08007974   0x08007974   0x00000014   Code   RO         2658    i.__mathlib_dbl_infnan2  m_wm.l(dunder.o)
    0x08007988   0x08007988   0x00000020   Code   RO         2659    i.__mathlib_dbl_invalid  m_wm.l(dunder.o)
    0x080079a8   0x080079a8   0x00000020   Code   RO         2660    i.__mathlib_dbl_overflow  m_wm.l(dunder.o)
    0x080079c8   0x080079c8   0x00000020   Code   RO         2662    i.__mathlib_dbl_underflow  m_wm.l(dunder.o)
    0x080079e8   0x080079e8   0x0000001c   Code   RO          180    i.__sti___8_main_cpp_1b880dcc  main.o
    0x08007a04   0x08007a04   0x00000010   Code   RO         2641    i.atan              m_wm.l(atan.o)
    0x08007a14   0x08007a14   0x00000018   Code   RO         2429    i.fabs              m_wm.l(fabs.o)
    0x08007a2c   0x08007a2c   0x00000474   Code   RO          181    i.main              main.o
    0x08007ea0   0x08007ea0   0x0000006e   Code   RO         2461    i.sqrt              m_wm.l(sqrt.o)
    0x08007f0e   0x08007f0e   0x0000003a   Code   RO          817    t._Z4crc8IcET_PS0_i  main.o
    0x08007f48   0x08007f48   0x00000036   Code   RO          824    t._Z4crc8IiET_PS0_i  main.o
    0x08007f7e   0x08007f7e   0x0000000e   Code   RO          810    t._Z4max2IhET_S0_S0_  main.o
    0x08007f8c   0x08007f8c   0x0000000e   Code   RO          831    t._Z4min2IiET_S0_S0_  main.o
    0x08007f9a   0x08007f9a   0x00000002   PAD
    0x08007f9c   0x08007f9c   0x00000270   Code   RO          894    t._Z7toPrintIdEPcT_s  main.o
    0x0800820c   0x0800820c   0x000001fc   Code   RO          838    t._Z7toPrintIiEPcT_s  main.o
    0x08008408   0x08008408   0x000001e8   Code   RO          852    t._Z7toPrintIjEPcT_s  main.o
    0x080085f0   0x080085f0   0x00000042   Code   RO          901    t._Z8printTmlIdEvR7SSD1306T_iii  main.o
    0x08008632   0x08008632   0x00000030   Code   RO          845    t._Z8printTmlIiEvR7SSD1306T_iii  main.o
    0x08008662   0x08008662   0x00000030   Code   RO          859    t._Z8printTmlIjEvR7SSD1306T_iii  main.o
    0x08008692   0x08008692   0x00000018   Code   RO         2331    x$fpl$basic         fz_wm.l(basic.o)
    0x080086aa   0x080086aa   0x00000002   PAD
    0x080086ac   0x080086ac   0x00000062   Code   RO         2333    x$fpl$d2f           fz_wm.l(d2f.o)
    0x0800870e   0x0800870e   0x00000002   PAD
    0x08008710   0x08008710   0x00000150   Code   RO         2335    x$fpl$dadd          fz_wm.l(daddsub_clz.o)
    0x08008860   0x08008860   0x00000010   Code   RO         2771    x$fpl$dcheck1       fz_wm.l(dcheck1.o)
    0x08008870   0x08008870   0x00000018   Code   RO         2624    x$fpl$dcmpinf       fz_wm.l(dcmpi.o)
    0x08008888   0x08008888   0x000002b0   Code   RO         2342    x$fpl$ddiv          fz_wm.l(ddiv.o)
    0x08008b38   0x08008b38   0x00000078   Code   RO         2345    x$fpl$deqf          fz_wm.l(deqf.o)
    0x08008bb0   0x08008bb0   0x0000005e   Code   RO         2347    x$fpl$dfix          fz_wm.l(dfix.o)
    0x08008c0e   0x08008c0e   0x00000002   PAD
    0x08008c10   0x08008c10   0x0000005a   Code   RO         2355    x$fpl$dfixu         fz_wm.l(dfixu.o)
    0x08008c6a   0x08008c6a   0x0000002e   Code   RO         2360    x$fpl$dflt          fz_wm.l(dflt_clz.o)
    0x08008c98   0x08008c98   0x000000a2   Code   RO         2365    x$fpl$dfltll        fz_wm.l(dfltll_clz.o)
    0x08008d3a   0x08008d3a   0x00000026   Code   RO         2359    x$fpl$dfltu         fz_wm.l(dflt_clz.o)
    0x08008d60   0x08008d60   0x0000008a   Code   RO         2366    x$fpl$dfltull       fz_wm.l(dfltll_clz.o)
    0x08008dea   0x08008dea   0x00000002   PAD
    0x08008dec   0x08008dec   0x00000078   Code   RO         2369    x$fpl$dleqf         fz_wm.l(dleqf.o)
    0x08008e64   0x08008e64   0x00000154   Code   RO         2371    x$fpl$dmul          fz_wm.l(dmul.o)
    0x08008fb8   0x08008fb8   0x0000009c   Code   RO         2626    x$fpl$dnaninf       fz_wm.l(dnaninf.o)
    0x08009054   0x08009054   0x0000000c   Code   RO         2628    x$fpl$dretinf       fz_wm.l(dretinf.o)
    0x08009060   0x08009060   0x0000006c   Code   RO         2373    x$fpl$drleqf        fz_wm.l(drleqf.o)
    0x080090cc   0x080090cc   0x00000016   Code   RO         2336    x$fpl$drsb          fz_wm.l(daddsub_clz.o)
    0x080090e2   0x080090e2   0x00000002   PAD
    0x080090e4   0x080090e4   0x00000198   Code   RO         2630    x$fpl$dsqrt         fz_wm.l(dsqrt_umaal.o)
    0x0800927c   0x0800927c   0x000001d4   Code   RO         2337    x$fpl$dsub          fz_wm.l(daddsub_clz.o)
    0x08009450   0x08009450   0x00000056   Code   RO         2375    x$fpl$f2d           fz_wm.l(f2d.o)
    0x080094a6   0x080094a6   0x0000008c   Code   RO         2632    x$fpl$fnaninf       fz_wm.l(fnaninf.o)
    0x08009532   0x08009532   0x0000000a   Code   RO         2773    x$fpl$fpinit        fz_wm.l(fpinit.o)
    0x0800953c   0x0800953c   0x0000000a   Code   RO         2634    x$fpl$fretinf       fz_wm.l(fretinf.o)
    0x08009546   0x08009546   0x00000002   PAD
    0x08009548   0x08009548   0x000000c2   Code   RO         2351    x$fpl$llsfromd      fz_wm.l(dfixll.o)
    0x0800960a   0x0800960a   0x00000064   Code   RO         2830    x$fpl$retnan        fz_wm.l(retnan.o)
    0x0800966e   0x0800966e   0x0000005c   Code   RO         2636    x$fpl$scalbn        fz_wm.l(scalbn.o)
    0x080096ca   0x080096ca   0x00000030   Code   RO         2855    x$fpl$trapveneer    fz_wm.l(trapv.o)
    0x080096fa   0x080096fa   0x00000000   Code   RO         2638    x$fpl$usenofp       fz_wm.l(usenofp.o)
    0x080096fa   0x080096fa   0x00000002   PAD
    0x080096fc   0x080096fc   0x00000790   Data   RO          295    .constdata          main.o
    0x08009e8c   0x08009e8c   0x00000010   Data   RO         1424    .constdata          stm32f407_adc.o
    0x08009e9c   0x08009e9c   0x00000004   PAD
    0x08009ea0   0x08009ea0   0x00000050   Data   RO         2386    .constdata          m_wm.l(asin.o)
    0x08009ef0   0x08009ef0   0x00000088   Data   RO         2436    .constdata          m_wm.l(pow.o)
    0x08009f78   0x08009f78   0x00000098   Data   RO         2642    .constdata          m_wm.l(atan.o)
    0x0800a010   0x0800a010   0x00000008   Data   RO         2674    .constdata          m_wm.l(qnan.o)
    0x0800a018   0x0800a018   0x00000010   Data   RO         2020    .constdata__ZTV7SSD1306  ssd1306.o
    0x0800a028   0x0800a028   0x00000001   Data   RO          787    .constdata__ZZN7CommandC1EvEs  main.o
    0x0800a029   0x0800a029   0x00000002   Data   RO          788    .constdata__ZZN7Display6updateEvEs  main.o
    0x0800a02b   0x0800a02b   0x00000001   PAD
    0x0800a02c   0x0800a02c   0x00000020   Data   RO         2911    Region$$Table       anon$$obj.o
    0x0800a04c   0x0800a04c   0x00000004   Data   RO          297    .init_array         main.o
    0x0800a050   0x0800a04c   0x00000000   Data   RO         2200    .init_array         c_w.l(init_aeabi.o)


    Execution Region ER_RW (Exec base: 0x20000000, Load base: 0x0800a050, Size: 0x00007910, Max: 0xffffffff, ABSOLUTE, COMPRESSED[0x00001644])

    Exec Addr    Load Addr    Size         Type   Attr      Idx    E Section Name        Object

    0x20000000   COMPRESSED   0x000074e4   Data   RW          296    .data               main.o
    0x200074e4   COMPRESSED   0x00000006   Data   RW         1548    .data               stm32f407_spi.o
    0x200074ea   COMPRESSED   0x00000002   PAD
    0x200074ec   COMPRESSED   0x00000004   Data   RW         1636    .data               stm32f407_sysfunc.o
    0x200074f0   COMPRESSED   0x00000020   Data   RW         1743    .data               stm32f407_uart.o
    0x20007510   COMPRESSED   0x00000400   Data   RW         1925    .data               ssd1306.o


    Execution Region ER_ZI (Exec base: 0x20007910, Load base: 0x0800b694, Size: 0x000010c0, Max: 0xffffffff, ABSOLUTE)

    Exec Addr    Load Addr    Size         Type   Attr      Idx    E Section Name        Object

    0x20007910        -       0x00000860   Zero   RW          294    .bss                main.o
    0x20008170        -       0x00000200   Zero   RW         1742    .bss                stm32f407_uart.o
    0x20008370        -       0x00000060   Zero   RW         2687    .bss                c_w.l(libspace.o)
    0x200083d0        -       0x00000200   Zero   RW         1364    HEAP                startup_stm32f40xx.o
    0x200085d0        -       0x00000400   Zero   RW         1363    STACK               startup_stm32f40xx.o


==============================================================================

Image component sizes


      Code (inc. data)   RO Data    RW Data    ZI Data      Debug   Object Name

     11632       1086       1943      29924       2144     348052   main.o
      8730        220          0          0          0      14480   mpu9250.o
      1070         26         16       1024          0      12504   ssd1306.o
        64         26        392          0       1536        872   startup_stm32f40xx.o
       668         52         16          0          0       6766   stm32f407_adc.o
       488         38          0          0          0       1602   stm32f407_pin.o
       800         58          0          6          0      32309   stm32f407_spi.o
       644         48          0          4          0      31248   stm32f407_sysfunc.o
      1662        192          0         32        512      11652   stm32f407_uart.o
       340         32          0          0          0     242769   system_stm32f4xx.o

    ----------------------------------------------------------------------
     26130       1778       2404      30992       4192     702254   Object Totals
         0          0         32          0          0          0   (incl. Generated)
        32          0          5          2          0          0   (incl. Padding)

    ----------------------------------------------------------------------

      Code (inc. data)   RO Data    RW Data    ZI Data      Debug   Library Member Name

       100          0          0          0          0          0   __dclz77c.o
         8          0          0          0          0         68   __main.o
         0          0          0          0          0          0   __rtentry.o
        12          0          0          0          0          0   __rtentry2.o
         6          0          0          0          0          0   __rtentry4.o
        52          8          0          0          0          0   __scatter.o
        28          0          0          0          0          0   __scatter_zi.o
        22          0          0          0          0        100   _rserrno.o
        22          0          0          0          0         80   abort.o
        48         34          0          0          0         76   defsig_abrt_inner.o
        14          0          0          0          0         80   defsig_abrt_outer.o
        10          0          0          0          0         68   defsig_exit.o
        50          0          0          0          0         88   defsig_general.o
        80         58          0          0          0         76   defsig_rtmem_inner.o
        14          0          0          0          0         80   defsig_rtmem_outer.o
        18          0          0          0          0         80   exit.o
        94          0          0          0          0         80   h1_alloc.o
        52          0          0          0          0         68   h1_extend.o
        78          0          0          0          0         80   h1_free.o
        14          0          0          0          0         84   h1_init.o
         6          0          0          0          0        152   heapauxi.o
         4          0          0          0          0        136   hguard.o
         0          0          0          0          0          0   indicate_semi.o
        36         10          0          0          0         80   init_aeabi.o
       138          0          0          0          0        168   init_alloc.o
         2          0          0          0          0          0   libinit.o
        18          0          0          0          0          0   libinit2.o
         2          0          0          0          0          0   libshutdown.o
         2          0          0          0          0          0   libshutdown2.o
         8          4          0          0         96         68   libspace.o
        72          0          0          0          0         76   llsdiv.o
       238          0          0          0          0        100   lludivv7m.o
         0          0          0          0          0          0   maybetermalloc1.o
         8          4          0          0          0         68   rt_eh_globals_addr_intlibspace.o
         8          4          0          0          0         68   rt_errno_addr_intlibspace.o
         8          4          0          0          0         68   rt_heap_descriptor_intlibspace.o
        68          0          0          0          0         68   rt_memclr.o
        78          0          0          0          0         80   rt_memclr_w.o
       100          0          0          0          0         80   rt_memcpy_w.o
         8          4          0          0          0         68   rt_new_handler_addr_intlibspace.o
         2          0          0          0          0          0   rtexit.o
        10          0          0          0          0          0   rtexit2.o
        12          4          0          0          0         68   sys_exit.o
        74          0          0          0          0         80   sys_stackheap_outer.o
        14          0          0          0          0         76   sys_wrch.o
         2          0          0          0          0         68   use_no_semi.o
        36          0          0          0          0         84   aeabi_vec_ctor_nocookie_nodtor.o
        80         12          0          0          0        104   arm_exceptions_globs.o
        60          0          0          0          0        108   arm_exceptions_mem.o
        26          0          0          0          0         76   arm_exceptions_terminate.o
         4          0          0          0          0         68   arm_newhandler_noexceptions.o
         8          0          0          0          0         76   array_new.o
        16          0          0          0          0         68   cxa_guard_acquire.o
         8          0          0          0          0         76   delete.o
        40          6          0          0          0         76   new.o
        24          0          0          0          0        164   basic.o
        98          4          0          0          0        140   d2f.o
       826         16          0          0          0        492   daddsub_clz.o
        16          4          0          0          0        116   dcheck1.o
        24          0          0          0          0        116   dcmpi.o
       688        140          0          0          0        256   ddiv.o
       120          4          0          0          0        140   deqf.o
        94          4          0          0          0        140   dfix.o
       194          4          0          0          0        164   dfixll.o
        90          4          0          0          0        140   dfixu.o
        84          0          0          0          0        232   dflt_clz.o
       300          0          0          0          0        264   dfltll_clz.o
       120          4          0          0          0        140   dleqf.o
       340         12          0          0          0        152   dmul.o
       156          4          0          0          0        140   dnaninf.o
        12          0          0          0          0        116   dretinf.o
       108          0          0          0          0        128   drleqf.o
       408         56          0          0          0        168   dsqrt_umaal.o
        86          4          0          0          0        132   f2d.o
       140          4          0          0          0        132   fnaninf.o
        10          0          0          0          0        116   fpinit.o
        10          0          0          0          0        116   fretinf.o
       100          0          0          0          0        116   retnan.o
        92          0          0          0          0        116   scalbn.o
        48          0          0          0          0        116   trapv.o
         0          0          0          0          0          0   usenofp.o
       864         94         80          0          0        280   asin.o
       744        106        152          0          0        352   atan.o
       512         64          0          0          0        208   atan2.o
       108         10          0          0          0        116   ceilf.o
       184         44          0          0          0        744   dunder.o
        24          0          0          0          0        124   fabs.o
        48          0          0          0          0        124   fpclassify.o
       248          0          0          0          0        152   poly.o
      3152        296        136          0          0        352   pow.o
         0          0          8          0          0          0   qnan.o
       110          0          0          0          0        148   sqrt.o

    ----------------------------------------------------------------------
     12130       1034        376          0         96      10068   Library Totals
        30          4          0          0          0          0   (incl. Padding)

    ----------------------------------------------------------------------

      Code (inc. data)   RO Data    RW Data    ZI Data      Debug   Library Name

      1640        134          0          0         96       2680   c_w.l
       278         18          0          0          0        736   cpprt_w.l
      4188        264          0          0          0       4052   fz_wm.l
      5994        614        376          0          0       2600   m_wm.l

    ----------------------------------------------------------------------
     12130       1034        376          0         96      10068   Library Totals

    ----------------------------------------------------------------------

==============================================================================


      Code (inc. data)   RO Data    RW Data    ZI Data      Debug   

     38260       2812       2780      30992       4288     688846   Grand Totals
     38260       2812       2780       5700       4288     688846   ELF Image Totals (compressed)
     38260       2812       2780       5700          0          0   ROM Totals

==============================================================================

    Total RO  Size (Code + RO Data)                41040 (  40.08kB)
    Total RW  Size (RW Data + ZI Data)             35280 (  34.45kB)
    Total ROM Size (Code + RO Data + RW Data)      46740 (  45.64kB)

==============================================================================

