Component: ARM Compiler 5.06 update 6 (build 750) Tool: armlink [4d35ed]

==============================================================================

Section Cross References

    system_stm32f4xx.o(i.SystemCoreClockUpdate) refers to system_stm32f4xx.o(.data) for SystemCoreClock
    system_stm32f4xx.o(i.SystemInit) refers to system_stm32f4xx.o(i._Z11SetSysClockv) for SetSysClock()
    system_stm32f4xx.o(.ARM.exidx) refers to system_stm32f4xx.o(i._Z11SetSysClockv) for i._Z11SetSysClockv
    system_stm32f4xx.o(.ARM.exidx) refers to system_stm32f4xx.o(i.SystemInit) for i.SystemInit
    system_stm32f4xx.o(.ARM.exidx) refers to system_stm32f4xx.o(i.SystemCoreClockUpdate) for i.SystemCoreClockUpdate
    main.o(i._Z10drawStringR17stm32f407_SSD1306Pcjj) refers to main.o(i._Z8drawCharR17stm32f407_SSD1306cjj) for drawChar(stm32f407_SSD1306&, char, unsigned, unsigned)
    main.o(i._Z11initButtonsv) refers to main.o(i._Z7initPinthhh) for initPin(unsigned short, unsigned char, unsigned char, unsigned char)
    main.o(i._Z12clb_imuCalibv) refers to mpu9250.o(i._ZN7mpu92509calibrateEi) for mpu9250::calibrate(int)
    main.o(i._Z12clb_imuCalibv) refers to main.o(.bss) for robot
    main.o(i._Z12clb_imuSetupv) refers to stm32f407_sysfunc.o(i._Z6millisv) for millis()
    main.o(i._Z12clb_imuSetupv) refers to main.o(i._ZN5Robot8setupIMUEv) for Robot::setupIMU()
    main.o(i._Z12clb_imuSetupv) refers to main.o(.bss) for robot
    main.o(i._Z12setupScreensv) refers to main.o(i._ZN7Display9setScreenEi) for Display::setScreen(int)
    main.o(i._Z12setupScreensv) refers to new.o(i._Znwj) for operator new(unsigned)
    main.o(i._Z12setupScreensv) refers to main.o(i._ZN7CommandC1EPcPFvvE) for Command::Command(char*, void(*)())
    main.o(i._Z12setupScreensv) refers to main.o(i._ZN7Display11addToScreenE7Command) for Display::addToScreen(Command)
    main.o(i._Z12setupScreensv) refers to main.o(.bss) for robot
    main.o(i._Z12setupScreensv) refers to main.o(i._Z16clb_screenToMainv) for clb_screenToMain()
    main.o(i._Z12setupScreensv) refers to main.o(i._Z16clb_screenToGamev) for clb_screenToGame()
    main.o(i._Z12setupScreensv) refers to main.o(i._Z24clb_screenToCalibrationsv) for clb_screenToCalibrations()
    main.o(i._Z12setupScreensv) refers to main.o(i._Z21clb_screenToDebugDatav) for clb_screenToDebugData()
    main.o(i._Z12setupScreensv) refers to main.o(i._Z20clb_screenToDribblerv) for clb_screenToDribbler()
    main.o(i._Z12setupScreensv) refers to main.o(i._Z18clb_screenToKickerv) for clb_screenToKicker()
    main.o(i._Z12setupScreensv) refers to main.o(i._Z19clb_toBatteryScreenv) for clb_toBatteryScreen()
    main.o(i._Z12setupScreensv) refers to main.o(i._Z18clb_toKokokoScreenv) for clb_toKokokoScreen()
    main.o(i._Z12setupScreensv) refers to main.o(i._Z13clb_doNothingv) for clb_doNothing()
    main.o(i._Z12setupScreensv) refers to main.o(i._Z12clb_imuSetupv) for clb_imuSetup()
    main.o(i._Z12setupScreensv) refers to main.o(i._Z12clb_imuCalibv) for clb_imuCalib()
    main.o(i._Z12setupScreensv) refers to main.o(i._Z17clb_imu_pnc_clearv) for clb_imu_pnc_clear()
    main.o(i._Z12setupScreensv) refers to main.o(i._Z17clb_imu_pnc_startv) for clb_imu_pnc_start()
    main.o(i._Z12setupScreensv) refers to main.o(i._Z35clb_screenToLightSensorsCalibrationv) for clb_screenToLightSensorsCalibration()
    main.o(i._Z12setupScreensv) refers to main.o(i._Z20clb_beginLightsCalibv) for clb_beginLightsCalib()
    main.o(i._Z12setupScreensv) refers to main.o(i._Z18clb_endLightsCalibv) for clb_endLightsCalib()
    main.o(i._Z12setupScreensv) refers to main.o(i._Z16clb_dribblerInOnv) for clb_dribblerInOn()
    main.o(i._Z12setupScreensv) refers to main.o(i._Z15clb_dribblerOffv) for clb_dribblerOff()
    main.o(i._Z12setupScreensv) refers to main.o(i._Z16clb_kickStraightv) for clb_kickStraight()
    main.o(i._Z12setupScreensv) refers to main.o(i._Z9clb_kick2v) for clb_kick2()
    main.o(i._Z12setupScreensv) refers to main.o(i._Z9clb_kick1v) for clb_kick1()
    main.o(i._Z13clb_doNothingv) refers to main.o(.data) for clb_var
    main.o(i._Z15clb_dribblerOffv) refers to main.o(.bss) for robot
    main.o(i._Z16clb_dribblerInOnv) refers to main.o(.bss) for robot
    main.o(i._Z16clb_kickStraightv) refers to main.o(.bss) for robot
    main.o(i._Z16clb_screenToGamev) refers to main.o(i._ZN7Display9setScreenEi) for Display::setScreen(int)
    main.o(i._Z16clb_screenToGamev) refers to main.o(i._ZN5Robot8setupIMUEv) for Robot::setupIMU()
    main.o(i._Z16clb_screenToGamev) refers to main.o(.data) for g_state
    main.o(i._Z16clb_screenToGamev) refers to main.o(.bss) for robot
    main.o(i._Z16clb_screenToMainv) refers to main.o(i._ZN7Display9setScreenEi) for Display::setScreen(int)
    main.o(i._Z16clb_screenToMainv) refers to main.o(.data) for g_state
    main.o(i._Z16clb_screenToMainv) refers to main.o(.bss) for robot
    main.o(i._Z17clb_dribblerOutOnv) refers to main.o(.bss) for robot
[...]
    __rt_lib_init_preinit_1                  0x0800024b   Thumb Code     0  libinit2.o(.ARM.Collect$$libinit$$00000004)
    __rt_lib_init_alloca_1                   0x08000253   Thumb Code     0  libinit2.o(.ARM.Collect$$libinit$$0000002E)
    __rt_lib_init_argv_1                     0x08000253   Thumb Code     0  libinit2.o(.ARM.Collect$$libinit$$0000002C)
    __rt_lib_init_atexit_1                   0x08000253   Thumb Code     0  libinit2.o(.ARM.Collect$$libinit$$0000001B)
    __rt_lib_init_clock_1                    0x08000253   Thumb Code     0  libinit2.o(.ARM.Collect$$libinit$$00000021)
    __rt_lib_init_cpp_2                      0x08000253   Thumb Code     0  libinit2.o(.ARM.Collect$$libinit$$00000031)
    __rt_lib_init_exceptions_1               0x08000253   Thumb Code     0  libinit2.o(.ARM.Collect$$libinit$$00000030)
    __rt_lib_init_fp_trap_1                  0x08000253   Thumb Code     0  libinit2.o(.ARM.Collect$$libinit$$0000001F)
    __rt_lib_init_getenv_1                   0x08000253   Thumb Code     0  libinit2.o(.ARM.Collect$$libinit$$00000023)
    __rt_lib_init_heap_1                     0x08000253   Thumb Code     0  libinit2.o(.ARM.Collect$$libinit$$0000000A)
    __rt_lib_init_lc_collate_1               0x08000253   Thumb Code     0  libinit2.o(.ARM.Collect$$libinit$$00000011)
    __rt_lib_init_lc_ctype_1                 0x08000253   Thumb Code     0  libinit2.o(.ARM.Collect$$libinit$$00000013)
    __rt_lib_init_lc_monetary_1              0x08000253   Thumb Code     0  libinit2.o(.ARM.Collect$$libinit$$00000015)
    __rt_lib_init_lc_numeric_1               0x08000253   Thumb Code     0  libinit2.o(.ARM.Collect$$libinit$$00000017)
    __rt_lib_init_lc_time_1                  0x08000253   Thumb Code     0  libinit2.o(.ARM.Collect$$libinit$$00000019)
    __rt_lib_init_rand_1                     0x08000253   Thumb Code     0  libinit2.o(.ARM.Collect$$libinit$$0000000E)
    __rt_lib_init_signal_1                   0x08000253   Thumb Code     0  libinit2.o(.ARM.Collect$$libinit$$0000001D)
    __rt_lib_init_stdio_1                    0x08000253   Thumb Code     0  libinit2.o(.ARM.Collect$$libinit$$00000025)
    __rt_lib_init_user_alloc_1               0x08000253   Thumb Code     0  libinit2.o(.ARM.Collect$$libinit$$0000000C)
    __rt_lib_init_cpp_1                      0x08000257   Thumb Code     0  libinit2.o(.ARM.Collect$$libinit$$00000032)
    __rt_lib_init_return                     0x08000257   Thumb Code     0  libinit2.o(.ARM.Collect$$libinit$$00000033)
    __rt_lib_shutdown                        0x08000259   Thumb Code     0  libshutdown.o(.ARM.Collect$$libshutdown$$00000000)
    __rt_lib_shutdown_cpp_1                  0x0800025b   Thumb Code     0  libshutdown2.o(.ARM.Collect$$libshutdown$$00000002)
    __rt_lib_shutdown_fp_trap_1              0x0800025b   Thumb Code     0  libshutdown2.o(.ARM.Collect$$libshutdown$$00000007)
    __rt_lib_shutdown_heap_1                 0x0800025b   Thumb Code     0  libshutdown2.o(.ARM.Collect$$libshutdown$$0000000F)
    __rt_lib_shutdown_return                 0x0800025b   Thumb Code     0  libshutdown2.o(.ARM.Collect$$libshutdown$$00000010)
    __rt_lib_shutdown_signal_1               0x0800025b   Thumb Code     0  libshutdown2.o(.ARM.Collect$$libshutdown$$0000000A)
    __rt_lib_shutdown_stdio_1                0x0800025b   Thumb Code     0  libshutdown2.o(.ARM.Collect$$libshutdown$$00000004)
    __rt_lib_shutdown_user_alloc_1           0x0800025b   Thumb Code     0  libshutdown2.o(.ARM.Collect$$libshutdown$$0000000C)
    __rt_entry                               0x0800025d   Thumb Code     0  __rtentry.o(.ARM.Collect$$rtentry$$00000000)
    __rt_entry_presh_1                       0x0800025d   Thumb Code     0  __rtentry2.o(.ARM.Collect$$rtentry$$00000002)
    __rt_entry_sh                            0x0800025d   Thumb Code     0  __rtentry4.o(.ARM.Collect$$rtentry$$00000004)
    __rt_entry_li                            0x08000263   Thumb Code     0  __rtentry2.o(.ARM.Collect$$rtentry$$0000000A)
    __rt_entry_postsh_1                      0x08000263   Thumb Code     0  __rtentry2.o(.ARM.Collect$$rtentry$$00000009)
    __rt_entry_main                          0x08000267   Thumb Code     0  __rtentry2.o(.ARM.Collect$$rtentry$$0000000D)
    __rt_entry_postli_1                      0x08000267   Thumb Code     0  __rtentry2.o(.ARM.Collect$$rtentry$$0000000C)
    __rt_exit                                0x0800026f   Thumb Code     0  rtexit.o(.ARM.Collect$$rtexit$$00000000)
    __rt_exit_ls                             0x08000271   Thumb Code     0  rtexit2.o(.ARM.Collect$$rtexit$$00000003)
    __rt_exit_prels_1                        0x08000271   Thumb Code     0  rtexit2.o(.ARM.Collect$$rtexit$$00000002)
    __rt_exit_exit                           0x08000275   Thumb Code     0  rtexit2.o(.ARM.Collect$$rtexit$$00000004)
    Reset_Handler                            0x0800027d   Thumb Code     8  startup_stm32f40xx.o(.text)
    _maybe_terminate_alloc                   0x0800027d   Thumb Code     0  maybetermalloc1.o(.emb_text)
    NMI_Handler                              0x08000285   Thumb Code     2  startup_stm32f40xx.o(.text)
    HardFault_Handler                        0x08000287   Thumb Code     2  startup_stm32f40xx.o(.text)
    MemManage_Handler                        0x08000289   Thumb Code     2  startup_stm32f40xx.o(.text)
    BusFault_Handler                         0x0800028b   Thumb Code     2  startup_stm32f40xx.o(.text)
    UsageFault_Handler                       0x0800028d   Thumb Code     2  startup_stm32f40xx.o(.text)
    SVC_Handler                              0x0800028f   Thumb Code     2  startup_stm32f40xx.o(.text)
    DebugMon_Handler                         0x08000291   Thumb Code     2  startup_stm32f40xx.o(.text)
    PendSV_Handler                           0x08000293   Thumb Code     2  startup_stm32f40xx.o(.text)
    SysTick_Handler                          0x08000295   Thumb Code     2  startup_stm32f40xx.o(.text)
    ADC_IRQHandler                           0x08000297   Thumb Code     0  startup_stm32f40xx.o(.text)
    CAN1_RX0_IRQHandler                      0x08000297   Thumb Code     0  startup_stm32f40xx.o(.text)
    CAN1_RX1_IRQHandler                      0x08000297   Thumb Code     0  startup_stm32f40xx.o(.text)
    CAN1_SCE_IRQHandler                      0x08000297   Thumb Code     0  startup_stm32f40xx.o(.text)
    CAN1_TX_IRQHandler                       0x08000297   Thumb Code     0  startup_stm32f40xx.o(.text)
    CAN2_RX0_IRQHandler                      0x08000297   Thumb Code     0  startup_stm32f40xx.o(.text)
    CAN2_RX1_IRQHandler                      0x08000297   Thumb Code     0  startup_stm32f40xx.o(.text)
    CAN2_SCE_IRQHandler                      0x08000297   Thumb Code     0  startup_stm32f40xx.o(.text)
    CAN2_TX_IRQHandler                       0x08000297   Thumb Code     0  startup_stm32f40xx.o(.text)
    CRYP_IRQHandler                          0x08000297   Thumb Code     0  startup_stm32f40xx.o(.text)
    DCMI_IRQHandler                          0x08000297   Thumb Code     0  startup_stm32f40xx.o(.text)
    DMA1_Stream0_IRQHandler                  0x08000297   Thumb Code     0  startup_stm32f40xx.o(.text)
    DMA1_Stream1_IRQHandler                  0x08000297   Thumb Code     0  startup_stm32f40xx.o(.text)
    DMA1_Stream2_IRQHandler                  0x08000297   Thumb Code     0  startup_stm32f40xx.o(.text)
    DMA1_Stream3_IRQHandler                  0x08000297   Thumb Code     0  startup_stm32f40xx.o(.text)
    DMA1_Stream4_IRQHandler                  0x08000297   Thumb Code     0  startup_stm32f40xx.o(.text)
    DMA1_Stream5_IRQHandler                  0x08000297   Thumb Code     0  startup_stm32f40xx.o(.text)
    DMA1_Stream6_IRQHandler                  0x08000297   Thumb Code     0  startup_stm32f40xx.o(.text)
    DMA1_Stream7_IRQHandler                  0x08000297   Thumb Code     0  startup_stm32f40xx.o(.text)
    DMA2_Stream0_IRQHandler                  0x08000297   Thumb Code     0  startup_stm32f40xx.o(.text)
    DMA2_Stream1_IRQHandler                  0x08000297   Thumb Code     0  startup_stm32f40xx.o(.text)
    DMA2_Stream2_IRQHandler                  0x08000297   Thumb Code     0  startup_stm32f40xx.o(.text)
    DMA2_Stream3_IRQHandler                  0x08000297   Thumb Code     0  startup_stm32f40xx.o(.text)
    DMA2_Stream4_IRQHandler                  0x08000297   Thumb Code     0  startup_stm32f40xx.o(.text)
    DMA2_Stream5_IRQHandler                  0x08000297   Thumb Code     0  startup_stm32f40xx.o(.text)
    DMA2_Stream6_IRQHandler                  0x08000297   Thumb Code     0  startup_stm32f40xx.o(.text)
    DMA2_Stream7_IRQHandler                  0x08000297   Thumb Code     0  startup_stm32f40xx.o(.text)
    ETH_IRQHandler                           0x08000297   Thumb Code     0  startup_stm32f40xx.o(.text)
    ETH_WKUP_IRQHandler                      0x08000297   Thumb Code     0  startup_stm32f40xx.o(.text)
    EXTI0_IRQHandler                         0x08000297   Thumb Code     0  startup_stm32f40xx.o(.text)
    EXTI15_10_IRQHandler                     0x08000297   Thumb Code     0  startup_stm32f40xx.o(.text)
    EXTI1_IRQHandler                         0x08000297   Thumb Code     0  startup_stm32f40xx.o(.text)
    EXTI2_IRQHandler                         0x08000297   Thumb Code     0  startup_stm32f40xx.o(.text)
    EXTI3_IRQHandler                         0x08000297   Thumb Code     0  startup_stm32f40xx.o(.text)
    EXTI4_IRQHandler                         0x08000297   Thumb Code     0  startup_stm32f40xx.o(.text)
    EXTI9_5_IRQHandler                       0x08000297   Thumb Code     0  startup_stm32f40xx.o(.text)
    FLASH_IRQHandler                         0x08000297   Thumb Code     0  startup_stm32f40xx.o(.text)
    FPU_IRQHandler                           0x08000297   Thumb Code     0  startup_stm32f40xx.o(.text)
    FSMC_IRQHandler                          0x08000297   Thumb Code     0  startup_stm32f40xx.o(.text)
    HASH_RNG_IRQHandler                      0x08000297   Thumb Code     0  startup_stm32f40xx.o(.text)
    I2C1_ER_IRQHandler                       0x08000297   Thumb Code     0  startup_stm32f40xx.o(.text)
    I2C1_EV_IRQHandler                       0x08000297   Thumb Code     0  startup_stm32f40xx.o(.text)
    I2C2_ER_IRQHandler                       0x08000297   Thumb Code     0  startup_stm32f40xx.o(.text)
    I2C2_EV_IRQHandler                       0x08000297   Thumb Code     0  startup_stm32f40xx.o(.text)
    I2C3_ER_IRQHandler                       0x08000297   Thumb Code     0  startup_stm32f40xx.o(.text)
    I2C3_EV_IRQHandler                       0x08000297   Thumb Code     0  startup_stm32f40xx.o(.text)
    OTG_FS_IRQHandler                        0x08000297   Thumb Code     0  startup_stm32f40xx.o(.text)
    OTG_FS_WKUP_IRQHandler                   0x08000297   Thumb Code     0  startup_stm32f40xx.o(.text)
    OTG_HS_EP1_IN_IRQHandler                 0x08000297   Thumb Code     0  startup_stm32f40xx.o(.text)
    OTG_HS_EP1_OUT_IRQHandler                0x08000297   Thumb Code     0  startup_stm32f40xx.o(.text)
    OTG_HS_IRQHandler                        0x08000297   Thumb Code     0  startup_stm32f40xx.o(.text)
    OTG_HS_WKUP_IRQHandler                   0x08000297   Thumb Code     0  startup_stm32f40xx.o(.text)
    PVD_IRQHandler                           0x08000297   Thumb Code     0  startup_stm32f40xx.o(.text)
    RCC_IRQHandler                           0x08000297   Thumb Code     0  startup_stm32f40xx.o(.text)
    RTC_Alarm_IRQHandler                     0x08000297   Thumb Code     0  startup_stm32f40xx.o(.text)
    RTC_WKUP_IRQHandler                      0x08000297   Thumb Code     0  startup_stm32f40xx.o(.text)
    SDIO_IRQHandler                          0x08000297   Thumb Code     0  startup_stm32f40xx.o(.text)
    TAMP_STAMP_IRQHandler                    0x08000297   Thumb Code     0  startup_stm32f40xx.o(.text)
    TIM1_BRK_TIM9_IRQHandler                 0x08000297   Thumb Code     0  startup_stm32f40xx.o(.text)
    TIM1_CC_IRQHandler                       0x08000297   Thumb Code     0  startup_stm32f40xx.o(.text)
    TIM1_TRG_COM_TIM11_IRQHandler            0x08000297   Thumb Code     0  startup_stm32f40xx.o(.text)
    TIM1_UP_TIM10_IRQHandler                 0x08000297   Thumb Code     0  startup_stm32f40xx.o(.text)
    TIM2_IRQHandler                          0x08000297   Thumb Code     0  startup_stm32f40xx.o(.text)
    TIM3_IRQHandler                          0x08000297   Thumb Code     0  startup_stm32f40xx.o(.text)
    TIM4_IRQHandler                          0x08000297   Thumb Code     0  startup_stm32f40xx.o(.text)
    TIM5_IRQHandler                          0x08000297   Thumb Code     0  startup_stm32f40xx.o(.text)
    TIM6_DAC_IRQHandler                      0x08000297   Thumb Code     0  startup_stm32f40xx.o(.text)
    TIM8_BRK_TIM12_IRQHandler                0x08000297   Thumb Code     0  startup_stm32f40xx.o(.text)
    TIM8_CC_IRQHandler                       0x08000297   Thumb Code     0  startup_stm32f40xx.o(.text)
    TIM8_TRG_COM_TIM14_IRQHandler            0x08000297   Thumb Code     0  startup_stm32f40xx.o(.text)
    TIM8_UP_TIM13_IRQHandler                 0x08000297   Thumb Code     0  startup_stm32f40xx.o(.text)
    WWDG_IRQHandler                          0x08000297   Thumb Code     0  startup_stm32f40xx.o(.text)
    __user_initial_stackheap                 0x08000299   Thumb Code     0  startup_stm32f40xx.o(.text)
    __aeabi_uldivmod                         0x080002bd   Thumb Code     0  lludivv7m.o(.text)
    _ll_udiv                                 0x080002bd   Thumb Code   238  lludivv7m.o(.text)
    __aeabi_ldivmod                          0x080003ab   Thumb Code     0  llsdiv.o(.text)
    _ll_sdiv                                 0x080003ab   Thumb Code    72  llsdiv.o(.text)
    __aeabi_memcpy4                          0x080003f3   Thumb Code     0  rt_memcpy_w.o(.text)
    __aeabi_memcpy8                          0x080003f3   Thumb Code     0  rt_memcpy_w.o(.text)
    __rt_memcpy_w                            0x080003f3   Thumb Code   100  rt_memcpy_w.o(.text)
    _memcpy_lastbytes_aligned                0x0800043b   Thumb Code     0  rt_memcpy_w.o(.text)
    __aeabi_memclr                           0x08000457   Thumb Code     0  rt_memclr.o(.text)
    __rt_memclr                              0x08000457   Thumb Code    68  rt_memclr.o(.text)
    _memset                                  0x0800045b   Thumb Code     0  rt_memclr.o(.text)
    __use_two_region_memory                  0x0800049b   Thumb Code     2  heapauxi.o(.text)
    __rt_heap_escrow                         0x0800049d   Thumb Code     2  heapauxi.o(.text)
    __rt_heap_expand                         0x0800049f   Thumb Code     2  heapauxi.o(.text)
    __cpp_initialize__aeabi_                 0x080004a1   Thumb Code    26  init_aeabi.o(.text)
    __rt_new_handler_addr                    0x080004c5   Thumb Code     8  rt_new_handler_addr_intlibspace.o(.text)
    malloc                                   0x080004cd   Thumb Code    94  h1_alloc.o(.text)
    free                                     0x0800052b   Thumb Code    78  h1_free.o(.text)
    __read_errno                             0x08000579   Thumb Code    10  _rserrno.o(.text)
    __set_errno                              0x08000583   Thumb Code    12  _rserrno.o(.text)
    __aeabi_memclr4                          0x0800058f   Thumb Code     0  rt_memclr_w.o(.text)
    __aeabi_memclr8                          0x0800058f   Thumb Code     0  rt_memclr_w.o(.text)
    __rt_memclr_w                            0x0800058f   Thumb Code    78  rt_memclr_w.o(.text)
    _memset_w                                0x08000593   Thumb Code     0  rt_memclr_w.o(.text)
    __default_new_handler()                  0x080005dd   Thumb Code     4  arm_newhandler_noexceptions.o(.text)
    __user_libspace                          0x080005e1   Thumb Code     8  libspace.o(.text)
    __user_perproc_libspace                  0x080005e1   Thumb Code     0  libspace.o(.text)
    __user_perthread_libspace                0x080005e1   Thumb Code     0  libspace.o(.text)
    __rt_heap_descriptor                     0x080005e9   Thumb Code     8  rt_heap_descriptor_intlibspace.o(.text)
    __aeabi_errno_addr                       0x080005f1   Thumb Code     8  rt_errno_addr_intlibspace.o(.text)
    __errno$intlibspace                      0x080005f1   Thumb Code     0  rt_errno_addr_intlibspace.o(.text)
    __rt_errno_addr$intlibspace              0x080005f1   Thumb Code     0  rt_errno_addr_intlibspace.o(.text)
    __use_no_heap                            0x080005f9   Thumb Code     2  hguard.o(.text)
    __heap$guard                             0x080005fb   Thumb Code     2  hguard.o(.text)
    _terminate_user_alloc                    0x080005fd   Thumb Code     2  init_alloc.o(.text)
    _init_user_alloc                         0x080005ff   Thumb Code     2  init_alloc.o(.text)
    __Heap_Full                              0x08000601   Thumb Code    34  init_alloc.o(.text)
    __Heap_Broken                            0x08000623   Thumb Code     6  init_alloc.o(.text)
    _init_alloc                              0x08000629   Thumb Code    94  init_alloc.o(.text)
    __Heap_Initialize                        0x08000687   Thumb Code    10  h1_init.o(.text)
    __Heap_DescSize                          0x08000691   Thumb Code     4  h1_init.o(.text)
    std::terminate()                         0x08000695   Thumb Code    26  arm_exceptions_terminate.o(.text)
    __cxa_get_globals                        0x080006b7   Thumb Code    62  arm_exceptions_globs.o(.text)
    __user_setup_stackheap                   0x08000701   Thumb Code    74  sys_stackheap_outer.o(.text)
    __rt_eh_globals_addr                     0x0800074d   Thumb Code     8  rt_eh_globals_addr_intlibspace.o(.text)
    __Heap_ProvideMemory                     0x08000755   Thumb Code    52  h1_extend.o(.text)
    exit                                     0x08000789   Thumb Code    18  exit.o(.text)
    abort                                    0x0800079b   Thumb Code    22  abort.o(.text)
    __rt_SIGRTMEM                            0x080007b1   Thumb Code    14  defsig_rtmem_outer.o(.text)
    __ARM_exceptions_buffer_init             0x080007bf   Thumb Code    18  arm_exceptions_mem.o(.text)
    __ARM_exceptions_buffer_allocate         0x080007d1   Thumb Code    22  arm_exceptions_mem.o(.text)
    __ARM_exceptions_buffer_free             0x080007e7   Thumb Code    20  arm_exceptions_mem.o(.text)
    _sys_exit                                0x080007fd   Thumb Code     8  sys_exit.o(.text)
    __I$use$semihosting                      0x08000809   Thumb Code     0  use_no_semi.o(.text)
    __use_no_semihosting_swi                 0x08000809   Thumb Code     2  use_no_semi.o(.text)
    __semihosting_library_function           0x0800080b   Thumb Code     0  indicate_semi.o(.text)
    __sig_exit                               0x0800080b   Thumb Code    10  defsig_exit.o(.text)
    __rt_SIGABRT                             0x08000815   Thumb Code    14  defsig_abrt_outer.o(.text)
    __rt_SIGRTMEM_inner                      0x08000825   Thumb Code    22  defsig_rtmem_inner.o(.text)
    __default_signal_display                 0x08000875   Thumb Code    50  defsig_general.o(.text)
    __rt_SIGABRT_inner                       0x080008a9   Thumb Code    14  defsig_abrt_inner.o(.text)
    _ttywrch                                 0x080008d9   Thumb Code    14  sys_wrch.o(.text)
    SPI1_IRQHandler                          0x080008e7   Thumb Code    10  stm32f407_spi.o(i.SPI1_IRQHandler)
    SPI2_IRQHandler                          0x080008f1   Thumb Code    10  stm32f407_spi.o(i.SPI2_IRQHandler)
    SPI3_IRQHandler                          0x080008fb   Thumb Code    10  stm32f407_spi.o(i.SPI3_IRQHandler)
    SystemInit                               0x08000905   Thumb Code    88  system_stm32f4xx.o(i.SystemInit)
    TIM7_IRQHandler                          0x0800096d   Thumb Code    34  stm32f407_sysfunc.o(i.TIM7_IRQHandler)
    UART4_IRQHandler                         0x08000999   Thumb Code    10  stm32f407_uart.o(i.UART4_IRQHandler)
    UART5_IRQHandler                         0x080009a3   Thumb Code    10  stm32f407_uart.o(i.UART5_IRQHandler)
    USART1_IRQHandler                        0x080009ad   Thumb Code    10  stm32f407_uart.o(i.USART1_IRQHandler)
    USART2_IRQHandler                        0x080009b7   Thumb Code    10  stm32f407_uart.o(i.USART2_IRQHandler)
    USART3_IRQHandler                        0x080009c1   Thumb Code    10  stm32f407_uart.o(i.USART3_IRQHandler)
    USART6_IRQHandler                        0x080009cb   Thumb Code    10  stm32f407_uart.o(i.USART6_IRQHandler)
    drawString(stm32f407_SSD1306&, char*, unsigned, unsigned) 0x080009d5   Thumb Code    64  main.o(i._Z10drawStringR17stm32f407_SSD1306Pcjj)
    initButtons()                            0x08000b01   Thumb Code    40  main.o(i._Z11initButtonsv)
    tryTransmit(unsigned)                    0x08000b29   Thumb Code   154  stm32f407_uart.o(i._Z11tryTransmitj)
    clb_imuCalib()                           0x08000be9   Thumb Code    14  main.o(i._Z12clb_imuCalibv)
    clb_imuSetup()                           0x08000bfd   Thumb Code    24  main.o(i._Z12clb_imuSetupv)
    setupScreens()                           0x08000c19   Thumb Code  1372  main.o(i._Z12setupScreensv)
    writeStrUART(unsigned, char*)            0x08001175   Thumb Code    32  stm32f407_uart.o(i._Z12writeStrUARTjPc)
    UARTAvailable(unsigned)                  0x08001195   Thumb Code    32  stm32f407_uart.o(i._Z13UARTAvailablej)
    clb_doNothing()                          0x080011bd   Thumb Code    12  main.o(i._Z13clb_doNothingv)
    symbolToIndex(char)                      0x080011cd   Thumb Code     8  main.o(i._Z13symbolToIndexc)
    UARTTxFinished(unsigned)                 0x08001201   Thumb Code    64  stm32f407_uart.o(i._Z14UARTTxFinishedj)
    clb_dribblerOff()                        0x08001259   Thumb Code    18  main.o(i._Z15clb_dribblerOffv)
    clb_dribblerInOn()                       0x08001271   Thumb Code    22  main.o(i._Z16clb_dribblerInOnv)
    clb_kickStraight()                       0x0800128d   Thumb Code    14  main.o(i._Z16clb_kickStraightv)
    clb_screenToGame()                       0x080012a1   Thumb Code    40  main.o(i._Z16clb_screenToGamev)
    clb_screenToMain()                       0x080012d1   Thumb Code    18  main.o(i._Z16clb_screenToMainv)
    clb_imu_pnc_clear()                      0x080012ed   Thumb Code    20  main.o(i._Z17clb_imu_pnc_clearv)
    clb_imu_pnc_start()                      0x08001309   Thumb Code   154  main.o(i._Z17clb_imu_pnc_startv)
    clb_screenToEmpty()                      0x080013b1   Thumb Code    12  main.o(i._Z17clb_screenToEmptyv)
    clb_endLightsCalib()                     0x080013c1   Thumb Code    10  main.o(i._Z18clb_endLightsCalibv)
    clb_screenToKicker()                     0x080013d1   Thumb Code    18  main.o(i._Z18clb_screenToKickerv)
    clb_toKokokoScreen()                     0x080013ed   Thumb Code    14  main.o(i._Z18clb_toKokokoScreenv)
    SPIInterruptHandler(unsigned)            0x08001401   Thumb Code    52  stm32f407_spi.o(i._Z19SPIInterruptHandlerj)
    clb_toBatteryScreen()                    0x08001449   Thumb Code    14  main.o(i._Z19clb_toBatteryScreenv)
    UARTInterruptHandler(unsigned)           0x0800145d   Thumb Code   152  stm32f407_uart.o(i._Z20UARTInterruptHandlerj)
    clb_beginLightsCalib()                   0x08001515   Thumb Code    10  main.o(i._Z20clb_beginLightsCalibv)
    clb_screenToDribbler()                   0x08001525   Thumb Code    18  main.o(i._Z20clb_screenToDribblerv)
    clb_screenToDebugData()                  0x08001541   Thumb Code    14  main.o(i._Z21clb_screenToDebugDatav)
    clb_screenToCalibrations()               0x08001555   Thumb Code    18  main.o(i._Z24clb_screenToCalibrationsv)
    clb_screenToLightSensorsCalibration()    0x08001571   Thumb Code    18  main.o(i._Z35clb_screenToLightSensorsCalibrationv)
    delay(unsigned)                          0x0800158d   Thumb Code    24  stm32f407_sysfunc.o(i._Z5delayj)
    millis()                                 0x080015a5   Thumb Code     6  stm32f407_sysfunc.o(i._Z6millisv)
    setPWM(unsigned, unsigned char, unsigned) 0x080015b1   Thumb Code   138  stm32f407_pwm.o(i._Z6setPWMjhj)
    setPin(GPIO_TypeDef*, unsigned short, bool) 0x0800166d   Thumb Code    28  main.o(i._Z6setPinP12GPIO_TypeDeftb)
    setPin(unsigned short, bool)             0x08001689   Thumb Code   152  main.o(i._Z6setPintb)
    initPWM(unsigned, unsigned char, unsigned short, int) 0x08001735   Thumb Code   608  stm32f407_pwm.o(i._Z7initPWMjhti)
    initPin(GPIO_TypeDef*, unsigned short, unsigned char, unsigned char, unsigned char) 0x080019d1   Thumb Code   456  stm32f407_pin.o(i._Z7initPinP12GPIO_TypeDefthhh)
    initPin(unsigned short, unsigned char, unsigned char, unsigned char) 0x08001bb9   Thumb Code   180  main.o(i._Z7initPinthhh)
    initRCC()                                0x08001c81   Thumb Code   328  stm32f407_sysfunc.o(i._Z7initRCCv)
    initSPI(unsigned, bool, unsigned char, unsigned short, int, int, int, int) 0x08001dcd   Thumb Code   578  stm32f407_spi.o(i._Z7initSPIjbhtiiii)
    pinMode(unsigned short, unsigned char, unsigned char, unsigned char) 0x08002029   Thumb Code   180  stm32f407_adc.o(i._Z7pinModethhh)
    readPin(GPIO_TypeDef*, unsigned short)   0x080020f1   Thumb Code    20  main.o(i._Z7readPinP12GPIO_TypeDeft)
    readPin(unsigned short)                  0x08002105   Thumb Code   144  main.o(i._Z7readPint)
    drawChar(stm32f407_SSD1306&, char, unsigned, unsigned) 0x080021a9   Thumb Code   212  main.o(i._Z8drawCharR17stm32f407_SSD1306cjj)
    initLEDs()                               0x08002285   Thumb Code   104  main.o(i._Z8initLEDsv)
    initUART(unsigned, unsigned, unsigned char, float, unsigned char, unsigned) 0x080022ed   Thumb Code   904  stm32f407_uart.o(i._Z8initUARTjjhfhj)
    readUART(unsigned)                       0x080026b9   Thumb Code    58  stm32f407_uart.o(i._Z8readUARTj)
    sysStart()                               0x08002701   Thumb Code   158  stm32f407_sysfunc.o(i._Z8sysStartv)
    writeSPI(unsigned, unsigned short)       0x080027b1   Thumb Code    60  stm32f407_spi.o(i._Z8writeSPIjt)
    clb_kick1()                              0x080027f9   Thumb Code    10  main.o(i._Z9clb_kick1v)
    clb_kick2()                              0x08002809   Thumb Code    10  main.o(i._Z9clb_kick2v)
    printUART(unsigned, double)              0x08002819   Thumb Code   270  stm32f407_uart.o(i._Z9printUARTjd)
    printUART(unsigned, int)                 0x08002949   Thumb Code    16  stm32f407_uart.o(i._Z9printUARTji)
    printUART(unsigned, long)                0x08002959   Thumb Code    30  stm32f407_uart.o(i._Z9printUARTjl)
    printUART(unsigned, unsigned long)       0x08002979   Thumb Code   144  stm32f407_uart.o(i._Z9printUARTjm)
    writeUART(unsigned, char)                0x08002a11   Thumb Code    48  stm32f407_uart.o(i._Z9writeUARTjc)
    stm32f407_SSD1306::fastSPIwrite(unsigned char) 0x08002a49   Thumb Code    18  stm32f407_ssd1306.o(i._ZN17stm32f407_SSD130612fastSPIwriteEh)
    stm32f407_SSD1306::ssd1306_command(unsigned char) 0x08002a5b   Thumb Code    48  stm32f407_ssd1306.o(i._ZN17stm32f407_SSD130615ssd1306_commandEh)
    stm32f407_SSD1306::begin(unsigned char, bool) 0x08002a8b   Thumb Code   372  stm32f407_ssd1306.o(i._ZN17stm32f407_SSD13065beginEhb)
    stm32f407_SSD1306::clear()               0x08002c01   Thumb Code    16  stm32f407_ssd1306.o(i._ZN17stm32f407_SSD13065clearEv)
    stm32f407_SSD1306::invert(unsigned char) 0x08002c15   Thumb Code    28  stm32f407_ssd1306.o(i._ZN17stm32f407_SSD13066invertEh)
    stm32f407_SSD1306::display()             0x08002c31   Thumb Code   110  stm32f407_ssd1306.o(i._ZN17stm32f407_SSD13067displayEv)
    stm32f407_SSD1306::drawPixel(short, short, unsigned short) 0x08002ca5   Thumb Code   244  stm32f407_ssd1306.o(i._ZN17stm32f407_SSD13069drawPixelEsst)
    stm32f407_SSD1306::stm32f407_SSD1306(unsigned, unsigned short, unsigned short, unsigned short, unsigned short, unsigned short, unsigned short) 0x08002d9d   Thumb Code    78  stm32f407_ssd1306.o(i._ZN17stm32f407_SSD1306C1Ejtttttt)
    stm32f407_SSD1306::stm32f407_SSD1306__sub_object(unsigned, unsigned short, unsigned short, unsigned short, unsigned short, unsigned short, unsigned short) 0x08002d9d   Thumb Code     0  stm32f407_ssd1306.o(i._ZN17stm32f407_SSD1306C1Ejtttttt)
    stm32f407_SSD1306::stm32f407_SSD1306()   0x08002df1   Thumb Code     6  stm32f407_ssd1306.o(i._ZN17stm32f407_SSD1306C1Ev)
    stm32f407_SSD1306::stm32f407_SSD1306__sub_object() 0x08002df1   Thumb Code     0  stm32f407_ssd1306.o(i._ZN17stm32f407_SSD1306C1Ev)
    Robot::updateLine()                      0x08002dfd   Thumb Code    72  main.o(i._ZN5Robot10updateLineEv)
    Robot::updateMenu()                      0x08002e49   Thumb Code   238  main.o(i._ZN5Robot10updateMenuEv)
    Robot::updateCells()                     0x08002f45   Thumb Code   138  main.o(i._ZN5Robot11updateCellsEv)
    Robot::enableMotors()                    0x08002fcf   Thumb Code    32  main.o(i._ZN5Robot12enableMotorsEv)
    Robot::setPlayState(bool)                0x08002fef   Thumb Code    60  main.o(i._ZN5Robot12setPlayStateEb)
    Robot::updateButtons()                   0x0800302b   Thumb Code    60  main.o(i._ZN5Robot13updateButtonsEv)
    Robot::updateDrivers()                   0x08003069   Thumb Code   404  main.o(i._ZN5Robot13updateDriversEv)
    Robot::updateKickers()                   0x08003211   Thumb Code   150  main.o(i._ZN5Robot13updateKickersEv)
    Robot::changePlayState()                 0x080032a7   Thumb Code    30  main.o(i._ZN5Robot15changePlayStateEv)
    Robot::updateDribblers()                 0x080032c5   Thumb Code   110  main.o(i._ZN5Robot15updateDribblersEv)
    Robot::updateBallSensors()               0x08003345   Thumb Code    28  main.o(i._ZN5Robot17updateBallSensorsEv)
    Robot::endLineCalibration()              0x08003361   Thumb Code     8  main.o(i._ZN5Robot18endLineCalibrationEv)
    Robot::beginLineCalibration()            0x08003369   Thumb Code     8  main.o(i._ZN5Robot20beginLineCalibrationEv)
    Robot::updateBatteryVoltage()            0x08003371   Thumb Code   288  main.o(i._ZN5Robot20updateBatteryVoltageEv)
    Robot::init()                            0x080034a5   Thumb Code  1092  main.o(i._ZN5Robot4initEv)
    Robot::wait(unsigned)                    0x08003909   Thumb Code   202  main.o(i._ZN5Robot4waitEj)
    Robot::ball1()                           0x080039dd   Thumb Code    32  main.o(i._ZN5Robot5ball1Ev)
    Robot::ball2()                           0x080039fd   Thumb Code    32  main.o(i._ZN5Robot5ball2Ev)
    Robot::cell1()                           0x08003a1d   Thumb Code    52  main.o(i._ZN5Robot5cell1Ev)
    Robot::cell2()                           0x08003a59   Thumb Code    52  main.o(i._ZN5Robot5cell2Ev)
    Robot::cell3()                           0x08003a95   Thumb Code    52  main.o(i._ZN5Robot5cell3Ev)
    Robot::cell4()                           0x08003ad1   Thumb Code    52  main.o(i._ZN5Robot5cell4Ev)
    Robot::print(char*, int, int)            0x08003b0d   Thumb Code    30  main.o(i._ZN5Robot5printEPcii)
    Robot::print(double, int, int, int)      0x08003b2b   Thumb Code    54  main.o(i._ZN5Robot5printEdiii)
    Robot::print(int, int, int, int)         0x08003b61   Thumb Code    36  main.o(i._ZN5Robot5printEiiii)
    Robot::print(unsigned, int, int, int)    0x08003b85   Thumb Code    36  main.o(i._ZN5Robot5printEjiii)
    Robot::syncVIM()                         0x08003ba9   Thumb Code   504  main.o(i._ZN5Robot7syncVIMEv)
    Robot::cycleEnd()                        0x08003dd1   Thumb Code     8  main.o(i._ZN5Robot8cycleEndEv)
    Robot::setMotor(int, int)                0x08003dd9   Thumb Code    48  main.o(i._ZN5Robot8setMotorEii)
    Robot::setupIMU()                        0x08003e09   Thumb Code    24  main.o(i._ZN5Robot8setupIMUEv)
    Robot::logErrors()                       0x08003e21   Thumb Code    56  main.o(i._ZN5Robot9logErrorsEv)
    Robot::playState()                       0x08003e5d   Thumb Code     8  main.o(i._ZN5Robot9playStateEv)
    Robot::setMotors(int, int, int, int)     0x08003e65   Thumb Code   118  main.o(i._ZN5Robot9setMotorsEiiii)
    Robot::updateIMU()                       0x08003edd   Thumb Code   166  main.o(i._ZN5Robot9updateIMUEv)
    Robot::updateVIM()                       0x08003f9d   Thumb Code   286  main.o(i._ZN5Robot9updateVIMEv)
    Robot::Robot()                           0x080040d9   Thumb Code   110  main.o(i._ZN5RobotC1Ev)
    Robot::Robot__sub_object()               0x080040d9   Thumb Code     0  main.o(i._ZN5RobotC1Ev)
    Button::setState(bool)                   0x08004159   Thumb Code    14  main.o(i._ZN6Button8setStateEb)
    Button::isChanged(bool)                  0x08004169   Thumb Code    24  main.o(i._ZN6Button9isChangedEb)
    Button::Button()                         0x08004185   Thumb Code    10  main.o(i._ZN6ButtonC1Ev)
    Button::Button__sub_object()             0x08004185   Thumb Code     0  main.o(i._ZN6ButtonC1Ev)
    Driver::setVelocity(int)                 0x08004191   Thumb Code   154  main.o(i._ZN6Driver11setVelocityEi)
    Driver::updateFromReg()                  0x08004231   Thumb Code   104  main.o(i._ZN6Driver13updateFromRegEv)
    Driver::attemptCurrent()                 0x0800429d   Thumb Code    18  main.o(i._ZN6Driver14attemptCurrentEv)
    Driver::disableFloating()                0x080042b5   Thumb Code    30  main.o(i._ZN6Driver15disableFloatingEv)
    Driver::init(int, char, char)            0x080042d9   Thumb Code     8  main.o(i._ZN6Driver4initEicc)
    Driver::write(char*, char, char)         0x080042e1   Thumb Code   108  main.o(i._ZN6Driver5writeEPccc)
    Driver::logError()                       0x08004351   Thumb Code     2  main.o(i._ZN6Driver8logErrorEv)
    Driver::Driver()                         0x08004353   Thumb Code    66  main.o(i._ZN6DriverC1Ev)
    Driver::Driver__sub_object()             0x08004353   Thumb Code     0  main.o(i._ZN6DriverC1Ev)
    PL_ADC::waitUpdate()                     0x08004395   Thumb Code    14  stm32f407_adc.o(i._ZN6PL_ADC10waitUpdateEv)
    PL_ADC::add(signed char)                 0x080043a5   Thumb Code   118  stm32f407_adc.o(i._ZN6PL_ADC3addEa)
    PL_ADC::init()                           0x08004421   Thumb Code   144  stm32f407_adc.o(i._ZN6PL_ADC4initEv)
    PL_ADC::read(signed char, bool)          0x080044bd   Thumb Code    76  stm32f407_adc.o(i._ZN6PL_ADC4readEab)
    PL_ADC::start()                          0x08004509   Thumb Code    26  stm32f407_adc.o(i._ZN6PL_ADC5startEv)
    PL_ADC::PL_ADC(ADC_TypeDef*)             0x08004525   Thumb Code    58  stm32f407_adc.o(i._ZN6PL_ADCC1EP11ADC_TypeDef)
    PL_ADC::PL_ADC__sub_object(ADC_TypeDef*) 0x08004525   Thumb Code     0  stm32f407_adc.o(i._ZN6PL_ADCC1EP11ADC_TypeDef)
    Screen::Screen()                         0x0800456d   Thumb Code    30  main.o(i._ZN6ScreenC1Ev)
    Screen::Screen__sub_object()             0x0800456d   Thumb Code     0  main.o(i._ZN6ScreenC1Ev)
    Command::Command(char*, void(*)())       0x08004591   Thumb Code     6  main.o(i._ZN7CommandC1EPcPFvvE)
    Command::Command__sub_object(char*, void(*)()) 0x08004591   Thumb Code     0  main.o(i._ZN7CommandC1EPcPFvvE)
    Command::Command()                       0x08004599   Thumb Code     8  main.o(i._ZN7CommandC1Ev)
    Command::Command__sub_object()           0x08004599   Thumb Code     0  main.o(i._ZN7CommandC1Ev)
    Display::addToScreen(Command)            0x080045a5   Thumb Code    66  main.o(i._ZN7Display11addToScreenE7Command)
    Display::update()                        0x080045e9   Thumb Code   142  main.o(i._ZN7Display6updateEv)
    Display::scrollUp()                      0x0800467d   Thumb Code    76  main.o(i._ZN7Display8scrollUpEv)
    Display::setScreen(int)                  0x080046c9   Thumb Code     6  main.o(i._ZN7Display9setScreenEi)
    mpu9250::setAccOffset(int, int, int)     0x080046cf   Thumb Code    88  mpu9250.o(i._ZN7mpu925012setAccOffsetEiii)
    mpu9250::setGyroOffset(int, int, int)    0x08004727   Thumb Code    82  mpu9250.o(i._ZN7mpu925013setGyroOffsetEiii)
    mpu9250::convert(unsigned short, unsigned char) 0x08004779   Thumb Code    32  mpu9250.o(i._ZN7mpu92507convertEth)
    mpu9250::initIMU(unsigned, int)          0x08004799   Thumb Code   550  mpu9250.o(i._ZN7mpu92507initIMUEji)
    mpu9250::readAcc()                       0x080049ed   Thumb Code   246  mpu9250.o(i._ZN7mpu92507readAccEv)
    mpu9250::readReg(int, int*, int)         0x08004ae3   Thumb Code    92  mpu9250.o(i._ZN7mpu92507readRegEiPii)
    mpu9250::readGyro()                      0x08004b3f   Thumb Code   246  mpu9250.o(i._ZN7mpu92508readGyroEv)
    mpu9250::writeReg(int, unsigned char)    0x08004c35   Thumb Code    50  mpu9250.o(i._ZN7mpu92508writeRegEih)
    mpu9250::calibrate(int)                  0x08004c69   Thumb Code   606  mpu9250.o(i._ZN7mpu92509calibrateEi)
    operator delete (void*)                  0x08004ee9   Thumb Code     8  delete.o(i._ZdlPv)
    operator new[] (unsigned)                0x08004ef1   Thumb Code     8  array_new.o(i._Znaj)
    operator new(unsigned)                   0x08004ef9   Thumb Code    34  new.o(i._Znwj)
    __ARM_fpclassify                         0x08004f21   Thumb Code    48  fpclassify.o(i.__ARM_fpclassify)
    __aeabi_vec_ctor_nocookie_nodtor         0x08004f51   Thumb Code    36  aeabi_vec_ctor_nocookie_nodtor.o(i.__aeabi_vec_ctor_nocookie_nodtor)
    __cxa_guard_acquire                      0x08004f75   Thumb Code    16  cxa_guard_acquire.o(i.__cxa_guard_acquire)
    __hardfp_ceilf                           0x08004f85   Thumb Code    98  ceilf.o(i.__hardfp_ceilf)
    __mathlib_ceilf                          0x08004f85   Thumb Code     0  ceilf.o(i.__hardfp_ceilf)
    __hardfp_pow                             0x08004ff1   Thumb Code  3072  pow.o(i.__hardfp_pow)
    __kernel_poly                            0x08005c41   Thumb Code   248  poly.o(i.__kernel_poly)
    __mathlib_dbl_divzero                    0x08005d39   Thumb Code    28  dunder.o(i.__mathlib_dbl_divzero)
    __mathlib_dbl_infnan2                    0x08005d69   Thumb Code    20  dunder.o(i.__mathlib_dbl_infnan2)
    __mathlib_dbl_invalid                    0x08005d81   Thumb Code    24  dunder.o(i.__mathlib_dbl_invalid)
    __mathlib_dbl_overflow                   0x08005da1   Thumb Code    24  dunder.o(i.__mathlib_dbl_overflow)
    __mathlib_dbl_underflow                  0x08005dc1   Thumb Code    24  dunder.o(i.__mathlib_dbl_underflow)
    fabs                                     0x08005dfd   Thumb Code    24  fabs.o(i.fabs)
    main                                     0x08005e15   Thumb Code  1392  main.o(i.main)
    sqrt                                     0x080063c5   Thumb Code   110  sqrt.o(i.sqrt)
    T1 sgn<int>(T1)                          0x08006433   Thumb Code    24  main.o(t._Z3sgnIiET_S0_)
    T1 crc8<char>(T1*, int)                  0x0800644b   Thumb Code    58  main.o(t._Z4crc8IcET_PS0_i)
    T1 crc8<int>(T1*, int)                   0x08006485   Thumb Code    54  main.o(t._Z4crc8IiET_PS0_i)
    T1 max2<unsigned char>(T1, T1)           0x080064bb   Thumb Code    14  main.o(t._Z4max2IhET_S0_S0_)
    T1 min2<int>(T1, T1)                     0x080064c9   Thumb Code    14  main.o(t._Z4min2IiET_S0_S0_)
    char* toPrint<double>(T1, short)         0x080064d9   Thumb Code   610  main.o(t._Z7toPrintIdEPcT_s)
    char* toPrint<int>(T1, short)            0x0800674d   Thumb Code   508  main.o(t._Z7toPrintIiEPcT_s)
    char* toPrint<unsigned>(T1, short)       0x08006949   Thumb Code   484  main.o(t._Z7toPrintIjEPcT_s)
    void printTml<double>(stm32f407_SSD1306&, T1, int, int, int) 0x08006b2d   Thumb Code    66  main.o(t._Z8printTmlIdEvR17stm32f407_SSD1306T_iii)
    void printTml<int>(stm32f407_SSD1306&, T1, int, int, int) 0x08006b6f   Thumb Code    48  main.o(t._Z8printTmlIiEvR17stm32f407_SSD1306T_iii)
    void printTml<unsigned>(stm32f407_SSD1306&, T1, int, int, int) 0x08006b9f   Thumb Code    48  main.o(t._Z8printTmlIjEvR17stm32f407_SSD1306T_iii)
    __aeabi_dneg                             0x08006bcf   Thumb Code     0  basic.o(x$fpl$basic)
    _dneg                                    0x08006bcf   Thumb Code     6  basic.o(x$fpl$basic)
    __aeabi_fneg                             0x08006bd5   Thumb Code     0  basic.o(x$fpl$basic)
    _fneg                                    0x08006bd5   Thumb Code     6  basic.o(x$fpl$basic)
    _dabs                                    0x08006bdb   Thumb Code     6  basic.o(x$fpl$basic)
    _fabs                                    0x08006be1   Thumb Code     6  basic.o(x$fpl$basic)
    __aeabi_dadd                             0x08006be9   Thumb Code     0  daddsub_clz.o(x$fpl$dadd)
    _dadd                                    0x08006be9   Thumb Code   332  daddsub_clz.o(x$fpl$dadd)
    __fpl_dcheck_NaN1                        0x08006d39   Thumb Code    10  dcheck1.o(x$fpl$dcheck1)
    __fpl_dcmp_Inf                           0x08006d49   Thumb Code    24  dcmpi.o(x$fpl$dcmpinf)
    __aeabi_ddiv                             0x08006d61   Thumb Code     0  ddiv.o(x$fpl$ddiv)
    _ddiv                                    0x08006d61   Thumb Code   552  ddiv.o(x$fpl$ddiv)
    __aeabi_cdcmpeq                          0x08007011   Thumb Code     0  deqf.o(x$fpl$deqf)
    _dcmpeq                                  0x08007011   Thumb Code   120  deqf.o(x$fpl$deqf)
    __aeabi_d2iz                             0x08007089   Thumb Code     0  dfix.o(x$fpl$dfix)
    _dfix                                    0x08007089   Thumb Code    94  dfix.o(x$fpl$dfix)
    __aeabi_d2uiz                            0x080070e9   Thumb Code     0  dfixu.o(x$fpl$dfixu)
    _dfixu                                   0x080070e9   Thumb Code    90  dfixu.o(x$fpl$dfixu)
    __aeabi_i2d                              0x08007143   Thumb Code     0  dflt_clz.o(x$fpl$dflt)
    _dflt                                    0x08007143   Thumb Code    46  dflt_clz.o(x$fpl$dflt)
    __aeabi_l2d                              0x08007171   Thumb Code     0  dfltll_clz.o(x$fpl$dfltll)
    _ll_sto_d                                0x08007171   Thumb Code   162  dfltll_clz.o(x$fpl$dfltll)
    __aeabi_ui2d                             0x08007213   Thumb Code     0  dflt_clz.o(x$fpl$dfltu)
    _dfltu                                   0x08007213   Thumb Code    38  dflt_clz.o(x$fpl$dfltu)
    __aeabi_ul2d                             0x08007239   Thumb Code     0  dfltll_clz.o(x$fpl$dfltull)
    _ll_uto_d                                0x08007239   Thumb Code   138  dfltll_clz.o(x$fpl$dfltull)
    __aeabi_cdcmple                          0x080072c5   Thumb Code     0  dleqf.o(x$fpl$dleqf)
    _dcmple                                  0x080072c5   Thumb Code   120  dleqf.o(x$fpl$dleqf)
    __fpl_dcmple_InfNaN                      0x08007327   Thumb Code     0  dleqf.o(x$fpl$dleqf)
    __aeabi_dmul                             0x0800733d   Thumb Code     0  dmul.o(x$fpl$dmul)
    _dmul                                    0x0800733d   Thumb Code   332  dmul.o(x$fpl$dmul)
    __fpl_dnaninf                            0x08007491   Thumb Code   156  dnaninf.o(x$fpl$dnaninf)
    __fpl_dretinf                            0x0800752d   Thumb Code    12  dretinf.o(x$fpl$dretinf)
    __aeabi_cdrcmple                         0x08007539   Thumb Code     0  drleqf.o(x$fpl$drleqf)
    _drcmple                                 0x08007539   Thumb Code   108  drleqf.o(x$fpl$drleqf)
    __aeabi_drsub                            0x080075a5   Thumb Code     0  daddsub_clz.o(x$fpl$drsb)
    _drsb                                    0x080075a5   Thumb Code    22  daddsub_clz.o(x$fpl$drsb)
    _dsqrt                                   0x080075bd   Thumb Code   404  dsqrt_umaal.o(x$fpl$dsqrt)
    __aeabi_dsub                             0x08007755   Thumb Code     0  daddsub_clz.o(x$fpl$dsub)
    _dsub                                    0x08007755   Thumb Code   464  daddsub_clz.o(x$fpl$dsub)
    _fp_init                                 0x08007929   Thumb Code    10  fpinit.o(x$fpl$fpinit)
    __fplib_config_fpu_vfp                   0x08007931   Thumb Code     0  fpinit.o(x$fpl$fpinit)
    __fplib_config_pureend_doubles           0x08007931   Thumb Code     0  fpinit.o(x$fpl$fpinit)
    __aeabi_d2lz                             0x08007935   Thumb Code     0  dfixll.o(x$fpl$llsfromd)
    _ll_sfrom_d                              0x08007935   Thumb Code   194  dfixll.o(x$fpl$llsfromd)
    __fpl_return_NaN                         0x080079f7   Thumb Code   100  retnan.o(x$fpl$retnan)
    __ARM_scalbn                             0x08007a5b   Thumb Code    92  scalbn.o(x$fpl$scalbn)
    __fpl_cmpreturn                          0x08007ab7   Thumb Code    48  trapv.o(x$fpl$trapveneer)
    __I$use$fp                               0x08007ae6   Number         0  usenofp.o(x$fpl$usenofp)
    PL_ADC::channels                         0x08008278   Data          16  stm32f407_adc.o(.constdata)
    __mathlib_zero                           0x08008310   Data           8  qnan.o(.constdata)
    vtable for stm32f407_SSD1306             0x08008318   Data          16  stm32f407_ssd1306.o(.constdata__ZTV17stm32f407_SSD1306)
    Command::Command()::string               0x08008328   Data           1  main.o(.constdata__ZZN7CommandC1EvEs)
    Display::update()::string                0x08008329   Data           2  main.o(.constdata__ZZN7Display6updateEvEs)
    Region$$Table$$Base                      0x0800832c   Number         0  anon$$obj.o(Region$$Table)
    Region$$Table$$Limit                     0x0800834c   Number         0  anon$$obj.o(Region$$Table)
    SHT$$INIT_ARRAY$$Base                    0x0800834c   Number         0  main.o(.init_array)
    SHT$$INIT_ARRAY$$Limit                   0x08008350   Number         0  init_aeabi.o(.init_array)
    GLOBAL_ERROR                             0x20000000   Data           4  main.o(.data)
    LOW_VOLTAGE_COUNTER                      0x20000004   Data           4  main.o(.data)
    disableButtons                           0x20000008   Data           1  main.o(.data)
    firstField                               0x20000009   Data       21600  main.o(.data)
    vecNum                                   0x2000546a   Data           2  main.o(.data)
    infNum                                   0x2000546c   Data           1  main.o(.data)
    g_state                                  0x20005470   Data           4  main.o(.data)
    basicFunc                                0x20005474   Data           4  main.o(.data)
    clb_var                                  0x20005478   Data           4  main.o(.data)
    pncBeginTime                             0x20005480   Data           8  main.o(.data)
    _RxData                                  0x20005502   Data           4  stm32f407_spi.o(.data)
    _available                               0x20005506   Data           2  stm32f407_spi.o(.data)
    _millis                                  0x20005908   Data           4  stm32f407_sysfunc.o(.data)
    _bufRxHead                               0x2000590c   Data           7  stm32f407_uart.o(.data)
    _bufRxTail                               0x20005913   Data           7  stm32f407_uart.o(.data)
    _bufTxHead                               0x2000591a   Data           7  stm32f407_uart.o(.data)
    _bufTxTail                               0x20005921   Data           7  stm32f407_uart.o(.data)
    robot                                    0x20005928   Data        1808  main.o(.bss)
    _bufRx                                   0x200060b4   Data         224  stm32f407_uart.o(.bss)
    _bufTx                                   0x20006194   Data         224  stm32f407_uart.o(.bss)
    timerType                                0x20006274   Data          14  stm32f407_pwm.o(.bss)
    __libspace_start                         0x20006284   Data          96  libspace.o(.bss)
    __temporary_stack_top$libspace           0x200062e4   Data           0  libspace.o(.bss)



==============================================================================

Memory Map of the image

  Image Entry point : 0x0800027d

  Load Region LR_1 (Base: 0x08000000, Size: 0x0000dc78, Max: 0xffffffff, ABSOLUTE, COMPRESSED[0x000097fc])

    Execution Region ER_RO (Exec base: 0x08000000, Load base: 0x08000000, Size: 0x00008350, Max: 0xffffffff, ABSOLUTE)

    Exec Addr    Load Addr    Size         Type   Attr      Idx    E Section Name        Object

    0x08000000   0x08000000   0x00000188   Data   RO         1225    RESET               startup_stm32f40xx.o
    0x08000188   0x08000188   0x00000008   Code   RO         2048  * !!!main             c_w.l(__main.o)
    0x08000190   0x08000190   0x00000034   Code   RO         2764    !!!scatter          c_w.l(__scatter.o)
    0x080001c4   0x080001c4   0x00000064   Code   RO         2762    !!dclz77c           c_w.l(__dclz77c.o)
    0x08000228   0x08000228   0x0000001c   Code   RO         2766    !!handler_zi        c_w.l(__scatter_zi.o)
    0x08000244   0x08000244   0x00000002   Code   RO         2667    .ARM.Collect$$libinit$$00000000  c_w.l(libinit.o)
    0x08000246   0x08000246   0x00000004   Code   RO         2398    .ARM.Collect$$libinit$$00000001  c_w.l(libinit2.o)
    0x0800024a   0x0800024a   0x00000000   Code   RO         2401    .ARM.Collect$$libinit$$00000004  c_w.l(libinit2.o)
    0x0800024a   0x0800024a   0x00000008   Code   RO         2402    .ARM.Collect$$libinit$$00000005  c_w.l(libinit2.o)
    0x08000252   0x08000252   0x00000000   Code   RO         2404    .ARM.Collect$$libinit$$0000000A  c_w.l(libinit2.o)
    0x08000252   0x08000252   0x00000000   Code   RO         2406    .ARM.Collect$$libinit$$0000000C  c_w.l(libinit2.o)
    0x08000252   0x08000252   0x00000000   Code   RO         2408    .ARM.Collect$$libinit$$0000000E  c_w.l(libinit2.o)
    0x08000252   0x08000252   0x00000000   Code   RO         2411    .ARM.Collect$$libinit$$00000011  c_w.l(libinit2.o)
    0x08000252   0x08000252   0x00000000   Code   RO         2413    .ARM.Collect$$libinit$$00000013  c_w.l(libinit2.o)
    0x08000252   0x08000252   0x00000000   Code   RO         2415    .ARM.Collect$$libinit$$00000015  c_w.l(libinit2.o)
    0x08000252   0x08000252   0x00000000   Code   RO         2417    .ARM.Collect$$libinit$$00000017  c_w.l(libinit2.o)
    0x08000252   0x08000252   0x00000000   Code   RO         2419    .ARM.Collect$$libinit$$00000019  c_w.l(libinit2.o)
    0x08000252   0x08000252   0x00000000   Code   RO         2421    .ARM.Collect$$libinit$$0000001B  c_w.l(libinit2.o)
    0x08000252   0x08000252   0x00000000   Code   RO         2423    .ARM.Collect$$libinit$$0000001D  c_w.l(libinit2.o)
    0x08000252   0x08000252   0x00000000   Code   RO         2425    .ARM.Collect$$libinit$$0000001F  c_w.l(libinit2.o)
    0x08000252   0x08000252   0x00000000   Code   RO         2427    .ARM.Collect$$libinit$$00000021  c_w.l(libinit2.o)
    0x08000252   0x08000252   0x00000000   Code   RO         2429    .ARM.Collect$$libinit$$00000023  c_w.l(libinit2.o)
    0x08000252   0x08000252   0x00000000   Code   RO         2431    .ARM.Collect$$libinit$$00000025  c_w.l(libinit2.o)
    0x08000252   0x08000252   0x00000000   Code   RO         2435    .ARM.Collect$$libinit$$0000002C  c_w.l(libinit2.o)
    0x08000252   0x08000252   0x00000000   Code   RO         2437    .ARM.Collect$$libinit$$0000002E  c_w.l(libinit2.o)
    0x08000252   0x08000252   0x00000000   Code   RO         2439    .ARM.Collect$$libinit$$00000030  c_w.l(libinit2.o)
    0x08000252   0x08000252   0x00000004   Code   RO         2440    .ARM.Collect$$libinit$$00000031  c_w.l(libinit2.o)
    0x08000256   0x08000256   0x00000000   Code   RO         2441    .ARM.Collect$$libinit$$00000032  c_w.l(libinit2.o)
    0x08000256   0x08000256   0x00000002   Code   RO         2442    .ARM.Collect$$libinit$$00000033  c_w.l(libinit2.o)
    0x08000258   0x08000258   0x00000002   Code   RO         2747    .ARM.Collect$$libshutdown$$00000000  c_w.l(libshutdown.o)
    0x0800025a   0x0800025a   0x00000000   Code   RO         2726    .ARM.Collect$$libshutdown$$00000002  c_w.l(libshutdown2.o)
    0x0800025a   0x0800025a   0x00000000   Code   RO         2728    .ARM.Collect$$libshutdown$$00000004  c_w.l(libshutdown2.o)
    0x0800025a   0x0800025a   0x00000000   Code   RO         2731    .ARM.Collect$$libshutdown$$00000007  c_w.l(libshutdown2.o)
    0x0800025a   0x0800025a   0x00000000   Code   RO         2734    .ARM.Collect$$libshutdown$$0000000A  c_w.l(libshutdown2.o)
    0x0800025a   0x0800025a   0x00000000   Code   RO         2736    .ARM.Collect$$libshutdown$$0000000C  c_w.l(libshutdown2.o)
    0x0800025a   0x0800025a   0x00000000   Code   RO         2739    .ARM.Collect$$libshutdown$$0000000F  c_w.l(libshutdown2.o)
    0x0800025a   0x0800025a   0x00000002   Code   RO         2740    .ARM.Collect$$libshutdown$$00000010  c_w.l(libshutdown2.o)
    0x0800025c   0x0800025c   0x00000000   Code   RO         2322    .ARM.Collect$$rtentry$$00000000  c_w.l(__rtentry.o)
    0x0800025c   0x0800025c   0x00000000   Code   RO         2543    .ARM.Collect$$rtentry$$00000002  c_w.l(__rtentry2.o)
    0x0800025c   0x0800025c   0x00000006   Code   RO         2555    .ARM.Collect$$rtentry$$00000004  c_w.l(__rtentry4.o)
    0x08000262   0x08000262   0x00000000   Code   RO         2545    .ARM.Collect$$rtentry$$00000009  c_w.l(__rtentry2.o)
    0x08000262   0x08000262   0x00000004   Code   RO         2546    .ARM.Collect$$rtentry$$0000000A  c_w.l(__rtentry2.o)
    0x08000266   0x08000266   0x00000000   Code   RO         2548    .ARM.Collect$$rtentry$$0000000C  c_w.l(__rtentry2.o)
    0x08000266   0x08000266   0x00000008   Code   RO         2549    .ARM.Collect$$rtentry$$0000000D  c_w.l(__rtentry2.o)
    0x0800026e   0x0800026e   0x00000002   Code   RO         2688    .ARM.Collect$$rtexit$$00000000  c_w.l(rtexit.o)
    0x08000270   0x08000270   0x00000000   Code   RO         2709    .ARM.Collect$$rtexit$$00000002  c_w.l(rtexit2.o)
    0x08000270   0x08000270   0x00000004   Code   RO         2710    .ARM.Collect$$rtexit$$00000003  c_w.l(rtexit2.o)
    0x08000274   0x08000274   0x00000006   Code   RO         2711    .ARM.Collect$$rtexit$$00000004  c_w.l(rtexit2.o)
    0x0800027a   0x0800027a   0x00000002   PAD
    0x0800027c   0x0800027c   0x00000000   Code   RO         2637    .emb_text           c_w.l(maybetermalloc1.o)
    0x0800027c   0x0800027c   0x00000040   Code   RO         1226  * .text               startup_stm32f40xx.o
    0x080002bc   0x080002bc   0x000000ee   Code   RO         2038    .text               c_w.l(lludivv7m.o)
    0x080003aa   0x080003aa   0x00000048   Code   RO         2040    .text               c_w.l(llsdiv.o)
    0x080003f2   0x080003f2   0x00000064   Code   RO         2042    .text               c_w.l(rt_memcpy_w.o)
    0x08000456   0x08000456   0x00000044   Code   RO         2044    .text               c_w.l(rt_memclr.o)
    0x0800049a   0x0800049a   0x00000006   Code   RO         2046    .text               c_w.l(heapauxi.o)
    0x080004a0   0x080004a0   0x00000024   Code   RO         2053    .text               c_w.l(init_aeabi.o)
    0x080004c4   0x080004c4   0x00000008   Code   RO         2330    .text               c_w.l(rt_new_handler_addr_intlibspace.o)
    0x080004cc   0x080004cc   0x0000005e   Code   RO         2336    .text               c_w.l(h1_alloc.o)
    0x0800052a   0x0800052a   0x0000004e   Code   RO         2338    .text               c_w.l(h1_free.o)
    0x08000578   0x08000578   0x00000016   Code   RO         2394    .text               c_w.l(_rserrno.o)
    0x0800058e   0x0800058e   0x0000004e   Code   RO         2396    .text               c_w.l(rt_memclr_w.o)
    0x080005dc   0x080005dc   0x00000004   Code   RO         2446    .text               cpprt_w.l(arm_newhandler_noexceptions.o)
    0x080005e0   0x080005e0   0x00000008   Code   RO         2537    .text               c_w.l(libspace.o)
    0x080005e8   0x080005e8   0x00000008   Code   RO         2562    .text               c_w.l(rt_heap_descriptor_intlibspace.o)
    0x080005f0   0x080005f0   0x00000008   Code   RO         2567    .text               c_w.l(rt_errno_addr_intlibspace.o)
    0x080005f8   0x080005f8   0x00000004   Code   RO         2569    .text               c_w.l(hguard.o)
    0x080005fc   0x080005fc   0x0000008a   Code   RO         2571    .text               c_w.l(init_alloc.o)
    0x08000686   0x08000686   0x0000000e   Code   RO         2575    .text               c_w.l(h1_init.o)
    0x08000694   0x08000694   0x0000001a   Code   RO         2609    .text               cpprt_w.l(arm_exceptions_terminate.o)
    0x080006ae   0x080006ae   0x00000002   PAD
    0x080006b0   0x080006b0   0x00000050   Code   RO         2616    .text               cpprt_w.l(arm_exceptions_globs.o)
    0x08000700   0x08000700   0x0000004a   Code   RO         2628    .text               c_w.l(sys_stackheap_outer.o)
    0x0800074a   0x0800074a   0x00000002   PAD
    0x0800074c   0x0800074c   0x00000008   Code   RO         2633    .text               c_w.l(rt_eh_globals_addr_intlibspace.o)
    0x08000754   0x08000754   0x00000034   Code   RO         2639    .text               c_w.l(h1_extend.o)
    0x08000788   0x08000788   0x00000012   Code   RO         2643    .text               c_w.l(exit.o)
    0x0800079a   0x0800079a   0x00000016   Code   RO         2645    .text               c_w.l(abort.o)
    0x080007b0   0x080007b0   0x0000000e   Code   RO         2651    .text               c_w.l(defsig_rtmem_outer.o)
    0x080007be   0x080007be   0x0000003c   Code   RO         2671    .text               cpprt_w.l(arm_exceptions_mem.o)
    0x080007fa   0x080007fa   0x00000002   PAD
    0x080007fc   0x080007fc   0x0000000c   Code   RO         2683    .text               c_w.l(sys_exit.o)
    0x08000808   0x08000808   0x00000002   Code   RO         2685    .text               c_w.l(use_no_semi.o)
    0x0800080a   0x0800080a   0x00000000   Code   RO         2687    .text               c_w.l(indicate_semi.o)
    0x0800080a   0x0800080a   0x0000000a   Code   RO         2696    .text               c_w.l(defsig_exit.o)
    0x08000814   0x08000814   0x0000000e   Code   RO         2698    .text               c_w.l(defsig_abrt_outer.o)
    0x08000822   0x08000822   0x00000002   PAD
    0x08000824   0x08000824   0x00000050   Code   RO         2704    .text               c_w.l(defsig_rtmem_inner.o)
    0x08000874   0x08000874   0x00000032   Code   RO         2721    .text               c_w.l(defsig_general.o)
    0x080008a6   0x080008a6   0x00000002   PAD
    0x080008a8   0x080008a8   0x00000030   Code   RO         2723    .text               c_w.l(defsig_abrt_inner.o)
    0x080008d8   0x080008d8   0x0000000e   Code   RO         2741    .text               c_w.l(sys_wrch.o)
    0x080008e6   0x080008e6   0x0000000a   Code   RO         1270    i.SPI1_IRQHandler   stm32f407_spi.o
    0x080008f0   0x080008f0   0x0000000a   Code   RO         1271    i.SPI2_IRQHandler   stm32f407_spi.o
    0x080008fa   0x080008fa   0x0000000a   Code   RO         1272    i.SPI3_IRQHandler   stm32f407_spi.o
    0x08000904   0x08000904   0x00000068   Code   RO            5    i.SystemInit        system_stm32f4xx.o
    0x0800096c   0x0800096c   0x0000002c   Code   RO         1542    i.TIM7_IRQHandler   stm32f407_sysfunc.o
    0x08000998   0x08000998   0x0000000a   Code   RO         1616    i.UART4_IRQHandler  stm32f407_uart.o
    0x080009a2   0x080009a2   0x0000000a   Code   RO         1617    i.UART5_IRQHandler  stm32f407_uart.o
    0x080009ac   0x080009ac   0x0000000a   Code   RO         1618    i.USART1_IRQHandler  stm32f407_uart.o
    0x080009b6   0x080009b6   0x0000000a   Code   RO         1619    i.USART2_IRQHandler  stm32f407_uart.o
    0x080009c0   0x080009c0   0x0000000a   Code   RO         1620    i.USART3_IRQHandler  stm32f407_uart.o
    0x080009ca   0x080009ca   0x0000000a   Code   RO         1621    i.USART6_IRQHandler  stm32f407_uart.o
    0x080009d4   0x080009d4   0x00000040   Code   RO           70    i._Z10drawStringR17stm32f407_SSD1306Pcjj  main.o
    0x08000a14   0x08000a14   0x000000ec   Code   RO            6    i._Z11SetSysClockv  system_stm32f4xx.o
    0x08000b00   0x08000b00   0x00000028   Code   RO           71    i._Z11initButtonsv  main.o
    0x08000b28   0x08000b28   0x000000c0   Code   RO         1622    i._Z11tryTransmitj  stm32f407_uart.o
    0x08000be8   0x08000be8   0x00000014   Code   RO           72    i._Z12clb_imuCalibv  main.o
    0x08000bfc   0x08000bfc   0x0000001c   Code   RO           73    i._Z12clb_imuSetupv  main.o
    0x08000c18   0x08000c18   0x0000055c   Code   RO           74    i._Z12setupScreensv  main.o
    0x08001174   0x08001174   0x00000020   Code   RO         1623    i._Z12writeStrUARTjPc  stm32f407_uart.o
    0x08001194   0x08001194   0x00000028   Code   RO         1624    i._Z13UARTAvailablej  stm32f407_uart.o
    0x080011bc   0x080011bc   0x00000010   Code   RO           75    i._Z13clb_doNothingv  main.o
    0x080011cc   0x080011cc   0x00000008   Code   RO           76    i._Z13symbolToIndexc  main.o
    0x080011d4   0x080011d4   0x00000016   Code   RO         1276    i._Z14NVIC_EnableIRQ4IRQn  stm32f407_spi.o
    0x080011ea   0x080011ea   0x00000016   Code   RO         1625    i._Z14NVIC_EnableIRQ4IRQn  stm32f407_uart.o
    0x08001200   0x08001200   0x00000058   Code   RO         1626    i._Z14UARTTxFinishedj  stm32f407_uart.o
    0x08001258   0x08001258   0x00000018   Code   RO           77    i._Z15clb_dribblerOffv  main.o
    0x08001270   0x08001270   0x0000001c   Code   RO           79    i._Z16clb_dribblerInOnv  main.o
    0x0800128c   0x0800128c   0x00000014   Code   RO           80    i._Z16clb_kickStraightv  main.o
    0x080012a0   0x080012a0   0x00000030   Code   RO           81    i._Z16clb_screenToGamev  main.o
    0x080012d0   0x080012d0   0x0000001c   Code   RO           82    i._Z16clb_screenToMainv  main.o
    0x080012ec   0x080012ec   0x0000001c   Code   RO           84    i._Z17clb_imu_pnc_clearv  main.o
    0x08001308   0x08001308   0x000000a8   Code   RO           85    i._Z17clb_imu_pnc_startv  main.o
    0x080013b0   0x080013b0   0x00000010   Code   RO           86    i._Z17clb_screenToEmptyv  main.o
    0x080013c0   0x080013c0   0x00000010   Code   RO           87    i._Z18clb_endLightsCalibv  main.o
    0x080013d0   0x080013d0   0x0000001c   Code   RO           88    i._Z18clb_screenToKickerv  main.o
    0x080013ec   0x080013ec   0x00000014   Code   RO           89    i._Z18clb_toKokokoScreenv  main.o
    0x08001400   0x08001400   0x00000048   Code   RO         1277    i._Z19SPIInterruptHandlerj  stm32f407_spi.o
    0x08001448   0x08001448   0x00000014   Code   RO           90    i._Z19clb_toBatteryScreenv  main.o
    0x0800145c   0x0800145c   0x000000b8   Code   RO         1628    i._Z20UARTInterruptHandlerj  stm32f407_uart.o
    0x08001514   0x08001514   0x00000010   Code   RO           91    i._Z20clb_beginLightsCalibv  main.o
    0x08001524   0x08001524   0x0000001c   Code   RO           92    i._Z20clb_screenToDribblerv  main.o
    0x08001540   0x08001540   0x00000014   Code   RO           93    i._Z21clb_screenToDebugDatav  main.o
    0x08001554   0x08001554   0x0000001c   Code   RO           94    i._Z24clb_screenToCalibrationsv  main.o
    0x08001570   0x08001570   0x0000001c   Code   RO           95    i._Z35clb_screenToLightSensorsCalibrationv  main.o
    0x0800158c   0x0800158c   0x00000018   Code   RO         1544    i._Z5delayj         stm32f407_sysfunc.o
    0x080015a4   0x080015a4   0x0000000c   Code   RO         1546    i._Z6millisv        stm32f407_sysfunc.o
    0x080015b0   0x080015b0   0x000000bc   Code   RO         2004    i._Z6setPWMjhj      stm32f407_pwm.o
    0x0800166c   0x0800166c   0x0000001c   Code   RO          694    i._Z6setPinP12GPIO_TypeDeftb  main.o
    0x08001688   0x08001688   0x000000ac   Code   RO          715    i._Z6setPintb       main.o
    0x08001734   0x08001734   0x0000029c   Code   RO         2005    i._Z7initPWMjhti    stm32f407_pwm.o
    0x080019d0   0x080019d0   0x000001e8   Code   RO         1233    i._Z7initPinP12GPIO_TypeDefthhh  stm32f407_pin.o
    0x08001bb8   0x08001bb8   0x000000c8   Code   RO          701    i._Z7initPinthhh    main.o
    0x08001c80   0x08001c80   0x0000014c   Code   RO         1547    i._Z7initRCCv       stm32f407_sysfunc.o
    0x08001dcc   0x08001dcc   0x0000025c   Code   RO         1278    i._Z7initSPIjbhtiiii  stm32f407_spi.o
    0x08002028   0x08002028   0x000000c8   Code   RO         1861    i._Z7pinModethhh    stm32f407_adc.o
    0x080020f0   0x080020f0   0x00000014   Code   RO          873    i._Z7readPinP12GPIO_TypeDeft  main.o
    0x08002104   0x08002104   0x000000a4   Code   RO          708    i._Z7readPint       main.o
    0x080021a8   0x080021a8   0x000000dc   Code   RO           96    i._Z8drawCharR17stm32f407_SSD1306cjj  main.o
    0x08002284   0x08002284   0x00000068   Code   RO           97    i._Z8initLEDsv      main.o
    0x080022ec   0x080022ec   0x000003cc   Code   RO         1629    i._Z8initUARTjjhfhj  stm32f407_uart.o
    0x080026b8   0x080026b8   0x00000048   Code   RO         1630    i._Z8readUARTj      stm32f407_uart.o
    0x08002700   0x08002700   0x000000b0   Code   RO         1548    i._Z8sysStartv      stm32f407_sysfunc.o
    0x080027b0   0x080027b0   0x00000048   Code   RO         1279    i._Z8writeSPIjt     stm32f407_spi.o
    0x080027f8   0x080027f8   0x00000010   Code   RO           98    i._Z9clb_kick1v     main.o
    0x08002808   0x08002808   0x00000010   Code   RO           99    i._Z9clb_kick2v     main.o
    0x08002818   0x08002818   0x00000130   Code   RO         1632    i._Z9printUARTjd    stm32f407_uart.o
    0x08002948   0x08002948   0x00000010   Code   RO         1634    i._Z9printUARTji    stm32f407_uart.o
    0x08002958   0x08002958   0x0000001e   Code   RO         1636    i._Z9printUARTjl    stm32f407_uart.o
    0x08002976   0x08002976   0x00000002   PAD
    0x08002978   0x08002978   0x00000098   Code   RO         1637    i._Z9printUARTjm    stm32f407_uart.o
    0x08002a10   0x08002a10   0x00000038   Code   RO         1638    i._Z9writeUARTjc    stm32f407_uart.o
    0x08002a48   0x08002a48   0x00000012   Code   RO         1498    i._ZN17stm32f407_SSD130612fastSPIwriteEh  stm32f407_ssd1306.o
    0x08002a5a   0x08002a5a   0x00000030   Code   RO         1371    i._ZN17stm32f407_SSD130615ssd1306_commandEh  stm32f407_ssd1306.o
    0x08002a8a   0x08002a8a   0x00000174   Code   RO         1378    i._ZN17stm32f407_SSD13065beginEhb  stm32f407_ssd1306.o
    0x08002bfe   0x08002bfe   0x00000002   PAD
    0x08002c00   0x08002c00   0x00000014   Code   RO         1379    i._ZN17stm32f407_SSD13065clearEv  stm32f407_ssd1306.o
    0x08002c14   0x08002c14   0x0000001c   Code   RO         1380    i._ZN17stm32f407_SSD13066invertEh  stm32f407_ssd1306.o
    0x08002c30   0x08002c30   0x00000074   Code   RO         1381    i._ZN17stm32f407_SSD13067displayEv  stm32f407_ssd1306.o
    0x08002ca4   0x08002ca4   0x000000f8   Code   RO         1383    i._ZN17stm32f407_SSD13069drawPixelEsst  stm32f407_ssd1306.o
    0x08002d9c   0x08002d9c   0x00000054   Code   RO         1385    i._ZN17stm32f407_SSD1306C1Ejtttttt  stm32f407_ssd1306.o
    0x08002df0   0x08002df0   0x0000000c   Code   RO         1386    i._ZN17stm32f407_SSD1306C1Ev  stm32f407_ssd1306.o
    0x08002dfc   0x08002dfc   0x0000004c   Code   RO          108    i._ZN5Robot10updateLineEv  main.o
    0x08002e48   0x08002e48   0x000000fc   Code   RO          109    i._ZN5Robot10updateMenuEv  main.o
    0x08002f44   0x08002f44   0x0000008a   Code   RO          110    i._ZN5Robot11updateCellsEv  main.o
    0x08002fce   0x08002fce   0x00000020   Code   RO          112    i._ZN5Robot12enableMotorsEv  main.o
    0x08002fee   0x08002fee   0x0000003c   Code   RO          113    i._ZN5Robot12setPlayStateEb  main.o
    0x0800302a   0x0800302a   0x0000003c   Code   RO          115    i._ZN5Robot13updateButtonsEv  main.o
    0x08003066   0x08003066   0x00000002   PAD
    0x08003068   0x08003068   0x000001a8   Code   RO          116    i._ZN5Robot13updateDriversEv  main.o
    0x08003210   0x08003210   0x00000096   Code   RO          117    i._ZN5Robot13updateKickersEv  main.o
    0x080032a6   0x080032a6   0x0000001e   Code   RO          118    i._ZN5Robot15changePlayStateEv  main.o
    0x080032c4   0x080032c4   0x00000080   Code   RO          119    i._ZN5Robot15updateDribblersEv  main.o
    0x08003344   0x08003344   0x0000001c   Code   RO          121    i._ZN5Robot17updateBallSensorsEv  main.o
    0x08003360   0x08003360   0x00000008   Code   RO          122    i._ZN5Robot18endLineCalibrationEv  main.o
    0x08003368   0x08003368   0x00000008   Code   RO          123    i._ZN5Robot20beginLineCalibrationEv  main.o
    0x08003370   0x08003370   0x00000134   Code   RO          124    i._ZN5Robot20updateBatteryVoltageEv  main.o
    0x080034a4   0x080034a4   0x00000464   Code   RO          125    i._ZN5Robot4initEv  main.o
    0x08003908   0x08003908   0x000000d4   Code   RO          128    i._ZN5Robot4waitEj  main.o
    0x080039dc   0x080039dc   0x00000020   Code   RO          129    i._ZN5Robot5ball1Ev  main.o
    0x080039fc   0x080039fc   0x00000020   Code   RO          130    i._ZN5Robot5ball2Ev  main.o
    0x08003a1c   0x08003a1c   0x0000003c   Code   RO          131    i._ZN5Robot5cell1Ev  main.o
    0x08003a58   0x08003a58   0x0000003c   Code   RO          132    i._ZN5Robot5cell2Ev  main.o
    0x08003a94   0x08003a94   0x0000003c   Code   RO          133    i._ZN5Robot5cell3Ev  main.o
    0x08003ad0   0x08003ad0   0x0000003c   Code   RO          134    i._ZN5Robot5cell4Ev  main.o
    0x08003b0c   0x08003b0c   0x0000001e   Code   RO          135    i._ZN5Robot5printEPcii  main.o
    0x08003b2a   0x08003b2a   0x00000036   Code   RO          136    i._ZN5Robot5printEdiii  main.o
    0x08003b60   0x08003b60   0x00000024   Code   RO          138    i._ZN5Robot5printEiiii  main.o
    0x08003b84   0x08003b84   0x00000024   Code   RO          139    i._ZN5Robot5printEjiii  main.o
    0x08003ba8   0x08003ba8   0x00000228   Code   RO          142    i._ZN5Robot7syncVIMEv  main.o
    0x08003dd0   0x08003dd0   0x00000008   Code   RO          143    i._ZN5Robot8cycleEndEv  main.o
    0x08003dd8   0x08003dd8   0x00000030   Code   RO          144    i._ZN5Robot8setMotorEii  main.o
    0x08003e08   0x08003e08   0x00000018   Code   RO          145    i._ZN5Robot8setupIMUEv  main.o
    0x08003e20   0x08003e20   0x0000003c   Code   RO          146    i._ZN5Robot9logErrorsEv  main.o
    0x08003e5c   0x08003e5c   0x00000008   Code   RO          147    i._ZN5Robot9playStateEv  main.o
    0x08003e64   0x08003e64   0x00000076   Code   RO          148    i._ZN5Robot9setMotorsEiiii  main.o
    0x08003eda   0x08003eda   0x00000002   PAD
    0x08003edc   0x08003edc   0x000000c0   Code   RO          149    i._ZN5Robot9updateIMUEv  main.o
    0x08003f9c   0x08003f9c   0x0000013c   Code   RO          150    i._ZN5Robot9updateVIMEv  main.o
    0x080040d8   0x080040d8   0x00000080   Code   RO          909    i._ZN5RobotC1Ev     main.o
    0x08004158   0x08004158   0x0000000e   Code   RO          855    i._ZN6Button8setStateEb  main.o
    0x08004166   0x08004166   0x00000002   PAD
    0x08004168   0x08004168   0x0000001c   Code   RO          861    i._ZN6Button9isChangedEb  main.o
    0x08004184   0x08004184   0x0000000a   Code   RO          918    i._ZN6ButtonC1Ev    main.o
    0x0800418e   0x0800418e   0x00000002   PAD
    0x08004190   0x08004190   0x000000a0   Code   RO          152    i._ZN6Driver11setVelocityEi  main.o
    0x08004230   0x08004230   0x0000006c   Code   RO          153    i._ZN6Driver13updateFromRegEv  main.o
    0x0800429c   0x0800429c   0x00000018   Code   RO          154    i._ZN6Driver14attemptCurrentEv  main.o
    0x080042b4   0x080042b4   0x00000024   Code   RO          158    i._ZN6Driver15disableFloatingEv  main.o
    0x080042d8   0x080042d8   0x00000008   Code   RO          159    i._ZN6Driver4initEicc  main.o
    0x080042e0   0x080042e0   0x00000070   Code   RO          160    i._ZN6Driver5writeEPccc  main.o
    0x08004350   0x08004350   0x00000002   Code   RO          162    i._ZN6Driver8logErrorEv  main.o
    0x08004352   0x08004352   0x00000042   Code   RO          163    i._ZN6DriverC1Ev    main.o
    0x08004394   0x08004394   0x0000000e   Code   RO         1805    i._ZN6PL_ADC10waitUpdateEv  stm32f407_adc.o
    0x080043a2   0x080043a2   0x00000002   PAD
    0x080043a4   0x080043a4   0x0000007c   Code   RO         1806    i._ZN6PL_ADC3addEa  stm32f407_adc.o
    0x08004420   0x08004420   0x0000009c   Code   RO         1807    i._ZN6PL_ADC4initEv  stm32f407_adc.o
    0x080044bc   0x080044bc   0x0000004c   Code   RO         1808    i._ZN6PL_ADC4readEab  stm32f407_adc.o
    0x08004508   0x08004508   0x0000001a   Code   RO         1810    i._ZN6PL_ADC5startEv  stm32f407_adc.o
    0x08004522   0x08004522   0x00000002   PAD
    0x08004524   0x08004524   0x00000048   Code   RO         1811    i._ZN6PL_ADCC1EP11ADC_TypeDef  stm32f407_adc.o
    0x0800456c   0x0800456c   0x00000024   Code   RO          924    i._ZN6ScreenC1Ev    main.o
    0x08004590   0x08004590   0x00000006   Code   RO          897    i._ZN7CommandC1EPcPFvvE  main.o
    0x08004596   0x08004596   0x00000002   PAD
    0x08004598   0x08004598   0x0000000c   Code   RO          930    i._ZN7CommandC1Ev   main.o
    0x080045a4   0x080045a4   0x00000042   Code   RO          867    i._ZN7Display11addToScreenE7Command  main.o
    0x080045e6   0x080045e6   0x00000002   PAD
    0x080045e8   0x080045e8   0x00000094   Code   RO          891    i._ZN7Display6updateEv  main.o
    0x0800467c   0x0800467c   0x0000004c   Code   RO          885    i._ZN7Display8scrollUpEv  main.o
    0x080046c8   0x080046c8   0x00000006   Code   RO          879    i._ZN7Display9setScreenEi  main.o
    0x080046ce   0x080046ce   0x00000058   Code   RO         1882    i._ZN7mpu925012setAccOffsetEiii  mpu9250.o
    0x08004726   0x08004726   0x00000052   Code   RO         1884    i._ZN7mpu925013setGyroOffsetEiii  mpu9250.o
    0x08004778   0x08004778   0x00000020   Code   RO         1989    i._ZN7mpu92507convertEth  mpu9250.o
    0x08004798   0x08004798   0x00000254   Code   RO         1888    i._ZN7mpu92507initIMUEji  mpu9250.o
    0x080049ec   0x080049ec   0x000000f6   Code   RO         1890    i._ZN7mpu92507readAccEv  mpu9250.o
    0x08004ae2   0x08004ae2   0x0000005c   Code   RO         1891    i._ZN7mpu92507readRegEiPii  mpu9250.o
    0x08004b3e   0x08004b3e   0x000000f6   Code   RO         1893    i._ZN7mpu92508readGyroEv  mpu9250.o
    0x08004c34   0x08004c34   0x00000032   Code   RO         1895    i._ZN7mpu92508writeRegEih  mpu9250.o
    0x08004c66   0x08004c66   0x00000002   PAD
    0x08004c68   0x08004c68   0x00000280   Code   RO         1896    i._ZN7mpu92509calibrateEi  mpu9250.o
    0x08004ee8   0x08004ee8   0x00000008   Code   RO         2060    i._ZdlPv            cpprt_w.l(delete.o)
    0x08004ef0   0x08004ef0   0x00000008   Code   RO         2056    i._Znaj             cpprt_w.l(array_new.o)
    0x08004ef8   0x08004ef8   0x00000028   Code   RO         2063    i._Znwj             cpprt_w.l(new.o)
    0x08004f20   0x08004f20   0x00000030   Code   RO         2521    i.__ARM_fpclassify  m_wm.l(fpclassify.o)
    0x08004f50   0x08004f50   0x00000024   Code   RO         2179    i.__aeabi_vec_ctor_nocookie_nodtor  cpprt_w.l(aeabi_vec_ctor_nocookie_nodtor.o)
    0x08004f74   0x08004f74   0x00000010   Code   RO         2067    i.__cxa_guard_acquire  cpprt_w.l(cxa_guard_acquire.o)
    0x08004f84   0x08004f84   0x0000006c   Code   RO         2260    i.__hardfp_ceilf    m_wm.l(ceilf.o)
    0x08004ff0   0x08004ff0   0x00000c50   Code   RO         2284    i.__hardfp_pow      m_wm.l(pow.o)
    0x08005c40   0x08005c40   0x000000f8   Code   RO         2523    i.__kernel_poly     m_wm.l(poly.o)
    0x08005d38   0x08005d38   0x00000030   Code   RO         2507    i.__mathlib_dbl_divzero  m_wm.l(dunder.o)
    0x08005d68   0x08005d68   0x00000014   Code   RO         2509    i.__mathlib_dbl_infnan2  m_wm.l(dunder.o)
    0x08005d7c   0x08005d7c   0x00000004   PAD
    0x08005d80   0x08005d80   0x00000020   Code   RO         2510    i.__mathlib_dbl_invalid  m_wm.l(dunder.o)
    0x08005da0   0x08005da0   0x00000020   Code   RO         2511    i.__mathlib_dbl_overflow  m_wm.l(dunder.o)
    0x08005dc0   0x08005dc0   0x00000020   Code   RO         2513    i.__mathlib_dbl_underflow  m_wm.l(dunder.o)
    0x08005de0   0x08005de0   0x0000001c   Code   RO          164    i.__sti___8_main_cpp_1b880dcc  main.o
    0x08005dfc   0x08005dfc   0x00000018   Code   RO         2280    i.fabs              m_wm.l(fabs.o)
    0x08005e14   0x08005e14   0x000005b0   Code   RO          165    i.main              main.o
    0x080063c4   0x080063c4   0x0000006e   Code   RO         2312    i.sqrt              m_wm.l(sqrt.o)
    0x08006432   0x08006432   0x00000018   Code   RO          736    t._Z3sgnIiET_S0_    main.o
    0x0800644a   0x0800644a   0x0000003a   Code   RO          722    t._Z4crc8IcET_PS0_i  main.o
    0x08006484   0x08006484   0x00000036   Code   RO          764    t._Z4crc8IiET_PS0_i  main.o
    0x080064ba   0x080064ba   0x0000000e   Code   RO          743    t._Z4max2IhET_S0_S0_  main.o
    0x080064c8   0x080064c8   0x0000000e   Code   RO          729    t._Z4min2IiET_S0_S0_  main.o
    0x080064d6   0x080064d6   0x00000002   PAD
    0x080064d8   0x080064d8   0x00000274   Code   RO          827    t._Z7toPrintIdEPcT_s  main.o
    0x0800674c   0x0800674c   0x000001fc   Code   RO          771    t._Z7toPrintIiEPcT_s  main.o
    0x08006948   0x08006948   0x000001e4   Code   RO          785    t._Z7toPrintIjEPcT_s  main.o
    0x08006b2c   0x08006b2c   0x00000042   Code   RO          834    t._Z8printTmlIdEvR17stm32f407_SSD1306T_iii  main.o
    0x08006b6e   0x08006b6e   0x00000030   Code   RO          778    t._Z8printTmlIiEvR17stm32f407_SSD1306T_iii  main.o
    0x08006b9e   0x08006b9e   0x00000030   Code   RO          792    t._Z8printTmlIjEvR17stm32f407_SSD1306T_iii  main.o
    0x08006bce   0x08006bce   0x00000018   Code   RO         2182    x$fpl$basic         fz_wm.l(basic.o)
    0x08006be6   0x08006be6   0x00000002   PAD
    0x08006be8   0x08006be8   0x00000150   Code   RO         2186    x$fpl$dadd          fz_wm.l(daddsub_clz.o)
    0x08006d38   0x08006d38   0x00000010   Code   RO         2622    x$fpl$dcheck1       fz_wm.l(dcheck1.o)
    0x08006d48   0x08006d48   0x00000018   Code   RO         2475    x$fpl$dcmpinf       fz_wm.l(dcmpi.o)
    0x08006d60   0x08006d60   0x000002b0   Code   RO         2193    x$fpl$ddiv          fz_wm.l(ddiv.o)
    0x08007010   0x08007010   0x00000078   Code   RO         2196    x$fpl$deqf          fz_wm.l(deqf.o)
    0x08007088   0x08007088   0x0000005e   Code   RO         2198    x$fpl$dfix          fz_wm.l(dfix.o)
    0x080070e6   0x080070e6   0x00000002   PAD
    0x080070e8   0x080070e8   0x0000005a   Code   RO         2206    x$fpl$dfixu         fz_wm.l(dfixu.o)
    0x08007142   0x08007142   0x0000002e   Code   RO         2211    x$fpl$dflt          fz_wm.l(dflt_clz.o)
    0x08007170   0x08007170   0x000000a2   Code   RO         2216    x$fpl$dfltll        fz_wm.l(dfltll_clz.o)
    0x08007212   0x08007212   0x00000026   Code   RO         2210    x$fpl$dfltu         fz_wm.l(dflt_clz.o)
    0x08007238   0x08007238   0x0000008a   Code   RO         2217    x$fpl$dfltull       fz_wm.l(dfltll_clz.o)
    0x080072c2   0x080072c2   0x00000002   PAD
    0x080072c4   0x080072c4   0x00000078   Code   RO         2220    x$fpl$dleqf         fz_wm.l(dleqf.o)
    0x0800733c   0x0800733c   0x00000154   Code   RO         2222    x$fpl$dmul          fz_wm.l(dmul.o)
    0x08007490   0x08007490   0x0000009c   Code   RO         2477    x$fpl$dnaninf       fz_wm.l(dnaninf.o)
    0x0800752c   0x0800752c   0x0000000c   Code   RO         2479    x$fpl$dretinf       fz_wm.l(dretinf.o)
    0x08007538   0x08007538   0x0000006c   Code   RO         2224    x$fpl$drleqf        fz_wm.l(drleqf.o)
    0x080075a4   0x080075a4   0x00000016   Code   RO         2187    x$fpl$drsb          fz_wm.l(daddsub_clz.o)
    0x080075ba   0x080075ba   0x00000002   PAD
    0x080075bc   0x080075bc   0x00000198   Code   RO         2481    x$fpl$dsqrt         fz_wm.l(dsqrt_umaal.o)
    0x08007754   0x08007754   0x000001d4   Code   RO         2188    x$fpl$dsub          fz_wm.l(daddsub_clz.o)
    0x08007928   0x08007928   0x0000000a   Code   RO         2624    x$fpl$fpinit        fz_wm.l(fpinit.o)
    0x08007932   0x08007932   0x00000002   PAD
    0x08007934   0x08007934   0x000000c2   Code   RO         2202    x$fpl$llsfromd      fz_wm.l(dfixll.o)
    0x080079f6   0x080079f6   0x00000064   Code   RO         2681    x$fpl$retnan        fz_wm.l(retnan.o)
    0x08007a5a   0x08007a5a   0x0000005c   Code   RO         2487    x$fpl$scalbn        fz_wm.l(scalbn.o)
    0x08007ab6   0x08007ab6   0x00000030   Code   RO         2706    x$fpl$trapveneer    fz_wm.l(trapv.o)
    0x08007ae6   0x08007ae6   0x00000000   Code   RO         2489    x$fpl$usenofp       fz_wm.l(usenofp.o)
    0x08007ae6   0x08007ae6   0x00000002   PAD
    0x08007ae8   0x08007ae8   0x00000790   Data   RO          263    .constdata          main.o
    0x08008278   0x08008278   0x00000010   Data   RO         1819    .constdata          stm32f407_adc.o
    0x08008288   0x08008288   0x00000088   Data   RO         2287    .constdata          m_wm.l(pow.o)
    0x08008310   0x08008310   0x00000008   Data   RO         2525    .constdata          m_wm.l(qnan.o)
    0x08008318   0x08008318   0x00000010   Data   RO         1497    .constdata__ZTV17stm32f407_SSD1306  stm32f407_ssd1306.o
    0x08008328   0x08008328   0x00000001   Data   RO          692    .constdata__ZZN7CommandC1EvEs  main.o
    0x08008329   0x08008329   0x00000002   Data   RO          693    .constdata__ZZN7Display6updateEvEs  main.o
    0x0800832b   0x0800832b   0x00000001   PAD
    0x0800832c   0x0800832c   0x00000020   Data   RO         2760    Region$$Table       anon$$obj.o
    0x0800834c   0x0800834c   0x00000004   Data   RO          265    .init_array         main.o
    0x08008350   0x0800834c   0x00000000   Data   RO         2051    .init_array         c_w.l(init_aeabi.o)


    Execution Region ER_RW (Exec base: 0x20000000, Load base: 0x08008350, Size: 0x00005928, Max: 0xffffffff, ABSOLUTE, COMPRESSED[0x000014ac])

    Exec Addr    Load Addr    Size         Type   Attr      Idx    E Section Name        Object

    0x20000000   COMPRESSED   0x00005501   Data   RW          264    .data               main.o
    0x20005501   COMPRESSED   0x00000001   PAD
    0x20005502   COMPRESSED   0x00000006   Data   RW         1290    .data               stm32f407_spi.o
    0x20005508   COMPRESSED   0x00000400   Data   RW         1406    .data               stm32f407_ssd1306.o
    0x20005908   COMPRESSED   0x00000004   Data   RW         1556    .data               stm32f407_sysfunc.o
    0x2000590c   COMPRESSED   0x0000001c   Data   RW         1663    .data               stm32f407_uart.o


    Execution Region ER_ZI (Exec base: 0x20005928, Load base: 0x080097fc, Size: 0x00000fc0, Max: 0xffffffff, ABSOLUTE)

    Exec Addr    Load Addr    Size         Type   Attr      Idx    E Section Name        Object

    0x20005928        -       0x0000078c   Zero   RW          262    .bss                main.o
    0x200060b4        -       0x000001c0   Zero   RW         1662    .bss                stm32f407_uart.o
    0x20006274        -       0x0000000e   Zero   RW         2008    .bss                stm32f407_pwm.o
    0x20006282   0x080097fc   0x00000002   PAD
    0x20006284        -       0x00000060   Zero   RW         2538    .bss                c_w.l(libspace.o)
    0x200062e4   0x080097fc   0x00000004   PAD
    0x200062e8        -       0x00000200   Zero   RW         1224    HEAP                startup_stm32f40xx.o
    0x200064e8        -       0x00000400   Zero   RW         1223    STACK               startup_stm32f40xx.o


==============================================================================

Image component sizes


      Code (inc. data)   RO Data    RW Data    ZI Data      Debug   Object Name

     12352       1170       1943      21761       1932     327015   main.o
      2072         80          0          0          0       8404   mpu9250.o
        64         26        392          0       1536        856   startup_stm32f40xx.o
       668         52         16          0          0       6522   stm32f407_adc.o
       488         38          0          0          0       1550   stm32f407_pin.o
       856        142          0          0         14       2767   stm32f407_pwm.o
       800         58          0          6          0      32077   stm32f407_spi.o
       946         26         16       1024          0      11500   stm32f407_ssd1306.o
       588         38          0          4          0      29777   stm32f407_sysfunc.o
      2220        266          0         28        448      15707   stm32f407_uart.o
       340         32          0          0          0     242681   system_stm32f4xx.o

    ----------------------------------------------------------------------
     21418       1928       2400      22824       3932     678856   Object Totals
         0          0         32          0          0          0   (incl. Generated)
        24          0          1          1          2          0   (incl. Padding)

    ----------------------------------------------------------------------

      Code (inc. data)   RO Data    RW Data    ZI Data      Debug   Library Member Name

       100          0          0          0          0          0   __dclz77c.o
         8          0          0          0          0         68   __main.o
         0          0          0          0          0          0   __rtentry.o
        12          0          0          0          0          0   __rtentry2.o
         6          0          0          0          0          0   __rtentry4.o
        52          8          0          0          0          0   __scatter.o
        28          0          0          0          0          0   __scatter_zi.o
        22          0          0          0          0        100   _rserrno.o
        22          0          0          0          0         80   abort.o
        48         34          0          0          0         76   defsig_abrt_inner.o
        14          0          0          0          0         80   defsig_abrt_outer.o
        10          0          0          0          0         68   defsig_exit.o
        50          0          0          0          0         88   defsig_general.o
        80         58          0          0          0         76   defsig_rtmem_inner.o
        14          0          0          0          0         80   defsig_rtmem_outer.o
        18          0          0          0          0         80   exit.o
        94          0          0          0          0         80   h1_alloc.o
        52          0          0          0          0         68   h1_extend.o
        78          0          0          0          0         80   h1_free.o
        14          0          0          0          0         84   h1_init.o
         6          0          0          0          0        152   heapauxi.o
         4          0          0          0          0        136   hguard.o
         0          0          0          0          0          0   indicate_semi.o
        36         10          0          0          0         80   init_aeabi.o
       138          0          0          0          0        168   init_alloc.o
         2          0          0          0          0          0   libinit.o
        18          0          0          0          0          0   libinit2.o
         2          0          0          0          0          0   libshutdown.o
         2          0          0          0          0          0   libshutdown2.o
         8          4          0          0         96         68   libspace.o
        72          0          0          0          0         76   llsdiv.o
       238          0          0          0          0        100   lludivv7m.o
         0          0          0          0          0          0   maybetermalloc1.o
         8          4          0          0          0         68   rt_eh_globals_addr_intlibspace.o
         8          4          0          0          0         68   rt_errno_addr_intlibspace.o
         8          4          0          0          0         68   rt_heap_descriptor_intlibspace.o
        68          0          0          0          0         68   rt_memclr.o
        78          0          0          0          0         80   rt_memclr_w.o
       100          0          0          0          0         80   rt_memcpy_w.o
         8          4          0          0          0         68   rt_new_handler_addr_intlibspace.o
         2          0          0          0          0          0   rtexit.o
        10          0          0          0          0          0   rtexit2.o
        12          4          0          0          0         68   sys_exit.o
        74          0          0          0          0         80   sys_stackheap_outer.o
        14          0          0          0          0         76   sys_wrch.o
         2          0          0          0          0         68   use_no_semi.o
        36          0          0          0          0         84   aeabi_vec_ctor_nocookie_nodtor.o
        80         12          0          0          0        104   arm_exceptions_globs.o
        60          0          0          0          0        108   arm_exceptions_mem.o
        26          0          0          0          0         76   arm_exceptions_terminate.o
         4          0          0          0          0         68   arm_newhandler_noexceptions.o
         8          0          0          0          0         76   array_new.o
        16          0          0          0          0         68   cxa_guard_acquire.o
         8          0          0          0          0         76   delete.o
        40          6          0          0          0         76   new.o
        24          0          0          0          0        164   basic.o
       826         16          0          0          0        492   daddsub_clz.o
        16          4          0          0          0        116   dcheck1.o
        24          0          0          0          0        116   dcmpi.o
       688        140          0          0          0        256   ddiv.o
       120          4          0          0          0        140   deqf.o
        94          4          0          0          0        140   dfix.o
       194          4          0          0          0        164   dfixll.o
        90          4          0          0          0        140   dfixu.o
        84          0          0          0          0        232   dflt_clz.o
       300          0          0          0          0        264   dfltll_clz.o
       120          4          0          0          0        140   dleqf.o
       340         12          0          0          0        152   dmul.o
       156          4          0          0          0        140   dnaninf.o
        12          0          0          0          0        116   dretinf.o
       108          0          0          0          0        128   drleqf.o
       408         56          0          0          0        168   dsqrt_umaal.o
        10          0          0          0          0        116   fpinit.o
       100          0          0          0          0        116   retnan.o
        92          0          0          0          0        116   scalbn.o
        48          0          0          0          0        116   trapv.o
         0          0          0          0          0          0   usenofp.o
       108         10          0          0          0        116   ceilf.o
       164         44          0          0          0        620   dunder.o
        24          0          0          0          0        124   fabs.o
        48          0          0          0          0        124   fpclassify.o
       248          0          0          0          0        152   poly.o
      3152        296        136          0          0        352   pow.o
         0          0          8          0          0          0   qnan.o
       110          0          0          0          0        148   sqrt.o

    ----------------------------------------------------------------------
      9654        754        144          0        100       8584   Library Totals
        28          0          0          0          4          0   (incl. Padding)

    ----------------------------------------------------------------------

      Code (inc. data)   RO Data    RW Data    ZI Data      Debug   Library Name

      1640        134          0          0         96       2680   c_w.l
       278         18          0          0          0        736   cpprt_w.l
      3854        252          0          0          0       3532   fz_wm.l
      3854        350        144          0          0       1636   m_wm.l

    ----------------------------------------------------------------------
      9654        754        144          0        100       8584   Library Totals

    ----------------------------------------------------------------------

==============================================================================


      Code (inc. data)   RO Data    RW Data    ZI Data      Debug   

     31072       2682       2544      22824       4032     666364   Grand Totals
     31072       2682       2544       5292       4032     666364   ELF Image Totals (compressed)
     31072       2682       2544       5292          0          0   ROM Totals

==============================================================================

    Total RO  Size (Code + RO Data)                33616 (  32.83kB)
    Total RW  Size (RW Data + ZI Data)             26856 (  26.23kB)
    Total ROM Size (Code + RO Data + RW Data)      38908 (  38.00kB)

==============================================================================

